Archive member included to satisfy reference by file (symbol)

c:/progra~2/gnuarm~1/102021~1.10/bin/../lib/gcc/arm-none-eabi/10.3.1/thumb/v7e-m+fp/hard\libgcc.a(_aeabi_uldivmod.o)
                              CMakeFiles/WHEEL_07_F405.elf.dir/Drivers/STM32F4xx_HAL_Driver/Src/stm32f4xx_hal_rcc.c.obj (__aeabi_uldivmod)
c:/progra~2/gnuarm~1/102021~1.10/bin/../lib/gcc/arm-none-eabi/10.3.1/thumb/v7e-m+fp/hard\libgcc.a(_udivmoddi4.o)
                              c:/progra~2/gnuarm~1/102021~1.10/bin/../lib/gcc/arm-none-eabi/10.3.1/thumb/v7e-m+fp/hard\libgcc.a(_aeabi_uldivmod.o) (__udivmoddi4)
c:/progra~2/gnuarm~1/102021~1.10/bin/../lib/gcc/arm-none-eabi/10.3.1/thumb/v7e-m+fp/hard\libgcc.a(_dvmd_tls.o)
                              c:/progra~2/gnuarm~1/102021~1.10/bin/../lib/gcc/arm-none-eabi/10.3.1/thumb/v7e-m+fp/hard\libgcc.a(_aeabi_uldivmod.o) (__aeabi_ldiv0)
c:/progra~2/gnuarm~1/102021~1.10/bin/../lib/gcc/arm-none-eabi/10.3.1/../../../../arm-none-eabi/lib/thumb/v7e-m+fp/hard\libg.a(lib_a-errno.o)
                              CMakeFiles/WHEEL_07_F405.elf.dir/Core/Src/syscalls.c.obj (__errno)
c:/progra~2/gnuarm~1/102021~1.10/bin/../lib/gcc/arm-none-eabi/10.3.1/../../../../arm-none-eabi/lib/thumb/v7e-m+fp/hard\libg.a(lib_a-exit.o)
                              c:/progra~2/gnuarm~1/102021~1.10/bin/../lib/gcc/arm-none-eabi/10.3.1/../../../../arm-none-eabi/lib/thumb/v7e-m+fp/hard/crt0.o (exit)
c:/progra~2/gnuarm~1/102021~1.10/bin/../lib/gcc/arm-none-eabi/10.3.1/../../../../arm-none-eabi/lib/thumb/v7e-m+fp/hard\libg.a(lib_a-impure.o)
                              c:/progra~2/gnuarm~1/102021~1.10/bin/../lib/gcc/arm-none-eabi/10.3.1/../../../../arm-none-eabi/lib/thumb/v7e-m+fp/hard\libg.a(lib_a-exit.o) (_global_impure_ptr)
c:/progra~2/gnuarm~1/102021~1.10/bin/../lib/gcc/arm-none-eabi/10.3.1/../../../../arm-none-eabi/lib/thumb/v7e-m+fp/hard\libg.a(lib_a-init.o)
                              c:/progra~2/gnuarm~1/102021~1.10/bin/../lib/gcc/arm-none-eabi/10.3.1/../../../../arm-none-eabi/lib/thumb/v7e-m+fp/hard/crt0.o (__libc_init_array)
c:/progra~2/gnuarm~1/102021~1.10/bin/../lib/gcc/arm-none-eabi/10.3.1/../../../../arm-none-eabi/lib/thumb/v7e-m+fp/hard\libg.a(lib_a-memcpy.o)
                              CMakeFiles/WHEEL_07_F405.elf.dir/Middlewares/Third_Party/FreeRTOS/Source/CMSIS_RTOS_V2/cmsis_os2.c.obj (memcpy)
c:/progra~2/gnuarm~1/102021~1.10/bin/../lib/gcc/arm-none-eabi/10.3.1/../../../../arm-none-eabi/lib/thumb/v7e-m+fp/hard\libg.a(lib_a-memset.o)
                              c:/progra~2/gnuarm~1/102021~1.10/bin/../lib/gcc/arm-none-eabi/10.3.1/../../../../arm-none-eabi/lib/thumb/v7e-m+fp/hard/crt0.o (memset)
c:/progra~2/gnuarm~1/102021~1.10/bin/../lib/gcc/arm-none-eabi/10.3.1/../../../../arm-none-eabi/lib/thumb/v7e-m+fp/hard\libg.a(lib_a-reent.o)
                              CMakeFiles/WHEEL_07_F405.elf.dir/Middlewares/Third_Party/FreeRTOS/Source/tasks.c.obj (_reclaim_reent)
c:/progra~2/gnuarm~1/102021~1.10/bin/../lib/gcc/arm-none-eabi/10.3.1/../../../../arm-none-eabi/lib/thumb/v7e-m+fp/hard\libg.a(lib_a-__call_atexit.o)
                              c:/progra~2/gnuarm~1/102021~1.10/bin/../lib/gcc/arm-none-eabi/10.3.1/../../../../arm-none-eabi/lib/thumb/v7e-m+fp/hard\libg.a(lib_a-exit.o) (__call_exitprocs)
c:/progra~2/gnuarm~1/102021~1.10/bin/../lib/gcc/arm-none-eabi/10.3.1/../../../../arm-none-eabi/lib/thumb/v7e-m+fp/hard\libg.a(lib_a-atexit.o)
                              c:/progra~2/gnuarm~1/102021~1.10/bin/../lib/gcc/arm-none-eabi/10.3.1/../../../../arm-none-eabi/lib/thumb/v7e-m+fp/hard\libg.a(lib_a-__call_atexit.o) (atexit)
c:/progra~2/gnuarm~1/102021~1.10/bin/../lib/gcc/arm-none-eabi/10.3.1/../../../../arm-none-eabi/lib/thumb/v7e-m+fp/hard\libg.a(lib_a-fini.o)
                              c:/progra~2/gnuarm~1/102021~1.10/bin/../lib/gcc/arm-none-eabi/10.3.1/../../../../arm-none-eabi/lib/thumb/v7e-m+fp/hard\libg.a(lib_a-__call_atexit.o) (__libc_fini_array)
c:/progra~2/gnuarm~1/102021~1.10/bin/../lib/gcc/arm-none-eabi/10.3.1/../../../../arm-none-eabi/lib/thumb/v7e-m+fp/hard\libg.a(lib_a-freer.o)
                              c:/progra~2/gnuarm~1/102021~1.10/bin/../lib/gcc/arm-none-eabi/10.3.1/../../../../arm-none-eabi/lib/thumb/v7e-m+fp/hard\libg.a(lib_a-reent.o) (_free_r)
c:/progra~2/gnuarm~1/102021~1.10/bin/../lib/gcc/arm-none-eabi/10.3.1/../../../../arm-none-eabi/lib/thumb/v7e-m+fp/hard\libg.a(lib_a-lock.o)
                              c:/progra~2/gnuarm~1/102021~1.10/bin/../lib/gcc/arm-none-eabi/10.3.1/../../../../arm-none-eabi/lib/thumb/v7e-m+fp/hard\libg.a(lib_a-__call_atexit.o) (__retarget_lock_acquire_recursive)
c:/progra~2/gnuarm~1/102021~1.10/bin/../lib/gcc/arm-none-eabi/10.3.1/../../../../arm-none-eabi/lib/thumb/v7e-m+fp/hard\libg.a(lib_a-mallocr.o)
                              c:/progra~2/gnuarm~1/102021~1.10/bin/../lib/gcc/arm-none-eabi/10.3.1/../../../../arm-none-eabi/lib/thumb/v7e-m+fp/hard\libg.a(lib_a-freer.o) (__malloc_current_mallinfo)
[...]
Memory Configuration

Name             Origin             Length             Attributes
CCMRAM           0x10000000         0x00010000         xrw
RAM              0x20000000         0x00020000         xrw
FLASH            0x08000000         0x00100000         xr
*default*        0x00000000         0xffffffff

Linker script and memory map

LOAD c:/progra~2/gnuarm~1/102021~1.10/bin/../lib/gcc/arm-none-eabi/10.3.1/thumb/v7e-m+fp/hard/crti.o
LOAD c:/progra~2/gnuarm~1/102021~1.10/bin/../lib/gcc/arm-none-eabi/10.3.1/thumb/v7e-m+fp/hard/crtbegin.o
LOAD c:/progra~2/gnuarm~1/102021~1.10/bin/../lib/gcc/arm-none-eabi/10.3.1/../../../../arm-none-eabi/lib/thumb/v7e-m+fp/hard/crt0.o
LOAD CMakeFiles/WHEEL_07_F405.elf.dir/Core/Src/adc.c.obj
LOAD CMakeFiles/WHEEL_07_F405.elf.dir/Core/Src/can.c.obj
LOAD CMakeFiles/WHEEL_07_F405.elf.dir/Core/Src/dma.c.obj
LOAD CMakeFiles/WHEEL_07_F405.elf.dir/Core/Src/freertos.c.obj
LOAD CMakeFiles/WHEEL_07_F405.elf.dir/Core/Src/gpio.c.obj
LOAD CMakeFiles/WHEEL_07_F405.elf.dir/Core/Src/main.c.obj
LOAD CMakeFiles/WHEEL_07_F405.elf.dir/Core/Src/paddleIRQ.c.obj
LOAD CMakeFiles/WHEEL_07_F405.elf.dir/Core/Src/rotary.c.obj
LOAD CMakeFiles/WHEEL_07_F405.elf.dir/Core/Src/stm32f4xx_hal_msp.c.obj
LOAD CMakeFiles/WHEEL_07_F405.elf.dir/Core/Src/stm32f4xx_hal_timebase_tim.c.obj
LOAD CMakeFiles/WHEEL_07_F405.elf.dir/Core/Src/stm32f4xx_it.c.obj
LOAD CMakeFiles/WHEEL_07_F405.elf.dir/Core/Src/syscalls.c.obj
LOAD CMakeFiles/WHEEL_07_F405.elf.dir/Core/Src/sysmem.c.obj
LOAD CMakeFiles/WHEEL_07_F405.elf.dir/Core/Src/system_stm32f4xx.c.obj
LOAD CMakeFiles/WHEEL_07_F405.elf.dir/Core/Src/tim.c.obj
LOAD CMakeFiles/WHEEL_07_F405.elf.dir/Core/Startup/startup_stm32f405rgtx.s.obj
LOAD CMakeFiles/WHEEL_07_F405.elf.dir/Drivers/STM32F4xx_HAL_Driver/Src/stm32f4xx_hal.c.obj
LOAD CMakeFiles/WHEEL_07_F405.elf.dir/Drivers/STM32F4xx_HAL_Driver/Src/stm32f4xx_hal_adc.c.obj
LOAD CMakeFiles/WHEEL_07_F405.elf.dir/Drivers/STM32F4xx_HAL_Driver/Src/stm32f4xx_hal_adc_ex.c.obj
LOAD CMakeFiles/WHEEL_07_F405.elf.dir/Drivers/STM32F4xx_HAL_Driver/Src/stm32f4xx_hal_can.c.obj
LOAD CMakeFiles/WHEEL_07_F405.elf.dir/Drivers/STM32F4xx_HAL_Driver/Src/stm32f4xx_hal_cortex.c.obj
LOAD CMakeFiles/WHEEL_07_F405.elf.dir/Drivers/STM32F4xx_HAL_Driver/Src/stm32f4xx_hal_dma.c.obj
LOAD CMakeFiles/WHEEL_07_F405.elf.dir/Drivers/STM32F4xx_HAL_Driver/Src/stm32f4xx_hal_dma_ex.c.obj
LOAD CMakeFiles/WHEEL_07_F405.elf.dir/Drivers/STM32F4xx_HAL_Driver/Src/stm32f4xx_hal_exti.c.obj
LOAD CMakeFiles/WHEEL_07_F405.elf.dir/Drivers/STM32F4xx_HAL_Driver/Src/stm32f4xx_hal_flash.c.obj
LOAD CMakeFiles/WHEEL_07_F405.elf.dir/Drivers/STM32F4xx_HAL_Driver/Src/stm32f4xx_hal_flash_ex.c.obj
LOAD CMakeFiles/WHEEL_07_F405.elf.dir/Drivers/STM32F4xx_HAL_Driver/Src/stm32f4xx_hal_flash_ramfunc.c.obj
LOAD CMakeFiles/WHEEL_07_F405.elf.dir/Drivers/STM32F4xx_HAL_Driver/Src/stm32f4xx_hal_gpio.c.obj
LOAD CMakeFiles/WHEEL_07_F405.elf.dir/Drivers/STM32F4xx_HAL_Driver/Src/stm32f4xx_hal_pwr.c.obj
LOAD CMakeFiles/WHEEL_07_F405.elf.dir/Drivers/STM32F4xx_HAL_Driver/Src/stm32f4xx_hal_pwr_ex.c.obj
LOAD CMakeFiles/WHEEL_07_F405.elf.dir/Drivers/STM32F4xx_HAL_Driver/Src/stm32f4xx_hal_rcc.c.obj
LOAD CMakeFiles/WHEEL_07_F405.elf.dir/Drivers/STM32F4xx_HAL_Driver/Src/stm32f4xx_hal_rcc_ex.c.obj
LOAD CMakeFiles/WHEEL_07_F405.elf.dir/Drivers/STM32F4xx_HAL_Driver/Src/stm32f4xx_hal_tim.c.obj
LOAD CMakeFiles/WHEEL_07_F405.elf.dir/Drivers/STM32F4xx_HAL_Driver/Src/stm32f4xx_hal_tim_ex.c.obj
LOAD CMakeFiles/WHEEL_07_F405.elf.dir/Drivers/STM32F4xx_HAL_Driver/Src/stm32f4xx_ll_adc.c.obj
LOAD CMakeFiles/WHEEL_07_F405.elf.dir/Middlewares/Third_Party/FreeRTOS/Source/CMSIS_RTOS_V2/cmsis_os2.c.obj
LOAD CMakeFiles/WHEEL_07_F405.elf.dir/Middlewares/Third_Party/FreeRTOS/Source/croutine.c.obj
LOAD CMakeFiles/WHEEL_07_F405.elf.dir/Middlewares/Third_Party/FreeRTOS/Source/event_groups.c.obj
LOAD CMakeFiles/WHEEL_07_F405.elf.dir/Middlewares/Third_Party/FreeRTOS/Source/list.c.obj
LOAD CMakeFiles/WHEEL_07_F405.elf.dir/Middlewares/Third_Party/FreeRTOS/Source/portable/GCC/ARM_CM4F/port.c.obj
LOAD CMakeFiles/WHEEL_07_F405.elf.dir/Middlewares/Third_Party/FreeRTOS/Source/portable/MemMang/heap_4.c.obj
LOAD CMakeFiles/WHEEL_07_F405.elf.dir/Middlewares/Third_Party/FreeRTOS/Source/queue.c.obj
LOAD CMakeFiles/WHEEL_07_F405.elf.dir/Middlewares/Third_Party/FreeRTOS/Source/stream_buffer.c.obj
LOAD CMakeFiles/WHEEL_07_F405.elf.dir/Middlewares/Third_Party/FreeRTOS/Source/tasks.c.obj
LOAD CMakeFiles/WHEEL_07_F405.elf.dir/Middlewares/Third_Party/FreeRTOS/Source/timers.c.obj
START GROUP
LOAD c:/progra~2/gnuarm~1/102021~1.10/bin/../lib/gcc/arm-none-eabi/10.3.1/thumb/v7e-m+fp/hard\libgcc.a
LOAD c:/progra~2/gnuarm~1/102021~1.10/bin/../lib/gcc/arm-none-eabi/10.3.1/../../../../arm-none-eabi/lib/thumb/v7e-m+fp/hard\libg.a
LOAD c:/progra~2/gnuarm~1/102021~1.10/bin/../lib/gcc/arm-none-eabi/10.3.1/../../../../arm-none-eabi/lib/thumb/v7e-m+fp/hard\libc.a
END GROUP
LOAD c:/progra~2/gnuarm~1/102021~1.10/bin/../lib/gcc/arm-none-eabi/10.3.1/thumb/v7e-m+fp/hard/crtend.o
LOAD c:/progra~2/gnuarm~1/102021~1.10/bin/../lib/gcc/arm-none-eabi/10.3.1/thumb/v7e-m+fp/hard/crtn.o
                0x20020000                _estack = (ORIGIN (RAM) + LENGTH (RAM))
                0x00000200                _Min_Heap_Size = 0x200
                0x00000400                _Min_Stack_Size = 0x400

.isr_vector     0x08000000      0x188
                0x08000000                . = ALIGN (0x4)
 *(.isr_vector)
 .isr_vector    0x08000000      0x188 CMakeFiles/WHEEL_07_F405.elf.dir/Core/Startup/startup_stm32f405rgtx.s.obj
                0x08000000                g_pfnVectors
                0x08000188                . = ALIGN (0x4)

.text           0x08000190     0x55a0
                0x08000190                . = ALIGN (0x4)
 *(.text)
 .text          0x08000190       0x40 c:/progra~2/gnuarm~1/102021~1.10/bin/../lib/gcc/arm-none-eabi/10.3.1/thumb/v7e-m+fp/hard/crtbegin.o
 .text          0x080001d0       0x30 c:/progra~2/gnuarm~1/102021~1.10/bin/../lib/gcc/arm-none-eabi/10.3.1/thumb/v7e-m+fp/hard\libgcc.a(_aeabi_uldivmod.o)
                0x080001d0                __aeabi_uldivmod
 .text          0x08000200      0x2d0 c:/progra~2/gnuarm~1/102021~1.10/bin/../lib/gcc/arm-none-eabi/10.3.1/thumb/v7e-m+fp/hard\libgcc.a(_udivmoddi4.o)
                0x08000200                __udivmoddi4
 .text          0x080004d0        0x4 c:/progra~2/gnuarm~1/102021~1.10/bin/../lib/gcc/arm-none-eabi/10.3.1/thumb/v7e-m+fp/hard\libgcc.a(_dvmd_tls.o)
                0x080004d0                __aeabi_idiv0
                0x080004d0                __aeabi_ldiv0
 .text          0x080004d4      0x134 c:/progra~2/gnuarm~1/102021~1.10/bin/../lib/gcc/arm-none-eabi/10.3.1/../../../../arm-none-eabi/lib/thumb/v7e-m+fp/hard\libg.a(lib_a-memcpy.o)
                0x080004d4                memcpy
 *(.text*)
 .text.MX_ADC1_Init
                0x08000608       0xb8 CMakeFiles/WHEEL_07_F405.elf.dir/Core/Src/adc.c.obj
                0x08000608                MX_ADC1_Init
 .text.HAL_ADC_MspInit
                0x080006c0       0xac CMakeFiles/WHEEL_07_F405.elf.dir/Core/Src/adc.c.obj
                0x080006c0                HAL_ADC_MspInit
 .text.HAL_ADC_ConvCpltCallback
                0x0800076c       0x1c CMakeFiles/WHEEL_07_F405.elf.dir/Core/Src/adc.c.obj
                0x0800076c                HAL_ADC_ConvCpltCallback
 .text.adcStart
                0x08000788       0x20 CMakeFiles/WHEEL_07_F405.elf.dir/Core/Src/adc.c.obj
                0x08000788                adcStart
 .text.adcTaskStart
                0x080007a8       0x2c CMakeFiles/WHEEL_07_F405.elf.dir/Core/Src/adc.c.obj
                0x080007a8                adcTaskStart
 .text.MX_CAN1_Init
                0x080007d4       0x3c CMakeFiles/WHEEL_07_F405.elf.dir/Core/Src/can.c.obj
                0x080007d4                MX_CAN1_Init
 .text.HAL_CAN_MspInit
                0x08000810       0xa0 CMakeFiles/WHEEL_07_F405.elf.dir/Core/Src/can.c.obj
                0x08000810                HAL_CAN_MspInit
 .text.MX_DMA_Init
                0x080008b0       0x34 CMakeFiles/WHEEL_07_F405.elf.dir/Core/Src/dma.c.obj
                0x080008b0                MX_DMA_Init
 .text.StartDefaultTask
                0x080008e4        0xa CMakeFiles/WHEEL_07_F405.elf.dir/Core/Src/freertos.c.obj
                0x080008e4                StartDefaultTask
 *fill*         0x080008ee        0x2 
 .text.statusTaskStart
                0x080008f0       0x1c CMakeFiles/WHEEL_07_F405.elf.dir/Core/Src/freertos.c.obj
                0x080008f0                statusTaskStart
 .text.MX_FREERTOS_Init
                0x0800090c       0x88 CMakeFiles/WHEEL_07_F405.elf.dir/Core/Src/freertos.c.obj
                0x0800090c                MX_FREERTOS_Init
 .text.MX_GPIO_Init
                0x08000994       0xec CMakeFiles/WHEEL_07_F405.elf.dir/Core/Src/gpio.c.obj
                0x08000994                MX_GPIO_Init
 .text.HAL_CAN_RxFifo0MsgPendingCallback
                0x08000a80       0x24 CMakeFiles/WHEEL_07_F405.elf.dir/Core/Src/main.c.obj
                0x08000a80                HAL_CAN_RxFifo0MsgPendingCallback
 .text.HAL_TIM_PeriodElapsedCallback
                0x08000aa4       0x18 CMakeFiles/WHEEL_07_F405.elf.dir/Core/Src/main.c.obj
                0x08000aa4                HAL_TIM_PeriodElapsedCallback
 .text.Error_Handler
                0x08000abc        0x4 CMakeFiles/WHEEL_07_F405.elf.dir/Core/Src/main.c.obj
                0x08000abc                Error_Handler
 .text.SystemClock_Config
                0x08000ac0       0x88 CMakeFiles/WHEEL_07_F405.elf.dir/Core/Src/main.c.obj
                0x08000ac0                SystemClock_Config
 .text.main     0x08000b48       0x78 CMakeFiles/WHEEL_07_F405.elf.dir/Core/Src/main.c.obj
                0x08000b48                main
 .text.HAL_GPIO_EXTI_Callback
                0x08000bc0       0x3c CMakeFiles/WHEEL_07_F405.elf.dir/Core/Src/paddleIRQ.c.obj
                0x08000bc0                HAL_GPIO_EXTI_Callback
 .text.paddleIRQTaskStart
                0x08000bfc       0x5c CMakeFiles/WHEEL_07_F405.elf.dir/Core/Src/paddleIRQ.c.obj
                0x08000bfc                paddleIRQTaskStart
 .text.muxswInRange
                0x08000c58       0x8a CMakeFiles/WHEEL_07_F405.elf.dir/Core/Src/rotary.c.obj
                0x08000c58                muxswInRange
 *fill*         0x08000ce2        0x2 
 .text.muxswTaskStart
                0x08000ce4       0x2c CMakeFiles/WHEEL_07_F405.elf.dir/Core/Src/rotary.c.obj
                0x08000ce4                muxswTaskStart
 .text.HAL_MspInit
                0x08000d10       0x44 CMakeFiles/WHEEL_07_F405.elf.dir/Core/Src/stm32f4xx_hal_msp.c.obj
                0x08000d10                HAL_MspInit
 .text.HAL_InitTick
                0x08000d54       0xa4 CMakeFiles/WHEEL_07_F405.elf.dir/Core/Src/stm32f4xx_hal_timebase_tim.c.obj
                0x08000d54                HAL_InitTick
 .text.NMI_Handler
                0x08000df8        0x2 CMakeFiles/WHEEL_07_F405.elf.dir/Core/Src/stm32f4xx_it.c.obj
                0x08000df8                NMI_Handler
 .text.HardFault_Handler
                0x08000dfa        0x2 CMakeFiles/WHEEL_07_F405.elf.dir/Core/Src/stm32f4xx_it.c.obj
                0x08000dfa                HardFault_Handler
 .text.MemManage_Handler
                0x08000dfc        0x2 CMakeFiles/WHEEL_07_F405.elf.dir/Core/Src/stm32f4xx_it.c.obj
                0x08000dfc                MemManage_Handler
 .text.BusFault_Handler
                0x08000dfe        0x2 CMakeFiles/WHEEL_07_F405.elf.dir/Core/Src/stm32f4xx_it.c.obj
                0x08000dfe                BusFault_Handler
 .text.UsageFault_Handler
                0x08000e00        0x2 CMakeFiles/WHEEL_07_F405.elf.dir/Core/Src/stm32f4xx_it.c.obj
                0x08000e00                UsageFault_Handler
 .text.DebugMon_Handler
                0x08000e02        0x2 CMakeFiles/WHEEL_07_F405.elf.dir/Core/Src/stm32f4xx_it.c.obj
                0x08000e02                DebugMon_Handler
 .text.EXTI4_IRQHandler
                0x08000e04        0xa CMakeFiles/WHEEL_07_F405.elf.dir/Core/Src/stm32f4xx_it.c.obj
                0x08000e04                EXTI4_IRQHandler
 *fill*         0x08000e0e        0x2 
 .text.CAN1_TX_IRQHandler
                0x08000e10       0x10 CMakeFiles/WHEEL_07_F405.elf.dir/Core/Src/stm32f4xx_it.c.obj
                0x08000e10                CAN1_TX_IRQHandler
 .text.CAN1_RX0_IRQHandler
                0x08000e20       0x10 CMakeFiles/WHEEL_07_F405.elf.dir/Core/Src/stm32f4xx_it.c.obj
                0x08000e20                CAN1_RX0_IRQHandler
 .text.CAN1_RX1_IRQHandler
                0x08000e30       0x10 CMakeFiles/WHEEL_07_F405.elf.dir/Core/Src/stm32f4xx_it.c.obj
                0x08000e30                CAN1_RX1_IRQHandler
 .text.EXTI9_5_IRQHandler
                0x08000e40        0xa CMakeFiles/WHEEL_07_F405.elf.dir/Core/Src/stm32f4xx_it.c.obj
                0x08000e40                EXTI9_5_IRQHandler
 *fill*         0x08000e4a        0x2 
 .text.TIM6_DAC_IRQHandler
                0x08000e4c       0x10 CMakeFiles/WHEEL_07_F405.elf.dir/Core/Src/stm32f4xx_it.c.obj
                0x08000e4c                TIM6_DAC_IRQHandler
 .text.DMA2_Stream0_IRQHandler
                0x08000e5c       0x10 CMakeFiles/WHEEL_07_F405.elf.dir/Core/Src/stm32f4xx_it.c.obj
                0x08000e5c                DMA2_Stream0_IRQHandler
 .text._sbrk    0x08000e6c       0x48 CMakeFiles/WHEEL_07_F405.elf.dir/Core/Src/sysmem.c.obj
                0x08000e6c                _sbrk
 .text.SystemInit
                0x08000eb4       0x1c CMakeFiles/WHEEL_07_F405.elf.dir/Core/Src/system_stm32f4xx.c.obj
                0x08000eb4                SystemInit
 .text.MX_TIM3_Init
                0x08000ed0       0x70 CMakeFiles/WHEEL_07_F405.elf.dir/Core/Src/tim.c.obj
                0x08000ed0                MX_TIM3_Init
 .text.MX_TIM13_Init
                0x08000f40       0x30 CMakeFiles/WHEEL_07_F405.elf.dir/Core/Src/tim.c.obj
                0x08000f40                MX_TIM13_Init
 .text.MX_TIM14_Init
                0x08000f70       0x30 CMakeFiles/WHEEL_07_F405.elf.dir/Core/Src/tim.c.obj
                0x08000f70                MX_TIM14_Init
 .text.HAL_TIM_Base_MspInit
                0x08000fa0       0x78 CMakeFiles/WHEEL_07_F405.elf.dir/Core/Src/tim.c.obj
                0x08000fa0                HAL_TIM_Base_MspInit
 .text.Reset_Handler
                0x08001018       0x50 CMakeFiles/WHEEL_07_F405.elf.dir/Core/Startup/startup_stm32f405rgtx.s.obj
                0x08001018                Reset_Handler
 .text.Default_Handler
                0x08001068        0x2 CMakeFiles/WHEEL_07_F405.elf.dir/Core/Startup/startup_stm32f405rgtx.s.obj
                0x08001068                RTC_Alarm_IRQHandler
                0x08001068                HASH_RNG_IRQHandler
                0x08001068                EXTI2_IRQHandler
                0x08001068                TIM8_CC_IRQHandler
                0x08001068                TIM1_CC_IRQHandler
                0x08001068                DMA2_Stream5_IRQHandler
                0x08001068                DMA1_Stream5_IRQHandler
                0x08001068                PVD_IRQHandler
                0x08001068                SDIO_IRQHandler
                0x08001068                TAMP_STAMP_IRQHandler
                0x08001068                CAN2_RX1_IRQHandler
                0x08001068                EXTI3_IRQHandler
                0x08001068                TIM8_TRG_COM_TIM14_IRQHandler
                0x08001068                TIM1_UP_TIM10_IRQHandler
                0x08001068                TIM8_UP_TIM13_IRQHandler
                0x08001068                I2C3_ER_IRQHandler
                0x08001068                EXTI0_IRQHandler
                0x08001068                I2C2_EV_IRQHandler
                0x08001068                DMA1_Stream2_IRQHandler
                0x08001068                FPU_IRQHandler
                0x08001068                OTG_HS_WKUP_IRQHandler
                0x08001068                CAN2_SCE_IRQHandler
                0x08001068                DMA2_Stream2_IRQHandler
                0x08001068                SPI1_IRQHandler
                0x08001068                TIM1_BRK_TIM9_IRQHandler
                0x08001068                CAN2_RX0_IRQHandler
                0x08001068                DMA2_Stream3_IRQHandler
                0x08001068                USART6_IRQHandler
                0x08001068                USART3_IRQHandler
                0x08001068                UART5_IRQHandler
                0x08001068                TIM4_IRQHandler
                0x08001068                I2C1_EV_IRQHandler
                0x08001068                DMA1_Stream6_IRQHandler
                0x08001068                DMA1_Stream1_IRQHandler
                0x08001068                UART4_IRQHandler
                0x08001068                TIM3_IRQHandler
                0x08001068                RCC_IRQHandler
                0x08001068                TIM8_BRK_TIM12_IRQHandler
                0x08001068                Default_Handler
                0x08001068                EXTI15_10_IRQHandler
                0x08001068                ADC_IRQHandler
                0x08001068                DMA1_Stream7_IRQHandler
                0x08001068                TIM7_IRQHandler
                0x08001068                CAN2_TX_IRQHandler
                0x08001068                TIM5_IRQHandler
                0x08001068                DMA2_Stream7_IRQHandler
                0x08001068                I2C3_EV_IRQHandler
                0x08001068                RTC_WKUP_IRQHandler
                0x08001068                SPI2_IRQHandler
                0x08001068                OTG_HS_EP1_IN_IRQHandler
                0x08001068                DMA1_Stream0_IRQHandler
                0x08001068                FSMC_IRQHandler
                0x08001068                OTG_HS_EP1_OUT_IRQHandler
                0x08001068                WWDG_IRQHandler
                0x08001068                TIM2_IRQHandler
                0x08001068                OTG_FS_WKUP_IRQHandler
                0x08001068                TIM1_TRG_COM_TIM11_IRQHandler
                0x08001068                OTG_HS_IRQHandler
                0x08001068                EXTI1_IRQHandler
                0x08001068                USART2_IRQHandler
                0x08001068                I2C2_ER_IRQHandler
                0x08001068                DMA2_Stream1_IRQHandler
                0x08001068                CAN1_SCE_IRQHandler
                0x08001068                FLASH_IRQHandler
                0x08001068                DMA2_Stream4_IRQHandler
                0x08001068                USART1_IRQHandler
                0x08001068                OTG_FS_IRQHandler
                0x08001068                SPI3_IRQHandler
                0x08001068                DMA1_Stream4_IRQHandler
                0x08001068                I2C1_ER_IRQHandler
                0x08001068                DMA2_Stream6_IRQHandler
                0x08001068                DMA1_Stream3_IRQHandler
 *fill*         0x0800106a        0x2 
 .text.HAL_Init
                0x0800106c       0x34 CMakeFiles/WHEEL_07_F405.elf.dir/Drivers/STM32F4xx_HAL_Driver/Src/stm32f4xx_hal.c.obj
                0x0800106c                HAL_Init
 .text.HAL_IncTick
                0x080010a0       0x18 CMakeFiles/WHEEL_07_F405.elf.dir/Drivers/STM32F4xx_HAL_Driver/Src/stm32f4xx_hal.c.obj
                0x080010a0                HAL_IncTick
 .text.HAL_GetTick
                0x080010b8        0xc CMakeFiles/WHEEL_07_F405.elf.dir/Drivers/STM32F4xx_HAL_Driver/Src/stm32f4xx_hal.c.obj
                0x080010b8                HAL_GetTick
 .text.ADC_Init
                0x080010c4      0x134 CMakeFiles/WHEEL_07_F405.elf.dir/Drivers/STM32F4xx_HAL_Driver/Src/stm32f4xx_hal_adc.c.obj
 .text.HAL_ADC_Init
                0x080011f8       0x56 CMakeFiles/WHEEL_07_F405.elf.dir/Drivers/STM32F4xx_HAL_Driver/Src/stm32f4xx_hal_adc.c.obj
                0x080011f8                HAL_ADC_Init
 *fill*         0x0800124e        0x2 
 .text.HAL_ADC_Start_DMA
                0x08001250      0x19c CMakeFiles/WHEEL_07_F405.elf.dir/Drivers/STM32F4xx_HAL_Driver/Src/stm32f4xx_hal_adc.c.obj
                0x08001250                HAL_ADC_Start_DMA
 .text.HAL_ADC_ConvHalfCpltCallback
                0x080013ec        0x2 CMakeFiles/WHEEL_07_F405.elf.dir/Drivers/STM32F4xx_HAL_Driver/Src/stm32f4xx_hal_adc.c.obj
                0x080013ec                HAL_ADC_ConvHalfCpltCallback
 .text.ADC_DMAHalfConvCplt
                0x080013ee        0xa CMakeFiles/WHEEL_07_F405.elf.dir/Drivers/STM32F4xx_HAL_Driver/Src/stm32f4xx_hal_adc.c.obj
 .text.HAL_ADC_ErrorCallback
                0x080013f8        0x2 CMakeFiles/WHEEL_07_F405.elf.dir/Drivers/STM32F4xx_HAL_Driver/Src/stm32f4xx_hal_adc.c.obj
                0x080013f8                HAL_ADC_ErrorCallback
 .text.ADC_DMAError
                0x080013fa       0x16 CMakeFiles/WHEEL_07_F405.elf.dir/Drivers/STM32F4xx_HAL_Driver/Src/stm32f4xx_hal_adc.c.obj
 .text.ADC_DMAConvCplt
                0x08001410       0x72 CMakeFiles/WHEEL_07_F405.elf.dir/Drivers/STM32F4xx_HAL_Driver/Src/stm32f4xx_hal_adc.c.obj
 *fill*         0x08001482        0x2 
 .text.HAL_ADC_ConfigChannel
                0x08001484      0x198 CMakeFiles/WHEEL_07_F405.elf.dir/Drivers/STM32F4xx_HAL_Driver/Src/stm32f4xx_hal_adc.c.obj
                0x08001484                HAL_ADC_ConfigChannel
 .text.HAL_CAN_Init
                0x0800161c      0x14c CMakeFiles/WHEEL_07_F405.elf.dir/Drivers/STM32F4xx_HAL_Driver/Src/stm32f4xx_hal_can.c.obj
                0x0800161c                HAL_CAN_Init
 .text.HAL_CAN_Start
                0x08001768       0x5c CMakeFiles/WHEEL_07_F405.elf.dir/Drivers/STM32F4xx_HAL_Driver/Src/stm32f4xx_hal_can.c.obj
                0x08001768                HAL_CAN_Start
 .text.HAL_CAN_GetRxMessage
                0x080017c4      0x14a CMakeFiles/WHEEL_07_F405.elf.dir/Drivers/STM32F4xx_HAL_Driver/Src/stm32f4xx_hal_can.c.obj
                0x080017c4                HAL_CAN_GetRxMessage
 .text.HAL_CAN_ActivateNotification
                0x0800190e       0x24 CMakeFiles/WHEEL_07_F405.elf.dir/Drivers/STM32F4xx_HAL_Driver/Src/stm32f4xx_hal_can.c.obj
                0x0800190e                HAL_CAN_ActivateNotification
 .text.HAL_CAN_TxMailbox0CompleteCallback
                0x08001932        0x2 CMakeFiles/WHEEL_07_F405.elf.dir/Drivers/STM32F4xx_HAL_Driver/Src/stm32f4xx_hal_can.c.obj
                0x08001932                HAL_CAN_TxMailbox0CompleteCallback
 .text.HAL_CAN_TxMailbox1CompleteCallback
                0x08001934        0x2 CMakeFiles/WHEEL_07_F405.elf.dir/Drivers/STM32F4xx_HAL_Driver/Src/stm32f4xx_hal_can.c.obj
                0x08001934                HAL_CAN_TxMailbox1CompleteCallback
 .text.HAL_CAN_TxMailbox2CompleteCallback
                0x08001936        0x2 CMakeFiles/WHEEL_07_F405.elf.dir/Drivers/STM32F4xx_HAL_Driver/Src/stm32f4xx_hal_can.c.obj
                0x08001936                HAL_CAN_TxMailbox2CompleteCallback
 .text.HAL_CAN_TxMailbox0AbortCallback
                0x08001938        0x2 CMakeFiles/WHEEL_07_F405.elf.dir/Drivers/STM32F4xx_HAL_Driver/Src/stm32f4xx_hal_can.c.obj
                0x08001938                HAL_CAN_TxMailbox0AbortCallback
 .text.HAL_CAN_TxMailbox1AbortCallback
                0x0800193a        0x2 CMakeFiles/WHEEL_07_F405.elf.dir/Drivers/STM32F4xx_HAL_Driver/Src/stm32f4xx_hal_can.c.obj
                0x0800193a                HAL_CAN_TxMailbox1AbortCallback
 .text.HAL_CAN_TxMailbox2AbortCallback
                0x0800193c        0x2 CMakeFiles/WHEEL_07_F405.elf.dir/Drivers/STM32F4xx_HAL_Driver/Src/stm32f4xx_hal_can.c.obj
                0x0800193c                HAL_CAN_TxMailbox2AbortCallback
 .text.HAL_CAN_RxFifo0FullCallback
                0x0800193e        0x2 CMakeFiles/WHEEL_07_F405.elf.dir/Drivers/STM32F4xx_HAL_Driver/Src/stm32f4xx_hal_can.c.obj
                0x0800193e                HAL_CAN_RxFifo0FullCallback
 .text.HAL_CAN_RxFifo1MsgPendingCallback
                0x08001940        0x2 CMakeFiles/WHEEL_07_F405.elf.dir/Drivers/STM32F4xx_HAL_Driver/Src/stm32f4xx_hal_can.c.obj
                0x08001940                HAL_CAN_RxFifo1MsgPendingCallback
 .text.HAL_CAN_RxFifo1FullCallback
                0x08001942        0x2 CMakeFiles/WHEEL_07_F405.elf.dir/Drivers/STM32F4xx_HAL_Driver/Src/stm32f4xx_hal_can.c.obj
                0x08001942                HAL_CAN_RxFifo1FullCallback
 .text.HAL_CAN_SleepCallback
                0x08001944        0x2 CMakeFiles/WHEEL_07_F405.elf.dir/Drivers/STM32F4xx_HAL_Driver/Src/stm32f4xx_hal_can.c.obj
                0x08001944                HAL_CAN_SleepCallback
 .text.HAL_CAN_WakeUpFromRxMsgCallback
                0x08001946        0x2 CMakeFiles/WHEEL_07_F405.elf.dir/Drivers/STM32F4xx_HAL_Driver/Src/stm32f4xx_hal_can.c.obj
                0x08001946                HAL_CAN_WakeUpFromRxMsgCallback
 .text.HAL_CAN_ErrorCallback
                0x08001948        0x2 CMakeFiles/WHEEL_07_F405.elf.dir/Drivers/STM32F4xx_HAL_Driver/Src/stm32f4xx_hal_can.c.obj
                0x08001948                HAL_CAN_ErrorCallback
 .text.HAL_CAN_IRQHandler
                0x0800194a      0x24a CMakeFiles/WHEEL_07_F405.elf.dir/Drivers/STM32F4xx_HAL_Driver/Src/stm32f4xx_hal_can.c.obj
                0x0800194a                HAL_CAN_IRQHandler
 .text.HAL_NVIC_SetPriorityGrouping
                0x08001b94       0x24 CMakeFiles/WHEEL_07_F405.elf.dir/Drivers/STM32F4xx_HAL_Driver/Src/stm32f4xx_hal_cortex.c.obj
                0x08001b94                HAL_NVIC_SetPriorityGrouping
 .text.HAL_NVIC_SetPriority
                0x08001bb8       0x70 CMakeFiles/WHEEL_07_F405.elf.dir/Drivers/STM32F4xx_HAL_Driver/Src/stm32f4xx_hal_cortex.c.obj
                0x08001bb8                HAL_NVIC_SetPriority
 .text.HAL_NVIC_EnableIRQ
                0x08001c28       0x1c CMakeFiles/WHEEL_07_F405.elf.dir/Drivers/STM32F4xx_HAL_Driver/Src/stm32f4xx_hal_cortex.c.obj
                0x08001c28                HAL_NVIC_EnableIRQ
 .text.DMA_SetConfig
                0x08001c44       0x2c CMakeFiles/WHEEL_07_F405.elf.dir/Drivers/STM32F4xx_HAL_Driver/Src/stm32f4xx_hal_dma.c.obj
 .text.DMA_CalcBaseAndBitshift
                0x08001c70       0x44 CMakeFiles/WHEEL_07_F405.elf.dir/Drivers/STM32F4xx_HAL_Driver/Src/stm32f4xx_hal_dma.c.obj
 .text.DMA_CheckFifoParam
                0x08001cb4       0x8e CMakeFiles/WHEEL_07_F405.elf.dir/Drivers/STM32F4xx_HAL_Driver/Src/stm32f4xx_hal_dma.c.obj
 *fill*         0x08001d42        0x2 
 .text.HAL_DMA_Init
                0x08001d44       0xcc CMakeFiles/WHEEL_07_F405.elf.dir/Drivers/STM32F4xx_HAL_Driver/Src/stm32f4xx_hal_dma.c.obj
                0x08001d44                HAL_DMA_Init
 .text.HAL_DMA_Start_IT
                0x08001e10       0x6a CMakeFiles/WHEEL_07_F405.elf.dir/Drivers/STM32F4xx_HAL_Driver/Src/stm32f4xx_hal_dma.c.obj
                0x08001e10                HAL_DMA_Start_IT
 *fill*         0x08001e7a        0x2 
 .text.HAL_DMA_IRQHandler
                0x08001e7c      0x1dc CMakeFiles/WHEEL_07_F405.elf.dir/Drivers/STM32F4xx_HAL_Driver/Src/stm32f4xx_hal_dma.c.obj
                0x08001e7c                HAL_DMA_IRQHandler
 .text.HAL_GPIO_Init
                0x08002058      0x1e4 CMakeFiles/WHEEL_07_F405.elf.dir/Drivers/STM32F4xx_HAL_Driver/Src/stm32f4xx_hal_gpio.c.obj
                0x08002058                HAL_GPIO_Init
 .text.HAL_GPIO_ReadPin
                0x0800223c        0xe CMakeFiles/WHEEL_07_F405.elf.dir/Drivers/STM32F4xx_HAL_Driver/Src/stm32f4xx_hal_gpio.c.obj
                0x0800223c                HAL_GPIO_ReadPin
 .text.HAL_GPIO_WritePin
                0x0800224a        0xc CMakeFiles/WHEEL_07_F405.elf.dir/Drivers/STM32F4xx_HAL_Driver/Src/stm32f4xx_hal_gpio.c.obj
                0x0800224a                HAL_GPIO_WritePin
 .text.HAL_GPIO_TogglePin
                0x08002256       0x12 CMakeFiles/WHEEL_07_F405.elf.dir/Drivers/STM32F4xx_HAL_Driver/Src/stm32f4xx_hal_gpio.c.obj
                0x08002256                HAL_GPIO_TogglePin
 .text.HAL_GPIO_EXTI_IRQHandler
                0x08002268       0x1c CMakeFiles/WHEEL_07_F405.elf.dir/Drivers/STM32F4xx_HAL_Driver/Src/stm32f4xx_hal_gpio.c.obj
                0x08002268                HAL_GPIO_EXTI_IRQHandler
 .text.HAL_RCC_OscConfig
                0x08002284      0x3f8 CMakeFiles/WHEEL_07_F405.elf.dir/Drivers/STM32F4xx_HAL_Driver/Src/stm32f4xx_hal_rcc.c.obj
                0x08002284                HAL_RCC_OscConfig
 .text.HAL_RCC_GetSysClockFreq
                0x0800267c       0xa4 CMakeFiles/WHEEL_07_F405.elf.dir/Drivers/STM32F4xx_HAL_Driver/Src/stm32f4xx_hal_rcc.c.obj
                0x0800267c                HAL_RCC_GetSysClockFreq
 .text.HAL_RCC_ClockConfig
                0x08002720      0x160 CMakeFiles/WHEEL_07_F405.elf.dir/Drivers/STM32F4xx_HAL_Driver/Src/stm32f4xx_hal_rcc.c.obj
                0x08002720                HAL_RCC_ClockConfig
 .text.HAL_RCC_GetHCLKFreq
                0x08002880        0xc CMakeFiles/WHEEL_07_F405.elf.dir/Drivers/STM32F4xx_HAL_Driver/Src/stm32f4xx_hal_rcc.c.obj
                0x08002880                HAL_RCC_GetHCLKFreq
 .text.HAL_RCC_GetPCLK1Freq
                0x0800288c       0x20 CMakeFiles/WHEEL_07_F405.elf.dir/Drivers/STM32F4xx_HAL_Driver/Src/stm32f4xx_hal_rcc.c.obj
                0x0800288c                HAL_RCC_GetPCLK1Freq
 .text.HAL_RCC_GetClockConfig
                0x080028ac       0x3c CMakeFiles/WHEEL_07_F405.elf.dir/Drivers/STM32F4xx_HAL_Driver/Src/stm32f4xx_hal_rcc.c.obj
                0x080028ac                HAL_RCC_GetClockConfig
 .text.TIM_TI1_ConfigInputStage
                0x080028e8       0x26 CMakeFiles/WHEEL_07_F405.elf.dir/Drivers/STM32F4xx_HAL_Driver/Src/stm32f4xx_hal_tim.c.obj
 .text.TIM_TI2_ConfigInputStage
                0x0800290e       0x28 CMakeFiles/WHEEL_07_F405.elf.dir/Drivers/STM32F4xx_HAL_Driver/Src/stm32f4xx_hal_tim.c.obj
 .text.TIM_ITRx_SetConfig
                0x08002936       0x10 CMakeFiles/WHEEL_07_F405.elf.dir/Drivers/STM32F4xx_HAL_Driver/Src/stm32f4xx_hal_tim.c.obj
 *fill*         0x08002946        0x2 
 .text.HAL_TIM_Base_Start
                0x08002948       0x7c CMakeFiles/WHEEL_07_F405.elf.dir/Drivers/STM32F4xx_HAL_Driver/Src/stm32f4xx_hal_tim.c.obj
                0x08002948                HAL_TIM_Base_Start
 .text.HAL_TIM_Base_Start_IT
                0x080029c4       0x88 CMakeFiles/WHEEL_07_F405.elf.dir/Drivers/STM32F4xx_HAL_Driver/Src/stm32f4xx_hal_tim.c.obj
                0x080029c4                HAL_TIM_Base_Start_IT
 .text.HAL_TIM_OC_DelayElapsedCallback
                0x08002a4c        0x2 CMakeFiles/WHEEL_07_F405.elf.dir/Drivers/STM32F4xx_HAL_Driver/Src/stm32f4xx_hal_tim.c.obj
                0x08002a4c                HAL_TIM_OC_DelayElapsedCallback
 .text.HAL_TIM_IC_CaptureCallback
                0x08002a4e        0x2 CMakeFiles/WHEEL_07_F405.elf.dir/Drivers/STM32F4xx_HAL_Driver/Src/stm32f4xx_hal_tim.c.obj
                0x08002a4e                HAL_TIM_IC_CaptureCallback
 .text.HAL_TIM_PWM_PulseFinishedCallback
                0x08002a50        0x2 CMakeFiles/WHEEL_07_F405.elf.dir/Drivers/STM32F4xx_HAL_Driver/Src/stm32f4xx_hal_tim.c.obj
                0x08002a50                HAL_TIM_PWM_PulseFinishedCallback
 .text.HAL_TIM_TriggerCallback
                0x08002a52        0x2 CMakeFiles/WHEEL_07_F405.elf.dir/Drivers/STM32F4xx_HAL_Driver/Src/stm32f4xx_hal_tim.c.obj
                0x08002a52                HAL_TIM_TriggerCallback
 .text.HAL_TIM_IRQHandler
                0x08002a54      0x17a CMakeFiles/WHEEL_07_F405.elf.dir/Drivers/STM32F4xx_HAL_Driver/Src/stm32f4xx_hal_tim.c.obj
                0x08002a54                HAL_TIM_IRQHandler
 *fill*         0x08002bce        0x2 
 .text.TIM_Base_SetConfig
                0x08002bd0       0xc8 CMakeFiles/WHEEL_07_F405.elf.dir/Drivers/STM32F4xx_HAL_Driver/Src/stm32f4xx_hal_tim.c.obj
                0x08002bd0                TIM_Base_SetConfig
 .text.HAL_TIM_Base_Init
                0x08002c98       0x58 CMakeFiles/WHEEL_07_F405.elf.dir/Drivers/STM32F4xx_HAL_Driver/Src/stm32f4xx_hal_tim.c.obj
                0x08002c98                HAL_TIM_Base_Init
 .text.TIM_ETR_SetConfig
                0x08002cf0       0x1a CMakeFiles/WHEEL_07_F405.elf.dir/Drivers/STM32F4xx_HAL_Driver/Src/stm32f4xx_hal_tim.c.obj
                0x08002cf0                TIM_ETR_SetConfig
 .text.HAL_TIM_ConfigClockSource
                0x08002d0a       0xfe CMakeFiles/WHEEL_07_F405.elf.dir/Drivers/STM32F4xx_HAL_Driver/Src/stm32f4xx_hal_tim.c.obj
                0x08002d0a                HAL_TIM_ConfigClockSource
 .text.HAL_TIMEx_MasterConfigSynchronization
                0x08002e08       0x8c CMakeFiles/WHEEL_07_F405.elf.dir/Drivers/STM32F4xx_HAL_Driver/Src/stm32f4xx_hal_tim_ex.c.obj
                0x08002e08                HAL_TIMEx_MasterConfigSynchronization
 .text.HAL_TIMEx_CommutCallback
                0x08002e94        0x2 CMakeFiles/WHEEL_07_F405.elf.dir/Drivers/STM32F4xx_HAL_Driver/Src/stm32f4xx_hal_tim_ex.c.obj
                0x08002e94                HAL_TIMEx_CommutCallback
 .text.HAL_TIMEx_BreakCallback
                0x08002e96        0x2 CMakeFiles/WHEEL_07_F405.elf.dir/Drivers/STM32F4xx_HAL_Driver/Src/stm32f4xx_hal_tim_ex.c.obj
                0x08002e96                HAL_TIMEx_BreakCallback
 .text.SysTick_Handler
                0x08002e98       0x18 CMakeFiles/WHEEL_07_F405.elf.dir/Middlewares/Third_Party/FreeRTOS/Source/CMSIS_RTOS_V2/cmsis_os2.c.obj
                0x08002e98                SysTick_Handler
 .text.osKernelInitialize
                0x08002eb0       0x24 CMakeFiles/WHEEL_07_F405.elf.dir/Middlewares/Third_Party/FreeRTOS/Source/CMSIS_RTOS_V2/cmsis_os2.c.obj
                0x08002eb0                osKernelInitialize
 .text.osKernelStart
                0x08002ed4       0x38 CMakeFiles/WHEEL_07_F405.elf.dir/Middlewares/Third_Party/FreeRTOS/Source/CMSIS_RTOS_V2/cmsis_os2.c.obj
                0x08002ed4                osKernelStart
 .text.osThreadNew
                0x08002f0c       0xbe CMakeFiles/WHEEL_07_F405.elf.dir/Middlewares/Third_Party/FreeRTOS/Source/CMSIS_RTOS_V2/cmsis_os2.c.obj
                0x08002f0c                osThreadNew
 .text.osDelay  0x08002fca       0x1c CMakeFiles/WHEEL_07_F405.elf.dir/Middlewares/Third_Party/FreeRTOS/Source/CMSIS_RTOS_V2/cmsis_os2.c.obj
                0x08002fca                osDelay
 *fill*         0x08002fe6        0x2 
 .text.vApplicationGetIdleTaskMemory
                0x08002fe8       0x18 CMakeFiles/WHEEL_07_F405.elf.dir/Middlewares/Third_Party/FreeRTOS/Source/CMSIS_RTOS_V2/cmsis_os2.c.obj
                0x08002fe8                vApplicationGetIdleTaskMemory
 .text.vApplicationGetTimerTaskMemory
                0x08003000       0x18 CMakeFiles/WHEEL_07_F405.elf.dir/Middlewares/Third_Party/FreeRTOS/Source/CMSIS_RTOS_V2/cmsis_os2.c.obj
                0x08003000                vApplicationGetTimerTaskMemory
 .text.vListInitialise
                0x08003018       0x16 CMakeFiles/WHEEL_07_F405.elf.dir/Middlewares/Third_Party/FreeRTOS/Source/list.c.obj
                0x08003018                vListInitialise
 .text.vListInitialiseItem
                0x0800302e        0x6 CMakeFiles/WHEEL_07_F405.elf.dir/Middlewares/Third_Party/FreeRTOS/Source/list.c.obj
                0x0800302e                vListInitialiseItem
 .text.vListInsertEnd
                0x08003034       0x16 CMakeFiles/WHEEL_07_F405.elf.dir/Middlewares/Third_Party/FreeRTOS/Source/list.c.obj
                0x08003034                vListInsertEnd
 .text.vListInsert
                0x0800304a       0x32 CMakeFiles/WHEEL_07_F405.elf.dir/Middlewares/Third_Party/FreeRTOS/Source/list.c.obj
                0x0800304a                vListInsert
 .text.uxListRemove
                0x0800307c       0x26 CMakeFiles/WHEEL_07_F405.elf.dir/Middlewares/Third_Party/FreeRTOS/Source/list.c.obj
                0x0800307c                uxListRemove
 *fill*         0x080030a2        0x2 
 .text.prvTaskExitError
                0x080030a4       0x40 CMakeFiles/WHEEL_07_F405.elf.dir/Middlewares/Third_Party/FreeRTOS/Source/portable/GCC/ARM_CM4F/port.c.obj
 .text.prvPortStartFirstTask
                0x080030e4       0x28 CMakeFiles/WHEEL_07_F405.elf.dir/Middlewares/Third_Party/FreeRTOS/Source/portable/GCC/ARM_CM4F/port.c.obj
 .text.vPortEnableVFP
                0x0800310c       0x14 CMakeFiles/WHEEL_07_F405.elf.dir/Middlewares/Third_Party/FreeRTOS/Source/portable/GCC/ARM_CM4F/port.c.obj
 .text.pxPortInitialiseStack
                0x08003120       0x2c CMakeFiles/WHEEL_07_F405.elf.dir/Middlewares/Third_Party/FreeRTOS/Source/portable/GCC/ARM_CM4F/port.c.obj
                0x08003120                pxPortInitialiseStack
 *fill*         0x0800314c        0x4 
 .text.SVC_Handler
                0x08003150       0x24 CMakeFiles/WHEEL_07_F405.elf.dir/Middlewares/Third_Party/FreeRTOS/Source/portable/GCC/ARM_CM4F/port.c.obj
                0x08003150                SVC_Handler
 .text.vPortEnterCritical
                0x08003174       0x44 CMakeFiles/WHEEL_07_F405.elf.dir/Middlewares/Third_Party/FreeRTOS/Source/portable/GCC/ARM_CM4F/port.c.obj
                0x08003174                vPortEnterCritical
 .text.vPortExitCritical
                0x080031b8       0x2c CMakeFiles/WHEEL_07_F405.elf.dir/Middlewares/Third_Party/FreeRTOS/Source/portable/GCC/ARM_CM4F/port.c.obj
                0x080031b8                vPortExitCritical
 *fill*         0x080031e4        0xc 
 .text.PendSV_Handler
                0x080031f0       0x64 CMakeFiles/WHEEL_07_F405.elf.dir/Middlewares/Third_Party/FreeRTOS/Source/portable/GCC/ARM_CM4F/port.c.obj
                0x080031f0                PendSV_Handler
 .text.xPortSysTickHandler
                0x08003254       0x2c CMakeFiles/WHEEL_07_F405.elf.dir/Middlewares/Third_Party/FreeRTOS/Source/portable/GCC/ARM_CM4F/port.c.obj
                0x08003254                xPortSysTickHandler
 .text.vPortSetupTimerInterrupt
                0x08003280       0x28 CMakeFiles/WHEEL_07_F405.elf.dir/Middlewares/Third_Party/FreeRTOS/Source/portable/GCC/ARM_CM4F/port.c.obj
                0x08003280                vPortSetupTimerInterrupt
 .text.xPortStartScheduler
                0x080032a8      0x118 CMakeFiles/WHEEL_07_F405.elf.dir/Middlewares/Third_Party/FreeRTOS/Source/portable/GCC/ARM_CM4F/port.c.obj
                0x080032a8                xPortStartScheduler
 .text.vPortValidateInterruptPriority
                0x080033c0       0x5c CMakeFiles/WHEEL_07_F405.elf.dir/Middlewares/Third_Party/FreeRTOS/Source/portable/GCC/ARM_CM4F/port.c.obj
                0x080033c0                vPortValidateInterruptPriority
 .text.prvHeapInit
                0x0800341c       0x64 CMakeFiles/WHEEL_07_F405.elf.dir/Middlewares/Third_Party/FreeRTOS/Source/portable/MemMang/heap_4.c.obj
 .text.prvInsertBlockIntoFreeList
                0x08003480       0x64 CMakeFiles/WHEEL_07_F405.elf.dir/Middlewares/Third_Party/FreeRTOS/Source/portable/MemMang/heap_4.c.obj
 .text.pvPortMalloc
                0x080034e4       0xfc CMakeFiles/WHEEL_07_F405.elf.dir/Middlewares/Third_Party/FreeRTOS/Source/portable/MemMang/heap_4.c.obj
                0x080034e4                pvPortMalloc
 .text.vPortFree
                0x080035e0       0x7c CMakeFiles/WHEEL_07_F405.elf.dir/Middlewares/Third_Party/FreeRTOS/Source/portable/MemMang/heap_4.c.obj
                0x080035e0                vPortFree
 .text.prvGetDisinheritPriorityAfterTimeout
                0x0800365c       0x10 CMakeFiles/WHEEL_07_F405.elf.dir/Middlewares/Third_Party/FreeRTOS/Source/queue.c.obj
 .text.prvIsQueueFull
                0x0800366c       0x1e CMakeFiles/WHEEL_07_F405.elf.dir/Middlewares/Third_Party/FreeRTOS/Source/queue.c.obj
 .text.prvIsQueueEmpty
                0x0800368a       0x1a CMakeFiles/WHEEL_07_F405.elf.dir/Middlewares/Third_Party/FreeRTOS/Source/queue.c.obj
 .text.prvCopyDataToQueue
                0x080036a4       0x76 CMakeFiles/WHEEL_07_F405.elf.dir/Middlewares/Third_Party/FreeRTOS/Source/queue.c.obj
 .text.prvCopyDataFromQueue
                0x0800371a       0x24 CMakeFiles/WHEEL_07_F405.elf.dir/Middlewares/Third_Party/FreeRTOS/Source/queue.c.obj
 .text.prvUnlockQueue
                0x0800373e       0x6e CMakeFiles/WHEEL_07_F405.elf.dir/Middlewares/Third_Party/FreeRTOS/Source/queue.c.obj
 .text.xQueueGenericReset
                0x080037ac       0x84 CMakeFiles/WHEEL_07_F405.elf.dir/Middlewares/Third_Party/FreeRTOS/Source/queue.c.obj
                0x080037ac                xQueueGenericReset
 .text.prvInitialiseNewQueue
                0x08003830       0x22 CMakeFiles/WHEEL_07_F405.elf.dir/Middlewares/Third_Party/FreeRTOS/Source/queue.c.obj
 .text.xQueueGenericCreateStatic
                0x08003852       0x94 CMakeFiles/WHEEL_07_F405.elf.dir/Middlewares/Third_Party/FreeRTOS/Source/queue.c.obj
                0x08003852                xQueueGenericCreateStatic
 .text.xQueueGenericCreate
                0x080038e6       0x48 CMakeFiles/WHEEL_07_F405.elf.dir/Middlewares/Third_Party/FreeRTOS/Source/queue.c.obj
                0x080038e6                xQueueGenericCreate
 .text.xQueueGenericSend
                0x0800392e      0x188 CMakeFiles/WHEEL_07_F405.elf.dir/Middlewares/Third_Party/FreeRTOS/Source/queue.c.obj
                0x0800392e                xQueueGenericSend
 .text.xQueueGenericSendFromISR
                0x08003ab6       0xce CMakeFiles/WHEEL_07_F405.elf.dir/Middlewares/Third_Party/FreeRTOS/Source/queue.c.obj
                0x08003ab6                xQueueGenericSendFromISR
 .text.xQueueGiveFromISR
                0x08003b84       0xb2 CMakeFiles/WHEEL_07_F405.elf.dir/Middlewares/Third_Party/FreeRTOS/Source/queue.c.obj
                0x08003b84                xQueueGiveFromISR
 .text.xQueueReceive
                0x08003c36      0x15e CMakeFiles/WHEEL_07_F405.elf.dir/Middlewares/Third_Party/FreeRTOS/Source/queue.c.obj
                0x08003c36                xQueueReceive
 .text.xQueueSemaphoreTake
                0x08003d94      0x1a6 CMakeFiles/WHEEL_07_F405.elf.dir/Middlewares/Third_Party/FreeRTOS/Source/queue.c.obj
                0x08003d94                xQueueSemaphoreTake
 *fill*         0x08003f3a        0x2 
 .text.vQueueAddToRegistry
                0x08003f3c       0x28 CMakeFiles/WHEEL_07_F405.elf.dir/Middlewares/Third_Party/FreeRTOS/Source/queue.c.obj
                0x08003f3c                vQueueAddToRegistry
 .text.vQueueWaitForMessageRestricted
                0x08003f64       0x52 CMakeFiles/WHEEL_07_F405.elf.dir/Middlewares/Third_Party/FreeRTOS/Source/queue.c.obj
                0x08003f64                vQueueWaitForMessageRestricted
 *fill*         0x08003fb6        0x2 
 .text.prvTaskIsTaskSuspended
                0x08003fb8       0x40 CMakeFiles/WHEEL_07_F405.elf.dir/Middlewares/Third_Party/FreeRTOS/Source/tasks.c.obj
 .text.prvResetNextTaskUnblockTime
                0x08003ff8       0x2c CMakeFiles/WHEEL_07_F405.elf.dir/Middlewares/Third_Party/FreeRTOS/Source/tasks.c.obj
 .text.prvInitialiseNewTask
                0x08004024      0x106 CMakeFiles/WHEEL_07_F405.elf.dir/Middlewares/Third_Party/FreeRTOS/Source/tasks.c.obj
 *fill*         0x0800412a        0x2 
 .text.prvInitialiseTaskLists
                0x0800412c       0x68 CMakeFiles/WHEEL_07_F405.elf.dir/Middlewares/Third_Party/FreeRTOS/Source/tasks.c.obj
 .text.prvAddNewTaskToReadyList
                0x08004194       0xac CMakeFiles/WHEEL_07_F405.elf.dir/Middlewares/Third_Party/FreeRTOS/Source/tasks.c.obj
 .text.prvDeleteTCB
                0x08004240       0x40 CMakeFiles/WHEEL_07_F405.elf.dir/Middlewares/Third_Party/FreeRTOS/Source/tasks.c.obj
 .text.prvCheckTasksWaitingTermination
                0x08004280       0x4c CMakeFiles/WHEEL_07_F405.elf.dir/Middlewares/Third_Party/FreeRTOS/Source/tasks.c.obj
 .text.prvIdleTask
                0x080042cc       0x28 CMakeFiles/WHEEL_07_F405.elf.dir/Middlewares/Third_Party/FreeRTOS/Source/tasks.c.obj
 .text.prvAddCurrentTaskToDelayedList
                0x080042f4       0x7c CMakeFiles/WHEEL_07_F405.elf.dir/Middlewares/Third_Party/FreeRTOS/Source/tasks.c.obj
 .text.xTaskCreateStatic
                0x08004370       0x7a CMakeFiles/WHEEL_07_F405.elf.dir/Middlewares/Third_Party/FreeRTOS/Source/tasks.c.obj
                0x08004370                xTaskCreateStatic
 .text.xTaskCreate
                0x080043ea       0x6a CMakeFiles/WHEEL_07_F405.elf.dir/Middlewares/Third_Party/FreeRTOS/Source/tasks.c.obj
                0x080043ea                xTaskCreate
 .text.xTaskResumeFromISR
                0x08004454       0xa4 CMakeFiles/WHEEL_07_F405.elf.dir/Middlewares/Third_Party/FreeRTOS/Source/tasks.c.obj
                0x08004454                xTaskResumeFromISR
 .text.vTaskStartScheduler
                0x080044f8       0xac CMakeFiles/WHEEL_07_F405.elf.dir/Middlewares/Third_Party/FreeRTOS/Source/tasks.c.obj
                0x080044f8                vTaskStartScheduler
 .text.vTaskSuspendAll
                0x080045a4       0x10 CMakeFiles/WHEEL_07_F405.elf.dir/Middlewares/Third_Party/FreeRTOS/Source/tasks.c.obj
                0x080045a4                vTaskSuspendAll
 .text.xTaskGetTickCount
                0x080045b4        0xc CMakeFiles/WHEEL_07_F405.elf.dir/Middlewares/Third_Party/FreeRTOS/Source/tasks.c.obj
                0x080045b4                xTaskGetTickCount
 .text.xTaskIncrementTick
                0x080045c0      0x118 CMakeFiles/WHEEL_07_F405.elf.dir/Middlewares/Third_Party/FreeRTOS/Source/tasks.c.obj
                0x080045c0                xTaskIncrementTick
 .text.xTaskResumeAll
                0x080046d8       0xf8 CMakeFiles/WHEEL_07_F405.elf.dir/Middlewares/Third_Party/FreeRTOS/Source/tasks.c.obj
                0x080046d8                xTaskResumeAll
 .text.vTaskDelay
                0x080047d0       0x4c CMakeFiles/WHEEL_07_F405.elf.dir/Middlewares/Third_Party/FreeRTOS/Source/tasks.c.obj
                0x080047d0                vTaskDelay
 .text.vTaskSwitchContext
                0x0800481c       0xa0 CMakeFiles/WHEEL_07_F405.elf.dir/Middlewares/Third_Party/FreeRTOS/Source/tasks.c.obj
                0x0800481c                vTaskSwitchContext
 .text.vTaskSuspend
                0x080048bc       0xc4 CMakeFiles/WHEEL_07_F405.elf.dir/Middlewares/Third_Party/FreeRTOS/Source/tasks.c.obj
                0x080048bc                vTaskSuspend
 .text.vTaskPlaceOnEventList
                0x08004980       0x30 CMakeFiles/WHEEL_07_F405.elf.dir/Middlewares/Third_Party/FreeRTOS/Source/tasks.c.obj
                0x08004980                vTaskPlaceOnEventList
 .text.vTaskPlaceOnEventListRestricted
                0x080049b0       0x38 CMakeFiles/WHEEL_07_F405.elf.dir/Middlewares/Third_Party/FreeRTOS/Source/tasks.c.obj
                0x080049b0                vTaskPlaceOnEventListRestricted
 .text.xTaskRemoveFromEventList
                0x080049e8       0x8c CMakeFiles/WHEEL_07_F405.elf.dir/Middlewares/Third_Party/FreeRTOS/Source/tasks.c.obj
                0x080049e8                xTaskRemoveFromEventList
 .text.vTaskInternalSetTimeOutState
                0x08004a74       0x18 CMakeFiles/WHEEL_07_F405.elf.dir/Middlewares/Third_Party/FreeRTOS/Source/tasks.c.obj
                0x08004a74                vTaskInternalSetTimeOutState
 .text.xTaskCheckForTimeOut
                0x08004a8c       0x84 CMakeFiles/WHEEL_07_F405.elf.dir/Middlewares/Third_Party/FreeRTOS/Source/tasks.c.obj
                0x08004a8c                xTaskCheckForTimeOut
 .text.vTaskMissedYield
                0x08004b10        0xc CMakeFiles/WHEEL_07_F405.elf.dir/Middlewares/Third_Party/FreeRTOS/Source/tasks.c.obj
                0x08004b10                vTaskMissedYield
 .text.xTaskGetCurrentTaskHandle
                0x08004b1c        0xc CMakeFiles/WHEEL_07_F405.elf.dir/Middlewares/Third_Party/FreeRTOS/Source/tasks.c.obj
                0x08004b1c                xTaskGetCurrentTaskHandle
 .text.xTaskGetSchedulerState
                0x08004b28       0x20 CMakeFiles/WHEEL_07_F405.elf.dir/Middlewares/Third_Party/FreeRTOS/Source/tasks.c.obj
                0x08004b28                xTaskGetSchedulerState
 .text.xTaskPriorityInherit
                0x08004b48       0x98 CMakeFiles/WHEEL_07_F405.elf.dir/Middlewares/Third_Party/FreeRTOS/Source/tasks.c.obj
                0x08004b48                xTaskPriorityInherit
 .text.xTaskPriorityDisinherit
                0x08004be0       0x90 CMakeFiles/WHEEL_07_F405.elf.dir/Middlewares/Third_Party/FreeRTOS/Source/tasks.c.obj
                0x08004be0                xTaskPriorityDisinherit
 .text.vTaskPriorityDisinheritAfterTimeout
                0x08004c70       0xa0 CMakeFiles/WHEEL_07_F405.elf.dir/Middlewares/Third_Party/FreeRTOS/Source/tasks.c.obj
                0x08004c70                vTaskPriorityDisinheritAfterTimeout
 .text.pvTaskIncrementMutexHeldCount
                0x08004d10       0x1c CMakeFiles/WHEEL_07_F405.elf.dir/Middlewares/Third_Party/FreeRTOS/Source/tasks.c.obj
                0x08004d10                pvTaskIncrementMutexHeldCount
 .text.prvGetNextExpireTime
                0x08004d2c       0x20 CMakeFiles/WHEEL_07_F405.elf.dir/Middlewares/Third_Party/FreeRTOS/Source/timers.c.obj
 .text.prvInsertTimerInActiveList
                0x08004d4c       0x48 CMakeFiles/WHEEL_07_F405.elf.dir/Middlewares/Third_Party/FreeRTOS/Source/timers.c.obj
 .text.prvCheckForValidListAndQueue
                0x08004d94       0x70 CMakeFiles/WHEEL_07_F405.elf.dir/Middlewares/Third_Party/FreeRTOS/Source/timers.c.obj
 .text.xTimerCreateTimerTask
                0x08004e04       0x64 CMakeFiles/WHEEL_07_F405.elf.dir/Middlewares/Third_Party/FreeRTOS/Source/timers.c.obj
                0x08004e04                xTimerCreateTimerTask
 .text.xTimerGenericCommand
                0x08004e68       0x6c CMakeFiles/WHEEL_07_F405.elf.dir/Middlewares/Third_Party/FreeRTOS/Source/timers.c.obj
                0x08004e68                xTimerGenericCommand
 .text.prvSwitchTimerLists
                0x08004ed4       0x7c CMakeFiles/WHEEL_07_F405.elf.dir/Middlewares/Third_Party/FreeRTOS/Source/timers.c.obj
 .text.prvSampleTimeNow
                0x08004f50       0x2c CMakeFiles/WHEEL_07_F405.elf.dir/Middlewares/Third_Party/FreeRTOS/Source/timers.c.obj
 .text.prvProcessExpiredTimer
                0x08004f7c       0x6c CMakeFiles/WHEEL_07_F405.elf.dir/Middlewares/Third_Party/FreeRTOS/Source/timers.c.obj
 .text.prvProcessTimerOrBlockTask
                0x08004fe8       0x74 CMakeFiles/WHEEL_07_F405.elf.dir/Middlewares/Third_Party/FreeRTOS/Source/timers.c.obj
 .text.prvProcessReceivedCommands
                0x0800505c      0x10c CMakeFiles/WHEEL_07_F405.elf.dir/Middlewares/Third_Party/FreeRTOS/Source/timers.c.obj
 .text.prvTimerTask
                0x08005168       0x16 CMakeFiles/WHEEL_07_F405.elf.dir/Middlewares/Third_Party/FreeRTOS/Source/timers.c.obj
 *fill*         0x0800517e        0x2 
 .text.__errno  0x08005180        0xc c:/progra~2/gnuarm~1/102021~1.10/bin/../lib/gcc/arm-none-eabi/10.3.1/../../../../arm-none-eabi/lib/thumb/v7e-m+fp/hard\libg.a(lib_a-errno.o)
                0x08005180                __errno
 .text.__libc_init_array
                0x0800518c       0x48 c:/progra~2/gnuarm~1/102021~1.10/bin/../lib/gcc/arm-none-eabi/10.3.1/../../../../arm-none-eabi/lib/thumb/v7e-m+fp/hard\libg.a(lib_a-init.o)
                0x0800518c                __libc_init_array
 .text.memset   0x080051d4       0xa4 c:/progra~2/gnuarm~1/102021~1.10/bin/../lib/gcc/arm-none-eabi/10.3.1/../../../../arm-none-eabi/lib/thumb/v7e-m+fp/hard\libg.a(lib_a-memset.o)
                0x080051d4                memset
 .text.cleanup_glue
                0x08005278       0x48 c:/progra~2/gnuarm~1/102021~1.10/bin/../lib/gcc/arm-none-eabi/10.3.1/../../../../arm-none-eabi/lib/thumb/v7e-m+fp/hard\libg.a(lib_a-reent.o)
                0x08005278                cleanup_glue
 .text._reclaim_reent
                0x080052c0       0x90 c:/progra~2/gnuarm~1/102021~1.10/bin/../lib/gcc/arm-none-eabi/10.3.1/../../../../arm-none-eabi/lib/thumb/v7e-m+fp/hard\libg.a(lib_a-reent.o)
                0x080052c0                _reclaim_reent
 .text.startup.register_fini
                0x08005350       0x14 c:/progra~2/gnuarm~1/102021~1.10/bin/../lib/gcc/arm-none-eabi/10.3.1/../../../../arm-none-eabi/lib/thumb/v7e-m+fp/hard\libg.a(lib_a-__call_atexit.o)
 .text.atexit   0x08005364        0xc c:/progra~2/gnuarm~1/102021~1.10/bin/../lib/gcc/arm-none-eabi/10.3.1/../../../../arm-none-eabi/lib/thumb/v7e-m+fp/hard\libg.a(lib_a-atexit.o)
                0x08005364                atexit
 .text.__libc_fini_array
                0x08005370       0x2c c:/progra~2/gnuarm~1/102021~1.10/bin/../lib/gcc/arm-none-eabi/10.3.1/../../../../arm-none-eabi/lib/thumb/v7e-m+fp/hard\libg.a(lib_a-fini.o)
                0x08005370                __libc_fini_array
 .text._malloc_trim_r
                0x0800539c       0xa0 c:/progra~2/gnuarm~1/102021~1.10/bin/../lib/gcc/arm-none-eabi/10.3.1/../../../../arm-none-eabi/lib/thumb/v7e-m+fp/hard\libg.a(lib_a-freer.o)
                0x0800539c                _malloc_trim_r
 .text._free_r  0x0800543c      0x20c c:/progra~2/gnuarm~1/102021~1.10/bin/../lib/gcc/arm-none-eabi/10.3.1/../../../../arm-none-eabi/lib/thumb/v7e-m+fp/hard\libg.a(lib_a-freer.o)
                0x0800543c                _free_r
 .text.__retarget_lock_acquire_recursive
                0x08005648        0x4 c:/progra~2/gnuarm~1/102021~1.10/bin/../lib/gcc/arm-none-eabi/10.3.1/../../../../arm-none-eabi/lib/thumb/v7e-m+fp/hard\libg.a(lib_a-lock.o)
                0x08005648                __retarget_lock_acquire_recursive
 .text.__retarget_lock_release_recursive
                0x0800564c        0x4 c:/progra~2/gnuarm~1/102021~1.10/bin/../lib/gcc/arm-none-eabi/10.3.1/../../../../arm-none-eabi/lib/thumb/v7e-m+fp/hard\libg.a(lib_a-lock.o)
                0x0800564c                __retarget_lock_release_recursive
 .text.__malloc_lock
                0x08005650        0xc c:/progra~2/gnuarm~1/102021~1.10/bin/../lib/gcc/arm-none-eabi/10.3.1/../../../../arm-none-eabi/lib/thumb/v7e-m+fp/hard\libg.a(lib_a-mlock.o)
                0x08005650                __malloc_lock
 .text.__malloc_unlock
                0x0800565c        0xc c:/progra~2/gnuarm~1/102021~1.10/bin/../lib/gcc/arm-none-eabi/10.3.1/../../../../arm-none-eabi/lib/thumb/v7e-m+fp/hard\libg.a(lib_a-mlock.o)
                0x0800565c                __malloc_unlock
 .text._sbrk_r  0x08005668       0x24 c:/progra~2/gnuarm~1/102021~1.10/bin/../lib/gcc/arm-none-eabi/10.3.1/../../../../arm-none-eabi/lib/thumb/v7e-m+fp/hard\libg.a(lib_a-sbrkr.o)
                0x08005668                _sbrk_r
 .text.__register_exitproc
                0x0800568c       0x8c c:/progra~2/gnuarm~1/102021~1.10/bin/../lib/gcc/arm-none-eabi/10.3.1/../../../../arm-none-eabi/lib/thumb/v7e-m+fp/hard\libg.a(lib_a-__atexit.o)
                0x0800568c                __register_exitproc
 *(.glue_7)
 .glue_7        0x08005718        0x0 linker stubs
 *(.glue_7t)
 .glue_7t       0x08005718        0x0 linker stubs
 *(.eh_frame)
 .eh_frame      0x08005718        0x0 c:/progra~2/gnuarm~1/102021~1.10/bin/../lib/gcc/arm-none-eabi/10.3.1/thumb/v7e-m+fp/hard/crtbegin.o
 *(.init)
 .init          0x08005718        0x4 c:/progra~2/gnuarm~1/102021~1.10/bin/../lib/gcc/arm-none-eabi/10.3.1/thumb/v7e-m+fp/hard/crti.o
                0x08005718                _init
 .init          0x0800571c        0x8 c:/progra~2/gnuarm~1/102021~1.10/bin/../lib/gcc/arm-none-eabi/10.3.1/thumb/v7e-m+fp/hard/crtn.o
 *(.fini)
 .fini          0x08005724        0x4 c:/progra~2/gnuarm~1/102021~1.10/bin/../lib/gcc/arm-none-eabi/10.3.1/thumb/v7e-m+fp/hard/crti.o
                0x08005724                _fini
 .fini          0x08005728        0x8 c:/progra~2/gnuarm~1/102021~1.10/bin/../lib/gcc/arm-none-eabi/10.3.1/thumb/v7e-m+fp/hard/crtn.o
                0x08005730                . = ALIGN (0x4)
                0x08005730                _etext = .

.vfp11_veneer   0x08005730        0x0
 .vfp11_veneer  0x08005730        0x0 linker stubs

.v4_bx          0x08005730        0x0
 .v4_bx         0x08005730        0x0 linker stubs

.iplt           0x08005730        0x0
 .iplt          0x08005730        0x0 c:/progra~2/gnuarm~1/102021~1.10/bin/../lib/gcc/arm-none-eabi/10.3.1/thumb/v7e-m+fp/hard/crtbegin.o

.rodata         0x08005730      0x164
                0x08005730                . = ALIGN (0x4)
 *(.rodata)
 *(.rodata*)
 .rodata.str1.4
                0x08005730       0x3c CMakeFiles/WHEEL_07_F405.elf.dir/Core/Src/freertos.c.obj
 .rodata.adcTask_attributes
                0x0800576c       0x24 CMakeFiles/WHEEL_07_F405.elf.dir/Core/Src/freertos.c.obj
                0x0800576c                adcTask_attributes
 .rodata.defaultTask_attributes
                0x08005790       0x24 CMakeFiles/WHEEL_07_F405.elf.dir/Core/Src/freertos.c.obj
                0x08005790                defaultTask_attributes
 .rodata.muxswTask_attributes
                0x080057b4       0x24 CMakeFiles/WHEEL_07_F405.elf.dir/Core/Src/freertos.c.obj
                0x080057b4                muxswTask_attributes
 .rodata.paddleIRQTask_attributes
                0x080057d8       0x24 CMakeFiles/WHEEL_07_F405.elf.dir/Core/Src/freertos.c.obj
                0x080057d8                paddleIRQTask_attributes
 .rodata.statusTask_attributes
                0x080057fc       0x24 CMakeFiles/WHEEL_07_F405.elf.dir/Core/Src/freertos.c.obj
                0x080057fc                statusTask_attributes
 .rodata.muxswConfigRegister1
                0x08005820       0x38 CMakeFiles/WHEEL_07_F405.elf.dir/Core/Src/rotary.c.obj
                0x08005820                muxswConfigRegister1
 .rodata.AHBPrescTable
                0x08005858       0x10 CMakeFiles/WHEEL_07_F405.elf.dir/Core/Src/system_stm32f4xx.c.obj
                0x08005858                AHBPrescTable
 .rodata.APBPrescTable
                0x08005868        0x8 CMakeFiles/WHEEL_07_F405.elf.dir/Core/Src/system_stm32f4xx.c.obj
                0x08005868                APBPrescTable
 .rodata.flagBitshiftOffset.0
                0x08005870        0x8 CMakeFiles/WHEEL_07_F405.elf.dir/Drivers/STM32F4xx_HAL_Driver/Src/stm32f4xx_hal_dma.c.obj
 .rodata.vTaskStartScheduler.str1.4
                0x08005878        0x5 CMakeFiles/WHEEL_07_F405.elf.dir/Middlewares/Third_Party/FreeRTOS/Source/tasks.c.obj
 *fill*         0x0800587d        0x3 
 .rodata.prvCheckForValidListAndQueue.str1.4
                0x08005880        0x5 CMakeFiles/WHEEL_07_F405.elf.dir/Middlewares/Third_Party/FreeRTOS/Source/timers.c.obj
 *fill*         0x08005885        0x3 
 .rodata.xTimerCreateTimerTask.str1.4
                0x08005888        0x8 CMakeFiles/WHEEL_07_F405.elf.dir/Middlewares/Third_Party/FreeRTOS/Source/timers.c.obj
 .rodata._global_impure_ptr
                0x08005890        0x4 c:/progra~2/gnuarm~1/102021~1.10/bin/../lib/gcc/arm-none-eabi/10.3.1/../../../../arm-none-eabi/lib/thumb/v7e-m+fp/hard\libg.a(lib_a-impure.o)
                0x08005890                _global_impure_ptr
                0x08005894                . = ALIGN (0x4)

.ARM.extab      0x08005894        0x0
                0x08005894                . = ALIGN (0x4)
 *(.ARM.extab* .gnu.linkonce.armextab.*)
                0x08005894                . = ALIGN (0x4)

.ARM            0x08005894        0x8
                0x08005894                . = ALIGN (0x4)
                0x08005894                __exidx_start = .
 *(.ARM.exidx*)
 .ARM.exidx     0x08005894        0x8 c:/progra~2/gnuarm~1/102021~1.10/bin/../lib/gcc/arm-none-eabi/10.3.1/thumb/v7e-m+fp/hard\libgcc.a(_udivmoddi4.o)
                0x0800589c                __exidx_end = .
                0x0800589c                . = ALIGN (0x4)

.rel.dyn        0x0800589c        0x0
 .rel.iplt      0x0800589c        0x0 c:/progra~2/gnuarm~1/102021~1.10/bin/../lib/gcc/arm-none-eabi/10.3.1/thumb/v7e-m+fp/hard/crtbegin.o

.preinit_array  0x0800589c        0x0
                0x0800589c                . = ALIGN (0x4)
                0x0800589c                PROVIDE (__preinit_array_start = .)
 *(.preinit_array*)
                0x0800589c                PROVIDE (__preinit_array_end = .)
                0x0800589c                . = ALIGN (0x4)

.init_array     0x0800589c        0x8
                0x0800589c                . = ALIGN (0x4)
                0x0800589c                PROVIDE (__init_array_start = .)
 *(SORT_BY_NAME(.init_array.*))
 .init_array.00000
                0x0800589c        0x4 c:/progra~2/gnuarm~1/102021~1.10/bin/../lib/gcc/arm-none-eabi/10.3.1/../../../../arm-none-eabi/lib/thumb/v7e-m+fp/hard\libg.a(lib_a-__call_atexit.o)
 *(.init_array*)
 .init_array    0x080058a0        0x4 c:/progra~2/gnuarm~1/102021~1.10/bin/../lib/gcc/arm-none-eabi/10.3.1/thumb/v7e-m+fp/hard/crtbegin.o
                0x080058a4                PROVIDE (__init_array_end = .)
                0x080058a4                . = ALIGN (0x4)

.fini_array     0x080058a4        0x4
                0x080058a4                . = ALIGN (0x4)
                0x080058a4                PROVIDE (__fini_array_start = .)
 *(SORT_BY_NAME(.fini_array.*))
 *(.fini_array*)
 .fini_array    0x080058a4        0x4 c:/progra~2/gnuarm~1/102021~1.10/bin/../lib/gcc/arm-none-eabi/10.3.1/thumb/v7e-m+fp/hard/crtbegin.o
                0x080058a8                PROVIDE (__fini_array_end = .)
                0x080058a8                . = ALIGN (0x4)
                0x080058a8                _sidata = LOADADDR (.data)

.data           0x20000000      0x8a4 load address 0x080058a8
                0x20000000                . = ALIGN (0x4)
                0x20000000                _sdata = .
 *(.data)
 *(.data*)
 .data.paddles  0x20000000       0x20 CMakeFiles/WHEEL_07_F405.elf.dir/Core/Src/paddleIRQ.c.obj
                0x20000000                paddles
 .data.muxswRegister
                0x20000020       0x30 CMakeFiles/WHEEL_07_F405.elf.dir/Core/Src/rotary.c.obj
                0x20000020                muxswRegister
 .data.SystemCoreClock
                0x20000050        0x4 CMakeFiles/WHEEL_07_F405.elf.dir/Core/Src/system_stm32f4xx.c.obj
                0x20000050                SystemCoreClock
 .data.uwTickFreq
                0x20000054        0x1 CMakeFiles/WHEEL_07_F405.elf.dir/Drivers/STM32F4xx_HAL_Driver/Src/stm32f4xx_hal.c.obj
                0x20000054                uwTickFreq
 *fill*         0x20000055        0x3 
 .data.uwTickPrio
                0x20000058        0x4 CMakeFiles/WHEEL_07_F405.elf.dir/Drivers/STM32F4xx_HAL_Driver/Src/stm32f4xx_hal.c.obj
                0x20000058                uwTickPrio
 .data.uxCriticalNesting
                0x2000005c        0x4 CMakeFiles/WHEEL_07_F405.elf.dir/Middlewares/Third_Party/FreeRTOS/Source/portable/GCC/ARM_CM4F/port.c.obj
 .data._impure_ptr
                0x20000060        0x4 c:/progra~2/gnuarm~1/102021~1.10/bin/../lib/gcc/arm-none-eabi/10.3.1/../../../../arm-none-eabi/lib/thumb/v7e-m+fp/hard\libg.a(lib_a-impure.o)
                0x20000060                _impure_ptr
 *fill*         0x20000064        0x4 
 .data.impure_data
                0x20000068      0x428 c:/progra~2/gnuarm~1/102021~1.10/bin/../lib/gcc/arm-none-eabi/10.3.1/../../../../arm-none-eabi/lib/thumb/v7e-m+fp/hard\libg.a(lib_a-impure.o)
 .data.__atexit_recursive_mutex
                0x20000490        0x4 c:/progra~2/gnuarm~1/102021~1.10/bin/../lib/gcc/arm-none-eabi/10.3.1/../../../../arm-none-eabi/lib/thumb/v7e-m+fp/hard\libg.a(lib_a-__call_atexit.o)
                0x20000490                __atexit_recursive_mutex
 .data.__malloc_av_
                0x20000494      0x408 c:/progra~2/gnuarm~1/102021~1.10/bin/../lib/gcc/arm-none-eabi/10.3.1/../../../../arm-none-eabi/lib/thumb/v7e-m+fp/hard\libg.a(lib_a-mallocr.o)
                0x20000494                __malloc_av_
 .data.__malloc_sbrk_base
                0x2000089c        0x4 c:/progra~2/gnuarm~1/102021~1.10/bin/../lib/gcc/arm-none-eabi/10.3.1/../../../../arm-none-eabi/lib/thumb/v7e-m+fp/hard\libg.a(lib_a-mallocr.o)
                0x2000089c                __malloc_sbrk_base
 .data.__malloc_trim_threshold
                0x200008a0        0x4 c:/progra~2/gnuarm~1/102021~1.10/bin/../lib/gcc/arm-none-eabi/10.3.1/../../../../arm-none-eabi/lib/thumb/v7e-m+fp/hard\libg.a(lib_a-mallocr.o)
                0x200008a0                __malloc_trim_threshold
 *(.RamFunc)
 *(.RamFunc*)
                0x200008a4                . = ALIGN (0x4)
                0x200008a4                _edata = .
                0x0800614c                _siccmram = LOADADDR (.ccmram)

.igot.plt       0x200008a4        0x0 load address 0x0800614c
 .igot.plt      0x200008a4        0x0 c:/progra~2/gnuarm~1/102021~1.10/bin/../lib/gcc/arm-none-eabi/10.3.1/thumb/v7e-m+fp/hard/crtbegin.o

.ccmram         0x10000000        0x0 load address 0x0800614c
                0x10000000                . = ALIGN (0x4)
                0x10000000                _sccmram = .
 *(.ccmram)
 *(.ccmram*)
                0x10000000                . = ALIGN (0x4)
                0x10000000                _eccmram = .
                0x10000000                . = ALIGN (0x4)

.bss            0x200008a8     0x5474
                0x200008a8                _sbss = .
                0x200008a8                __bss_start__ = _sbss
 *(.bss)
 .bss           0x200008a8       0x1c c:/progra~2/gnuarm~1/102021~1.10/bin/../lib/gcc/arm-none-eabi/10.3.1/thumb/v7e-m+fp/hard/crtbegin.o
 *(.bss*)
 .bss.adcConvReadySemaphore
                0x200008c4        0x4 CMakeFiles/WHEEL_07_F405.elf.dir/Core/Src/adc.c.obj
                0x200008c4                adcConvReadySemaphore
 .bss.adcRawData
                0x200008c8       0x10 CMakeFiles/WHEEL_07_F405.elf.dir/Core/Src/adc.c.obj
                0x200008c8                adcRawData
 .bss.adcTaskHandleLocal
                0x200008d8        0x4 CMakeFiles/WHEEL_07_F405.elf.dir/Core/Src/adc.c.obj
                0x200008d8                adcTaskHandleLocal
 .bss.hadc1     0x200008dc       0x48 CMakeFiles/WHEEL_07_F405.elf.dir/Core/Src/adc.c.obj
                0x200008dc                hadc1
 .bss.hdma_adc1
                0x20000924       0x60 CMakeFiles/WHEEL_07_F405.elf.dir/Core/Src/adc.c.obj
                0x20000924                hdma_adc1
 .bss.xHigherPriorityTaskWoken.0
                0x20000984        0x4 CMakeFiles/WHEEL_07_F405.elf.dir/Core/Src/adc.c.obj
 .bss.hcan1     0x20000988       0x28 CMakeFiles/WHEEL_07_F405.elf.dir/Core/Src/can.c.obj
                0x20000988                hcan1
 .bss.adcTaskHandle
                0x200009b0        0x4 CMakeFiles/WHEEL_07_F405.elf.dir/Core/Src/freertos.c.obj
                0x200009b0                adcTaskHandle
 .bss.defaultTaskHandle
                0x200009b4        0x4 CMakeFiles/WHEEL_07_F405.elf.dir/Core/Src/freertos.c.obj
                0x200009b4                defaultTaskHandle
 .bss.muxswTaskHandle
                0x200009b8        0x4 CMakeFiles/WHEEL_07_F405.elf.dir/Core/Src/freertos.c.obj
                0x200009b8                muxswTaskHandle
 .bss.paddleIRQTaskHandle
                0x200009bc        0x4 CMakeFiles/WHEEL_07_F405.elf.dir/Core/Src/freertos.c.obj
                0x200009bc                paddleIRQTaskHandle
 .bss.statusTaskHandle
                0x200009c0        0x4 CMakeFiles/WHEEL_07_F405.elf.dir/Core/Src/freertos.c.obj
                0x200009c0                statusTaskHandle
 .bss.RxData    0x200009c4        0x8 CMakeFiles/WHEEL_07_F405.elf.dir/Core/Src/main.c.obj
                0x200009c4                RxData
 .bss.RxHeader  0x200009cc       0x1c CMakeFiles/WHEEL_07_F405.elf.dir/Core/Src/main.c.obj
                0x200009cc                RxHeader
 .bss.TxData    0x200009e8        0x8 CMakeFiles/WHEEL_07_F405.elf.dir/Core/Src/main.c.obj
                0x200009e8                TxData
 .bss.TxHeader  0x200009f0       0x18 CMakeFiles/WHEEL_07_F405.elf.dir/Core/Src/main.c.obj
                0x200009f0                TxHeader
 .bss.count     0x20000a08        0x1 CMakeFiles/WHEEL_07_F405.elf.dir/Core/Src/main.c.obj
                0x20000a08                count
 *fill*         0x20000a09        0x3 
 .bss.paddleTaskHandlerLocal
                0x20000a0c        0x4 CMakeFiles/WHEEL_07_F405.elf.dir/Core/Src/paddleIRQ.c.obj
                0x20000a0c                paddleTaskHandlerLocal
 .bss.htim6     0x20000a10       0x48 CMakeFiles/WHEEL_07_F405.elf.dir/Core/Src/stm32f4xx_hal_timebase_tim.c.obj
                0x20000a10                htim6
 .bss.__sbrk_heap_end
                0x20000a58        0x4 CMakeFiles/WHEEL_07_F405.elf.dir/Core/Src/sysmem.c.obj
 .bss.htim13    0x20000a5c       0x48 CMakeFiles/WHEEL_07_F405.elf.dir/Core/Src/tim.c.obj
                0x20000a5c                htim13
 .bss.htim14    0x20000aa4       0x48 CMakeFiles/WHEEL_07_F405.elf.dir/Core/Src/tim.c.obj
                0x20000aa4                htim14
 .bss.htim3     0x20000aec       0x48 CMakeFiles/WHEEL_07_F405.elf.dir/Core/Src/tim.c.obj
                0x20000aec                htim3
 .bss.uwTick    0x20000b34        0x4 CMakeFiles/WHEEL_07_F405.elf.dir/Drivers/STM32F4xx_HAL_Driver/Src/stm32f4xx_hal.c.obj
                0x20000b34                uwTick
 .bss.Idle_Stack.2
                0x20000b38      0x200 CMakeFiles/WHEEL_07_F405.elf.dir/Middlewares/Third_Party/FreeRTOS/Source/CMSIS_RTOS_V2/cmsis_os2.c.obj
 .bss.Idle_TCB.3
                0x20000d38      0x488 CMakeFiles/WHEEL_07_F405.elf.dir/Middlewares/Third_Party/FreeRTOS/Source/CMSIS_RTOS_V2/cmsis_os2.c.obj
 .bss.KernelState
                0x200011c0        0x4 CMakeFiles/WHEEL_07_F405.elf.dir/Middlewares/Third_Party/FreeRTOS/Source/CMSIS_RTOS_V2/cmsis_os2.c.obj
 .bss.Timer_Stack.0
                0x200011c4      0x400 CMakeFiles/WHEEL_07_F405.elf.dir/Middlewares/Third_Party/FreeRTOS/Source/CMSIS_RTOS_V2/cmsis_os2.c.obj
 *fill*         0x200015c4        0x4 
 .bss.Timer_TCB.1
                0x200015c8      0x488 CMakeFiles/WHEEL_07_F405.elf.dir/Middlewares/Third_Party/FreeRTOS/Source/CMSIS_RTOS_V2/cmsis_os2.c.obj
 .bss.ucMaxSysCallPriority
                0x20001a50        0x1 CMakeFiles/WHEEL_07_F405.elf.dir/Middlewares/Third_Party/FreeRTOS/Source/portable/GCC/ARM_CM4F/port.c.obj
 *fill*         0x20001a51        0x3 
 .bss.ulMaxPRIGROUPValue
                0x20001a54        0x4 CMakeFiles/WHEEL_07_F405.elf.dir/Middlewares/Third_Party/FreeRTOS/Source/portable/GCC/ARM_CM4F/port.c.obj
 .bss.pxEnd     0x20001a58        0x4 CMakeFiles/WHEEL_07_F405.elf.dir/Middlewares/Third_Party/FreeRTOS/Source/portable/MemMang/heap_4.c.obj
 .bss.ucHeap    0x20001a5c     0x3c00 CMakeFiles/WHEEL_07_F405.elf.dir/Middlewares/Third_Party/FreeRTOS/Source/portable/MemMang/heap_4.c.obj
 .bss.xBlockAllocatedBit
                0x2000565c        0x4 CMakeFiles/WHEEL_07_F405.elf.dir/Middlewares/Third_Party/FreeRTOS/Source/portable/MemMang/heap_4.c.obj
 .bss.xFreeBytesRemaining
                0x20005660        0x4 CMakeFiles/WHEEL_07_F405.elf.dir/Middlewares/Third_Party/FreeRTOS/Source/portable/MemMang/heap_4.c.obj
 .bss.xMinimumEverFreeBytesRemaining
                0x20005664        0x4 CMakeFiles/WHEEL_07_F405.elf.dir/Middlewares/Third_Party/FreeRTOS/Source/portable/MemMang/heap_4.c.obj
 .bss.xNumberOfSuccessfulAllocations
                0x20005668        0x4 CMakeFiles/WHEEL_07_F405.elf.dir/Middlewares/Third_Party/FreeRTOS/Source/portable/MemMang/heap_4.c.obj
 .bss.xNumberOfSuccessfulFrees
                0x2000566c        0x4 CMakeFiles/WHEEL_07_F405.elf.dir/Middlewares/Third_Party/FreeRTOS/Source/portable/MemMang/heap_4.c.obj
 .bss.xStart    0x20005670        0x8 CMakeFiles/WHEEL_07_F405.elf.dir/Middlewares/Third_Party/FreeRTOS/Source/portable/MemMang/heap_4.c.obj
 .bss.xQueueRegistry
                0x20005678       0x40 CMakeFiles/WHEEL_07_F405.elf.dir/Middlewares/Third_Party/FreeRTOS/Source/queue.c.obj
                0x20005678                xQueueRegistry
 .bss.pxCurrentTCB
                0x200056b8        0x4 CMakeFiles/WHEEL_07_F405.elf.dir/Middlewares/Third_Party/FreeRTOS/Source/tasks.c.obj
                0x200056b8                pxCurrentTCB
 .bss.pxDelayedTaskList
                0x200056bc        0x4 CMakeFiles/WHEEL_07_F405.elf.dir/Middlewares/Third_Party/FreeRTOS/Source/tasks.c.obj
 .bss.pxOverflowDelayedTaskList
                0x200056c0        0x4 CMakeFiles/WHEEL_07_F405.elf.dir/Middlewares/Third_Party/FreeRTOS/Source/tasks.c.obj
 .bss.pxReadyTasksLists
                0x200056c4      0x460 CMakeFiles/WHEEL_07_F405.elf.dir/Middlewares/Third_Party/FreeRTOS/Source/tasks.c.obj
 .bss.uxCurrentNumberOfTasks
                0x20005b24        0x4 CMakeFiles/WHEEL_07_F405.elf.dir/Middlewares/Third_Party/FreeRTOS/Source/tasks.c.obj
 .bss.uxDeletedTasksWaitingCleanUp
                0x20005b28        0x4 CMakeFiles/WHEEL_07_F405.elf.dir/Middlewares/Third_Party/FreeRTOS/Source/tasks.c.obj
 .bss.uxSchedulerSuspended
                0x20005b2c        0x4 CMakeFiles/WHEEL_07_F405.elf.dir/Middlewares/Third_Party/FreeRTOS/Source/tasks.c.obj
 .bss.uxTaskNumber
                0x20005b30        0x4 CMakeFiles/WHEEL_07_F405.elf.dir/Middlewares/Third_Party/FreeRTOS/Source/tasks.c.obj
 .bss.uxTopReadyPriority
                0x20005b34        0x4 CMakeFiles/WHEEL_07_F405.elf.dir/Middlewares/Third_Party/FreeRTOS/Source/tasks.c.obj
 .bss.xDelayedTaskList1
                0x20005b38       0x14 CMakeFiles/WHEEL_07_F405.elf.dir/Middlewares/Third_Party/FreeRTOS/Source/tasks.c.obj
 .bss.xDelayedTaskList2
                0x20005b4c       0x14 CMakeFiles/WHEEL_07_F405.elf.dir/Middlewares/Third_Party/FreeRTOS/Source/tasks.c.obj
 .bss.xIdleTaskHandle
                0x20005b60        0x4 CMakeFiles/WHEEL_07_F405.elf.dir/Middlewares/Third_Party/FreeRTOS/Source/tasks.c.obj
 .bss.xNextTaskUnblockTime
                0x20005b64        0x4 CMakeFiles/WHEEL_07_F405.elf.dir/Middlewares/Third_Party/FreeRTOS/Source/tasks.c.obj
 .bss.xNumOfOverflows
                0x20005b68        0x4 CMakeFiles/WHEEL_07_F405.elf.dir/Middlewares/Third_Party/FreeRTOS/Source/tasks.c.obj
 .bss.xPendedTicks
                0x20005b6c        0x4 CMakeFiles/WHEEL_07_F405.elf.dir/Middlewares/Third_Party/FreeRTOS/Source/tasks.c.obj
 .bss.xPendingReadyList
                0x20005b70       0x14 CMakeFiles/WHEEL_07_F405.elf.dir/Middlewares/Third_Party/FreeRTOS/Source/tasks.c.obj
 .bss.xSchedulerRunning
                0x20005b84        0x4 CMakeFiles/WHEEL_07_F405.elf.dir/Middlewares/Third_Party/FreeRTOS/Source/tasks.c.obj
 .bss.xSuspendedTaskList
                0x20005b88       0x14 CMakeFiles/WHEEL_07_F405.elf.dir/Middlewares/Third_Party/FreeRTOS/Source/tasks.c.obj
 .bss.xTasksWaitingTermination
                0x20005b9c       0x14 CMakeFiles/WHEEL_07_F405.elf.dir/Middlewares/Third_Party/FreeRTOS/Source/tasks.c.obj
 .bss.xTickCount
                0x20005bb0        0x4 CMakeFiles/WHEEL_07_F405.elf.dir/Middlewares/Third_Party/FreeRTOS/Source/tasks.c.obj
 .bss.xYieldPending
                0x20005bb4        0x4 CMakeFiles/WHEEL_07_F405.elf.dir/Middlewares/Third_Party/FreeRTOS/Source/tasks.c.obj
 .bss.pxCurrentTimerList
                0x20005bb8        0x4 CMakeFiles/WHEEL_07_F405.elf.dir/Middlewares/Third_Party/FreeRTOS/Source/timers.c.obj
 .bss.pxOverflowTimerList
                0x20005bbc        0x4 CMakeFiles/WHEEL_07_F405.elf.dir/Middlewares/Third_Party/FreeRTOS/Source/timers.c.obj
 .bss.ucStaticTimerQueueStorage.1
                0x20005bc0       0xa0 CMakeFiles/WHEEL_07_F405.elf.dir/Middlewares/Third_Party/FreeRTOS/Source/timers.c.obj
 .bss.xActiveTimerList1
                0x20005c60       0x14 CMakeFiles/WHEEL_07_F405.elf.dir/Middlewares/Third_Party/FreeRTOS/Source/timers.c.obj
 .bss.xActiveTimerList2
                0x20005c74       0x14 CMakeFiles/WHEEL_07_F405.elf.dir/Middlewares/Third_Party/FreeRTOS/Source/timers.c.obj
 .bss.xLastTime.2
                0x20005c88        0x4 CMakeFiles/WHEEL_07_F405.elf.dir/Middlewares/Third_Party/FreeRTOS/Source/timers.c.obj
 .bss.xStaticTimerQueue.0
                0x20005c8c       0x50 CMakeFiles/WHEEL_07_F405.elf.dir/Middlewares/Third_Party/FreeRTOS/Source/timers.c.obj
 .bss.xTimerQueue
                0x20005cdc        0x4 CMakeFiles/WHEEL_07_F405.elf.dir/Middlewares/Third_Party/FreeRTOS/Source/timers.c.obj
 .bss.xTimerTaskHandle
                0x20005ce0        0x4 CMakeFiles/WHEEL_07_F405.elf.dir/Middlewares/Third_Party/FreeRTOS/Source/timers.c.obj
 .bss.errno     0x20005ce4        0x4 c:/progra~2/gnuarm~1/102021~1.10/bin/../lib/gcc/arm-none-eabi/10.3.1/../../../../arm-none-eabi/lib/thumb/v7e-m+fp/hard\libg.a(lib_a-reent.o)
                0x20005ce4                errno
 .bss.__lock___atexit_recursive_mutex
                0x20005ce8        0x1 c:/progra~2/gnuarm~1/102021~1.10/bin/../lib/gcc/arm-none-eabi/10.3.1/../../../../arm-none-eabi/lib/thumb/v7e-m+fp/hard\libg.a(lib_a-lock.o)
                0x20005ce8                __lock___atexit_recursive_mutex
 *fill*         0x20005ce9        0x3 
 .bss.__lock___malloc_recursive_mutex
                0x20005cec        0x1 c:/progra~2/gnuarm~1/102021~1.10/bin/../lib/gcc/arm-none-eabi/10.3.1/../../../../arm-none-eabi/lib/thumb/v7e-m+fp/hard\libg.a(lib_a-lock.o)
                0x20005cec                __lock___malloc_recursive_mutex
 *fill*         0x20005ced        0x3 
 .bss.__malloc_current_mallinfo
                0x20005cf0       0x28 c:/progra~2/gnuarm~1/102021~1.10/bin/../lib/gcc/arm-none-eabi/10.3.1/../../../../arm-none-eabi/lib/thumb/v7e-m+fp/hard\libg.a(lib_a-mallocr.o)
                0x20005cf0                __malloc_current_mallinfo
 .bss.__malloc_top_pad
                0x20005d18        0x4 c:/progra~2/gnuarm~1/102021~1.10/bin/../lib/gcc/arm-none-eabi/10.3.1/../../../../arm-none-eabi/lib/thumb/v7e-m+fp/hard\libg.a(lib_a-mallocr.o)
                0x20005d18                __malloc_top_pad
 *(COMMON)
                0x20005d1c                . = ALIGN (0x4)
                0x20005d1c                _ebss = .
                0x20005d1c                __bss_end__ = _ebss

._user_heap_stack
                0x20005d1c      0x604
                0x20005d20                . = ALIGN (0x8)
 *fill*         0x20005d1c        0x4 
                [!provide]                PROVIDE (end = .)
                0x20005d20                PROVIDE (_end = .)
                0x20005f20                . = (. + _Min_Heap_Size)
 *fill*         0x20005d20      0x200 
                0x20006320                . = (. + _Min_Stack_Size)
 *fill*         0x20005f20      0x400 
                0x20006320                . = ALIGN (0x8)

/DISCARD/
 libc.a(*)
 libm.a(*)
 libgcc.a(*)

.ARM.attributes
                0x00000000       0x30
 *(.ARM.attributes)
 .ARM.attributes
                0x00000000       0x1e c:/progra~2/gnuarm~1/102021~1.10/bin/../lib/gcc/arm-none-eabi/10.3.1/thumb/v7e-m+fp/hard/crti.o
 .ARM.attributes
                0x0000001e       0x34 c:/progra~2/gnuarm~1/102021~1.10/bin/../lib/gcc/arm-none-eabi/10.3.1/thumb/v7e-m+fp/hard/crtbegin.o
 .ARM.attributes
                0x00000052       0x34 CMakeFiles/WHEEL_07_F405.elf.dir/Core/Src/adc.c.obj
 .ARM.attributes
                0x00000086       0x34 CMakeFiles/WHEEL_07_F405.elf.dir/Core/Src/can.c.obj
 .ARM.attributes
                0x000000ba       0x34 CMakeFiles/WHEEL_07_F405.elf.dir/Core/Src/dma.c.obj
 .ARM.attributes
                0x000000ee       0x34 CMakeFiles/WHEEL_07_F405.elf.dir/Core/Src/freertos.c.obj
 .ARM.attributes
                0x00000122       0x34 CMakeFiles/WHEEL_07_F405.elf.dir/Core/Src/gpio.c.obj
 .ARM.attributes
                0x00000156       0x34 CMakeFiles/WHEEL_07_F405.elf.dir/Core/Src/main.c.obj
 .ARM.attributes
                0x0000018a       0x34 CMakeFiles/WHEEL_07_F405.elf.dir/Core/Src/paddleIRQ.c.obj
 .ARM.attributes
                0x000001be       0x34 CMakeFiles/WHEEL_07_F405.elf.dir/Core/Src/rotary.c.obj
 .ARM.attributes
                0x000001f2       0x34 CMakeFiles/WHEEL_07_F405.elf.dir/Core/Src/stm32f4xx_hal_msp.c.obj
 .ARM.attributes
                0x00000226       0x34 CMakeFiles/WHEEL_07_F405.elf.dir/Core/Src/stm32f4xx_hal_timebase_tim.c.obj
 .ARM.attributes
                0x0000025a       0x34 CMakeFiles/WHEEL_07_F405.elf.dir/Core/Src/stm32f4xx_it.c.obj
 .ARM.attributes
                0x0000028e       0x34 CMakeFiles/WHEEL_07_F405.elf.dir/Core/Src/sysmem.c.obj
 .ARM.attributes
                0x000002c2       0x34 CMakeFiles/WHEEL_07_F405.elf.dir/Core/Src/system_stm32f4xx.c.obj
 .ARM.attributes
                0x000002f6       0x34 CMakeFiles/WHEEL_07_F405.elf.dir/Core/Src/tim.c.obj
 .ARM.attributes
                0x0000032a       0x21 CMakeFiles/WHEEL_07_F405.elf.dir/Core/Startup/startup_stm32f405rgtx.s.obj
 .ARM.attributes
                0x0000034b       0x34 CMakeFiles/WHEEL_07_F405.elf.dir/Drivers/STM32F4xx_HAL_Driver/Src/stm32f4xx_hal.c.obj
 .ARM.attributes
                0x0000037f       0x34 CMakeFiles/WHEEL_07_F405.elf.dir/Drivers/STM32F4xx_HAL_Driver/Src/stm32f4xx_hal_adc.c.obj
 .ARM.attributes
                0x000003b3       0x34 CMakeFiles/WHEEL_07_F405.elf.dir/Drivers/STM32F4xx_HAL_Driver/Src/stm32f4xx_hal_can.c.obj
 .ARM.attributes
                0x000003e7       0x34 CMakeFiles/WHEEL_07_F405.elf.dir/Drivers/STM32F4xx_HAL_Driver/Src/stm32f4xx_hal_cortex.c.obj
 .ARM.attributes
                0x0000041b       0x34 CMakeFiles/WHEEL_07_F405.elf.dir/Drivers/STM32F4xx_HAL_Driver/Src/stm32f4xx_hal_dma.c.obj
 .ARM.attributes
                0x0000044f       0x34 CMakeFiles/WHEEL_07_F405.elf.dir/Drivers/STM32F4xx_HAL_Driver/Src/stm32f4xx_hal_gpio.c.obj
 .ARM.attributes
                0x00000483       0x34 CMakeFiles/WHEEL_07_F405.elf.dir/Drivers/STM32F4xx_HAL_Driver/Src/stm32f4xx_hal_rcc.c.obj
 .ARM.attributes
                0x000004b7       0x34 CMakeFiles/WHEEL_07_F405.elf.dir/Drivers/STM32F4xx_HAL_Driver/Src/stm32f4xx_hal_tim.c.obj
 .ARM.attributes
                0x000004eb       0x34 CMakeFiles/WHEEL_07_F405.elf.dir/Drivers/STM32F4xx_HAL_Driver/Src/stm32f4xx_hal_tim_ex.c.obj
 .ARM.attributes
                0x0000051f       0x34 CMakeFiles/WHEEL_07_F405.elf.dir/Middlewares/Third_Party/FreeRTOS/Source/CMSIS_RTOS_V2/cmsis_os2.c.obj
 .ARM.attributes
                0x00000553       0x34 CMakeFiles/WHEEL_07_F405.elf.dir/Middlewares/Third_Party/FreeRTOS/Source/list.c.obj
 .ARM.attributes
                0x00000587       0x34 CMakeFiles/WHEEL_07_F405.elf.dir/Middlewares/Third_Party/FreeRTOS/Source/portable/GCC/ARM_CM4F/port.c.obj
 .ARM.attributes
                0x000005bb       0x34 CMakeFiles/WHEEL_07_F405.elf.dir/Middlewares/Third_Party/FreeRTOS/Source/portable/MemMang/heap_4.c.obj
 .ARM.attributes
                0x000005ef       0x34 CMakeFiles/WHEEL_07_F405.elf.dir/Middlewares/Third_Party/FreeRTOS/Source/queue.c.obj
 .ARM.attributes
                0x00000623       0x34 CMakeFiles/WHEEL_07_F405.elf.dir/Middlewares/Third_Party/FreeRTOS/Source/tasks.c.obj
 .ARM.attributes
                0x00000657       0x34 CMakeFiles/WHEEL_07_F405.elf.dir/Middlewares/Third_Party/FreeRTOS/Source/timers.c.obj
 .ARM.attributes
                0x0000068b       0x1e c:/progra~2/gnuarm~1/102021~1.10/bin/../lib/gcc/arm-none-eabi/10.3.1/thumb/v7e-m+fp/hard\libgcc.a(_aeabi_uldivmod.o)
 .ARM.attributes
                0x000006a9       0x34 c:/progra~2/gnuarm~1/102021~1.10/bin/../lib/gcc/arm-none-eabi/10.3.1/thumb/v7e-m+fp/hard\libgcc.a(_udivmoddi4.o)
 .ARM.attributes
                0x000006dd       0x1e c:/progra~2/gnuarm~1/102021~1.10/bin/../lib/gcc/arm-none-eabi/10.3.1/thumb/v7e-m+fp/hard\libgcc.a(_dvmd_tls.o)
 .ARM.attributes
                0x000006fb       0x34 c:/progra~2/gnuarm~1/102021~1.10/bin/../lib/gcc/arm-none-eabi/10.3.1/../../../../arm-none-eabi/lib/thumb/v7e-m+fp/hard\libg.a(lib_a-errno.o)
 .ARM.attributes
                0x0000072f       0x34 c:/progra~2/gnuarm~1/102021~1.10/bin/../lib/gcc/arm-none-eabi/10.3.1/../../../../arm-none-eabi/lib/thumb/v7e-m+fp/hard\libg.a(lib_a-impure.o)
 .ARM.attributes
                0x00000763       0x34 c:/progra~2/gnuarm~1/102021~1.10/bin/../lib/gcc/arm-none-eabi/10.3.1/../../../../arm-none-eabi/lib/thumb/v7e-m+fp/hard\libg.a(lib_a-init.o)
 .ARM.attributes
                0x00000797       0x1c c:/progra~2/gnuarm~1/102021~1.10/bin/../lib/gcc/arm-none-eabi/10.3.1/../../../../arm-none-eabi/lib/thumb/v7e-m+fp/hard\libg.a(lib_a-memcpy.o)
 .ARM.attributes
                0x000007b3       0x34 c:/progra~2/gnuarm~1/102021~1.10/bin/../lib/gcc/arm-none-eabi/10.3.1/../../../../arm-none-eabi/lib/thumb/v7e-m+fp/hard\libg.a(lib_a-memset.o)
 .ARM.attributes
                0x000007e7       0x34 c:/progra~2/gnuarm~1/102021~1.10/bin/../lib/gcc/arm-none-eabi/10.3.1/../../../../arm-none-eabi/lib/thumb/v7e-m+fp/hard\libg.a(lib_a-reent.o)
 .ARM.attributes
                0x0000081b       0x34 c:/progra~2/gnuarm~1/102021~1.10/bin/../lib/gcc/arm-none-eabi/10.3.1/../../../../arm-none-eabi/lib/thumb/v7e-m+fp/hard\libg.a(lib_a-__call_atexit.o)
 .ARM.attributes
                0x0000084f       0x34 c:/progra~2/gnuarm~1/102021~1.10/bin/../lib/gcc/arm-none-eabi/10.3.1/../../../../arm-none-eabi/lib/thumb/v7e-m+fp/hard\libg.a(lib_a-atexit.o)
 .ARM.attributes
                0x00000883       0x34 c:/progra~2/gnuarm~1/102021~1.10/bin/../lib/gcc/arm-none-eabi/10.3.1/../../../../arm-none-eabi/lib/thumb/v7e-m+fp/hard\libg.a(lib_a-fini.o)
 .ARM.attributes
                0x000008b7       0x34 c:/progra~2/gnuarm~1/102021~1.10/bin/../lib/gcc/arm-none-eabi/10.3.1/../../../../arm-none-eabi/lib/thumb/v7e-m+fp/hard\libg.a(lib_a-freer.o)
 .ARM.attributes
                0x000008eb       0x34 c:/progra~2/gnuarm~1/102021~1.10/bin/../lib/gcc/arm-none-eabi/10.3.1/../../../../arm-none-eabi/lib/thumb/v7e-m+fp/hard\libg.a(lib_a-lock.o)
 .ARM.attributes
                0x0000091f       0x34 c:/progra~2/gnuarm~1/102021~1.10/bin/../lib/gcc/arm-none-eabi/10.3.1/../../../../arm-none-eabi/lib/thumb/v7e-m+fp/hard\libg.a(lib_a-mallocr.o)
 .ARM.attributes
                0x00000953       0x34 c:/progra~2/gnuarm~1/102021~1.10/bin/../lib/gcc/arm-none-eabi/10.3.1/../../../../arm-none-eabi/lib/thumb/v7e-m+fp/hard\libg.a(lib_a-mlock.o)
 .ARM.attributes
                0x00000987       0x34 c:/progra~2/gnuarm~1/102021~1.10/bin/../lib/gcc/arm-none-eabi/10.3.1/../../../../arm-none-eabi/lib/thumb/v7e-m+fp/hard\libg.a(lib_a-sbrkr.o)
 .ARM.attributes
                0x000009bb       0x34 c:/progra~2/gnuarm~1/102021~1.10/bin/../lib/gcc/arm-none-eabi/10.3.1/../../../../arm-none-eabi/lib/thumb/v7e-m+fp/hard\libg.a(lib_a-__atexit.o)
 .ARM.attributes
                0x000009ef       0x1e c:/progra~2/gnuarm~1/102021~1.10/bin/../lib/gcc/arm-none-eabi/10.3.1/thumb/v7e-m+fp/hard/crtn.o
OUTPUT(WHEEL_07_F405.elf elf32-littlearm)
LOAD linker stubs
LOAD c:/progra~2/gnuarm~1/102021~1.10/bin/../lib/gcc/arm-none-eabi/10.3.1/../../../../arm-none-eabi/lib/thumb/v7e-m+fp/hard\libc.a
LOAD c:/progra~2/gnuarm~1/102021~1.10/bin/../lib/gcc/arm-none-eabi/10.3.1/../../../../arm-none-eabi/lib/thumb/v7e-m+fp/hard\libm.a
LOAD c:/progra~2/gnuarm~1/102021~1.10/bin/../lib/gcc/arm-none-eabi/10.3.1/thumb/v7e-m+fp/hard\libgcc.a

.debug_info     0x00000000    0x216a1
 .debug_info    0x00000000     0x10b1 CMakeFiles/WHEEL_07_F405.elf.dir/Core/Src/adc.c.obj
 .debug_info    0x000010b1      0xbed CMakeFiles/WHEEL_07_F405.elf.dir/Core/Src/can.c.obj
 .debug_info    0x00001c9e      0x4ea CMakeFiles/WHEEL_07_F405.elf.dir/Core/Src/dma.c.obj
 .debug_info    0x00002188      0x58a CMakeFiles/WHEEL_07_F405.elf.dir/Core/Src/freertos.c.obj
 .debug_info    0x00002712      0x756 CMakeFiles/WHEEL_07_F405.elf.dir/Core/Src/gpio.c.obj
 .debug_info    0x00002e68     0x1232 CMakeFiles/WHEEL_07_F405.elf.dir/Core/Src/main.c.obj
 .debug_info    0x0000409a      0x9c5 CMakeFiles/WHEEL_07_F405.elf.dir/Core/Src/paddleIRQ.c.obj
 .debug_info    0x00004a5f      0x3bf CMakeFiles/WHEEL_07_F405.elf.dir/Core/Src/rotary.c.obj
 .debug_info    0x00004e1e      0x4e6 CMakeFiles/WHEEL_07_F405.elf.dir/Core/Src/stm32f4xx_hal_msp.c.obj
 .debug_info    0x00005304      0xc8c CMakeFiles/WHEEL_07_F405.elf.dir/Core/Src/stm32f4xx_hal_timebase_tim.c.obj
 .debug_info    0x00005f90      0xbf2 CMakeFiles/WHEEL_07_F405.elf.dir/Core/Src/stm32f4xx_it.c.obj
 .debug_info    0x00006b82      0x174 CMakeFiles/WHEEL_07_F405.elf.dir/Core/Src/sysmem.c.obj
 .debug_info    0x00006cf6      0x538 CMakeFiles/WHEEL_07_F405.elf.dir/Core/Src/system_stm32f4xx.c.obj
 .debug_info    0x0000722e      0xaf0 CMakeFiles/WHEEL_07_F405.elf.dir/Core/Src/tim.c.obj
 .debug_info    0x00007d1e       0x22 CMakeFiles/WHEEL_07_F405.elf.dir/Core/Startup/startup_stm32f405rgtx.s.obj
 .debug_info    0x00007d40      0x9de CMakeFiles/WHEEL_07_F405.elf.dir/Drivers/STM32F4xx_HAL_Driver/Src/stm32f4xx_hal.c.obj
 .debug_info    0x0000871e      0xee1 CMakeFiles/WHEEL_07_F405.elf.dir/Drivers/STM32F4xx_HAL_Driver/Src/stm32f4xx_hal_adc.c.obj
 .debug_info    0x000095ff     0x1266 CMakeFiles/WHEEL_07_F405.elf.dir/Drivers/STM32F4xx_HAL_Driver/Src/stm32f4xx_hal_can.c.obj
 .debug_info    0x0000a865     0x1086 CMakeFiles/WHEEL_07_F405.elf.dir/Drivers/STM32F4xx_HAL_Driver/Src/stm32f4xx_hal_cortex.c.obj
 .debug_info    0x0000b8eb      0xb3f CMakeFiles/WHEEL_07_F405.elf.dir/Drivers/STM32F4xx_HAL_Driver/Src/stm32f4xx_hal_dma.c.obj
 .debug_info    0x0000c42a      0x7b0 CMakeFiles/WHEEL_07_F405.elf.dir/Drivers/STM32F4xx_HAL_Driver/Src/stm32f4xx_hal_gpio.c.obj
 .debug_info    0x0000cbda      0xb03 CMakeFiles/WHEEL_07_F405.elf.dir/Drivers/STM32F4xx_HAL_Driver/Src/stm32f4xx_hal_rcc.c.obj
 .debug_info    0x0000d6dd     0x3d5b CMakeFiles/WHEEL_07_F405.elf.dir/Drivers/STM32F4xx_HAL_Driver/Src/stm32f4xx_hal_tim.c.obj
 .debug_info    0x00011438     0x1ade CMakeFiles/WHEEL_07_F405.elf.dir/Drivers/STM32F4xx_HAL_Driver/Src/stm32f4xx_hal_tim_ex.c.obj
 .debug_info    0x00012f16     0x5363 CMakeFiles/WHEEL_07_F405.elf.dir/Middlewares/Third_Party/FreeRTOS/Source/CMSIS_RTOS_V2/cmsis_os2.c.obj
 .debug_info    0x00018279      0x2e0 CMakeFiles/WHEEL_07_F405.elf.dir/Middlewares/Third_Party/FreeRTOS/Source/list.c.obj
 .debug_info    0x00018559      0x587 CMakeFiles/WHEEL_07_F405.elf.dir/Middlewares/Third_Party/FreeRTOS/Source/portable/GCC/ARM_CM4F/port.c.obj
 .debug_info    0x00018ae0      0x5d9 CMakeFiles/WHEEL_07_F405.elf.dir/Middlewares/Third_Party/FreeRTOS/Source/portable/MemMang/heap_4.c.obj
 .debug_info    0x000190b9     0x2826 CMakeFiles/WHEEL_07_F405.elf.dir/Middlewares/Third_Party/FreeRTOS/Source/queue.c.obj
 .debug_info    0x0001b8df     0x3a88 CMakeFiles/WHEEL_07_F405.elf.dir/Middlewares/Third_Party/FreeRTOS/Source/tasks.c.obj
 .debug_info    0x0001f367     0x233a CMakeFiles/WHEEL_07_F405.elf.dir/Middlewares/Third_Party/FreeRTOS/Source/timers.c.obj

.debug_abbrev   0x00000000     0x42e2
 .debug_abbrev  0x00000000      0x22b CMakeFiles/WHEEL_07_F405.elf.dir/Core/Src/adc.c.obj
 .debug_abbrev  0x0000022b      0x1f6 CMakeFiles/WHEEL_07_F405.elf.dir/Core/Src/can.c.obj
 .debug_abbrev  0x00000421      0x126 CMakeFiles/WHEEL_07_F405.elf.dir/Core/Src/dma.c.obj
 .debug_abbrev  0x00000547      0x184 CMakeFiles/WHEEL_07_F405.elf.dir/Core/Src/freertos.c.obj
 .debug_abbrev  0x000006cb      0x16a CMakeFiles/WHEEL_07_F405.elf.dir/Core/Src/gpio.c.obj
 .debug_abbrev  0x00000835      0x271 CMakeFiles/WHEEL_07_F405.elf.dir/Core/Src/main.c.obj
 .debug_abbrev  0x00000aa6      0x1f3 CMakeFiles/WHEEL_07_F405.elf.dir/Core/Src/paddleIRQ.c.obj
 .debug_abbrev  0x00000c99      0x180 CMakeFiles/WHEEL_07_F405.elf.dir/Core/Src/rotary.c.obj
 .debug_abbrev  0x00000e19      0x119 CMakeFiles/WHEEL_07_F405.elf.dir/Core/Src/stm32f4xx_hal_msp.c.obj
 .debug_abbrev  0x00000f32      0x1ff CMakeFiles/WHEEL_07_F405.elf.dir/Core/Src/stm32f4xx_hal_timebase_tim.c.obj
 .debug_abbrev  0x00001131      0x1e5 CMakeFiles/WHEEL_07_F405.elf.dir/Core/Src/stm32f4xx_it.c.obj
 .debug_abbrev  0x00001316       0xe7 CMakeFiles/WHEEL_07_F405.elf.dir/Core/Src/sysmem.c.obj
 .debug_abbrev  0x000013fd      0x119 CMakeFiles/WHEEL_07_F405.elf.dir/Core/Src/system_stm32f4xx.c.obj
 .debug_abbrev  0x00001516      0x1d0 CMakeFiles/WHEEL_07_F405.elf.dir/Core/Src/tim.c.obj
 .debug_abbrev  0x000016e6       0x12 CMakeFiles/WHEEL_07_F405.elf.dir/Core/Startup/startup_stm32f405rgtx.s.obj
 .debug_abbrev  0x000016f8      0x206 CMakeFiles/WHEEL_07_F405.elf.dir/Drivers/STM32F4xx_HAL_Driver/Src/stm32f4xx_hal.c.obj
 .debug_abbrev  0x000018fe      0x23a CMakeFiles/WHEEL_07_F405.elf.dir/Drivers/STM32F4xx_HAL_Driver/Src/stm32f4xx_hal_adc.c.obj
 .debug_abbrev  0x00001b38      0x256 CMakeFiles/WHEEL_07_F405.elf.dir/Drivers/STM32F4xx_HAL_Driver/Src/stm32f4xx_hal_can.c.obj
 .debug_abbrev  0x00001d8e      0x36a CMakeFiles/WHEEL_07_F405.elf.dir/Drivers/STM32F4xx_HAL_Driver/Src/stm32f4xx_hal_cortex.c.obj
 .debug_abbrev  0x000020f8      0x2c2 CMakeFiles/WHEEL_07_F405.elf.dir/Drivers/STM32F4xx_HAL_Driver/Src/stm32f4xx_hal_dma.c.obj
 .debug_abbrev  0x000023ba      0x1ef CMakeFiles/WHEEL_07_F405.elf.dir/Drivers/STM32F4xx_HAL_Driver/Src/stm32f4xx_hal_gpio.c.obj
 .debug_abbrev  0x000025a9      0x28a CMakeFiles/WHEEL_07_F405.elf.dir/Drivers/STM32F4xx_HAL_Driver/Src/stm32f4xx_hal_rcc.c.obj
 .debug_abbrev  0x00002833      0x22b CMakeFiles/WHEEL_07_F405.elf.dir/Drivers/STM32F4xx_HAL_Driver/Src/stm32f4xx_hal_tim.c.obj
 .debug_abbrev  0x00002a5e      0x241 CMakeFiles/WHEEL_07_F405.elf.dir/Drivers/STM32F4xx_HAL_Driver/Src/stm32f4xx_hal_tim_ex.c.obj
 .debug_abbrev  0x00002c9f      0x59d CMakeFiles/WHEEL_07_F405.elf.dir/Middlewares/Third_Party/FreeRTOS/Source/CMSIS_RTOS_V2/cmsis_os2.c.obj
 .debug_abbrev  0x0000323c      0x106 CMakeFiles/WHEEL_07_F405.elf.dir/Middlewares/Third_Party/FreeRTOS/Source/list.c.obj
 .debug_abbrev  0x00003342      0x26b CMakeFiles/WHEEL_07_F405.elf.dir/Middlewares/Third_Party/FreeRTOS/Source/portable/GCC/ARM_CM4F/port.c.obj
 .debug_abbrev  0x000035ad      0x24b CMakeFiles/WHEEL_07_F405.elf.dir/Middlewares/Third_Party/FreeRTOS/Source/portable/MemMang/heap_4.c.obj
 .debug_abbrev  0x000037f8      0x369 CMakeFiles/WHEEL_07_F405.elf.dir/Middlewares/Third_Party/FreeRTOS/Source/queue.c.obj
 .debug_abbrev  0x00003b61      0x401 CMakeFiles/WHEEL_07_F405.elf.dir/Middlewares/Third_Party/FreeRTOS/Source/tasks.c.obj
 .debug_abbrev  0x00003f62      0x380 CMakeFiles/WHEEL_07_F405.elf.dir/Middlewares/Third_Party/FreeRTOS/Source/timers.c.obj

.debug_loc      0x00000000    0x155b2
 .debug_loc     0x00000000       0xbb CMakeFiles/WHEEL_07_F405.elf.dir/Core/Src/adc.c.obj
 .debug_loc     0x000000bb       0x84 CMakeFiles/WHEEL_07_F405.elf.dir/Core/Src/can.c.obj
 .debug_loc     0x0000013f       0x4a CMakeFiles/WHEEL_07_F405.elf.dir/Core/Src/freertos.c.obj
 .debug_loc     0x00000189       0x67 CMakeFiles/WHEEL_07_F405.elf.dir/Core/Src/main.c.obj
 .debug_loc     0x000001f0       0x9c CMakeFiles/WHEEL_07_F405.elf.dir/Core/Src/paddleIRQ.c.obj
 .debug_loc     0x0000028c       0xc5 CMakeFiles/WHEEL_07_F405.elf.dir/Core/Src/rotary.c.obj