Archive member included to satisfy reference by file (symbol)

c:/progra~2/gnuarm~1/102021~1.10/bin/../lib/gcc/arm-none-eabi/10.3.1/thumb/v7e-m/nofp\libgcc.a(_aeabi_uldivmod.o)
                              CMakeFiles/WHEEL_07_F405.elf.dir/Drivers/STM32F4xx_HAL_Driver/Src/stm32f4xx_hal_rcc.c.obj (__aeabi_uldivmod)
c:/progra~2/gnuarm~1/102021~1.10/bin/../lib/gcc/arm-none-eabi/10.3.1/thumb/v7e-m/nofp\libgcc.a(_udivmoddi4.o)
                              c:/progra~2/gnuarm~1/102021~1.10/bin/../lib/gcc/arm-none-eabi/10.3.1/thumb/v7e-m/nofp\libgcc.a(_aeabi_uldivmod.o) (__udivmoddi4)
c:/progra~2/gnuarm~1/102021~1.10/bin/../lib/gcc/arm-none-eabi/10.3.1/thumb/v7e-m/nofp\libgcc.a(_dvmd_tls.o)
                              c:/progra~2/gnuarm~1/102021~1.10/bin/../lib/gcc/arm-none-eabi/10.3.1/thumb/v7e-m/nofp\libgcc.a(_aeabi_uldivmod.o) (__aeabi_ldiv0)
c:/progra~2/gnuarm~1/102021~1.10/bin/../lib/gcc/arm-none-eabi/10.3.1/../../../../arm-none-eabi/lib/thumb/v7e-m/nofp\libg.a(lib_a-errno.o)
                              CMakeFiles/WHEEL_07_F405.elf.dir/Core/Src/syscalls.c.obj (__errno)
c:/progra~2/gnuarm~1/102021~1.10/bin/../lib/gcc/arm-none-eabi/10.3.1/../../../../arm-none-eabi/lib/thumb/v7e-m/nofp\libg.a(lib_a-exit.o)
                              c:/progra~2/gnuarm~1/102021~1.10/bin/../lib/gcc/arm-none-eabi/10.3.1/../../../../arm-none-eabi/lib/thumb/v7e-m/nofp/crt0.o (exit)
c:/progra~2/gnuarm~1/102021~1.10/bin/../lib/gcc/arm-none-eabi/10.3.1/../../../../arm-none-eabi/lib/thumb/v7e-m/nofp\libg.a(lib_a-impure.o)
                              c:/progra~2/gnuarm~1/102021~1.10/bin/../lib/gcc/arm-none-eabi/10.3.1/../../../../arm-none-eabi/lib/thumb/v7e-m/nofp\libg.a(lib_a-exit.o) (_global_impure_ptr)
c:/progra~2/gnuarm~1/102021~1.10/bin/../lib/gcc/arm-none-eabi/10.3.1/../../../../arm-none-eabi/lib/thumb/v7e-m/nofp\libg.a(lib_a-init.o)
                              c:/progra~2/gnuarm~1/102021~1.10/bin/../lib/gcc/arm-none-eabi/10.3.1/../../../../arm-none-eabi/lib/thumb/v7e-m/nofp/crt0.o (__libc_init_array)
c:/progra~2/gnuarm~1/102021~1.10/bin/../lib/gcc/arm-none-eabi/10.3.1/../../../../arm-none-eabi/lib/thumb/v7e-m/nofp\libg.a(lib_a-memset.o)
                              c:/progra~2/gnuarm~1/102021~1.10/bin/../lib/gcc/arm-none-eabi/10.3.1/../../../../arm-none-eabi/lib/thumb/v7e-m/nofp/crt0.o (memset)
c:/progra~2/gnuarm~1/102021~1.10/bin/../lib/gcc/arm-none-eabi/10.3.1/../../../../arm-none-eabi/lib/thumb/v7e-m/nofp\libg.a(lib_a-__call_atexit.o)
                              c:/progra~2/gnuarm~1/102021~1.10/bin/../lib/gcc/arm-none-eabi/10.3.1/../../../../arm-none-eabi/lib/thumb/v7e-m/nofp\libg.a(lib_a-exit.o) (__call_exitprocs)
c:/progra~2/gnuarm~1/102021~1.10/bin/../lib/gcc/arm-none-eabi/10.3.1/../../../../arm-none-eabi/lib/thumb/v7e-m/nofp\libg.a(lib_a-atexit.o)
                              c:/progra~2/gnuarm~1/102021~1.10/bin/../lib/gcc/arm-none-eabi/10.3.1/../../../../arm-none-eabi/lib/thumb/v7e-m/nofp\libg.a(lib_a-__call_atexit.o) (atexit)
c:/progra~2/gnuarm~1/102021~1.10/bin/../lib/gcc/arm-none-eabi/10.3.1/../../../../arm-none-eabi/lib/thumb/v7e-m/nofp\libg.a(lib_a-fini.o)
                              c:/progra~2/gnuarm~1/102021~1.10/bin/../lib/gcc/arm-none-eabi/10.3.1/../../../../arm-none-eabi/lib/thumb/v7e-m/nofp\libg.a(lib_a-__call_atexit.o) (__libc_fini_array)
c:/progra~2/gnuarm~1/102021~1.10/bin/../lib/gcc/arm-none-eabi/10.3.1/../../../../arm-none-eabi/lib/thumb/v7e-m/nofp\libg.a(lib_a-lock.o)
                              c:/progra~2/gnuarm~1/102021~1.10/bin/../lib/gcc/arm-none-eabi/10.3.1/../../../../arm-none-eabi/lib/thumb/v7e-m/nofp\libg.a(lib_a-__call_atexit.o) (__retarget_lock_acquire_recursive)
c:/progra~2/gnuarm~1/102021~1.10/bin/../lib/gcc/arm-none-eabi/10.3.1/../../../../arm-none-eabi/lib/thumb/v7e-m/nofp\libg.a(lib_a-__atexit.o)
                              c:/progra~2/gnuarm~1/102021~1.10/bin/../lib/gcc/arm-none-eabi/10.3.1/../../../../arm-none-eabi/lib/thumb/v7e-m/nofp\libg.a(lib_a-atexit.o) (__register_exitproc)

Discarded input sections

 .text          0x00000000        0x0 c:/progra~2/gnuarm~1/102021~1.10/bin/../lib/gcc/arm-none-eabi/10.3.1/thumb/v7e-m/nofp/crti.o
 .data          0x00000000        0x0 c:/progra~2/gnuarm~1/102021~1.10/bin/../lib/gcc/arm-none-eabi/10.3.1/thumb/v7e-m/nofp/crti.o
 .bss           0x00000000        0x0 c:/progra~2/gnuarm~1/102021~1.10/bin/../lib/gcc/arm-none-eabi/10.3.1/thumb/v7e-m/nofp/crti.o
 .data          0x00000000        0x4 c:/progra~2/gnuarm~1/102021~1.10/bin/../lib/gcc/arm-none-eabi/10.3.1/thumb/v7e-m/nofp/crtbegin.o
 .rodata        0x00000000       0x24 c:/progra~2/gnuarm~1/102021~1.10/bin/../lib/gcc/arm-none-eabi/10.3.1/thumb/v7e-m/nofp/crtbegin.o
 .text          0x00000000       0x7c c:/progra~2/gnuarm~1/102021~1.10/bin/../lib/gcc/arm-none-eabi/10.3.1/../../../../arm-none-eabi/lib/thumb/v7e-m/nofp/crt0.o
[...]
Memory Configuration

Name             Origin             Length             Attributes
CCMRAM           0x10000000         0x00010000         xrw
RAM              0x20000000         0x00020000         xrw
FLASH            0x08000000         0x00100000         xr
*default*        0x00000000         0xffffffff

Linker script and memory map

LOAD c:/progra~2/gnuarm~1/102021~1.10/bin/../lib/gcc/arm-none-eabi/10.3.1/thumb/v7e-m/nofp/crti.o
LOAD c:/progra~2/gnuarm~1/102021~1.10/bin/../lib/gcc/arm-none-eabi/10.3.1/thumb/v7e-m/nofp/crtbegin.o
LOAD c:/progra~2/gnuarm~1/102021~1.10/bin/../lib/gcc/arm-none-eabi/10.3.1/../../../../arm-none-eabi/lib/thumb/v7e-m/nofp/crt0.o
LOAD CMakeFiles/WHEEL_07_F405.elf.dir/Core/Src/main.c.obj
LOAD CMakeFiles/WHEEL_07_F405.elf.dir/Core/Src/rotary.c.obj
LOAD CMakeFiles/WHEEL_07_F405.elf.dir/Core/Src/stm32f4xx_hal_msp.c.obj
LOAD CMakeFiles/WHEEL_07_F405.elf.dir/Core/Src/stm32f4xx_it.c.obj
LOAD CMakeFiles/WHEEL_07_F405.elf.dir/Core/Src/syscalls.c.obj
LOAD CMakeFiles/WHEEL_07_F405.elf.dir/Core/Src/sysmem.c.obj
LOAD CMakeFiles/WHEEL_07_F405.elf.dir/Core/Src/system_stm32f4xx.c.obj
LOAD CMakeFiles/WHEEL_07_F405.elf.dir/Core/Startup/startup_stm32f405rgtx.s.obj
LOAD CMakeFiles/WHEEL_07_F405.elf.dir/Drivers/STM32F4xx_HAL_Driver/Src/stm32f4xx_hal.c.obj
LOAD CMakeFiles/WHEEL_07_F405.elf.dir/Drivers/STM32F4xx_HAL_Driver/Src/stm32f4xx_hal_adc.c.obj
LOAD CMakeFiles/WHEEL_07_F405.elf.dir/Drivers/STM32F4xx_HAL_Driver/Src/stm32f4xx_hal_adc_ex.c.obj
LOAD CMakeFiles/WHEEL_07_F405.elf.dir/Drivers/STM32F4xx_HAL_Driver/Src/stm32f4xx_hal_can.c.obj
LOAD CMakeFiles/WHEEL_07_F405.elf.dir/Drivers/STM32F4xx_HAL_Driver/Src/stm32f4xx_hal_cortex.c.obj
LOAD CMakeFiles/WHEEL_07_F405.elf.dir/Drivers/STM32F4xx_HAL_Driver/Src/stm32f4xx_hal_dma.c.obj
LOAD CMakeFiles/WHEEL_07_F405.elf.dir/Drivers/STM32F4xx_HAL_Driver/Src/stm32f4xx_hal_dma_ex.c.obj
LOAD CMakeFiles/WHEEL_07_F405.elf.dir/Drivers/STM32F4xx_HAL_Driver/Src/stm32f4xx_hal_exti.c.obj
LOAD CMakeFiles/WHEEL_07_F405.elf.dir/Drivers/STM32F4xx_HAL_Driver/Src/stm32f4xx_hal_flash.c.obj
LOAD CMakeFiles/WHEEL_07_F405.elf.dir/Drivers/STM32F4xx_HAL_Driver/Src/stm32f4xx_hal_flash_ex.c.obj
LOAD CMakeFiles/WHEEL_07_F405.elf.dir/Drivers/STM32F4xx_HAL_Driver/Src/stm32f4xx_hal_flash_ramfunc.c.obj
LOAD CMakeFiles/WHEEL_07_F405.elf.dir/Drivers/STM32F4xx_HAL_Driver/Src/stm32f4xx_hal_gpio.c.obj
LOAD CMakeFiles/WHEEL_07_F405.elf.dir/Drivers/STM32F4xx_HAL_Driver/Src/stm32f4xx_hal_pwr.c.obj
LOAD CMakeFiles/WHEEL_07_F405.elf.dir/Drivers/STM32F4xx_HAL_Driver/Src/stm32f4xx_hal_pwr_ex.c.obj
LOAD CMakeFiles/WHEEL_07_F405.elf.dir/Drivers/STM32F4xx_HAL_Driver/Src/stm32f4xx_hal_rcc.c.obj
LOAD CMakeFiles/WHEEL_07_F405.elf.dir/Drivers/STM32F4xx_HAL_Driver/Src/stm32f4xx_hal_rcc_ex.c.obj
LOAD CMakeFiles/WHEEL_07_F405.elf.dir/Drivers/STM32F4xx_HAL_Driver/Src/stm32f4xx_hal_tim.c.obj
LOAD CMakeFiles/WHEEL_07_F405.elf.dir/Drivers/STM32F4xx_HAL_Driver/Src/stm32f4xx_hal_tim_ex.c.obj
LOAD CMakeFiles/WHEEL_07_F405.elf.dir/Drivers/STM32F4xx_HAL_Driver/Src/stm32f4xx_ll_adc.c.obj
START GROUP
LOAD c:/progra~2/gnuarm~1/102021~1.10/bin/../lib/gcc/arm-none-eabi/10.3.1/thumb/v7e-m/nofp\libgcc.a
LOAD c:/progra~2/gnuarm~1/102021~1.10/bin/../lib/gcc/arm-none-eabi/10.3.1/../../../../arm-none-eabi/lib/thumb/v7e-m/nofp\libg.a
LOAD c:/progra~2/gnuarm~1/102021~1.10/bin/../lib/gcc/arm-none-eabi/10.3.1/../../../../arm-none-eabi/lib/thumb/v7e-m/nofp\libc.a
END GROUP
LOAD c:/progra~2/gnuarm~1/102021~1.10/bin/../lib/gcc/arm-none-eabi/10.3.1/thumb/v7e-m/nofp/crtend.o
LOAD c:/progra~2/gnuarm~1/102021~1.10/bin/../lib/gcc/arm-none-eabi/10.3.1/thumb/v7e-m/nofp/crtn.o
                0x20020000                _estack = (ORIGIN (RAM) + LENGTH (RAM))
                0x00000200                _Min_Heap_Size = 0x200
                0x00000400                _Min_Stack_Size = 0x400

.isr_vector     0x08000000      0x188
                0x08000000                . = ALIGN (0x4)
 *(.isr_vector)
 .isr_vector    0x08000000      0x188 CMakeFiles/WHEEL_07_F405.elf.dir/Core/Startup/startup_stm32f405rgtx.s.obj
                0x08000000                g_pfnVectors
                0x08000188                . = ALIGN (0x4)

.text           0x08000188     0x23d4
                0x08000188                . = ALIGN (0x4)
 *(.text)
 .text          0x08000188       0x40 c:/progra~2/gnuarm~1/102021~1.10/bin/../lib/gcc/arm-none-eabi/10.3.1/thumb/v7e-m/nofp/crtbegin.o
 .text          0x080001c8       0x30 c:/progra~2/gnuarm~1/102021~1.10/bin/../lib/gcc/arm-none-eabi/10.3.1/thumb/v7e-m/nofp\libgcc.a(_aeabi_uldivmod.o)
                0x080001c8                __aeabi_uldivmod
 .text          0x080001f8      0x2d0 c:/progra~2/gnuarm~1/102021~1.10/bin/../lib/gcc/arm-none-eabi/10.3.1/thumb/v7e-m/nofp\libgcc.a(_udivmoddi4.o)
                0x080001f8                __udivmoddi4
 .text          0x080004c8        0x4 c:/progra~2/gnuarm~1/102021~1.10/bin/../lib/gcc/arm-none-eabi/10.3.1/thumb/v7e-m/nofp\libgcc.a(_dvmd_tls.o)
                0x080004c8                __aeabi_idiv0
                0x080004c8                __aeabi_ldiv0
 *(.text*)
 .text.MX_GPIO_Init
                0x080004cc       0x6c CMakeFiles/WHEEL_07_F405.elf.dir/Core/Src/main.c.obj
 .text.MX_DMA_Init
                0x08000538       0x34 CMakeFiles/WHEEL_07_F405.elf.dir/Core/Src/main.c.obj
 .text.HAL_CAN_RxFifo0MsgPendingCallback
                0x0800056c       0x24 CMakeFiles/WHEEL_07_F405.elf.dir/Core/Src/main.c.obj
                0x0800056c                HAL_CAN_RxFifo0MsgPendingCallback
 .text.Error_Handler
                0x08000590        0x4 CMakeFiles/WHEEL_07_F405.elf.dir/Core/Src/main.c.obj
                0x08000590                Error_Handler
 .text.MX_CAN1_Init
                0x08000594       0x6c CMakeFiles/WHEEL_07_F405.elf.dir/Core/Src/main.c.obj
 .text.MX_ADC1_Init
                0x08000600       0xac CMakeFiles/WHEEL_07_F405.elf.dir/Core/Src/main.c.obj
 .text.SystemClock_Config
                0x080006ac       0x88 CMakeFiles/WHEEL_07_F405.elf.dir/Core/Src/main.c.obj
                0x080006ac                SystemClock_Config
 .text.main     0x08000734       0x70 CMakeFiles/WHEEL_07_F405.elf.dir/Core/Src/main.c.obj
                0x08000734                main
 .text.HAL_ADC_ConvCpltCallback
                0x080007a4        0x2 CMakeFiles/WHEEL_07_F405.elf.dir/Core/Src/rotary.c.obj
                0x080007a4                HAL_ADC_ConvCpltCallback
 *fill*         0x080007a6        0x2 
 .text.HAL_MspInit
                0x080007a8       0x38 CMakeFiles/WHEEL_07_F405.elf.dir/Core/Src/stm32f4xx_hal_msp.c.obj
                0x080007a8                HAL_MspInit
 .text.HAL_ADC_MspInit
                0x080007e0       0xac CMakeFiles/WHEEL_07_F405.elf.dir/Core/Src/stm32f4xx_hal_msp.c.obj
                0x080007e0                HAL_ADC_MspInit
 .text.HAL_CAN_MspInit
                0x0800088c       0xa0 CMakeFiles/WHEEL_07_F405.elf.dir/Core/Src/stm32f4xx_hal_msp.c.obj
                0x0800088c                HAL_CAN_MspInit
 .text.NMI_Handler
                0x0800092c        0x2 CMakeFiles/WHEEL_07_F405.elf.dir/Core/Src/stm32f4xx_it.c.obj
                0x0800092c                NMI_Handler
 .text.HardFault_Handler
                0x0800092e        0x2 CMakeFiles/WHEEL_07_F405.elf.dir/Core/Src/stm32f4xx_it.c.obj
                0x0800092e                HardFault_Handler
 .text.MemManage_Handler
                0x08000930        0x2 CMakeFiles/WHEEL_07_F405.elf.dir/Core/Src/stm32f4xx_it.c.obj
                0x08000930                MemManage_Handler
 .text.BusFault_Handler
                0x08000932        0x2 CMakeFiles/WHEEL_07_F405.elf.dir/Core/Src/stm32f4xx_it.c.obj
                0x08000932                BusFault_Handler
 .text.UsageFault_Handler
                0x08000934        0x2 CMakeFiles/WHEEL_07_F405.elf.dir/Core/Src/stm32f4xx_it.c.obj
                0x08000934                UsageFault_Handler
 .text.SVC_Handler
                0x08000936        0x2 CMakeFiles/WHEEL_07_F405.elf.dir/Core/Src/stm32f4xx_it.c.obj
                0x08000936                SVC_Handler
 .text.DebugMon_Handler
                0x08000938        0x2 CMakeFiles/WHEEL_07_F405.elf.dir/Core/Src/stm32f4xx_it.c.obj
                0x08000938                DebugMon_Handler
 .text.PendSV_Handler
                0x0800093a        0x2 CMakeFiles/WHEEL_07_F405.elf.dir/Core/Src/stm32f4xx_it.c.obj
                0x0800093a                PendSV_Handler
 .text.SysTick_Handler
                0x0800093c        0x8 CMakeFiles/WHEEL_07_F405.elf.dir/Core/Src/stm32f4xx_it.c.obj
                0x0800093c                SysTick_Handler
 .text.CAN1_TX_IRQHandler
                0x08000944       0x10 CMakeFiles/WHEEL_07_F405.elf.dir/Core/Src/stm32f4xx_it.c.obj
                0x08000944                CAN1_TX_IRQHandler
 .text.CAN1_RX0_IRQHandler
                0x08000954       0x10 CMakeFiles/WHEEL_07_F405.elf.dir/Core/Src/stm32f4xx_it.c.obj
                0x08000954                CAN1_RX0_IRQHandler
 .text.CAN1_RX1_IRQHandler
                0x08000964       0x10 CMakeFiles/WHEEL_07_F405.elf.dir/Core/Src/stm32f4xx_it.c.obj
                0x08000964                CAN1_RX1_IRQHandler
 .text.DMA2_Stream0_IRQHandler
                0x08000974       0x10 CMakeFiles/WHEEL_07_F405.elf.dir/Core/Src/stm32f4xx_it.c.obj
                0x08000974                DMA2_Stream0_IRQHandler
 .text.SystemInit
                0x08000984       0x10 CMakeFiles/WHEEL_07_F405.elf.dir/Core/Src/system_stm32f4xx.c.obj
                0x08000984                SystemInit
 .text.Reset_Handler
                0x08000994       0x50 CMakeFiles/WHEEL_07_F405.elf.dir/Core/Startup/startup_stm32f405rgtx.s.obj
                0x08000994                Reset_Handler
 .text.Default_Handler
                0x080009e4        0x2 CMakeFiles/WHEEL_07_F405.elf.dir/Core/Startup/startup_stm32f405rgtx.s.obj
                0x080009e4                RTC_Alarm_IRQHandler
                0x080009e4                HASH_RNG_IRQHandler
                0x080009e4                EXTI2_IRQHandler
                0x080009e4                TIM8_CC_IRQHandler
                0x080009e4                TIM1_CC_IRQHandler
                0x080009e4                DMA2_Stream5_IRQHandler
                0x080009e4                DMA1_Stream5_IRQHandler
                0x080009e4                PVD_IRQHandler
                0x080009e4                SDIO_IRQHandler
                0x080009e4                TAMP_STAMP_IRQHandler
                0x080009e4                CAN2_RX1_IRQHandler
                0x080009e4                EXTI3_IRQHandler
                0x080009e4                TIM8_TRG_COM_TIM14_IRQHandler
                0x080009e4                TIM1_UP_TIM10_IRQHandler
                0x080009e4                TIM8_UP_TIM13_IRQHandler
                0x080009e4                I2C3_ER_IRQHandler
                0x080009e4                EXTI0_IRQHandler
                0x080009e4                I2C2_EV_IRQHandler
                0x080009e4                DMA1_Stream2_IRQHandler
                0x080009e4                FPU_IRQHandler
                0x080009e4                OTG_HS_WKUP_IRQHandler
                0x080009e4                CAN2_SCE_IRQHandler
                0x080009e4                DMA2_Stream2_IRQHandler
                0x080009e4                SPI1_IRQHandler
                0x080009e4                TIM6_DAC_IRQHandler
                0x080009e4                TIM1_BRK_TIM9_IRQHandler
                0x080009e4                CAN2_RX0_IRQHandler
                0x080009e4                DMA2_Stream3_IRQHandler
                0x080009e4                USART6_IRQHandler
                0x080009e4                USART3_IRQHandler
                0x080009e4                UART5_IRQHandler
                0x080009e4                TIM4_IRQHandler
                0x080009e4                I2C1_EV_IRQHandler
                0x080009e4                DMA1_Stream6_IRQHandler
                0x080009e4                DMA1_Stream1_IRQHandler
                0x080009e4                UART4_IRQHandler
                0x080009e4                TIM3_IRQHandler
                0x080009e4                RCC_IRQHandler
                0x080009e4                TIM8_BRK_TIM12_IRQHandler
                0x080009e4                Default_Handler
                0x080009e4                EXTI15_10_IRQHandler
                0x080009e4                ADC_IRQHandler
                0x080009e4                DMA1_Stream7_IRQHandler
                0x080009e4                TIM7_IRQHandler
                0x080009e4                CAN2_TX_IRQHandler
                0x080009e4                TIM5_IRQHandler
                0x080009e4                DMA2_Stream7_IRQHandler
                0x080009e4                I2C3_EV_IRQHandler
                0x080009e4                EXTI9_5_IRQHandler
                0x080009e4                RTC_WKUP_IRQHandler
                0x080009e4                SPI2_IRQHandler
                0x080009e4                OTG_HS_EP1_IN_IRQHandler
                0x080009e4                DMA1_Stream0_IRQHandler
                0x080009e4                EXTI4_IRQHandler
                0x080009e4                FSMC_IRQHandler
                0x080009e4                OTG_HS_EP1_OUT_IRQHandler
                0x080009e4                WWDG_IRQHandler
                0x080009e4                TIM2_IRQHandler
                0x080009e4                OTG_FS_WKUP_IRQHandler
                0x080009e4                TIM1_TRG_COM_TIM11_IRQHandler
                0x080009e4                OTG_HS_IRQHandler
                0x080009e4                EXTI1_IRQHandler
                0x080009e4                USART2_IRQHandler
                0x080009e4                I2C2_ER_IRQHandler
                0x080009e4                DMA2_Stream1_IRQHandler
                0x080009e4                CAN1_SCE_IRQHandler
                0x080009e4                FLASH_IRQHandler
                0x080009e4                DMA2_Stream4_IRQHandler
                0x080009e4                USART1_IRQHandler
                0x080009e4                OTG_FS_IRQHandler
                0x080009e4                SPI3_IRQHandler
                0x080009e4                DMA1_Stream4_IRQHandler
                0x080009e4                I2C1_ER_IRQHandler
                0x080009e4                DMA2_Stream6_IRQHandler
                0x080009e4                DMA1_Stream3_IRQHandler
 *fill*         0x080009e6        0x2 
 .text.HAL_InitTick
                0x080009e8       0x4c CMakeFiles/WHEEL_07_F405.elf.dir/Drivers/STM32F4xx_HAL_Driver/Src/stm32f4xx_hal.c.obj
                0x080009e8                HAL_InitTick
 .text.HAL_Init
                0x08000a34       0x34 CMakeFiles/WHEEL_07_F405.elf.dir/Drivers/STM32F4xx_HAL_Driver/Src/stm32f4xx_hal.c.obj
                0x08000a34                HAL_Init
 .text.HAL_IncTick
                0x08000a68       0x18 CMakeFiles/WHEEL_07_F405.elf.dir/Drivers/STM32F4xx_HAL_Driver/Src/stm32f4xx_hal.c.obj
                0x08000a68                HAL_IncTick
 .text.HAL_GetTick
                0x08000a80        0xc CMakeFiles/WHEEL_07_F405.elf.dir/Drivers/STM32F4xx_HAL_Driver/Src/stm32f4xx_hal.c.obj
                0x08000a80                HAL_GetTick
 .text.ADC_Init
                0x08000a8c      0x134 CMakeFiles/WHEEL_07_F405.elf.dir/Drivers/STM32F4xx_HAL_Driver/Src/stm32f4xx_hal_adc.c.obj
 .text.HAL_ADC_Init
                0x08000bc0       0x56 CMakeFiles/WHEEL_07_F405.elf.dir/Drivers/STM32F4xx_HAL_Driver/Src/stm32f4xx_hal_adc.c.obj
                0x08000bc0                HAL_ADC_Init
 *fill*         0x08000c16        0x2 
 .text.HAL_ADC_Start_DMA
                0x08000c18      0x19c CMakeFiles/WHEEL_07_F405.elf.dir/Drivers/STM32F4xx_HAL_Driver/Src/stm32f4xx_hal_adc.c.obj
                0x08000c18                HAL_ADC_Start_DMA
 .text.HAL_ADC_ConvHalfCpltCallback
                0x08000db4        0x2 CMakeFiles/WHEEL_07_F405.elf.dir/Drivers/STM32F4xx_HAL_Driver/Src/stm32f4xx_hal_adc.c.obj
                0x08000db4                HAL_ADC_ConvHalfCpltCallback
 .text.ADC_DMAHalfConvCplt
                0x08000db6        0xa CMakeFiles/WHEEL_07_F405.elf.dir/Drivers/STM32F4xx_HAL_Driver/Src/stm32f4xx_hal_adc.c.obj
 .text.HAL_ADC_ErrorCallback
                0x08000dc0        0x2 CMakeFiles/WHEEL_07_F405.elf.dir/Drivers/STM32F4xx_HAL_Driver/Src/stm32f4xx_hal_adc.c.obj
                0x08000dc0                HAL_ADC_ErrorCallback
 .text.ADC_DMAError
                0x08000dc2       0x16 CMakeFiles/WHEEL_07_F405.elf.dir/Drivers/STM32F4xx_HAL_Driver/Src/stm32f4xx_hal_adc.c.obj
 .text.ADC_DMAConvCplt
                0x08000dd8       0x72 CMakeFiles/WHEEL_07_F405.elf.dir/Drivers/STM32F4xx_HAL_Driver/Src/stm32f4xx_hal_adc.c.obj
 *fill*         0x08000e4a        0x2 
 .text.HAL_ADC_ConfigChannel
                0x08000e4c      0x198 CMakeFiles/WHEEL_07_F405.elf.dir/Drivers/STM32F4xx_HAL_Driver/Src/stm32f4xx_hal_adc.c.obj
                0x08000e4c                HAL_ADC_ConfigChannel
 .text.HAL_CAN_Init
                0x08000fe4      0x14c CMakeFiles/WHEEL_07_F405.elf.dir/Drivers/STM32F4xx_HAL_Driver/Src/stm32f4xx_hal_can.c.obj
                0x08000fe4                HAL_CAN_Init
 .text.HAL_CAN_ConfigFilter
                0x08001130      0x13c CMakeFiles/WHEEL_07_F405.elf.dir/Drivers/STM32F4xx_HAL_Driver/Src/stm32f4xx_hal_can.c.obj
                0x08001130                HAL_CAN_ConfigFilter
 .text.HAL_CAN_Start
                0x0800126c       0x5c CMakeFiles/WHEEL_07_F405.elf.dir/Drivers/STM32F4xx_HAL_Driver/Src/stm32f4xx_hal_can.c.obj
                0x0800126c                HAL_CAN_Start
 .text.HAL_CAN_GetRxMessage
                0x080012c8      0x156 CMakeFiles/WHEEL_07_F405.elf.dir/Drivers/STM32F4xx_HAL_Driver/Src/stm32f4xx_hal_can.c.obj
                0x080012c8                HAL_CAN_GetRxMessage
 .text.HAL_CAN_ActivateNotification
                0x0800141e       0x24 CMakeFiles/WHEEL_07_F405.elf.dir/Drivers/STM32F4xx_HAL_Driver/Src/stm32f4xx_hal_can.c.obj
                0x0800141e                HAL_CAN_ActivateNotification
 .text.HAL_CAN_TxMailbox0CompleteCallback
                0x08001442        0x2 CMakeFiles/WHEEL_07_F405.elf.dir/Drivers/STM32F4xx_HAL_Driver/Src/stm32f4xx_hal_can.c.obj
                0x08001442                HAL_CAN_TxMailbox0CompleteCallback
 .text.HAL_CAN_TxMailbox1CompleteCallback
                0x08001444        0x2 CMakeFiles/WHEEL_07_F405.elf.dir/Drivers/STM32F4xx_HAL_Driver/Src/stm32f4xx_hal_can.c.obj
                0x08001444                HAL_CAN_TxMailbox1CompleteCallback
 .text.HAL_CAN_TxMailbox2CompleteCallback
                0x08001446        0x2 CMakeFiles/WHEEL_07_F405.elf.dir/Drivers/STM32F4xx_HAL_Driver/Src/stm32f4xx_hal_can.c.obj
                0x08001446                HAL_CAN_TxMailbox2CompleteCallback
 .text.HAL_CAN_TxMailbox0AbortCallback
                0x08001448        0x2 CMakeFiles/WHEEL_07_F405.elf.dir/Drivers/STM32F4xx_HAL_Driver/Src/stm32f4xx_hal_can.c.obj
                0x08001448                HAL_CAN_TxMailbox0AbortCallback
 .text.HAL_CAN_TxMailbox1AbortCallback
                0x0800144a        0x2 CMakeFiles/WHEEL_07_F405.elf.dir/Drivers/STM32F4xx_HAL_Driver/Src/stm32f4xx_hal_can.c.obj
                0x0800144a                HAL_CAN_TxMailbox1AbortCallback
 .text.HAL_CAN_TxMailbox2AbortCallback
                0x0800144c        0x2 CMakeFiles/WHEEL_07_F405.elf.dir/Drivers/STM32F4xx_HAL_Driver/Src/stm32f4xx_hal_can.c.obj
                0x0800144c                HAL_CAN_TxMailbox2AbortCallback
 .text.HAL_CAN_RxFifo0FullCallback
                0x0800144e        0x2 CMakeFiles/WHEEL_07_F405.elf.dir/Drivers/STM32F4xx_HAL_Driver/Src/stm32f4xx_hal_can.c.obj
                0x0800144e                HAL_CAN_RxFifo0FullCallback
 .text.HAL_CAN_RxFifo1MsgPendingCallback
                0x08001450        0x2 CMakeFiles/WHEEL_07_F405.elf.dir/Drivers/STM32F4xx_HAL_Driver/Src/stm32f4xx_hal_can.c.obj
                0x08001450                HAL_CAN_RxFifo1MsgPendingCallback
 .text.HAL_CAN_RxFifo1FullCallback
                0x08001452        0x2 CMakeFiles/WHEEL_07_F405.elf.dir/Drivers/STM32F4xx_HAL_Driver/Src/stm32f4xx_hal_can.c.obj
                0x08001452                HAL_CAN_RxFifo1FullCallback
 .text.HAL_CAN_SleepCallback
                0x08001454        0x2 CMakeFiles/WHEEL_07_F405.elf.dir/Drivers/STM32F4xx_HAL_Driver/Src/stm32f4xx_hal_can.c.obj
                0x08001454                HAL_CAN_SleepCallback
 .text.HAL_CAN_WakeUpFromRxMsgCallback
                0x08001456        0x2 CMakeFiles/WHEEL_07_F405.elf.dir/Drivers/STM32F4xx_HAL_Driver/Src/stm32f4xx_hal_can.c.obj
                0x08001456                HAL_CAN_WakeUpFromRxMsgCallback
 .text.HAL_CAN_ErrorCallback
                0x08001458        0x2 CMakeFiles/WHEEL_07_F405.elf.dir/Drivers/STM32F4xx_HAL_Driver/Src/stm32f4xx_hal_can.c.obj
                0x08001458                HAL_CAN_ErrorCallback
 .text.HAL_CAN_IRQHandler
                0x0800145a      0x24a CMakeFiles/WHEEL_07_F405.elf.dir/Drivers/STM32F4xx_HAL_Driver/Src/stm32f4xx_hal_can.c.obj
                0x0800145a                HAL_CAN_IRQHandler
 .text.HAL_NVIC_SetPriorityGrouping
                0x080016a4       0x24 CMakeFiles/WHEEL_07_F405.elf.dir/Drivers/STM32F4xx_HAL_Driver/Src/stm32f4xx_hal_cortex.c.obj
                0x080016a4                HAL_NVIC_SetPriorityGrouping
 .text.HAL_NVIC_SetPriority
                0x080016c8       0x70 CMakeFiles/WHEEL_07_F405.elf.dir/Drivers/STM32F4xx_HAL_Driver/Src/stm32f4xx_hal_cortex.c.obj
                0x080016c8                HAL_NVIC_SetPriority
 .text.HAL_NVIC_EnableIRQ
                0x08001738       0x1c CMakeFiles/WHEEL_07_F405.elf.dir/Drivers/STM32F4xx_HAL_Driver/Src/stm32f4xx_hal_cortex.c.obj
                0x08001738                HAL_NVIC_EnableIRQ
 .text.HAL_SYSTICK_Config
                0x08001754       0x28 CMakeFiles/WHEEL_07_F405.elf.dir/Drivers/STM32F4xx_HAL_Driver/Src/stm32f4xx_hal_cortex.c.obj
                0x08001754                HAL_SYSTICK_Config
 .text.DMA_SetConfig
                0x0800177c       0x2c CMakeFiles/WHEEL_07_F405.elf.dir/Drivers/STM32F4xx_HAL_Driver/Src/stm32f4xx_hal_dma.c.obj
 .text.DMA_CalcBaseAndBitshift
                0x080017a8       0x40 CMakeFiles/WHEEL_07_F405.elf.dir/Drivers/STM32F4xx_HAL_Driver/Src/stm32f4xx_hal_dma.c.obj
 .text.DMA_CheckFifoParam
                0x080017e8       0x8e CMakeFiles/WHEEL_07_F405.elf.dir/Drivers/STM32F4xx_HAL_Driver/Src/stm32f4xx_hal_dma.c.obj
 *fill*         0x08001876        0x2 
 .text.HAL_DMA_Init
                0x08001878       0xcc CMakeFiles/WHEEL_07_F405.elf.dir/Drivers/STM32F4xx_HAL_Driver/Src/stm32f4xx_hal_dma.c.obj
                0x08001878                HAL_DMA_Init
 .text.HAL_DMA_Start_IT
                0x08001944       0x6a CMakeFiles/WHEEL_07_F405.elf.dir/Drivers/STM32F4xx_HAL_Driver/Src/stm32f4xx_hal_dma.c.obj
                0x08001944                HAL_DMA_Start_IT
 *fill*         0x080019ae        0x2 
 .text.HAL_DMA_IRQHandler
                0x080019b0      0x1dc CMakeFiles/WHEEL_07_F405.elf.dir/Drivers/STM32F4xx_HAL_Driver/Src/stm32f4xx_hal_dma.c.obj
                0x080019b0                HAL_DMA_IRQHandler
 .text.HAL_GPIO_Init
                0x08001b8c      0x1e4 CMakeFiles/WHEEL_07_F405.elf.dir/Drivers/STM32F4xx_HAL_Driver/Src/stm32f4xx_hal_gpio.c.obj
                0x08001b8c                HAL_GPIO_Init
 .text.HAL_GPIO_WritePin
                0x08001d70        0xc CMakeFiles/WHEEL_07_F405.elf.dir/Drivers/STM32F4xx_HAL_Driver/Src/stm32f4xx_hal_gpio.c.obj
                0x08001d70                HAL_GPIO_WritePin
 .text.HAL_RCC_OscConfig
                0x08001d7c      0x3f8 CMakeFiles/WHEEL_07_F405.elf.dir/Drivers/STM32F4xx_HAL_Driver/Src/stm32f4xx_hal_rcc.c.obj
                0x08001d7c                HAL_RCC_OscConfig
 .text.HAL_RCC_GetSysClockFreq
                0x08002174       0xa4 CMakeFiles/WHEEL_07_F405.elf.dir/Drivers/STM32F4xx_HAL_Driver/Src/stm32f4xx_hal_rcc.c.obj
                0x08002174                HAL_RCC_GetSysClockFreq
 .text.HAL_RCC_ClockConfig
                0x08002218      0x160 CMakeFiles/WHEEL_07_F405.elf.dir/Drivers/STM32F4xx_HAL_Driver/Src/stm32f4xx_hal_rcc.c.obj
                0x08002218                HAL_RCC_ClockConfig
 .text.__libc_init_array
                0x08002378       0x48 c:/progra~2/gnuarm~1/102021~1.10/bin/../lib/gcc/arm-none-eabi/10.3.1/../../../../arm-none-eabi/lib/thumb/v7e-m/nofp\libg.a(lib_a-init.o)
                0x08002378                __libc_init_array
 .text.memset   0x080023c0       0xa4 c:/progra~2/gnuarm~1/102021~1.10/bin/../lib/gcc/arm-none-eabi/10.3.1/../../../../arm-none-eabi/lib/thumb/v7e-m/nofp\libg.a(lib_a-memset.o)
                0x080023c0                memset
 .text.startup.register_fini
                0x08002464       0x14 c:/progra~2/gnuarm~1/102021~1.10/bin/../lib/gcc/arm-none-eabi/10.3.1/../../../../arm-none-eabi/lib/thumb/v7e-m/nofp\libg.a(lib_a-__call_atexit.o)
 .text.atexit   0x08002478        0xc c:/progra~2/gnuarm~1/102021~1.10/bin/../lib/gcc/arm-none-eabi/10.3.1/../../../../arm-none-eabi/lib/thumb/v7e-m/nofp\libg.a(lib_a-atexit.o)
                0x08002478                atexit
 .text.__libc_fini_array
                0x08002484       0x2c c:/progra~2/gnuarm~1/102021~1.10/bin/../lib/gcc/arm-none-eabi/10.3.1/../../../../arm-none-eabi/lib/thumb/v7e-m/nofp\libg.a(lib_a-fini.o)
                0x08002484                __libc_fini_array
 .text.__retarget_lock_acquire_recursive
                0x080024b0        0x4 c:/progra~2/gnuarm~1/102021~1.10/bin/../lib/gcc/arm-none-eabi/10.3.1/../../../../arm-none-eabi/lib/thumb/v7e-m/nofp\libg.a(lib_a-lock.o)
                0x080024b0                __retarget_lock_acquire_recursive
 .text.__retarget_lock_release_recursive
                0x080024b4        0x4 c:/progra~2/gnuarm~1/102021~1.10/bin/../lib/gcc/arm-none-eabi/10.3.1/../../../../arm-none-eabi/lib/thumb/v7e-m/nofp\libg.a(lib_a-lock.o)
                0x080024b4                __retarget_lock_release_recursive
 .text.__register_exitproc
                0x080024b8       0x8c c:/progra~2/gnuarm~1/102021~1.10/bin/../lib/gcc/arm-none-eabi/10.3.1/../../../../arm-none-eabi/lib/thumb/v7e-m/nofp\libg.a(lib_a-__atexit.o)
                0x080024b8                __register_exitproc
 *(.glue_7)
 .glue_7        0x08002544        0x0 linker stubs
 *(.glue_7t)
 .glue_7t       0x08002544        0x0 linker stubs
 *(.eh_frame)
 .eh_frame      0x08002544        0x0 c:/progra~2/gnuarm~1/102021~1.10/bin/../lib/gcc/arm-none-eabi/10.3.1/thumb/v7e-m/nofp/crtbegin.o
 *(.init)
 .init          0x08002544        0x4 c:/progra~2/gnuarm~1/102021~1.10/bin/../lib/gcc/arm-none-eabi/10.3.1/thumb/v7e-m/nofp/crti.o
                0x08002544                _init
 .init          0x08002548        0x8 c:/progra~2/gnuarm~1/102021~1.10/bin/../lib/gcc/arm-none-eabi/10.3.1/thumb/v7e-m/nofp/crtn.o
 *(.fini)
 .fini          0x08002550        0x4 c:/progra~2/gnuarm~1/102021~1.10/bin/../lib/gcc/arm-none-eabi/10.3.1/thumb/v7e-m/nofp/crti.o
                0x08002550                _fini
 .fini          0x08002554        0x8 c:/progra~2/gnuarm~1/102021~1.10/bin/../lib/gcc/arm-none-eabi/10.3.1/thumb/v7e-m/nofp/crtn.o
                0x0800255c                . = ALIGN (0x4)
                0x0800255c                _etext = .

.vfp11_veneer   0x0800255c        0x0
 .vfp11_veneer  0x0800255c        0x0 linker stubs

.v4_bx          0x0800255c        0x0
 .v4_bx         0x0800255c        0x0 linker stubs

.iplt           0x0800255c        0x0
 .iplt          0x0800255c        0x0 c:/progra~2/gnuarm~1/102021~1.10/bin/../lib/gcc/arm-none-eabi/10.3.1/thumb/v7e-m/nofp/crtbegin.o

.rodata         0x0800255c       0x1c
                0x0800255c                . = ALIGN (0x4)
 *(.rodata)
 *(.rodata*)
 .rodata.AHBPrescTable
                0x0800255c       0x10 CMakeFiles/WHEEL_07_F405.elf.dir/Core/Src/system_stm32f4xx.c.obj
                0x0800255c                AHBPrescTable
 .rodata.flagBitshiftOffset.0
                0x0800256c        0x8 CMakeFiles/WHEEL_07_F405.elf.dir/Drivers/STM32F4xx_HAL_Driver/Src/stm32f4xx_hal_dma.c.obj
 .rodata._global_impure_ptr
                0x08002574        0x4 c:/progra~2/gnuarm~1/102021~1.10/bin/../lib/gcc/arm-none-eabi/10.3.1/../../../../arm-none-eabi/lib/thumb/v7e-m/nofp\libg.a(lib_a-impure.o)
                0x08002574                _global_impure_ptr
                0x08002578                . = ALIGN (0x4)

.ARM.extab      0x08002578        0x0
                0x08002578                . = ALIGN (0x4)
 *(.ARM.extab* .gnu.linkonce.armextab.*)
                0x08002578                . = ALIGN (0x4)

.ARM            0x08002578        0x8
                0x08002578                . = ALIGN (0x4)
                0x08002578                __exidx_start = .
 *(.ARM.exidx*)
 .ARM.exidx     0x08002578        0x8 c:/progra~2/gnuarm~1/102021~1.10/bin/../lib/gcc/arm-none-eabi/10.3.1/thumb/v7e-m/nofp\libgcc.a(_udivmoddi4.o)
                0x08002580                __exidx_end = .
                0x08002580                . = ALIGN (0x4)

.rel.dyn        0x08002580        0x0
 .rel.iplt      0x08002580        0x0 c:/progra~2/gnuarm~1/102021~1.10/bin/../lib/gcc/arm-none-eabi/10.3.1/thumb/v7e-m/nofp/crtbegin.o

.preinit_array  0x08002580        0x0
                0x08002580                . = ALIGN (0x4)
                0x08002580                PROVIDE (__preinit_array_start = .)
 *(.preinit_array*)
                0x08002580                PROVIDE (__preinit_array_end = .)
                0x08002580                . = ALIGN (0x4)

.init_array     0x08002580        0x8
                0x08002580                . = ALIGN (0x4)
                0x08002580                PROVIDE (__init_array_start = .)
 *(SORT_BY_NAME(.init_array.*))
 .init_array.00000
                0x08002580        0x4 c:/progra~2/gnuarm~1/102021~1.10/bin/../lib/gcc/arm-none-eabi/10.3.1/../../../../arm-none-eabi/lib/thumb/v7e-m/nofp\libg.a(lib_a-__call_atexit.o)
 *(.init_array*)
 .init_array    0x08002584        0x4 c:/progra~2/gnuarm~1/102021~1.10/bin/../lib/gcc/arm-none-eabi/10.3.1/thumb/v7e-m/nofp/crtbegin.o
                0x08002588                PROVIDE (__init_array_end = .)
                0x08002588                . = ALIGN (0x4)

.fini_array     0x08002588        0x4
                0x08002588                . = ALIGN (0x4)
                0x08002588                PROVIDE (__fini_array_start = .)
 *(SORT_BY_NAME(.fini_array.*))
 *(.fini_array*)
 .fini_array    0x08002588        0x4 c:/progra~2/gnuarm~1/102021~1.10/bin/../lib/gcc/arm-none-eabi/10.3.1/thumb/v7e-m/nofp/crtbegin.o
                0x0800258c                PROVIDE (__fini_array_end = .)
                0x0800258c                . = ALIGN (0x4)
                0x0800258c                _sidata = LOADADDR (.data)

.data           0x20000000      0x43c load address 0x0800258c
                0x20000000                . = ALIGN (0x4)
                0x20000000                _sdata = .
 *(.data)
 *(.data*)
 .data.SystemCoreClock
                0x20000000        0x4 CMakeFiles/WHEEL_07_F405.elf.dir/Core/Src/system_stm32f4xx.c.obj
                0x20000000                SystemCoreClock
 .data.uwTickFreq
                0x20000004        0x1 CMakeFiles/WHEEL_07_F405.elf.dir/Drivers/STM32F4xx_HAL_Driver/Src/stm32f4xx_hal.c.obj
                0x20000004                uwTickFreq
 *fill*         0x20000005        0x3 
 .data.uwTickPrio
                0x20000008        0x4 CMakeFiles/WHEEL_07_F405.elf.dir/Drivers/STM32F4xx_HAL_Driver/Src/stm32f4xx_hal.c.obj
                0x20000008                uwTickPrio
 *fill*         0x2000000c        0x4 
 .data.impure_data
                0x20000010      0x428 c:/progra~2/gnuarm~1/102021~1.10/bin/../lib/gcc/arm-none-eabi/10.3.1/../../../../arm-none-eabi/lib/thumb/v7e-m/nofp\libg.a(lib_a-impure.o)
 .data.__atexit_recursive_mutex
                0x20000438        0x4 c:/progra~2/gnuarm~1/102021~1.10/bin/../lib/gcc/arm-none-eabi/10.3.1/../../../../arm-none-eabi/lib/thumb/v7e-m/nofp\libg.a(lib_a-__call_atexit.o)
                0x20000438                __atexit_recursive_mutex
 *(.RamFunc)
 *(.RamFunc*)
                0x2000043c                . = ALIGN (0x4)
                0x2000043c                _edata = .
                0x080029c8                _siccmram = LOADADDR (.ccmram)

.igot.plt       0x2000043c        0x0 load address 0x080029c8
 .igot.plt      0x2000043c        0x0 c:/progra~2/gnuarm~1/102021~1.10/bin/../lib/gcc/arm-none-eabi/10.3.1/thumb/v7e-m/nofp/crtbegin.o

.ccmram         0x10000000        0x0 load address 0x080029c8
                0x10000000                . = ALIGN (0x4)
                0x10000000                _sccmram = .
 *(.ccmram)
 *(.ccmram*)
                0x10000000                . = ALIGN (0x4)
                0x10000000                _eccmram = .
                0x10000000                . = ALIGN (0x4)

.bss            0x2000043c      0x14c
                0x2000043c                _sbss = .
                0x2000043c                __bss_start__ = _sbss
 *(.bss)
 .bss           0x2000043c       0x1c c:/progra~2/gnuarm~1/102021~1.10/bin/../lib/gcc/arm-none-eabi/10.3.1/thumb/v7e-m/nofp/crtbegin.o
 *(.bss*)
 .bss.RxData    0x20000458        0x8 CMakeFiles/WHEEL_07_F405.elf.dir/Core/Src/main.c.obj
                0x20000458                RxData
 .bss.RxHeader  0x20000460       0x1c CMakeFiles/WHEEL_07_F405.elf.dir/Core/Src/main.c.obj
                0x20000460                RxHeader
 .bss.TxData    0x2000047c        0x8 CMakeFiles/WHEEL_07_F405.elf.dir/Core/Src/main.c.obj
                0x2000047c                TxData
 .bss.TxHeader  0x20000484       0x18 CMakeFiles/WHEEL_07_F405.elf.dir/Core/Src/main.c.obj
                0x20000484                TxHeader
 .bss.count     0x2000049c        0x1 CMakeFiles/WHEEL_07_F405.elf.dir/Core/Src/main.c.obj
                0x2000049c                count
 *fill*         0x2000049d        0x3 
 .bss.hadc1     0x200004a0       0x48 CMakeFiles/WHEEL_07_F405.elf.dir/Core/Src/main.c.obj
                0x200004a0                hadc1
 .bss.hcan1     0x200004e8       0x28 CMakeFiles/WHEEL_07_F405.elf.dir/Core/Src/main.c.obj
                0x200004e8                hcan1
 .bss.hdma_adc1
                0x20000510       0x60 CMakeFiles/WHEEL_07_F405.elf.dir/Core/Src/main.c.obj
                0x20000510                hdma_adc1
 .bss.adc_value
                0x20000570       0x10 CMakeFiles/WHEEL_07_F405.elf.dir/Core/Src/rotary.c.obj
                0x20000570                adc_value
 .bss.uwTick    0x20000580        0x4 CMakeFiles/WHEEL_07_F405.elf.dir/Drivers/STM32F4xx_HAL_Driver/Src/stm32f4xx_hal.c.obj
                0x20000580                uwTick
 .bss.__lock___atexit_recursive_mutex
                0x20000584        0x1 c:/progra~2/gnuarm~1/102021~1.10/bin/../lib/gcc/arm-none-eabi/10.3.1/../../../../arm-none-eabi/lib/thumb/v7e-m/nofp\libg.a(lib_a-lock.o)
                0x20000584                __lock___atexit_recursive_mutex
 *(COMMON)
                0x20000588                . = ALIGN (0x4)
 *fill*         0x20000585        0x3 
                0x20000588                _ebss = .
                0x20000588                __bss_end__ = _ebss

._user_heap_stack
                0x20000588      0x600
                0x20000588                . = ALIGN (0x8)
                [!provide]                PROVIDE (end = .)
                0x20000588                PROVIDE (_end = .)
                0x20000788                . = (. + _Min_Heap_Size)
 *fill*         0x20000588      0x200 
                0x20000b88                . = (. + _Min_Stack_Size)
 *fill*         0x20000788      0x400 
                0x20000b88                . = ALIGN (0x8)

/DISCARD/
 libc.a(*)
 libm.a(*)
 libgcc.a(*)

.ARM.attributes
                0x00000000       0x2a
 *(.ARM.attributes)
 .ARM.attributes
                0x00000000       0x1e c:/progra~2/gnuarm~1/102021~1.10/bin/../lib/gcc/arm-none-eabi/10.3.1/thumb/v7e-m/nofp/crti.o
 .ARM.attributes
                0x0000001e       0x2e c:/progra~2/gnuarm~1/102021~1.10/bin/../lib/gcc/arm-none-eabi/10.3.1/thumb/v7e-m/nofp/crtbegin.o
 .ARM.attributes
                0x0000004c       0x2e CMakeFiles/WHEEL_07_F405.elf.dir/Core/Src/main.c.obj
 .ARM.attributes
                0x0000007a       0x2e CMakeFiles/WHEEL_07_F405.elf.dir/Core/Src/rotary.c.obj
 .ARM.attributes
                0x000000a8       0x2e CMakeFiles/WHEEL_07_F405.elf.dir/Core/Src/stm32f4xx_hal_msp.c.obj
 .ARM.attributes
                0x000000d6       0x2e CMakeFiles/WHEEL_07_F405.elf.dir/Core/Src/stm32f4xx_it.c.obj
 .ARM.attributes
                0x00000104       0x2e CMakeFiles/WHEEL_07_F405.elf.dir/Core/Src/system_stm32f4xx.c.obj
 .ARM.attributes
                0x00000132       0x21 CMakeFiles/WHEEL_07_F405.elf.dir/Core/Startup/startup_stm32f405rgtx.s.obj
 .ARM.attributes
                0x00000153       0x2e CMakeFiles/WHEEL_07_F405.elf.dir/Drivers/STM32F4xx_HAL_Driver/Src/stm32f4xx_hal.c.obj
 .ARM.attributes
                0x00000181       0x2e CMakeFiles/WHEEL_07_F405.elf.dir/Drivers/STM32F4xx_HAL_Driver/Src/stm32f4xx_hal_adc.c.obj
 .ARM.attributes
                0x000001af       0x2e CMakeFiles/WHEEL_07_F405.elf.dir/Drivers/STM32F4xx_HAL_Driver/Src/stm32f4xx_hal_can.c.obj
 .ARM.attributes
                0x000001dd       0x2e CMakeFiles/WHEEL_07_F405.elf.dir/Drivers/STM32F4xx_HAL_Driver/Src/stm32f4xx_hal_cortex.c.obj
 .ARM.attributes
                0x0000020b       0x2e CMakeFiles/WHEEL_07_F405.elf.dir/Drivers/STM32F4xx_HAL_Driver/Src/stm32f4xx_hal_dma.c.obj
 .ARM.attributes
                0x00000239       0x2e CMakeFiles/WHEEL_07_F405.elf.dir/Drivers/STM32F4xx_HAL_Driver/Src/stm32f4xx_hal_gpio.c.obj
 .ARM.attributes
                0x00000267       0x2e CMakeFiles/WHEEL_07_F405.elf.dir/Drivers/STM32F4xx_HAL_Driver/Src/stm32f4xx_hal_rcc.c.obj
 .ARM.attributes
                0x00000295       0x1e c:/progra~2/gnuarm~1/102021~1.10/bin/../lib/gcc/arm-none-eabi/10.3.1/thumb/v7e-m/nofp\libgcc.a(_aeabi_uldivmod.o)
 .ARM.attributes
                0x000002b3       0x2e c:/progra~2/gnuarm~1/102021~1.10/bin/../lib/gcc/arm-none-eabi/10.3.1/thumb/v7e-m/nofp\libgcc.a(_udivmoddi4.o)
 .ARM.attributes
                0x000002e1       0x1e c:/progra~2/gnuarm~1/102021~1.10/bin/../lib/gcc/arm-none-eabi/10.3.1/thumb/v7e-m/nofp\libgcc.a(_dvmd_tls.o)
 .ARM.attributes
                0x000002ff       0x2e c:/progra~2/gnuarm~1/102021~1.10/bin/../lib/gcc/arm-none-eabi/10.3.1/../../../../arm-none-eabi/lib/thumb/v7e-m/nofp\libg.a(lib_a-impure.o)
 .ARM.attributes
                0x0000032d       0x2e c:/progra~2/gnuarm~1/102021~1.10/bin/../lib/gcc/arm-none-eabi/10.3.1/../../../../arm-none-eabi/lib/thumb/v7e-m/nofp\libg.a(lib_a-init.o)
 .ARM.attributes
                0x0000035b       0x2e c:/progra~2/gnuarm~1/102021~1.10/bin/../lib/gcc/arm-none-eabi/10.3.1/../../../../arm-none-eabi/lib/thumb/v7e-m/nofp\libg.a(lib_a-memset.o)
 .ARM.attributes
                0x00000389       0x2e c:/progra~2/gnuarm~1/102021~1.10/bin/../lib/gcc/arm-none-eabi/10.3.1/../../../../arm-none-eabi/lib/thumb/v7e-m/nofp\libg.a(lib_a-__call_atexit.o)
 .ARM.attributes
                0x000003b7       0x2e c:/progra~2/gnuarm~1/102021~1.10/bin/../lib/gcc/arm-none-eabi/10.3.1/../../../../arm-none-eabi/lib/thumb/v7e-m/nofp\libg.a(lib_a-atexit.o)
 .ARM.attributes
                0x000003e5       0x2e c:/progra~2/gnuarm~1/102021~1.10/bin/../lib/gcc/arm-none-eabi/10.3.1/../../../../arm-none-eabi/lib/thumb/v7e-m/nofp\libg.a(lib_a-fini.o)
 .ARM.attributes
                0x00000413       0x2e c:/progra~2/gnuarm~1/102021~1.10/bin/../lib/gcc/arm-none-eabi/10.3.1/../../../../arm-none-eabi/lib/thumb/v7e-m/nofp\libg.a(lib_a-lock.o)
 .ARM.attributes
                0x00000441       0x2e c:/progra~2/gnuarm~1/102021~1.10/bin/../lib/gcc/arm-none-eabi/10.3.1/../../../../arm-none-eabi/lib/thumb/v7e-m/nofp\libg.a(lib_a-__atexit.o)
 .ARM.attributes
                0x0000046f       0x1e c:/progra~2/gnuarm~1/102021~1.10/bin/../lib/gcc/arm-none-eabi/10.3.1/thumb/v7e-m/nofp/crtn.o
OUTPUT(WHEEL_07_F405.elf elf32-littlearm)
LOAD linker stubs
LOAD c:/progra~2/gnuarm~1/102021~1.10/bin/../lib/gcc/arm-none-eabi/10.3.1/../../../../arm-none-eabi/lib/thumb/v7e-m/nofp\libc.a
LOAD c:/progra~2/gnuarm~1/102021~1.10/bin/../lib/gcc/arm-none-eabi/10.3.1/../../../../arm-none-eabi/lib/thumb/v7e-m/nofp\libm.a
LOAD c:/progra~2/gnuarm~1/102021~1.10/bin/../lib/gcc/arm-none-eabi/10.3.1/thumb/v7e-m/nofp\libgcc.a

.debug_info     0x00000000     0x9632
 .debug_info    0x00000000     0x1768 CMakeFiles/WHEEL_07_F405.elf.dir/Core/Src/main.c.obj
 .debug_info    0x00001768      0x5c9 CMakeFiles/WHEEL_07_F405.elf.dir/Core/Src/rotary.c.obj
 .debug_info    0x00001d31     0x11bc CMakeFiles/WHEEL_07_F405.elf.dir/Core/Src/stm32f4xx_hal_msp.c.obj
 .debug_info    0x00002eed      0x84e CMakeFiles/WHEEL_07_F405.elf.dir/Core/Src/stm32f4xx_it.c.obj
 .debug_info    0x0000373b      0x538 CMakeFiles/WHEEL_07_F405.elf.dir/Core/Src/system_stm32f4xx.c.obj
 .debug_info    0x00003c73       0x22 CMakeFiles/WHEEL_07_F405.elf.dir/Core/Startup/startup_stm32f405rgtx.s.obj
 .debug_info    0x00003c95      0x9de CMakeFiles/WHEEL_07_F405.elf.dir/Drivers/STM32F4xx_HAL_Driver/Src/stm32f4xx_hal.c.obj
 .debug_info    0x00004673      0xee1 CMakeFiles/WHEEL_07_F405.elf.dir/Drivers/STM32F4xx_HAL_Driver/Src/stm32f4xx_hal_adc.c.obj
 .debug_info    0x00005554     0x1266 CMakeFiles/WHEEL_07_F405.elf.dir/Drivers/STM32F4xx_HAL_Driver/Src/stm32f4xx_hal_can.c.obj
 .debug_info    0x000067ba     0x1086 CMakeFiles/WHEEL_07_F405.elf.dir/Drivers/STM32F4xx_HAL_Driver/Src/stm32f4xx_hal_cortex.c.obj
 .debug_info    0x00007840      0xb3f CMakeFiles/WHEEL_07_F405.elf.dir/Drivers/STM32F4xx_HAL_Driver/Src/stm32f4xx_hal_dma.c.obj
 .debug_info    0x0000837f      0x7b0 CMakeFiles/WHEEL_07_F405.elf.dir/Drivers/STM32F4xx_HAL_Driver/Src/stm32f4xx_hal_gpio.c.obj
 .debug_info    0x00008b2f      0xb03 CMakeFiles/WHEEL_07_F405.elf.dir/Drivers/STM32F4xx_HAL_Driver/Src/stm32f4xx_hal_rcc.c.obj

.debug_abbrev   0x00000000     0x1a4d
 .debug_abbrev  0x00000000      0x2c8 CMakeFiles/WHEEL_07_F405.elf.dir/Core/Src/main.c.obj
 .debug_abbrev  0x000002c8      0x15d CMakeFiles/WHEEL_07_F405.elf.dir/Core/Src/rotary.c.obj
 .debug_abbrev  0x00000425      0x207 CMakeFiles/WHEEL_07_F405.elf.dir/Core/Src/stm32f4xx_hal_msp.c.obj
 .debug_abbrev  0x0000062c      0x1bb CMakeFiles/WHEEL_07_F405.elf.dir/Core/Src/stm32f4xx_it.c.obj
 .debug_abbrev  0x000007e7      0x119 CMakeFiles/WHEEL_07_F405.elf.dir/Core/Src/system_stm32f4xx.c.obj
 .debug_abbrev  0x00000900       0x12 CMakeFiles/WHEEL_07_F405.elf.dir/Core/Startup/startup_stm32f405rgtx.s.obj
 .debug_abbrev  0x00000912      0x206 CMakeFiles/WHEEL_07_F405.elf.dir/Drivers/STM32F4xx_HAL_Driver/Src/stm32f4xx_hal.c.obj
 .debug_abbrev  0x00000b18      0x23a CMakeFiles/WHEEL_07_F405.elf.dir/Drivers/STM32F4xx_HAL_Driver/Src/stm32f4xx_hal_adc.c.obj
 .debug_abbrev  0x00000d52      0x256 CMakeFiles/WHEEL_07_F405.elf.dir/Drivers/STM32F4xx_HAL_Driver/Src/stm32f4xx_hal_can.c.obj
 .debug_abbrev  0x00000fa8      0x36a CMakeFiles/WHEEL_07_F405.elf.dir/Drivers/STM32F4xx_HAL_Driver/Src/stm32f4xx_hal_cortex.c.obj
 .debug_abbrev  0x00001312      0x2c2 CMakeFiles/WHEEL_07_F405.elf.dir/Drivers/STM32F4xx_HAL_Driver/Src/stm32f4xx_hal_dma.c.obj
 .debug_abbrev  0x000015d4      0x1ef CMakeFiles/WHEEL_07_F405.elf.dir/Drivers/STM32F4xx_HAL_Driver/Src/stm32f4xx_hal_gpio.c.obj
 .debug_abbrev  0x000017c3      0x28a CMakeFiles/WHEEL_07_F405.elf.dir/Drivers/STM32F4xx_HAL_Driver/Src/stm32f4xx_hal_rcc.c.obj

.debug_loc      0x00000000     0x3b23
 .debug_loc     0x00000000       0x25 CMakeFiles/WHEEL_07_F405.elf.dir/Core/Src/main.c.obj
 .debug_loc     0x00000025       0xf5 CMakeFiles/WHEEL_07_F405.elf.dir/Core/Src/stm32f4xx_hal_msp.c.obj
 .debug_loc     0x0000011a      0x158 CMakeFiles/WHEEL_07_F405.elf.dir/Core/Src/system_stm32f4xx.c.obj
 .debug_loc     0x00000272      0x141 CMakeFiles/WHEEL_07_F405.elf.dir/Drivers/STM32F4xx_HAL_Driver/Src/stm32f4xx_hal.c.obj
 .debug_loc     0x000003b3      0xba1 CMakeFiles/WHEEL_07_F405.elf.dir/Drivers/STM32F4xx_HAL_Driver/Src/stm32f4xx_hal_adc.c.obj
 .debug_loc     0x00000f54      0xde6 CMakeFiles/WHEEL_07_F405.elf.dir/Drivers/STM32F4xx_HAL_Driver/Src/stm32f4xx_hal_can.c.obj
 .debug_loc     0x00001d3a      0x744 CMakeFiles/WHEEL_07_F405.elf.dir/Drivers/STM32F4xx_HAL_Driver/Src/stm32f4xx_hal_cortex.c.obj
 .debug_loc     0x0000247e      0xbf9 CMakeFiles/WHEEL_07_F405.elf.dir/Drivers/STM32F4xx_HAL_Driver/Src/stm32f4xx_hal_dma.c.obj
 .debug_loc     0x00003077      0x520 CMakeFiles/WHEEL_07_F405.elf.dir/Drivers/STM32F4xx_HAL_Driver/Src/stm32f4xx_hal_gpio.c.obj
 .debug_loc     0x00003597      0x58c CMakeFiles/WHEEL_07_F405.elf.dir/Drivers/STM32F4xx_HAL_Driver/Src/stm32f4xx_hal_rcc.c.obj

.debug_aranges  0x00000000      0x6b0
 .debug_aranges
                0x00000000       0x58 CMakeFiles/WHEEL_07_F405.elf.dir/Core/Src/main.c.obj
 .debug_aranges
                0x00000058       0x20 CMakeFiles/WHEEL_07_F405.elf.dir/Core/Src/rotary.c.obj
 .debug_aranges
                0x00000078       0x40 CMakeFiles/WHEEL_07_F405.elf.dir/Core/Src/stm32f4xx_hal_msp.c.obj
 .debug_aranges
                0x000000b8       0x80 CMakeFiles/WHEEL_07_F405.elf.dir/Core/Src/stm32f4xx_it.c.obj
 .debug_aranges
                0x00000138       0x28 CMakeFiles/WHEEL_07_F405.elf.dir/Core/Src/system_stm32f4xx.c.obj
 .debug_aranges
                0x00000160       0x28 CMakeFiles/WHEEL_07_F405.elf.dir/Core/Startup/startup_stm32f405rgtx.s.obj
 .debug_aranges
                0x00000188       0xf0 CMakeFiles/WHEEL_07_F405.elf.dir/Drivers/STM32F4xx_HAL_Driver/Src/stm32f4xx_hal.c.obj
 .debug_aranges
                0x00000278       0xe8 CMakeFiles/WHEEL_07_F405.elf.dir/Drivers/STM32F4xx_HAL_Driver/Src/stm32f4xx_hal_adc.c.obj
 .debug_aranges
                0x00000360      0x138 CMakeFiles/WHEEL_07_F405.elf.dir/Drivers/STM32F4xx_HAL_Driver/Src/stm32f4xx_hal_can.c.obj
 .debug_aranges
                0x00000498       0xa8 CMakeFiles/WHEEL_07_F405.elf.dir/Drivers/STM32F4xx_HAL_Driver/Src/stm32f4xx_hal_cortex.c.obj
 .debug_aranges
                0x00000540       0x90 CMakeFiles/WHEEL_07_F405.elf.dir/Drivers/STM32F4xx_HAL_Driver/Src/stm32f4xx_hal_dma.c.obj
 .debug_aranges
                0x000005d0       0x58 CMakeFiles/WHEEL_07_F405.elf.dir/Drivers/STM32F4xx_HAL_Driver/Src/stm32f4xx_hal_gpio.c.obj
 .debug_aranges
                0x00000628       0x88 CMakeFiles/WHEEL_07_F405.elf.dir/Drivers/STM32F4xx_HAL_Driver/Src/stm32f4xx_hal_rcc.c.obj

.debug_ranges   0x00000000      0x660
 .debug_ranges  0x00000000       0x48 CMakeFiles/WHEEL_07_F405.elf.dir/Core/Src/main.c.obj
 .debug_ranges  0x00000048       0x10 CMakeFiles/WHEEL_07_F405.elf.dir/Core/Src/rotary.c.obj
 .debug_ranges  0x00000058       0x30 CMakeFiles/WHEEL_07_F405.elf.dir/Core/Src/stm32f4xx_hal_msp.c.obj
 .debug_ranges  0x00000088       0x70 CMakeFiles/WHEEL_07_F405.elf.dir/Core/Src/stm32f4xx_it.c.obj
 .debug_ranges  0x000000f8       0x18 CMakeFiles/WHEEL_07_F405.elf.dir/Core/Src/system_stm32f4xx.c.obj
 .debug_ranges  0x00000110       0x20 CMakeFiles/WHEEL_07_F405.elf.dir/Core/Startup/startup_stm32f405rgtx.s.obj
 .debug_ranges  0x00000130       0xe0 CMakeFiles/WHEEL_07_F405.elf.dir/Drivers/STM32F4xx_HAL_Driver/Src/stm32f4xx_hal.c.obj
 .debug_ranges  0x00000210       0xd8 CMakeFiles/WHEEL_07_F405.elf.dir/Drivers/STM32F4xx_HAL_Driver/Src/stm32f4xx_hal_adc.c.obj
 .debug_ranges  0x000002e8      0x128 CMakeFiles/WHEEL_07_F405.elf.dir/Drivers/STM32F4xx_HAL_Driver/Src/stm32f4xx_hal_can.c.obj
 .debug_ranges  0x00000410       0xf8 CMakeFiles/WHEEL_07_F405.elf.dir/Drivers/STM32F4xx_HAL_Driver/Src/stm32f4xx_hal_cortex.c.obj
 .debug_ranges  0x00000508       0x80 CMakeFiles/WHEEL_07_F405.elf.dir/Drivers/STM32F4xx_HAL_Driver/Src/stm32f4xx_hal_dma.c.obj
 .debug_ranges  0x00000588       0x48 CMakeFiles/WHEEL_07_F405.elf.dir/Drivers/STM32F4xx_HAL_Driver/Src/stm32f4xx_hal_gpio.c.obj
 .debug_ranges  0x000005d0       0x90 CMakeFiles/WHEEL_07_F405.elf.dir/Drivers/STM32F4xx_HAL_Driver/Src/stm32f4xx_hal_rcc.c.obj

.debug_line     0x00000000     0x68d3
 .debug_line    0x00000000      0x741 CMakeFiles/WHEEL_07_F405.elf.dir/Core/Src/main.c.obj
 .debug_line    0x00000741      0x292 CMakeFiles/WHEEL_07_F405.elf.dir/Core/Src/rotary.c.obj
 .debug_line    0x000009d3      0x482 CMakeFiles/WHEEL_07_F405.elf.dir/Core/Src/stm32f4xx_hal_msp.c.obj
 .debug_line    0x00000e55      0x3b9 CMakeFiles/WHEEL_07_F405.elf.dir/Core/Src/stm32f4xx_it.c.obj
 .debug_line    0x0000120e      0x2e0 CMakeFiles/WHEEL_07_F405.elf.dir/Core/Src/system_stm32f4xx.c.obj
 .debug_line    0x000014ee       0xc1 CMakeFiles/WHEEL_07_F405.elf.dir/Core/Startup/startup_stm32f405rgtx.s.obj
 .debug_line    0x000015af      0x631 CMakeFiles/WHEEL_07_F405.elf.dir/Drivers/STM32F4xx_HAL_Driver/Src/stm32f4xx_hal.c.obj
 .debug_line    0x00001be0     0x1141 CMakeFiles/WHEEL_07_F405.elf.dir/Drivers/STM32F4xx_HAL_Driver/Src/stm32f4xx_hal_adc.c.obj
 .debug_line    0x00002d21     0x11a9 CMakeFiles/WHEEL_07_F405.elf.dir/Drivers/STM32F4xx_HAL_Driver/Src/stm32f4xx_hal_can.c.obj
 .debug_line    0x00003eca      0x844 CMakeFiles/WHEEL_07_F405.elf.dir/Drivers/STM32F4xx_HAL_Driver/Src/stm32f4xx_hal_cortex.c.obj
 .debug_line    0x0000470e      0xeb5 CMakeFiles/WHEEL_07_F405.elf.dir/Drivers/STM32F4xx_HAL_Driver/Src/stm32f4xx_hal_dma.c.obj
 .debug_line    0x000055c3      0x771 CMakeFiles/WHEEL_07_F405.elf.dir/Drivers/STM32F4xx_HAL_Driver/Src/stm32f4xx_hal_gpio.c.obj
 .debug_line    0x00005d34      0xb9f CMakeFiles/WHEEL_07_F405.elf.dir/Drivers/STM32F4xx_HAL_Driver/Src/stm32f4xx_hal_rcc.c.obj

.debug_str      0x00000000     0x2b86
 .debug_str     0x00000000     0x1229 CMakeFiles/WHEEL_07_F405.elf.dir/Core/Src/main.c.obj
                               0x1307 (size before relaxing)
 .debug_str     0x00001229       0x6c CMakeFiles/WHEEL_07_F405.elf.dir/Core/Src/rotary.c.obj
                                0x5ff (size before relaxing)
 .debug_str     0x00001295       0xe9 CMakeFiles/WHEEL_07_F405.elf.dir/Core/Src/stm32f4xx_hal_msp.c.obj
                                0xf6a (size before relaxing)
 .debug_str     0x0000137e      0x169 CMakeFiles/WHEEL_07_F405.elf.dir/Core/Src/stm32f4xx_it.c.obj
                                0x7f3 (size before relaxing)
 .debug_str     0x000014e7      0x114 CMakeFiles/WHEEL_07_F405.elf.dir/Core/Src/system_stm32f4xx.c.obj
                                0x3d9 (size before relaxing)
 .debug_str     0x000015fb       0x6f CMakeFiles/WHEEL_07_F405.elf.dir/Core/Startup/startup_stm32f405rgtx.s.obj
                                 0xbd (size before relaxing)
 .debug_str     0x0000166a      0x38b CMakeFiles/WHEEL_07_F405.elf.dir/Drivers/STM32F4xx_HAL_Driver/Src/stm32f4xx_hal.c.obj
                                0xb9d (size before relaxing)
 .debug_str     0x000019f5      0x2e6 CMakeFiles/WHEEL_07_F405.elf.dir/Drivers/STM32F4xx_HAL_Driver/Src/stm32f4xx_hal_adc.c.obj
                                0x9c6 (size before relaxing)
 .debug_str     0x00001cdb      0x418 CMakeFiles/WHEEL_07_F405.elf.dir/Drivers/STM32F4xx_HAL_Driver/Src/stm32f4xx_hal_can.c.obj
                                0xaaf (size before relaxing)
 .debug_str     0x000020f3      0x46e CMakeFiles/WHEEL_07_F405.elf.dir/Drivers/STM32F4xx_HAL_Driver/Src/stm32f4xx_hal_cortex.c.obj
                                0xc6f (size before relaxing)
 .debug_str     0x00002561      0x2e7 CMakeFiles/WHEEL_07_F405.elf.dir/Drivers/STM32F4xx_HAL_Driver/Src/stm32f4xx_hal_dma.c.obj
                                0x7da (size before relaxing)
 .debug_str     0x00002848      0x161 CMakeFiles/WHEEL_07_F405.elf.dir/Drivers/STM32F4xx_HAL_Driver/Src/stm32f4xx_hal_gpio.c.obj
                                0x544 (size before relaxing)
 .debug_str     0x000029a9      0x1dd CMakeFiles/WHEEL_07_F405.elf.dir/Drivers/STM32F4xx_HAL_Driver/Src/stm32f4xx_hal_rcc.c.obj
                                0x76a (size before relaxing)

.comment        0x00000000       0x49
 .comment       0x00000000       0x49 CMakeFiles/WHEEL_07_F405.elf.dir/Core/Src/main.c.obj
                                 0x4a (size before relaxing)
 .comment       0x00000049       0x4a CMakeFiles/WHEEL_07_F405.elf.dir/Core/Src/rotary.c.obj
 .comment       0x00000049       0x4a CMakeFiles/WHEEL_07_F405.elf.dir/Core/Src/stm32f4xx_hal_msp.c.obj
 .comment       0x00000049       0x4a CMakeFiles/WHEEL_07_F405.elf.dir/Core/Src/stm32f4xx_it.c.obj
 .comment       0x00000049       0x4a CMakeFiles/WHEEL_07_F405.elf.dir/Core/Src/system_stm32f4xx.c.obj
 .comment       0x00000049       0x4a CMakeFiles/WHEEL_07_F405.elf.dir/Drivers/STM32F4xx_HAL_Driver/Src/stm32f4xx_hal.c.obj
 .comment       0x00000049       0x4a CMakeFiles/WHEEL_07_F405.elf.dir/Drivers/STM32F4xx_HAL_Driver/Src/stm32f4xx_hal_adc.c.obj
 .comment       0x00000049       0x4a CMakeFiles/WHEEL_07_F405.elf.dir/Drivers/STM32F4xx_HAL_Driver/Src/stm32f4xx_hal_can.c.obj
 .comment       0x00000049       0x4a CMakeFiles/WHEEL_07_F405.elf.dir/Drivers/STM32F4xx_HAL_Driver/Src/stm32f4xx_hal_cortex.c.obj
 .comment       0x00000049       0x4a CMakeFiles/WHEEL_07_F405.elf.dir/Drivers/STM32F4xx_HAL_Driver/Src/stm32f4xx_hal_dma.c.obj
 .comment       0x00000049       0x4a CMakeFiles/WHEEL_07_F405.elf.dir/Drivers/STM32F4xx_HAL_Driver/Src/stm32f4xx_hal_gpio.c.obj
 .comment       0x00000049       0x4a CMakeFiles/WHEEL_07_F405.elf.dir/Drivers/STM32F4xx_HAL_Driver/Src/stm32f4xx_hal_rcc.c.obj

.debug_frame    0x00000000     0x1164
 .debug_frame   0x00000000       0xec CMakeFiles/WHEEL_07_F405.elf.dir/Core/Src/main.c.obj
 .debug_frame   0x000000ec       0x20 CMakeFiles/WHEEL_07_F405.elf.dir/Core/Src/rotary.c.obj
 .debug_frame   0x0000010c       0x9c CMakeFiles/WHEEL_07_F405.elf.dir/Core/Src/stm32f4xx_hal_msp.c.obj
 .debug_frame   0x000001a8      0x108 CMakeFiles/WHEEL_07_F405.elf.dir/Core/Src/stm32f4xx_it.c.obj
 .debug_frame   0x000002b0       0x30 CMakeFiles/WHEEL_07_F405.elf.dir/Core/Src/system_stm32f4xx.c.obj
 .debug_frame   0x000002e0      0x1ec CMakeFiles/WHEEL_07_F405.elf.dir/Drivers/STM32F4xx_HAL_Driver/Src/stm32f4xx_hal.c.obj
 .debug_frame   0x000004cc      0x268 CMakeFiles/WHEEL_07_F405.elf.dir/Drivers/STM32F4xx_HAL_Driver/Src/stm32f4xx_hal_adc.c.obj
 .debug_frame   0x00000734      0x2d0 CMakeFiles/WHEEL_07_F405.elf.dir/Drivers/STM32F4xx_HAL_Driver/Src/stm32f4xx_hal_can.c.obj
 .debug_frame   0x00000a04      0x148 CMakeFiles/WHEEL_07_F405.elf.dir/Drivers/STM32F4xx_HAL_Driver/Src/stm32f4xx_hal_cortex.c.obj
 .debug_frame   0x00000b4c      0x188 CMakeFiles/WHEEL_07_F405.elf.dir/Drivers/STM32F4xx_HAL_Driver/Src/stm32f4xx_hal_dma.c.obj
 .debug_frame   0x00000cd4       0xd8 CMakeFiles/WHEEL_07_F405.elf.dir/Drivers/STM32F4xx_HAL_Driver/Src/stm32f4xx_hal_gpio.c.obj
 .debug_frame   0x00000dac      0x16c CMakeFiles/WHEEL_07_F405.elf.dir/Drivers/STM32F4xx_HAL_Driver/Src/stm32f4xx_hal_rcc.c.obj
 .debug_frame   0x00000f18       0x2c c:/progra~2/gnuarm~1/102021~1.10/bin/../lib/gcc/arm-none-eabi/10.3.1/thumb/v7e-m/nofp\libgcc.a(_aeabi_uldivmod.o)
 .debug_frame   0x00000f44       0x34 c:/progra~2/gnuarm~1/102021~1.10/bin/../lib/gcc/arm-none-eabi/10.3.1/thumb/v7e-m/nofp\libgcc.a(_udivmoddi4.o)
 .debug_frame   0x00000f78       0x2c c:/progra~2/gnuarm~1/102021~1.10/bin/../lib/gcc/arm-none-eabi/10.3.1/../../../../arm-none-eabi/lib/thumb/v7e-m/nofp\libg.a(lib_a-init.o)
 .debug_frame   0x00000fa4       0x2c c:/progra~2/gnuarm~1/102021~1.10/bin/../lib/gcc/arm-none-eabi/10.3.1/../../../../arm-none-eabi/lib/thumb/v7e-m/nofp\libg.a(lib_a-memset.o)
 .debug_frame   0x00000fd0       0x5c c:/progra~2/gnuarm~1/102021~1.10/bin/../lib/gcc/arm-none-eabi/10.3.1/../../../../arm-none-eabi/lib/thumb/v7e-m/nofp\libg.a(lib_a-__call_atexit.o)
 .debug_frame   0x0000102c       0x20 c:/progra~2/gnuarm~1/102021~1.10/bin/../lib/gcc/arm-none-eabi/10.3.1/../../../../arm-none-eabi/lib/thumb/v7e-m/nofp\libg.a(lib_a-atexit.o)
 .debug_frame   0x0000104c       0x34 c:/progra~2/gnuarm~1/102021~1.10/bin/../lib/gcc/arm-none-eabi/10.3.1/../../../../arm-none-eabi/lib/thumb/v7e-m/nofp\libg.a(lib_a-fini.o)
 .debug_frame   0x00001080       0xb0 c:/progra~2/gnuarm~1/102021~1.10/bin/../lib/gcc/arm-none-eabi/10.3.1/../../../../arm-none-eabi/lib/thumb/v7e-m/nofp\libg.a(lib_a-lock.o)
 .debug_frame   0x00001130       0x34 c:/progra~2/gnuarm~1/102021~1.10/bin/../lib/gcc/arm-none-eabi/10.3.1/../../../../arm-none-eabi/lib/thumb/v7e-m/nofp\libg.a(lib_a-__atexit.o)
