Archive member included to satisfy reference by file (symbol)

c:/progra~2/gnuarm~1/102021~1.10/bin/../lib/gcc/arm-none-eabi/10.3.1/thumb/v7e-m/nofp\libgcc.a(_aeabi_uldivmod.o)
                              CMakeFiles/WHEEL_07_F405.elf.dir/Drivers/STM32F4xx_HAL_Driver/Src/stm32f4xx_hal_rcc.c.obj (__aeabi_uldivmod)
c:/progra~2/gnuarm~1/102021~1.10/bin/../lib/gcc/arm-none-eabi/10.3.1/thumb/v7e-m/nofp\libgcc.a(_udivmoddi4.o)
                              c:/progra~2/gnuarm~1/102021~1.10/bin/../lib/gcc/arm-none-eabi/10.3.1/thumb/v7e-m/nofp\libgcc.a(_aeabi_uldivmod.o) (__udivmoddi4)
c:/progra~2/gnuarm~1/102021~1.10/bin/../lib/gcc/arm-none-eabi/10.3.1/thumb/v7e-m/nofp\libgcc.a(_dvmd_tls.o)
                              c:/progra~2/gnuarm~1/102021~1.10/bin/../lib/gcc/arm-none-eabi/10.3.1/thumb/v7e-m/nofp\libgcc.a(_aeabi_uldivmod.o) (__aeabi_ldiv0)
c:/progra~2/gnuarm~1/102021~1.10/bin/../lib/gcc/arm-none-eabi/10.3.1/../../../../arm-none-eabi/lib/thumb/v7e-m/nofp\libg.a(lib_a-errno.o)
                              CMakeFiles/WHEEL_07_F405.elf.dir/Core/Src/syscalls.c.obj (__errno)
c:/progra~2/gnuarm~1/102021~1.10/bin/../lib/gcc/arm-none-eabi/10.3.1/../../../../arm-none-eabi/lib/thumb/v7e-m/nofp\libg.a(lib_a-exit.o)
                              c:/progra~2/gnuarm~1/102021~1.10/bin/../lib/gcc/arm-none-eabi/10.3.1/../../../../arm-none-eabi/lib/thumb/v7e-m/nofp/crt0.o (exit)
c:/progra~2/gnuarm~1/102021~1.10/bin/../lib/gcc/arm-none-eabi/10.3.1/../../../../arm-none-eabi/lib/thumb/v7e-m/nofp\libg.a(lib_a-impure.o)
                              c:/progra~2/gnuarm~1/102021~1.10/bin/../lib/gcc/arm-none-eabi/10.3.1/../../../../arm-none-eabi/lib/thumb/v7e-m/nofp\libg.a(lib_a-exit.o) (_global_impure_ptr)
c:/progra~2/gnuarm~1/102021~1.10/bin/../lib/gcc/arm-none-eabi/10.3.1/../../../../arm-none-eabi/lib/thumb/v7e-m/nofp\libg.a(lib_a-init.o)
                              c:/progra~2/gnuarm~1/102021~1.10/bin/../lib/gcc/arm-none-eabi/10.3.1/../../../../arm-none-eabi/lib/thumb/v7e-m/nofp/crt0.o (__libc_init_array)
c:/progra~2/gnuarm~1/102021~1.10/bin/../lib/gcc/arm-none-eabi/10.3.1/../../../../arm-none-eabi/lib/thumb/v7e-m/nofp\libg.a(lib_a-memset.o)
                              c:/progra~2/gnuarm~1/102021~1.10/bin/../lib/gcc/arm-none-eabi/10.3.1/../../../../arm-none-eabi/lib/thumb/v7e-m/nofp/crt0.o (memset)
c:/progra~2/gnuarm~1/102021~1.10/bin/../lib/gcc/arm-none-eabi/10.3.1/../../../../arm-none-eabi/lib/thumb/v7e-m/nofp\libg.a(lib_a-__call_atexit.o)
                              c:/progra~2/gnuarm~1/102021~1.10/bin/../lib/gcc/arm-none-eabi/10.3.1/../../../../arm-none-eabi/lib/thumb/v7e-m/nofp\libg.a(lib_a-exit.o) (__call_exitprocs)
c:/progra~2/gnuarm~1/102021~1.10/bin/../lib/gcc/arm-none-eabi/10.3.1/../../../../arm-none-eabi/lib/thumb/v7e-m/nofp\libg.a(lib_a-atexit.o)
                              c:/progra~2/gnuarm~1/102021~1.10/bin/../lib/gcc/arm-none-eabi/10.3.1/../../../../arm-none-eabi/lib/thumb/v7e-m/nofp\libg.a(lib_a-__call_atexit.o) (atexit)
c:/progra~2/gnuarm~1/102021~1.10/bin/../lib/gcc/arm-none-eabi/10.3.1/../../../../arm-none-eabi/lib/thumb/v7e-m/nofp\libg.a(lib_a-fini.o)
                              c:/progra~2/gnuarm~1/102021~1.10/bin/../lib/gcc/arm-none-eabi/10.3.1/../../../../arm-none-eabi/lib/thumb/v7e-m/nofp\libg.a(lib_a-__call_atexit.o) (__libc_fini_array)
c:/progra~2/gnuarm~1/102021~1.10/bin/../lib/gcc/arm-none-eabi/10.3.1/../../../../arm-none-eabi/lib/thumb/v7e-m/nofp\libg.a(lib_a-lock.o)
                              c:/progra~2/gnuarm~1/102021~1.10/bin/../lib/gcc/arm-none-eabi/10.3.1/../../../../arm-none-eabi/lib/thumb/v7e-m/nofp\libg.a(lib_a-__call_atexit.o) (__retarget_lock_acquire_recursive)
c:/progra~2/gnuarm~1/102021~1.10/bin/../lib/gcc/arm-none-eabi/10.3.1/../../../../arm-none-eabi/lib/thumb/v7e-m/nofp\libg.a(lib_a-__atexit.o)
                              c:/progra~2/gnuarm~1/102021~1.10/bin/../lib/gcc/arm-none-eabi/10.3.1/../../../../arm-none-eabi/lib/thumb/v7e-m/nofp\libg.a(lib_a-atexit.o) (__register_exitproc)

Discarded input sections

 .text          0x00000000        0x0 c:/progra~2/gnuarm~1/102021~1.10/bin/../lib/gcc/arm-none-eabi/10.3.1/thumb/v7e-m/nofp/crti.o
 .data          0x00000000        0x0 c:/progra~2/gnuarm~1/102021~1.10/bin/../lib/gcc/arm-none-eabi/10.3.1/thumb/v7e-m/nofp/crti.o
 .bss           0x00000000        0x0 c:/progra~2/gnuarm~1/102021~1.10/bin/../lib/gcc/arm-none-eabi/10.3.1/thumb/v7e-m/nofp/crti.o
 .data          0x00000000        0x4 c:/progra~2/gnuarm~1/102021~1.10/bin/../lib/gcc/arm-none-eabi/10.3.1/thumb/v7e-m/nofp/crtbegin.o
 .rodata        0x00000000       0x24 c:/progra~2/gnuarm~1/102021~1.10/bin/../lib/gcc/arm-none-eabi/10.3.1/thumb/v7e-m/nofp/crtbegin.o
 .text          0x00000000       0x7c c:/progra~2/gnuarm~1/102021~1.10/bin/../lib/gcc/arm-none-eabi/10.3.1/../../../../arm-none-eabi/lib/thumb/v7e-m/nofp/crt0.o
[...]
Memory Configuration

Name             Origin             Length             Attributes
CCMRAM           0x10000000         0x00010000         xrw
RAM              0x20000000         0x00020000         xrw
FLASH            0x08000000         0x00100000         xr
*default*        0x00000000         0xffffffff

Linker script and memory map

LOAD c:/progra~2/gnuarm~1/102021~1.10/bin/../lib/gcc/arm-none-eabi/10.3.1/thumb/v7e-m/nofp/crti.o
LOAD c:/progra~2/gnuarm~1/102021~1.10/bin/../lib/gcc/arm-none-eabi/10.3.1/thumb/v7e-m/nofp/crtbegin.o
LOAD c:/progra~2/gnuarm~1/102021~1.10/bin/../lib/gcc/arm-none-eabi/10.3.1/../../../../arm-none-eabi/lib/thumb/v7e-m/nofp/crt0.o
LOAD CMakeFiles/WHEEL_07_F405.elf.dir/Core/Src/main.c.obj
LOAD CMakeFiles/WHEEL_07_F405.elf.dir/Core/Src/stm32f4xx_hal_msp.c.obj
LOAD CMakeFiles/WHEEL_07_F405.elf.dir/Core/Src/stm32f4xx_it.c.obj
LOAD CMakeFiles/WHEEL_07_F405.elf.dir/Core/Src/syscalls.c.obj
LOAD CMakeFiles/WHEEL_07_F405.elf.dir/Core/Src/sysmem.c.obj
LOAD CMakeFiles/WHEEL_07_F405.elf.dir/Core/Src/system_stm32f4xx.c.obj
LOAD CMakeFiles/WHEEL_07_F405.elf.dir/Core/Startup/startup_stm32f405rgtx.s.obj
LOAD CMakeFiles/WHEEL_07_F405.elf.dir/Drivers/STM32F4xx_HAL_Driver/Src/stm32f4xx_hal.c.obj
LOAD CMakeFiles/WHEEL_07_F405.elf.dir/Drivers/STM32F4xx_HAL_Driver/Src/stm32f4xx_hal_can.c.obj
LOAD CMakeFiles/WHEEL_07_F405.elf.dir/Drivers/STM32F4xx_HAL_Driver/Src/stm32f4xx_hal_cortex.c.obj
LOAD CMakeFiles/WHEEL_07_F405.elf.dir/Drivers/STM32F4xx_HAL_Driver/Src/stm32f4xx_hal_dma.c.obj
LOAD CMakeFiles/WHEEL_07_F405.elf.dir/Drivers/STM32F4xx_HAL_Driver/Src/stm32f4xx_hal_dma_ex.c.obj
LOAD CMakeFiles/WHEEL_07_F405.elf.dir/Drivers/STM32F4xx_HAL_Driver/Src/stm32f4xx_hal_exti.c.obj
LOAD CMakeFiles/WHEEL_07_F405.elf.dir/Drivers/STM32F4xx_HAL_Driver/Src/stm32f4xx_hal_flash.c.obj
LOAD CMakeFiles/WHEEL_07_F405.elf.dir/Drivers/STM32F4xx_HAL_Driver/Src/stm32f4xx_hal_flash_ex.c.obj
LOAD CMakeFiles/WHEEL_07_F405.elf.dir/Drivers/STM32F4xx_HAL_Driver/Src/stm32f4xx_hal_flash_ramfunc.c.obj
LOAD CMakeFiles/WHEEL_07_F405.elf.dir/Drivers/STM32F4xx_HAL_Driver/Src/stm32f4xx_hal_gpio.c.obj
LOAD CMakeFiles/WHEEL_07_F405.elf.dir/Drivers/STM32F4xx_HAL_Driver/Src/stm32f4xx_hal_pwr.c.obj
LOAD CMakeFiles/WHEEL_07_F405.elf.dir/Drivers/STM32F4xx_HAL_Driver/Src/stm32f4xx_hal_pwr_ex.c.obj
LOAD CMakeFiles/WHEEL_07_F405.elf.dir/Drivers/STM32F4xx_HAL_Driver/Src/stm32f4xx_hal_rcc.c.obj
LOAD CMakeFiles/WHEEL_07_F405.elf.dir/Drivers/STM32F4xx_HAL_Driver/Src/stm32f4xx_hal_rcc_ex.c.obj
LOAD CMakeFiles/WHEEL_07_F405.elf.dir/Drivers/STM32F4xx_HAL_Driver/Src/stm32f4xx_hal_tim.c.obj
LOAD CMakeFiles/WHEEL_07_F405.elf.dir/Drivers/STM32F4xx_HAL_Driver/Src/stm32f4xx_hal_tim_ex.c.obj
START GROUP
LOAD c:/progra~2/gnuarm~1/102021~1.10/bin/../lib/gcc/arm-none-eabi/10.3.1/thumb/v7e-m/nofp\libgcc.a
LOAD c:/progra~2/gnuarm~1/102021~1.10/bin/../lib/gcc/arm-none-eabi/10.3.1/../../../../arm-none-eabi/lib/thumb/v7e-m/nofp\libg.a
LOAD c:/progra~2/gnuarm~1/102021~1.10/bin/../lib/gcc/arm-none-eabi/10.3.1/../../../../arm-none-eabi/lib/thumb/v7e-m/nofp\libc.a
END GROUP
LOAD c:/progra~2/gnuarm~1/102021~1.10/bin/../lib/gcc/arm-none-eabi/10.3.1/thumb/v7e-m/nofp/crtend.o
LOAD c:/progra~2/gnuarm~1/102021~1.10/bin/../lib/gcc/arm-none-eabi/10.3.1/thumb/v7e-m/nofp/crtn.o
                0x20020000                _estack = (ORIGIN (RAM) + LENGTH (RAM))
                0x00000200                _Min_Heap_Size = 0x200
                0x00000400                _Min_Stack_Size = 0x400

.isr_vector     0x08000000      0x188
                0x08000000                . = ALIGN (0x4)
 *(.isr_vector)
 .isr_vector    0x08000000      0x188 CMakeFiles/WHEEL_07_F405.elf.dir/Core/Startup/startup_stm32f405rgtx.s.obj
                0x08000000                g_pfnVectors
                0x08000188                . = ALIGN (0x4)

.text           0x08000188     0x1a10
                0x08000188                . = ALIGN (0x4)
 *(.text)
 .text          0x08000188       0x40 c:/progra~2/gnuarm~1/102021~1.10/bin/../lib/gcc/arm-none-eabi/10.3.1/thumb/v7e-m/nofp/crtbegin.o
 .text          0x080001c8       0x30 c:/progra~2/gnuarm~1/102021~1.10/bin/../lib/gcc/arm-none-eabi/10.3.1/thumb/v7e-m/nofp\libgcc.a(_aeabi_uldivmod.o)
                0x080001c8                __aeabi_uldivmod
 .text          0x080001f8      0x2d0 c:/progra~2/gnuarm~1/102021~1.10/bin/../lib/gcc/arm-none-eabi/10.3.1/thumb/v7e-m/nofp\libgcc.a(_udivmoddi4.o)
                0x080001f8                __udivmoddi4
 .text          0x080004c8        0x4 c:/progra~2/gnuarm~1/102021~1.10/bin/../lib/gcc/arm-none-eabi/10.3.1/thumb/v7e-m/nofp\libgcc.a(_dvmd_tls.o)
                0x080004c8                __aeabi_idiv0
                0x080004c8                __aeabi_ldiv0
 *(.text*)
 .text.MX_GPIO_Init
                0x080004cc       0x6c CMakeFiles/WHEEL_07_F405.elf.dir/Core/Src/main.c.obj
 .text.HAL_CAN_RxFifo0MsgPendingCallback
                0x08000538       0x24 CMakeFiles/WHEEL_07_F405.elf.dir/Core/Src/main.c.obj
                0x08000538                HAL_CAN_RxFifo0MsgPendingCallback
 .text.Error_Handler
                0x0800055c        0x4 CMakeFiles/WHEEL_07_F405.elf.dir/Core/Src/main.c.obj
                0x0800055c                Error_Handler
 .text.MX_CAN1_Init
                0x08000560       0x6c CMakeFiles/WHEEL_07_F405.elf.dir/Core/Src/main.c.obj
 .text.SystemClock_Config
                0x080005cc       0x88 CMakeFiles/WHEEL_07_F405.elf.dir/Core/Src/main.c.obj
                0x080005cc                SystemClock_Config
 .text.main     0x08000654       0x7c CMakeFiles/WHEEL_07_F405.elf.dir/Core/Src/main.c.obj
                0x08000654                main
 .text.HAL_MspInit
                0x080006d0       0x38 CMakeFiles/WHEEL_07_F405.elf.dir/Core/Src/stm32f4xx_hal_msp.c.obj
                0x080006d0                HAL_MspInit
 .text.HAL_CAN_MspInit
                0x08000708       0xa0 CMakeFiles/WHEEL_07_F405.elf.dir/Core/Src/stm32f4xx_hal_msp.c.obj
                0x08000708                HAL_CAN_MspInit
 .text.NMI_Handler
                0x080007a8        0x2 CMakeFiles/WHEEL_07_F405.elf.dir/Core/Src/stm32f4xx_it.c.obj
                0x080007a8                NMI_Handler
 .text.HardFault_Handler
                0x080007aa        0x2 CMakeFiles/WHEEL_07_F405.elf.dir/Core/Src/stm32f4xx_it.c.obj
                0x080007aa                HardFault_Handler
 .text.MemManage_Handler
                0x080007ac        0x2 CMakeFiles/WHEEL_07_F405.elf.dir/Core/Src/stm32f4xx_it.c.obj
                0x080007ac                MemManage_Handler
 .text.BusFault_Handler
                0x080007ae        0x2 CMakeFiles/WHEEL_07_F405.elf.dir/Core/Src/stm32f4xx_it.c.obj
                0x080007ae                BusFault_Handler
 .text.UsageFault_Handler
                0x080007b0        0x2 CMakeFiles/WHEEL_07_F405.elf.dir/Core/Src/stm32f4xx_it.c.obj
                0x080007b0                UsageFault_Handler
 .text.SVC_Handler
                0x080007b2        0x2 CMakeFiles/WHEEL_07_F405.elf.dir/Core/Src/stm32f4xx_it.c.obj
                0x080007b2                SVC_Handler
 .text.DebugMon_Handler
                0x080007b4        0x2 CMakeFiles/WHEEL_07_F405.elf.dir/Core/Src/stm32f4xx_it.c.obj
                0x080007b4                DebugMon_Handler
 .text.PendSV_Handler
                0x080007b6        0x2 CMakeFiles/WHEEL_07_F405.elf.dir/Core/Src/stm32f4xx_it.c.obj
                0x080007b6                PendSV_Handler
 .text.SysTick_Handler
                0x080007b8        0x8 CMakeFiles/WHEEL_07_F405.elf.dir/Core/Src/stm32f4xx_it.c.obj
                0x080007b8                SysTick_Handler
 .text.CAN1_TX_IRQHandler
                0x080007c0       0x10 CMakeFiles/WHEEL_07_F405.elf.dir/Core/Src/stm32f4xx_it.c.obj
                0x080007c0                CAN1_TX_IRQHandler
 .text.CAN1_RX0_IRQHandler
                0x080007d0       0x10 CMakeFiles/WHEEL_07_F405.elf.dir/Core/Src/stm32f4xx_it.c.obj
                0x080007d0                CAN1_RX0_IRQHandler
 .text.CAN1_RX1_IRQHandler
                0x080007e0       0x10 CMakeFiles/WHEEL_07_F405.elf.dir/Core/Src/stm32f4xx_it.c.obj
                0x080007e0                CAN1_RX1_IRQHandler
 .text.SystemInit
                0x080007f0       0x10 CMakeFiles/WHEEL_07_F405.elf.dir/Core/Src/system_stm32f4xx.c.obj
                0x080007f0                SystemInit
 .text.Reset_Handler
                0x08000800       0x50 CMakeFiles/WHEEL_07_F405.elf.dir/Core/Startup/startup_stm32f405rgtx.s.obj
                0x08000800                Reset_Handler
 .text.Default_Handler
                0x08000850        0x2 CMakeFiles/WHEEL_07_F405.elf.dir/Core/Startup/startup_stm32f405rgtx.s.obj
                0x08000850                RTC_Alarm_IRQHandler
                0x08000850                HASH_RNG_IRQHandler
                0x08000850                EXTI2_IRQHandler
                0x08000850                TIM8_CC_IRQHandler
                0x08000850                TIM1_CC_IRQHandler
                0x08000850                DMA2_Stream5_IRQHandler
                0x08000850                DMA1_Stream5_IRQHandler
                0x08000850                PVD_IRQHandler
                0x08000850                SDIO_IRQHandler
                0x08000850                TAMP_STAMP_IRQHandler
                0x08000850                CAN2_RX1_IRQHandler
                0x08000850                EXTI3_IRQHandler
                0x08000850                TIM8_TRG_COM_TIM14_IRQHandler
                0x08000850                TIM1_UP_TIM10_IRQHandler
                0x08000850                TIM8_UP_TIM13_IRQHandler
                0x08000850                I2C3_ER_IRQHandler
                0x08000850                EXTI0_IRQHandler
                0x08000850                I2C2_EV_IRQHandler
                0x08000850                DMA1_Stream2_IRQHandler
                0x08000850                FPU_IRQHandler
                0x08000850                OTG_HS_WKUP_IRQHandler
                0x08000850                CAN2_SCE_IRQHandler
                0x08000850                DMA2_Stream2_IRQHandler
                0x08000850                SPI1_IRQHandler
                0x08000850                TIM6_DAC_IRQHandler
                0x08000850                TIM1_BRK_TIM9_IRQHandler
                0x08000850                CAN2_RX0_IRQHandler
                0x08000850                DMA2_Stream3_IRQHandler
                0x08000850                USART6_IRQHandler
                0x08000850                USART3_IRQHandler
                0x08000850                UART5_IRQHandler
                0x08000850                DMA2_Stream0_IRQHandler
                0x08000850                TIM4_IRQHandler
                0x08000850                I2C1_EV_IRQHandler
                0x08000850                DMA1_Stream6_IRQHandler
                0x08000850                DMA1_Stream1_IRQHandler
                0x08000850                UART4_IRQHandler
                0x08000850                TIM3_IRQHandler
                0x08000850                RCC_IRQHandler
                0x08000850                TIM8_BRK_TIM12_IRQHandler
                0x08000850                Default_Handler
                0x08000850                EXTI15_10_IRQHandler
                0x08000850                ADC_IRQHandler
                0x08000850                DMA1_Stream7_IRQHandler
                0x08000850                TIM7_IRQHandler
                0x08000850                CAN2_TX_IRQHandler
                0x08000850                TIM5_IRQHandler
                0x08000850                DMA2_Stream7_IRQHandler
                0x08000850                I2C3_EV_IRQHandler
                0x08000850                EXTI9_5_IRQHandler
                0x08000850                RTC_WKUP_IRQHandler
                0x08000850                SPI2_IRQHandler
                0x08000850                OTG_HS_EP1_IN_IRQHandler
                0x08000850                DMA1_Stream0_IRQHandler
                0x08000850                EXTI4_IRQHandler
                0x08000850                FSMC_IRQHandler
                0x08000850                OTG_HS_EP1_OUT_IRQHandler
                0x08000850                WWDG_IRQHandler
                0x08000850                TIM2_IRQHandler
                0x08000850                OTG_FS_WKUP_IRQHandler
                0x08000850                TIM1_TRG_COM_TIM11_IRQHandler
                0x08000850                OTG_HS_IRQHandler
                0x08000850                EXTI1_IRQHandler
                0x08000850                USART2_IRQHandler
                0x08000850                I2C2_ER_IRQHandler
                0x08000850                DMA2_Stream1_IRQHandler
                0x08000850                CAN1_SCE_IRQHandler
                0x08000850                FLASH_IRQHandler
                0x08000850                DMA2_Stream4_IRQHandler
                0x08000850                USART1_IRQHandler
                0x08000850                OTG_FS_IRQHandler
                0x08000850                SPI3_IRQHandler
                0x08000850                DMA1_Stream4_IRQHandler
                0x08000850                I2C1_ER_IRQHandler
                0x08000850                DMA2_Stream6_IRQHandler
                0x08000850                DMA1_Stream3_IRQHandler
 *fill*         0x08000852        0x2 
 .text.HAL_InitTick
                0x08000854       0x4c CMakeFiles/WHEEL_07_F405.elf.dir/Drivers/STM32F4xx_HAL_Driver/Src/stm32f4xx_hal.c.obj
                0x08000854                HAL_InitTick
 .text.HAL_Init
                0x080008a0       0x34 CMakeFiles/WHEEL_07_F405.elf.dir/Drivers/STM32F4xx_HAL_Driver/Src/stm32f4xx_hal.c.obj
                0x080008a0                HAL_Init
 .text.HAL_IncTick
                0x080008d4       0x18 CMakeFiles/WHEEL_07_F405.elf.dir/Drivers/STM32F4xx_HAL_Driver/Src/stm32f4xx_hal.c.obj
                0x080008d4                HAL_IncTick
 .text.HAL_GetTick
                0x080008ec        0xc CMakeFiles/WHEEL_07_F405.elf.dir/Drivers/STM32F4xx_HAL_Driver/Src/stm32f4xx_hal.c.obj
                0x080008ec                HAL_GetTick
 .text.HAL_Delay
                0x080008f8       0x28 CMakeFiles/WHEEL_07_F405.elf.dir/Drivers/STM32F4xx_HAL_Driver/Src/stm32f4xx_hal.c.obj
                0x080008f8                HAL_Delay
 .text.HAL_CAN_Init
                0x08000920      0x14c CMakeFiles/WHEEL_07_F405.elf.dir/Drivers/STM32F4xx_HAL_Driver/Src/stm32f4xx_hal_can.c.obj
                0x08000920                HAL_CAN_Init
 .text.HAL_CAN_ConfigFilter
                0x08000a6c      0x13c CMakeFiles/WHEEL_07_F405.elf.dir/Drivers/STM32F4xx_HAL_Driver/Src/stm32f4xx_hal_can.c.obj
                0x08000a6c                HAL_CAN_ConfigFilter
 .text.HAL_CAN_Start
                0x08000ba8       0x5c CMakeFiles/WHEEL_07_F405.elf.dir/Drivers/STM32F4xx_HAL_Driver/Src/stm32f4xx_hal_can.c.obj
                0x08000ba8                HAL_CAN_Start
 .text.HAL_CAN_AddTxMessage
                0x08000c04       0xfc CMakeFiles/WHEEL_07_F405.elf.dir/Drivers/STM32F4xx_HAL_Driver/Src/stm32f4xx_hal_can.c.obj
                0x08000c04                HAL_CAN_AddTxMessage
 .text.HAL_CAN_GetRxMessage
                0x08000d00      0x156 CMakeFiles/WHEEL_07_F405.elf.dir/Drivers/STM32F4xx_HAL_Driver/Src/stm32f4xx_hal_can.c.obj
                0x08000d00                HAL_CAN_GetRxMessage
 .text.HAL_CAN_ActivateNotification
                0x08000e56       0x24 CMakeFiles/WHEEL_07_F405.elf.dir/Drivers/STM32F4xx_HAL_Driver/Src/stm32f4xx_hal_can.c.obj
                0x08000e56                HAL_CAN_ActivateNotification
 .text.HAL_CAN_TxMailbox0CompleteCallback
                0x08000e7a        0x2 CMakeFiles/WHEEL_07_F405.elf.dir/Drivers/STM32F4xx_HAL_Driver/Src/stm32f4xx_hal_can.c.obj
                0x08000e7a                HAL_CAN_TxMailbox0CompleteCallback
 .text.HAL_CAN_TxMailbox1CompleteCallback
                0x08000e7c        0x2 CMakeFiles/WHEEL_07_F405.elf.dir/Drivers/STM32F4xx_HAL_Driver/Src/stm32f4xx_hal_can.c.obj
                0x08000e7c                HAL_CAN_TxMailbox1CompleteCallback
 .text.HAL_CAN_TxMailbox2CompleteCallback
                0x08000e7e        0x2 CMakeFiles/WHEEL_07_F405.elf.dir/Drivers/STM32F4xx_HAL_Driver/Src/stm32f4xx_hal_can.c.obj
                0x08000e7e                HAL_CAN_TxMailbox2CompleteCallback
 .text.HAL_CAN_TxMailbox0AbortCallback
                0x08000e80        0x2 CMakeFiles/WHEEL_07_F405.elf.dir/Drivers/STM32F4xx_HAL_Driver/Src/stm32f4xx_hal_can.c.obj
                0x08000e80                HAL_CAN_TxMailbox0AbortCallback
 .text.HAL_CAN_TxMailbox1AbortCallback
                0x08000e82        0x2 CMakeFiles/WHEEL_07_F405.elf.dir/Drivers/STM32F4xx_HAL_Driver/Src/stm32f4xx_hal_can.c.obj
                0x08000e82                HAL_CAN_TxMailbox1AbortCallback
 .text.HAL_CAN_TxMailbox2AbortCallback
                0x08000e84        0x2 CMakeFiles/WHEEL_07_F405.elf.dir/Drivers/STM32F4xx_HAL_Driver/Src/stm32f4xx_hal_can.c.obj
                0x08000e84                HAL_CAN_TxMailbox2AbortCallback
 .text.HAL_CAN_RxFifo0FullCallback
                0x08000e86        0x2 CMakeFiles/WHEEL_07_F405.elf.dir/Drivers/STM32F4xx_HAL_Driver/Src/stm32f4xx_hal_can.c.obj
                0x08000e86                HAL_CAN_RxFifo0FullCallback
 .text.HAL_CAN_RxFifo1MsgPendingCallback
                0x08000e88        0x2 CMakeFiles/WHEEL_07_F405.elf.dir/Drivers/STM32F4xx_HAL_Driver/Src/stm32f4xx_hal_can.c.obj
                0x08000e88                HAL_CAN_RxFifo1MsgPendingCallback
 .text.HAL_CAN_RxFifo1FullCallback
                0x08000e8a        0x2 CMakeFiles/WHEEL_07_F405.elf.dir/Drivers/STM32F4xx_HAL_Driver/Src/stm32f4xx_hal_can.c.obj
                0x08000e8a                HAL_CAN_RxFifo1FullCallback
 .text.HAL_CAN_SleepCallback
                0x08000e8c        0x2 CMakeFiles/WHEEL_07_F405.elf.dir/Drivers/STM32F4xx_HAL_Driver/Src/stm32f4xx_hal_can.c.obj
                0x08000e8c                HAL_CAN_SleepCallback
 .text.HAL_CAN_WakeUpFromRxMsgCallback
                0x08000e8e        0x2 CMakeFiles/WHEEL_07_F405.elf.dir/Drivers/STM32F4xx_HAL_Driver/Src/stm32f4xx_hal_can.c.obj
                0x08000e8e                HAL_CAN_WakeUpFromRxMsgCallback
 .text.HAL_CAN_ErrorCallback
                0x08000e90        0x2 CMakeFiles/WHEEL_07_F405.elf.dir/Drivers/STM32F4xx_HAL_Driver/Src/stm32f4xx_hal_can.c.obj
                0x08000e90                HAL_CAN_ErrorCallback
 .text.HAL_CAN_IRQHandler
                0x08000e92      0x24a CMakeFiles/WHEEL_07_F405.elf.dir/Drivers/STM32F4xx_HAL_Driver/Src/stm32f4xx_hal_can.c.obj
                0x08000e92                HAL_CAN_IRQHandler
 .text.HAL_NVIC_SetPriorityGrouping
                0x080010dc       0x24 CMakeFiles/WHEEL_07_F405.elf.dir/Drivers/STM32F4xx_HAL_Driver/Src/stm32f4xx_hal_cortex.c.obj
                0x080010dc                HAL_NVIC_SetPriorityGrouping
 .text.HAL_NVIC_SetPriority
                0x08001100       0x70 CMakeFiles/WHEEL_07_F405.elf.dir/Drivers/STM32F4xx_HAL_Driver/Src/stm32f4xx_hal_cortex.c.obj
                0x08001100                HAL_NVIC_SetPriority
 .text.HAL_NVIC_EnableIRQ
                0x08001170       0x1c CMakeFiles/WHEEL_07_F405.elf.dir/Drivers/STM32F4xx_HAL_Driver/Src/stm32f4xx_hal_cortex.c.obj
                0x08001170                HAL_NVIC_EnableIRQ
 .text.HAL_SYSTICK_Config
                0x0800118c       0x28 CMakeFiles/WHEEL_07_F405.elf.dir/Drivers/STM32F4xx_HAL_Driver/Src/stm32f4xx_hal_cortex.c.obj
                0x0800118c                HAL_SYSTICK_Config
 .text.HAL_GPIO_Init
                0x080011b4      0x1e4 CMakeFiles/WHEEL_07_F405.elf.dir/Drivers/STM32F4xx_HAL_Driver/Src/stm32f4xx_hal_gpio.c.obj
                0x080011b4                HAL_GPIO_Init
 .text.HAL_GPIO_WritePin
                0x08001398        0xc CMakeFiles/WHEEL_07_F405.elf.dir/Drivers/STM32F4xx_HAL_Driver/Src/stm32f4xx_hal_gpio.c.obj
                0x08001398                HAL_GPIO_WritePin
 .text.HAL_GPIO_TogglePin
                0x080013a4       0x12 CMakeFiles/WHEEL_07_F405.elf.dir/Drivers/STM32F4xx_HAL_Driver/Src/stm32f4xx_hal_gpio.c.obj
                0x080013a4                HAL_GPIO_TogglePin
 *fill*         0x080013b6        0x2 
 .text.HAL_RCC_OscConfig
                0x080013b8      0x3f8 CMakeFiles/WHEEL_07_F405.elf.dir/Drivers/STM32F4xx_HAL_Driver/Src/stm32f4xx_hal_rcc.c.obj
                0x080013b8                HAL_RCC_OscConfig
 .text.HAL_RCC_GetSysClockFreq
                0x080017b0       0xa4 CMakeFiles/WHEEL_07_F405.elf.dir/Drivers/STM32F4xx_HAL_Driver/Src/stm32f4xx_hal_rcc.c.obj
                0x080017b0                HAL_RCC_GetSysClockFreq
 .text.HAL_RCC_ClockConfig
                0x08001854      0x160 CMakeFiles/WHEEL_07_F405.elf.dir/Drivers/STM32F4xx_HAL_Driver/Src/stm32f4xx_hal_rcc.c.obj
                0x08001854                HAL_RCC_ClockConfig
 .text.__libc_init_array
                0x080019b4       0x48 c:/progra~2/gnuarm~1/102021~1.10/bin/../lib/gcc/arm-none-eabi/10.3.1/../../../../arm-none-eabi/lib/thumb/v7e-m/nofp\libg.a(lib_a-init.o)
                0x080019b4                __libc_init_array
 .text.memset   0x080019fc       0xa4 c:/progra~2/gnuarm~1/102021~1.10/bin/../lib/gcc/arm-none-eabi/10.3.1/../../../../arm-none-eabi/lib/thumb/v7e-m/nofp\libg.a(lib_a-memset.o)
                0x080019fc                memset
 .text.startup.register_fini
                0x08001aa0       0x14 c:/progra~2/gnuarm~1/102021~1.10/bin/../lib/gcc/arm-none-eabi/10.3.1/../../../../arm-none-eabi/lib/thumb/v7e-m/nofp\libg.a(lib_a-__call_atexit.o)
 .text.atexit   0x08001ab4        0xc c:/progra~2/gnuarm~1/102021~1.10/bin/../lib/gcc/arm-none-eabi/10.3.1/../../../../arm-none-eabi/lib/thumb/v7e-m/nofp\libg.a(lib_a-atexit.o)
                0x08001ab4                atexit
 .text.__libc_fini_array
                0x08001ac0       0x2c c:/progra~2/gnuarm~1/102021~1.10/bin/../lib/gcc/arm-none-eabi/10.3.1/../../../../arm-none-eabi/lib/thumb/v7e-m/nofp\libg.a(lib_a-fini.o)
                0x08001ac0                __libc_fini_array
 .text.__retarget_lock_acquire_recursive
                0x08001aec        0x4 c:/progra~2/gnuarm~1/102021~1.10/bin/../lib/gcc/arm-none-eabi/10.3.1/../../../../arm-none-eabi/lib/thumb/v7e-m/nofp\libg.a(lib_a-lock.o)
                0x08001aec                __retarget_lock_acquire_recursive
 .text.__retarget_lock_release_recursive
                0x08001af0        0x4 c:/progra~2/gnuarm~1/102021~1.10/bin/../lib/gcc/arm-none-eabi/10.3.1/../../../../arm-none-eabi/lib/thumb/v7e-m/nofp\libg.a(lib_a-lock.o)
                0x08001af0                __retarget_lock_release_recursive
 .text.__register_exitproc
                0x08001af4       0x8c c:/progra~2/gnuarm~1/102021~1.10/bin/../lib/gcc/arm-none-eabi/10.3.1/../../../../arm-none-eabi/lib/thumb/v7e-m/nofp\libg.a(lib_a-__atexit.o)
                0x08001af4                __register_exitproc
 *(.glue_7)
 .glue_7        0x08001b80        0x0 linker stubs
 *(.glue_7t)
 .glue_7t       0x08001b80        0x0 linker stubs
 *(.eh_frame)
 .eh_frame      0x08001b80        0x0 c:/progra~2/gnuarm~1/102021~1.10/bin/../lib/gcc/arm-none-eabi/10.3.1/thumb/v7e-m/nofp/crtbegin.o
 *(.init)
 .init          0x08001b80        0x4 c:/progra~2/gnuarm~1/102021~1.10/bin/../lib/gcc/arm-none-eabi/10.3.1/thumb/v7e-m/nofp/crti.o
                0x08001b80                _init
 .init          0x08001b84        0x8 c:/progra~2/gnuarm~1/102021~1.10/bin/../lib/gcc/arm-none-eabi/10.3.1/thumb/v7e-m/nofp/crtn.o
 *(.fini)
 .fini          0x08001b8c        0x4 c:/progra~2/gnuarm~1/102021~1.10/bin/../lib/gcc/arm-none-eabi/10.3.1/thumb/v7e-m/nofp/crti.o
                0x08001b8c                _fini
 .fini          0x08001b90        0x8 c:/progra~2/gnuarm~1/102021~1.10/bin/../lib/gcc/arm-none-eabi/10.3.1/thumb/v7e-m/nofp/crtn.o
                0x08001b98                . = ALIGN (0x4)
                0x08001b98                _etext = .

.vfp11_veneer   0x08001b98        0x0
 .vfp11_veneer  0x08001b98        0x0 linker stubs

.v4_bx          0x08001b98        0x0
 .v4_bx         0x08001b98        0x0 linker stubs

.iplt           0x08001b98        0x0
 .iplt          0x08001b98        0x0 c:/progra~2/gnuarm~1/102021~1.10/bin/../lib/gcc/arm-none-eabi/10.3.1/thumb/v7e-m/nofp/crtbegin.o

.rodata         0x08001b98       0x14
                0x08001b98                . = ALIGN (0x4)
 *(.rodata)
 *(.rodata*)
 .rodata.AHBPrescTable
                0x08001b98       0x10 CMakeFiles/WHEEL_07_F405.elf.dir/Core/Src/system_stm32f4xx.c.obj
                0x08001b98                AHBPrescTable
 .rodata._global_impure_ptr
                0x08001ba8        0x4 c:/progra~2/gnuarm~1/102021~1.10/bin/../lib/gcc/arm-none-eabi/10.3.1/../../../../arm-none-eabi/lib/thumb/v7e-m/nofp\libg.a(lib_a-impure.o)
                0x08001ba8                _global_impure_ptr
                0x08001bac                . = ALIGN (0x4)

.ARM.extab      0x08001bac        0x0
                0x08001bac                . = ALIGN (0x4)
 *(.ARM.extab* .gnu.linkonce.armextab.*)
                0x08001bac                . = ALIGN (0x4)

.ARM            0x08001bac        0x8
                0x08001bac                . = ALIGN (0x4)
                0x08001bac                __exidx_start = .
 *(.ARM.exidx*)
 .ARM.exidx     0x08001bac        0x8 c:/progra~2/gnuarm~1/102021~1.10/bin/../lib/gcc/arm-none-eabi/10.3.1/thumb/v7e-m/nofp\libgcc.a(_udivmoddi4.o)
                0x08001bb4                __exidx_end = .
                0x08001bb4                . = ALIGN (0x4)

.rel.dyn        0x08001bb4        0x0
 .rel.iplt      0x08001bb4        0x0 c:/progra~2/gnuarm~1/102021~1.10/bin/../lib/gcc/arm-none-eabi/10.3.1/thumb/v7e-m/nofp/crtbegin.o

.preinit_array  0x08001bb4        0x0
                0x08001bb4                . = ALIGN (0x4)
                0x08001bb4                PROVIDE (__preinit_array_start = .)
 *(.preinit_array*)
                0x08001bb4                PROVIDE (__preinit_array_end = .)
                0x08001bb4                . = ALIGN (0x4)

.init_array     0x08001bb4        0x8
                0x08001bb4                . = ALIGN (0x4)
                0x08001bb4                PROVIDE (__init_array_start = .)
 *(SORT_BY_NAME(.init_array.*))
 .init_array.00000
                0x08001bb4        0x4 c:/progra~2/gnuarm~1/102021~1.10/bin/../lib/gcc/arm-none-eabi/10.3.1/../../../../arm-none-eabi/lib/thumb/v7e-m/nofp\libg.a(lib_a-__call_atexit.o)
 *(.init_array*)
 .init_array    0x08001bb8        0x4 c:/progra~2/gnuarm~1/102021~1.10/bin/../lib/gcc/arm-none-eabi/10.3.1/thumb/v7e-m/nofp/crtbegin.o
                0x08001bbc                PROVIDE (__init_array_end = .)
                0x08001bbc                . = ALIGN (0x4)

.fini_array     0x08001bbc        0x4
                0x08001bbc                . = ALIGN (0x4)
                0x08001bbc                PROVIDE (__fini_array_start = .)
 *(SORT_BY_NAME(.fini_array.*))
 *(.fini_array*)
 .fini_array    0x08001bbc        0x4 c:/progra~2/gnuarm~1/102021~1.10/bin/../lib/gcc/arm-none-eabi/10.3.1/thumb/v7e-m/nofp/crtbegin.o
                0x08001bc0                PROVIDE (__fini_array_end = .)
                0x08001bc0                . = ALIGN (0x4)
                0x08001bc0                _sidata = LOADADDR (.data)

.data           0x20000000      0x43c load address 0x08001bc0
                0x20000000                . = ALIGN (0x4)
                0x20000000                _sdata = .
 *(.data)
 *(.data*)
 .data.SystemCoreClock
                0x20000000        0x4 CMakeFiles/WHEEL_07_F405.elf.dir/Core/Src/system_stm32f4xx.c.obj
                0x20000000                SystemCoreClock
 .data.uwTickFreq
                0x20000004        0x1 CMakeFiles/WHEEL_07_F405.elf.dir/Drivers/STM32F4xx_HAL_Driver/Src/stm32f4xx_hal.c.obj
                0x20000004                uwTickFreq
 *fill*         0x20000005        0x3 
 .data.uwTickPrio
                0x20000008        0x4 CMakeFiles/WHEEL_07_F405.elf.dir/Drivers/STM32F4xx_HAL_Driver/Src/stm32f4xx_hal.c.obj
                0x20000008                uwTickPrio
 *fill*         0x2000000c        0x4 
 .data.impure_data
                0x20000010      0x428 c:/progra~2/gnuarm~1/102021~1.10/bin/../lib/gcc/arm-none-eabi/10.3.1/../../../../arm-none-eabi/lib/thumb/v7e-m/nofp\libg.a(lib_a-impure.o)
 .data.__atexit_recursive_mutex
                0x20000438        0x4 c:/progra~2/gnuarm~1/102021~1.10/bin/../lib/gcc/arm-none-eabi/10.3.1/../../../../arm-none-eabi/lib/thumb/v7e-m/nofp\libg.a(lib_a-__call_atexit.o)
                0x20000438                __atexit_recursive_mutex
 *(.RamFunc)
 *(.RamFunc*)
                0x2000043c                . = ALIGN (0x4)
                0x2000043c                _edata = .
                0x08001ffc                _siccmram = LOADADDR (.ccmram)

.igot.plt       0x2000043c        0x0 load address 0x08001ffc
 .igot.plt      0x2000043c        0x0 c:/progra~2/gnuarm~1/102021~1.10/bin/../lib/gcc/arm-none-eabi/10.3.1/thumb/v7e-m/nofp/crtbegin.o

.ccmram         0x10000000        0x0 load address 0x08001ffc
                0x10000000                . = ALIGN (0x4)
                0x10000000                _sccmram = .
 *(.ccmram)
 *(.ccmram*)
                0x10000000                . = ALIGN (0x4)
                0x10000000                _eccmram = .
                0x10000000                . = ALIGN (0x4)

.bss            0x2000043c       0xa4
                0x2000043c                _sbss = .
                0x2000043c                __bss_start__ = _sbss
 *(.bss)
 .bss           0x2000043c       0x1c c:/progra~2/gnuarm~1/102021~1.10/bin/../lib/gcc/arm-none-eabi/10.3.1/thumb/v7e-m/nofp/crtbegin.o
 *(.bss*)
 .bss.RxData    0x20000458        0x8 CMakeFiles/WHEEL_07_F405.elf.dir/Core/Src/main.c.obj
                0x20000458                RxData
 .bss.RxHeader  0x20000460       0x1c CMakeFiles/WHEEL_07_F405.elf.dir/Core/Src/main.c.obj
                0x20000460                RxHeader
 .bss.TxData    0x2000047c        0x8 CMakeFiles/WHEEL_07_F405.elf.dir/Core/Src/main.c.obj
                0x2000047c                TxData
 .bss.TxHeader  0x20000484       0x18 CMakeFiles/WHEEL_07_F405.elf.dir/Core/Src/main.c.obj
                0x20000484                TxHeader
 .bss.TxMailbox
                0x2000049c       0x10 CMakeFiles/WHEEL_07_F405.elf.dir/Core/Src/main.c.obj
                0x2000049c                TxMailbox
 .bss.count     0x200004ac        0x1 CMakeFiles/WHEEL_07_F405.elf.dir/Core/Src/main.c.obj
                0x200004ac                count
 *fill*         0x200004ad        0x3 
 .bss.hcan1     0x200004b0       0x28 CMakeFiles/WHEEL_07_F405.elf.dir/Core/Src/main.c.obj
                0x200004b0                hcan1
 .bss.uwTick    0x200004d8        0x4 CMakeFiles/WHEEL_07_F405.elf.dir/Drivers/STM32F4xx_HAL_Driver/Src/stm32f4xx_hal.c.obj
                0x200004d8                uwTick
 .bss.__lock___atexit_recursive_mutex
                0x200004dc        0x1 c:/progra~2/gnuarm~1/102021~1.10/bin/../lib/gcc/arm-none-eabi/10.3.1/../../../../arm-none-eabi/lib/thumb/v7e-m/nofp\libg.a(lib_a-lock.o)
                0x200004dc                __lock___atexit_recursive_mutex
 *(COMMON)
                0x200004e0                . = ALIGN (0x4)
 *fill*         0x200004dd        0x3 
                0x200004e0                _ebss = .
                0x200004e0                __bss_end__ = _ebss

._user_heap_stack
                0x200004e0      0x600
                0x200004e0                . = ALIGN (0x8)
                [!provide]                PROVIDE (end = .)
                0x200004e0                PROVIDE (_end = .)
                0x200006e0                . = (. + _Min_Heap_Size)
 *fill*         0x200004e0      0x200 
                0x20000ae0                . = (. + _Min_Stack_Size)
 *fill*         0x200006e0      0x400 
                0x20000ae0                . = ALIGN (0x8)

/DISCARD/
 libc.a(*)
 libm.a(*)
 libgcc.a(*)

.ARM.attributes
                0x00000000       0x2a
 *(.ARM.attributes)
 .ARM.attributes
                0x00000000       0x1e c:/progra~2/gnuarm~1/102021~1.10/bin/../lib/gcc/arm-none-eabi/10.3.1/thumb/v7e-m/nofp/crti.o
 .ARM.attributes
                0x0000001e       0x2e c:/progra~2/gnuarm~1/102021~1.10/bin/../lib/gcc/arm-none-eabi/10.3.1/thumb/v7e-m/nofp/crtbegin.o
 .ARM.attributes
                0x0000004c       0x2e CMakeFiles/WHEEL_07_F405.elf.dir/Core/Src/main.c.obj
 .ARM.attributes
                0x0000007a       0x2e CMakeFiles/WHEEL_07_F405.elf.dir/Core/Src/stm32f4xx_hal_msp.c.obj
 .ARM.attributes
                0x000000a8       0x2e CMakeFiles/WHEEL_07_F405.elf.dir/Core/Src/stm32f4xx_it.c.obj
 .ARM.attributes
                0x000000d6       0x2e CMakeFiles/WHEEL_07_F405.elf.dir/Core/Src/system_stm32f4xx.c.obj
 .ARM.attributes
                0x00000104       0x21 CMakeFiles/WHEEL_07_F405.elf.dir/Core/Startup/startup_stm32f405rgtx.s.obj
 .ARM.attributes
                0x00000125       0x2e CMakeFiles/WHEEL_07_F405.elf.dir/Drivers/STM32F4xx_HAL_Driver/Src/stm32f4xx_hal.c.obj
 .ARM.attributes
                0x00000153       0x2e CMakeFiles/WHEEL_07_F405.elf.dir/Drivers/STM32F4xx_HAL_Driver/Src/stm32f4xx_hal_can.c.obj
 .ARM.attributes
                0x00000181       0x2e CMakeFiles/WHEEL_07_F405.elf.dir/Drivers/STM32F4xx_HAL_Driver/Src/stm32f4xx_hal_cortex.c.obj
 .ARM.attributes
                0x000001af       0x2e CMakeFiles/WHEEL_07_F405.elf.dir/Drivers/STM32F4xx_HAL_Driver/Src/stm32f4xx_hal_gpio.c.obj
 .ARM.attributes
                0x000001dd       0x2e CMakeFiles/WHEEL_07_F405.elf.dir/Drivers/STM32F4xx_HAL_Driver/Src/stm32f4xx_hal_rcc.c.obj
 .ARM.attributes
                0x0000020b       0x1e c:/progra~2/gnuarm~1/102021~1.10/bin/../lib/gcc/arm-none-eabi/10.3.1/thumb/v7e-m/nofp\libgcc.a(_aeabi_uldivmod.o)
 .ARM.attributes
                0x00000229       0x2e c:/progra~2/gnuarm~1/102021~1.10/bin/../lib/gcc/arm-none-eabi/10.3.1/thumb/v7e-m/nofp\libgcc.a(_udivmoddi4.o)
 .ARM.attributes
                0x00000257       0x1e c:/progra~2/gnuarm~1/102021~1.10/bin/../lib/gcc/arm-none-eabi/10.3.1/thumb/v7e-m/nofp\libgcc.a(_dvmd_tls.o)
 .ARM.attributes
                0x00000275       0x2e c:/progra~2/gnuarm~1/102021~1.10/bin/../lib/gcc/arm-none-eabi/10.3.1/../../../../arm-none-eabi/lib/thumb/v7e-m/nofp\libg.a(lib_a-impure.o)
 .ARM.attributes
                0x000002a3       0x2e c:/progra~2/gnuarm~1/102021~1.10/bin/../lib/gcc/arm-none-eabi/10.3.1/../../../../arm-none-eabi/lib/thumb/v7e-m/nofp\libg.a(lib_a-init.o)
 .ARM.attributes
                0x000002d1       0x2e c:/progra~2/gnuarm~1/102021~1.10/bin/../lib/gcc/arm-none-eabi/10.3.1/../../../../arm-none-eabi/lib/thumb/v7e-m/nofp\libg.a(lib_a-memset.o)
 .ARM.attributes
                0x000002ff       0x2e c:/progra~2/gnuarm~1/102021~1.10/bin/../lib/gcc/arm-none-eabi/10.3.1/../../../../arm-none-eabi/lib/thumb/v7e-m/nofp\libg.a(lib_a-__call_atexit.o)
 .ARM.attributes
                0x0000032d       0x2e c:/progra~2/gnuarm~1/102021~1.10/bin/../lib/gcc/arm-none-eabi/10.3.1/../../../../arm-none-eabi/lib/thumb/v7e-m/nofp\libg.a(lib_a-atexit.o)
 .ARM.attributes
                0x0000035b       0x2e c:/progra~2/gnuarm~1/102021~1.10/bin/../lib/gcc/arm-none-eabi/10.3.1/../../../../arm-none-eabi/lib/thumb/v7e-m/nofp\libg.a(lib_a-fini.o)
 .ARM.attributes
                0x00000389       0x2e c:/progra~2/gnuarm~1/102021~1.10/bin/../lib/gcc/arm-none-eabi/10.3.1/../../../../arm-none-eabi/lib/thumb/v7e-m/nofp\libg.a(lib_a-lock.o)
 .ARM.attributes
                0x000003b7       0x2e c:/progra~2/gnuarm~1/102021~1.10/bin/../lib/gcc/arm-none-eabi/10.3.1/../../../../arm-none-eabi/lib/thumb/v7e-m/nofp\libg.a(lib_a-__atexit.o)
 .ARM.attributes
                0x000003e5       0x1e c:/progra~2/gnuarm~1/102021~1.10/bin/../lib/gcc/arm-none-eabi/10.3.1/thumb/v7e-m/nofp/crtn.o
OUTPUT(WHEEL_07_F405.elf elf32-littlearm)
LOAD linker stubs
LOAD c:/progra~2/gnuarm~1/102021~1.10/bin/../lib/gcc/arm-none-eabi/10.3.1/../../../../arm-none-eabi/lib/thumb/v7e-m/nofp\libc.a
LOAD c:/progra~2/gnuarm~1/102021~1.10/bin/../lib/gcc/arm-none-eabi/10.3.1/../../../../arm-none-eabi/lib/thumb/v7e-m/nofp\libm.a
LOAD c:/progra~2/gnuarm~1/102021~1.10/bin/../lib/gcc/arm-none-eabi/10.3.1/thumb/v7e-m/nofp\libgcc.a

.debug_info     0x00000000     0x6506
 .debug_info    0x00000000      0xee5 CMakeFiles/WHEEL_07_F405.elf.dir/Core/Src/main.c.obj
 .debug_info    0x00000ee5      0xbac CMakeFiles/WHEEL_07_F405.elf.dir/Core/Src/stm32f4xx_hal_msp.c.obj
 .debug_info    0x00001a91      0x59e CMakeFiles/WHEEL_07_F405.elf.dir/Core/Src/stm32f4xx_it.c.obj
 .debug_info    0x0000202f      0x538 CMakeFiles/WHEEL_07_F405.elf.dir/Core/Src/system_stm32f4xx.c.obj
 .debug_info    0x00002567       0x22 CMakeFiles/WHEEL_07_F405.elf.dir/Core/Startup/startup_stm32f405rgtx.s.obj
 .debug_info    0x00002589      0x9de CMakeFiles/WHEEL_07_F405.elf.dir/Drivers/STM32F4xx_HAL_Driver/Src/stm32f4xx_hal.c.obj
 .debug_info    0x00002f67     0x1266 CMakeFiles/WHEEL_07_F405.elf.dir/Drivers/STM32F4xx_HAL_Driver/Src/stm32f4xx_hal_can.c.obj
 .debug_info    0x000041cd     0x1086 CMakeFiles/WHEEL_07_F405.elf.dir/Drivers/STM32F4xx_HAL_Driver/Src/stm32f4xx_hal_cortex.c.obj
 .debug_info    0x00005253      0x7b0 CMakeFiles/WHEEL_07_F405.elf.dir/Drivers/STM32F4xx_HAL_Driver/Src/stm32f4xx_hal_gpio.c.obj
 .debug_info    0x00005a03      0xb03 CMakeFiles/WHEEL_07_F405.elf.dir/Drivers/STM32F4xx_HAL_Driver/Src/stm32f4xx_hal_rcc.c.obj

.debug_abbrev   0x00000000     0x132a
 .debug_abbrev  0x00000000      0x26a CMakeFiles/WHEEL_07_F405.elf.dir/Core/Src/main.c.obj
 .debug_abbrev  0x0000026a      0x1d2 CMakeFiles/WHEEL_07_F405.elf.dir/Core/Src/stm32f4xx_hal_msp.c.obj
 .debug_abbrev  0x0000043c      0x184 CMakeFiles/WHEEL_07_F405.elf.dir/Core/Src/stm32f4xx_it.c.obj
 .debug_abbrev  0x000005c0      0x119 CMakeFiles/WHEEL_07_F405.elf.dir/Core/Src/system_stm32f4xx.c.obj
 .debug_abbrev  0x000006d9       0x12 CMakeFiles/WHEEL_07_F405.elf.dir/Core/Startup/startup_stm32f405rgtx.s.obj
 .debug_abbrev  0x000006eb      0x206 CMakeFiles/WHEEL_07_F405.elf.dir/Drivers/STM32F4xx_HAL_Driver/Src/stm32f4xx_hal.c.obj
 .debug_abbrev  0x000008f1      0x256 CMakeFiles/WHEEL_07_F405.elf.dir/Drivers/STM32F4xx_HAL_Driver/Src/stm32f4xx_hal_can.c.obj
 .debug_abbrev  0x00000b47      0x36a CMakeFiles/WHEEL_07_F405.elf.dir/Drivers/STM32F4xx_HAL_Driver/Src/stm32f4xx_hal_cortex.c.obj
 .debug_abbrev  0x00000eb1      0x1ef CMakeFiles/WHEEL_07_F405.elf.dir/Drivers/STM32F4xx_HAL_Driver/Src/stm32f4xx_hal_gpio.c.obj
 .debug_abbrev  0x000010a0      0x28a CMakeFiles/WHEEL_07_F405.elf.dir/Drivers/STM32F4xx_HAL_Driver/Src/stm32f4xx_hal_rcc.c.obj

.debug_loc      0x00000000     0x2318
 .debug_loc     0x00000000       0x25 CMakeFiles/WHEEL_07_F405.elf.dir/Core/Src/main.c.obj
 .debug_loc     0x00000025       0x84 CMakeFiles/WHEEL_07_F405.elf.dir/Core/Src/stm32f4xx_hal_msp.c.obj
 .debug_loc     0x000000a9      0x158 CMakeFiles/WHEEL_07_F405.elf.dir/Core/Src/system_stm32f4xx.c.obj
 .debug_loc     0x00000201      0x141 CMakeFiles/WHEEL_07_F405.elf.dir/Drivers/STM32F4xx_HAL_Driver/Src/stm32f4xx_hal.c.obj
 .debug_loc     0x00000342      0xde6 CMakeFiles/WHEEL_07_F405.elf.dir/Drivers/STM32F4xx_HAL_Driver/Src/stm32f4xx_hal_can.c.obj
 .debug_loc     0x00001128      0x744 CMakeFiles/WHEEL_07_F405.elf.dir/Drivers/STM32F4xx_HAL_Driver/Src/stm32f4xx_hal_cortex.c.obj
 .debug_loc     0x0000186c      0x520 CMakeFiles/WHEEL_07_F405.elf.dir/Drivers/STM32F4xx_HAL_Driver/Src/stm32f4xx_hal_gpio.c.obj
 .debug_loc     0x00001d8c      0x58c CMakeFiles/WHEEL_07_F405.elf.dir/Drivers/STM32F4xx_HAL_Driver/Src/stm32f4xx_hal_rcc.c.obj

.debug_aranges  0x00000000      0x4f0
 .debug_aranges
                0x00000000       0x48 CMakeFiles/WHEEL_07_F405.elf.dir/Core/Src/main.c.obj
 .debug_aranges
                0x00000048       0x30 CMakeFiles/WHEEL_07_F405.elf.dir/Core/Src/stm32f4xx_hal_msp.c.obj
 .debug_aranges
                0x00000078       0x78 CMakeFiles/WHEEL_07_F405.elf.dir/Core/Src/stm32f4xx_it.c.obj
 .debug_aranges
                0x000000f0       0x28 CMakeFiles/WHEEL_07_F405.elf.dir/Core/Src/system_stm32f4xx.c.obj
 .debug_aranges
                0x00000118       0x28 CMakeFiles/WHEEL_07_F405.elf.dir/Core/Startup/startup_stm32f405rgtx.s.obj
 .debug_aranges
                0x00000140       0xf0 CMakeFiles/WHEEL_07_F405.elf.dir/Drivers/STM32F4xx_HAL_Driver/Src/stm32f4xx_hal.c.obj
 .debug_aranges
                0x00000230      0x138 CMakeFiles/WHEEL_07_F405.elf.dir/Drivers/STM32F4xx_HAL_Driver/Src/stm32f4xx_hal_can.c.obj
 .debug_aranges
                0x00000368       0xa8 CMakeFiles/WHEEL_07_F405.elf.dir/Drivers/STM32F4xx_HAL_Driver/Src/stm32f4xx_hal_cortex.c.obj
 .debug_aranges
                0x00000410       0x58 CMakeFiles/WHEEL_07_F405.elf.dir/Drivers/STM32F4xx_HAL_Driver/Src/stm32f4xx_hal_gpio.c.obj
 .debug_aranges
                0x00000468       0x88 CMakeFiles/WHEEL_07_F405.elf.dir/Drivers/STM32F4xx_HAL_Driver/Src/stm32f4xx_hal_rcc.c.obj

.debug_ranges   0x00000000      0x4d0
 .debug_ranges  0x00000000       0x38 CMakeFiles/WHEEL_07_F405.elf.dir/Core/Src/main.c.obj
 .debug_ranges  0x00000038       0x20 CMakeFiles/WHEEL_07_F405.elf.dir/Core/Src/stm32f4xx_hal_msp.c.obj
 .debug_ranges  0x00000058       0x68 CMakeFiles/WHEEL_07_F405.elf.dir/Core/Src/stm32f4xx_it.c.obj
 .debug_ranges  0x000000c0       0x18 CMakeFiles/WHEEL_07_F405.elf.dir/Core/Src/system_stm32f4xx.c.obj
 .debug_ranges  0x000000d8       0x20 CMakeFiles/WHEEL_07_F405.elf.dir/Core/Startup/startup_stm32f405rgtx.s.obj
 .debug_ranges  0x000000f8       0xe0 CMakeFiles/WHEEL_07_F405.elf.dir/Drivers/STM32F4xx_HAL_Driver/Src/stm32f4xx_hal.c.obj
 .debug_ranges  0x000001d8      0x128 CMakeFiles/WHEEL_07_F405.elf.dir/Drivers/STM32F4xx_HAL_Driver/Src/stm32f4xx_hal_can.c.obj
 .debug_ranges  0x00000300       0xf8 CMakeFiles/WHEEL_07_F405.elf.dir/Drivers/STM32F4xx_HAL_Driver/Src/stm32f4xx_hal_cortex.c.obj
 .debug_ranges  0x000003f8       0x48 CMakeFiles/WHEEL_07_F405.elf.dir/Drivers/STM32F4xx_HAL_Driver/Src/stm32f4xx_hal_gpio.c.obj
 .debug_ranges  0x00000440       0x90 CMakeFiles/WHEEL_07_F405.elf.dir/Drivers/STM32F4xx_HAL_Driver/Src/stm32f4xx_hal_rcc.c.obj

.debug_line     0x00000000     0x42c9
 .debug_line    0x00000000      0x584 CMakeFiles/WHEEL_07_F405.elf.dir/Core/Src/main.c.obj
 .debug_line    0x00000584      0x304 CMakeFiles/WHEEL_07_F405.elf.dir/Core/Src/stm32f4xx_hal_msp.c.obj
 .debug_line    0x00000888      0x372 CMakeFiles/WHEEL_07_F405.elf.dir/Core/Src/stm32f4xx_it.c.obj
 .debug_line    0x00000bfa      0x2e0 CMakeFiles/WHEEL_07_F405.elf.dir/Core/Src/system_stm32f4xx.c.obj
 .debug_line    0x00000eda       0xc1 CMakeFiles/WHEEL_07_F405.elf.dir/Core/Startup/startup_stm32f405rgtx.s.obj
 .debug_line    0x00000f9b      0x631 CMakeFiles/WHEEL_07_F405.elf.dir/Drivers/STM32F4xx_HAL_Driver/Src/stm32f4xx_hal.c.obj
 .debug_line    0x000015cc     0x11a9 CMakeFiles/WHEEL_07_F405.elf.dir/Drivers/STM32F4xx_HAL_Driver/Src/stm32f4xx_hal_can.c.obj
 .debug_line    0x00002775      0x844 CMakeFiles/WHEEL_07_F405.elf.dir/Drivers/STM32F4xx_HAL_Driver/Src/stm32f4xx_hal_cortex.c.obj
 .debug_line    0x00002fb9      0x771 CMakeFiles/WHEEL_07_F405.elf.dir/Drivers/STM32F4xx_HAL_Driver/Src/stm32f4xx_hal_gpio.c.obj
 .debug_line    0x0000372a      0xb9f CMakeFiles/WHEEL_07_F405.elf.dir/Drivers/STM32F4xx_HAL_Driver/Src/stm32f4xx_hal_rcc.c.obj

.debug_str      0x00000000     0x2100
 .debug_str     0x00000000      0x96f CMakeFiles/WHEEL_07_F405.elf.dir/Core/Src/main.c.obj
                                0xa0f (size before relaxing)
 .debug_str     0x0000096f      0x5a0 CMakeFiles/WHEEL_07_F405.elf.dir/Core/Src/stm32f4xx_hal_msp.c.obj
                                0xb59 (size before relaxing)
 .debug_str     0x00000f0f      0x13e CMakeFiles/WHEEL_07_F405.elf.dir/Core/Src/stm32f4xx_it.c.obj
                                0x595 (size before relaxing)
 .debug_str     0x0000104d      0x114 CMakeFiles/WHEEL_07_F405.elf.dir/Core/Src/system_stm32f4xx.c.obj
                                0x3d9 (size before relaxing)
 .debug_str     0x00001161       0x6f CMakeFiles/WHEEL_07_F405.elf.dir/Core/Startup/startup_stm32f405rgtx.s.obj
                                 0xbd (size before relaxing)
 .debug_str     0x000011d0      0x381 CMakeFiles/WHEEL_07_F405.elf.dir/Drivers/STM32F4xx_HAL_Driver/Src/stm32f4xx_hal.c.obj
                                0xb9d (size before relaxing)
 .debug_str     0x00001551      0x403 CMakeFiles/WHEEL_07_F405.elf.dir/Drivers/STM32F4xx_HAL_Driver/Src/stm32f4xx_hal_can.c.obj
                                0xaaf (size before relaxing)
 .debug_str     0x00001954      0x481 CMakeFiles/WHEEL_07_F405.elf.dir/Drivers/STM32F4xx_HAL_Driver/Src/stm32f4xx_hal_cortex.c.obj
                                0xc6f (size before relaxing)
 .debug_str     0x00001dd5      0x14e CMakeFiles/WHEEL_07_F405.elf.dir/Drivers/STM32F4xx_HAL_Driver/Src/stm32f4xx_hal_gpio.c.obj
                                0x544 (size before relaxing)
 .debug_str     0x00001f23      0x1dd CMakeFiles/WHEEL_07_F405.elf.dir/Drivers/STM32F4xx_HAL_Driver/Src/stm32f4xx_hal_rcc.c.obj
                                0x76a (size before relaxing)

.comment        0x00000000       0x49
 .comment       0x00000000       0x49 CMakeFiles/WHEEL_07_F405.elf.dir/Core/Src/main.c.obj
                                 0x4a (size before relaxing)
 .comment       0x00000049       0x4a CMakeFiles/WHEEL_07_F405.elf.dir/Core/Src/stm32f4xx_hal_msp.c.obj
 .comment       0x00000049       0x4a CMakeFiles/WHEEL_07_F405.elf.dir/Core/Src/stm32f4xx_it.c.obj
 .comment       0x00000049       0x4a CMakeFiles/WHEEL_07_F405.elf.dir/Core/Src/system_stm32f4xx.c.obj
 .comment       0x00000049       0x4a CMakeFiles/WHEEL_07_F405.elf.dir/Drivers/STM32F4xx_HAL_Driver/Src/stm32f4xx_hal.c.obj
 .comment       0x00000049       0x4a CMakeFiles/WHEEL_07_F405.elf.dir/Drivers/STM32F4xx_HAL_Driver/Src/stm32f4xx_hal_can.c.obj
 .comment       0x00000049       0x4a CMakeFiles/WHEEL_07_F405.elf.dir/Drivers/STM32F4xx_HAL_Driver/Src/stm32f4xx_hal_cortex.c.obj
 .comment       0x00000049       0x4a CMakeFiles/WHEEL_07_F405.elf.dir/Drivers/STM32F4xx_HAL_Driver/Src/stm32f4xx_hal_gpio.c.obj
 .comment       0x00000049       0x4a CMakeFiles/WHEEL_07_F405.elf.dir/Drivers/STM32F4xx_HAL_Driver/Src/stm32f4xx_hal_rcc.c.obj

.debug_frame    0x00000000      0xcc4
 .debug_frame   0x00000000       0xb0 CMakeFiles/WHEEL_07_F405.elf.dir/Core/Src/main.c.obj
 .debug_frame   0x000000b0       0x60 CMakeFiles/WHEEL_07_F405.elf.dir/Core/Src/stm32f4xx_hal_msp.c.obj
 .debug_frame   0x00000110       0xf0 CMakeFiles/WHEEL_07_F405.elf.dir/Core/Src/stm32f4xx_it.c.obj
 .debug_frame   0x00000200       0x30 CMakeFiles/WHEEL_07_F405.elf.dir/Core/Src/system_stm32f4xx.c.obj
 .debug_frame   0x00000230      0x1ec CMakeFiles/WHEEL_07_F405.elf.dir/Drivers/STM32F4xx_HAL_Driver/Src/stm32f4xx_hal.c.obj
 .debug_frame   0x0000041c      0x2d0 CMakeFiles/WHEEL_07_F405.elf.dir/Drivers/STM32F4xx_HAL_Driver/Src/stm32f4xx_hal_can.c.obj
 .debug_frame   0x000006ec      0x148 CMakeFiles/WHEEL_07_F405.elf.dir/Drivers/STM32F4xx_HAL_Driver/Src/stm32f4xx_hal_cortex.c.obj
 .debug_frame   0x00000834       0xd8 CMakeFiles/WHEEL_07_F405.elf.dir/Drivers/STM32F4xx_HAL_Driver/Src/stm32f4xx_hal_gpio.c.obj
 .debug_frame   0x0000090c      0x16c CMakeFiles/WHEEL_07_F405.elf.dir/Drivers/STM32F4xx_HAL_Driver/Src/stm32f4xx_hal_rcc.c.obj
 .debug_frame   0x00000a78       0x2c c:/progra~2/gnuarm~1/102021~1.10/bin/../lib/gcc/arm-none-eabi/10.3.1/thumb/v7e-m/nofp\libgcc.a(_aeabi_uldivmod.o)
 .debug_frame   0x00000aa4       0x34 c:/progra~2/gnuarm~1/102021~1.10/bin/../lib/gcc/arm-none-eabi/10.3.1/thumb/v7e-m/nofp\libgcc.a(_udivmoddi4.o)
 .debug_frame   0x00000ad8       0x2c c:/progra~2/gnuarm~1/102021~1.10/bin/../lib/gcc/arm-none-eabi/10.3.1/../../../../arm-none-eabi/lib/thumb/v7e-m/nofp\libg.a(lib_a-init.o)
 .debug_frame   0x00000b04       0x2c c:/progra~2/gnuarm~1/102021~1.10/bin/../lib/gcc/arm-none-eabi/10.3.1/../../../../arm-none-eabi/lib/thumb/v7e-m/nofp\libg.a(lib_a-memset.o)
 .debug_frame   0x00000b30       0x5c c:/progra~2/gnuarm~1/102021~1.10/bin/../lib/gcc/arm-none-eabi/10.3.1/../../../../arm-none-eabi/lib/thumb/v7e-m/nofp\libg.a(lib_a-__call_atexit.o)
 .debug_frame   0x00000b8c       0x20 c:/progra~2/gnuarm~1/102021~1.10/bin/../lib/gcc/arm-none-eabi/10.3.1/../../../../arm-none-eabi/lib/thumb/v7e-m/nofp\libg.a(lib_a-atexit.o)
 .debug_frame   0x00000bac       0x34 c:/progra~2/gnuarm~1/102021~1.10/bin/../lib/gcc/arm-none-eabi/10.3.1/../../../../arm-none-eabi/lib/thumb/v7e-m/nofp\libg.a(lib_a-fini.o)
 .debug_frame   0x00000be0       0xb0 c:/progra~2/gnuarm~1/102021~1.10/bin/../lib/gcc/arm-none-eabi/10.3.1/../../../../arm-none-eabi/lib/thumb/v7e-m/nofp\libg.a(lib_a-lock.o)
 .debug_frame   0x00000c90       0x34 c:/progra~2/gnuarm~1/102021~1.10/bin/../lib/gcc/arm-none-eabi/10.3.1/../../../../arm-none-eabi/lib/thumb/v7e-m/nofp\libg.a(lib_a-__atexit.o)
