Archive member included to satisfy reference by file (symbol)

c:/progra~2/gnuarm~1/102021~1.10/bin/../lib/gcc/arm-none-eabi/10.3.1/thumb/v7e-m+fp/hard\libgcc.a(_aeabi_uldivmod.o)
                              CMakeFiles/WHEEL_07_F405.elf.dir/Drivers/STM32F4xx_HAL_Driver/Src/stm32f4xx_hal_rcc.c.obj (__aeabi_uldivmod)
c:/progra~2/gnuarm~1/102021~1.10/bin/../lib/gcc/arm-none-eabi/10.3.1/thumb/v7e-m+fp/hard\libgcc.a(_udivmoddi4.o)
                              c:/progra~2/gnuarm~1/102021~1.10/bin/../lib/gcc/arm-none-eabi/10.3.1/thumb/v7e-m+fp/hard\libgcc.a(_aeabi_uldivmod.o) (__udivmoddi4)
c:/progra~2/gnuarm~1/102021~1.10/bin/../lib/gcc/arm-none-eabi/10.3.1/thumb/v7e-m+fp/hard\libgcc.a(_dvmd_tls.o)
                              c:/progra~2/gnuarm~1/102021~1.10/bin/../lib/gcc/arm-none-eabi/10.3.1/thumb/v7e-m+fp/hard\libgcc.a(_aeabi_uldivmod.o) (__aeabi_ldiv0)
c:/progra~2/gnuarm~1/102021~1.10/bin/../lib/gcc/arm-none-eabi/10.3.1/../../../../arm-none-eabi/lib/thumb/v7e-m+fp/hard\libg.a(lib_a-errno.o)
                              CMakeFiles/WHEEL_07_F405.elf.dir/Core/Src/syscalls.c.obj (__errno)
c:/progra~2/gnuarm~1/102021~1.10/bin/../lib/gcc/arm-none-eabi/10.3.1/../../../../arm-none-eabi/lib/thumb/v7e-m+fp/hard\libg.a(lib_a-exit.o)
                              c:/progra~2/gnuarm~1/102021~1.10/bin/../lib/gcc/arm-none-eabi/10.3.1/../../../../arm-none-eabi/lib/thumb/v7e-m+fp/hard/crt0.o (exit)
c:/progra~2/gnuarm~1/102021~1.10/bin/../lib/gcc/arm-none-eabi/10.3.1/../../../../arm-none-eabi/lib/thumb/v7e-m+fp/hard\libg.a(lib_a-impure.o)
                              c:/progra~2/gnuarm~1/102021~1.10/bin/../lib/gcc/arm-none-eabi/10.3.1/../../../../arm-none-eabi/lib/thumb/v7e-m+fp/hard\libg.a(lib_a-exit.o) (_global_impure_ptr)
c:/progra~2/gnuarm~1/102021~1.10/bin/../lib/gcc/arm-none-eabi/10.3.1/../../../../arm-none-eabi/lib/thumb/v7e-m+fp/hard\libg.a(lib_a-init.o)
                              c:/progra~2/gnuarm~1/102021~1.10/bin/../lib/gcc/arm-none-eabi/10.3.1/../../../../arm-none-eabi/lib/thumb/v7e-m+fp/hard/crt0.o (__libc_init_array)
c:/progra~2/gnuarm~1/102021~1.10/bin/../lib/gcc/arm-none-eabi/10.3.1/../../../../arm-none-eabi/lib/thumb/v7e-m+fp/hard\libg.a(lib_a-memcpy.o)
                              CMakeFiles/WHEEL_07_F405.elf.dir/Middlewares/Third_Party/FreeRTOS/Source/CMSIS_RTOS_V2/cmsis_os2.c.obj (memcpy)
c:/progra~2/gnuarm~1/102021~1.10/bin/../lib/gcc/arm-none-eabi/10.3.1/../../../../arm-none-eabi/lib/thumb/v7e-m+fp/hard\libg.a(lib_a-memset.o)
                              c:/progra~2/gnuarm~1/102021~1.10/bin/../lib/gcc/arm-none-eabi/10.3.1/../../../../arm-none-eabi/lib/thumb/v7e-m+fp/hard/crt0.o (memset)
c:/progra~2/gnuarm~1/102021~1.10/bin/../lib/gcc/arm-none-eabi/10.3.1/../../../../arm-none-eabi/lib/thumb/v7e-m+fp/hard\libg.a(lib_a-reent.o)
                              CMakeFiles/WHEEL_07_F405.elf.dir/Middlewares/Third_Party/FreeRTOS/Source/tasks.c.obj (_reclaim_reent)
c:/progra~2/gnuarm~1/102021~1.10/bin/../lib/gcc/arm-none-eabi/10.3.1/../../../../arm-none-eabi/lib/thumb/v7e-m+fp/hard\libg.a(lib_a-__call_atexit.o)
                              c:/progra~2/gnuarm~1/102021~1.10/bin/../lib/gcc/arm-none-eabi/10.3.1/../../../../arm-none-eabi/lib/thumb/v7e-m+fp/hard\libg.a(lib_a-exit.o) (__call_exitprocs)
c:/progra~2/gnuarm~1/102021~1.10/bin/../lib/gcc/arm-none-eabi/10.3.1/../../../../arm-none-eabi/lib/thumb/v7e-m+fp/hard\libg.a(lib_a-atexit.o)
                              c:/progra~2/gnuarm~1/102021~1.10/bin/../lib/gcc/arm-none-eabi/10.3.1/../../../../arm-none-eabi/lib/thumb/v7e-m+fp/hard\libg.a(lib_a-__call_atexit.o) (atexit)
c:/progra~2/gnuarm~1/102021~1.10/bin/../lib/gcc/arm-none-eabi/10.3.1/../../../../arm-none-eabi/lib/thumb/v7e-m+fp/hard\libg.a(lib_a-fini.o)
                              c:/progra~2/gnuarm~1/102021~1.10/bin/../lib/gcc/arm-none-eabi/10.3.1/../../../../arm-none-eabi/lib/thumb/v7e-m+fp/hard\libg.a(lib_a-__call_atexit.o) (__libc_fini_array)
c:/progra~2/gnuarm~1/102021~1.10/bin/../lib/gcc/arm-none-eabi/10.3.1/../../../../arm-none-eabi/lib/thumb/v7e-m+fp/hard\libg.a(lib_a-freer.o)
                              c:/progra~2/gnuarm~1/102021~1.10/bin/../lib/gcc/arm-none-eabi/10.3.1/../../../../arm-none-eabi/lib/thumb/v7e-m+fp/hard\libg.a(lib_a-reent.o) (_free_r)
c:/progra~2/gnuarm~1/102021~1.10/bin/../lib/gcc/arm-none-eabi/10.3.1/../../../../arm-none-eabi/lib/thumb/v7e-m+fp/hard\libg.a(lib_a-lock.o)
                              c:/progra~2/gnuarm~1/102021~1.10/bin/../lib/gcc/arm-none-eabi/10.3.1/../../../../arm-none-eabi/lib/thumb/v7e-m+fp/hard\libg.a(lib_a-__call_atexit.o) (__retarget_lock_acquire_recursive)
c:/progra~2/gnuarm~1/102021~1.10/bin/../lib/gcc/arm-none-eabi/10.3.1/../../../../arm-none-eabi/lib/thumb/v7e-m+fp/hard\libg.a(lib_a-mallocr.o)
                              c:/progra~2/gnuarm~1/102021~1.10/bin/../lib/gcc/arm-none-eabi/10.3.1/../../../../arm-none-eabi/lib/thumb/v7e-m+fp/hard\libg.a(lib_a-freer.o) (__malloc_current_mallinfo)
[...]
Memory Configuration

Name             Origin             Length             Attributes
CCMRAM           0x10000000         0x00010000         xrw
RAM              0x20000000         0x00020000         xrw
FLASH            0x08000000         0x00100000         xr
*default*        0x00000000         0xffffffff

Linker script and memory map

LOAD c:/progra~2/gnuarm~1/102021~1.10/bin/../lib/gcc/arm-none-eabi/10.3.1/thumb/v7e-m+fp/hard/crti.o
LOAD c:/progra~2/gnuarm~1/102021~1.10/bin/../lib/gcc/arm-none-eabi/10.3.1/thumb/v7e-m+fp/hard/crtbegin.o
LOAD c:/progra~2/gnuarm~1/102021~1.10/bin/../lib/gcc/arm-none-eabi/10.3.1/../../../../arm-none-eabi/lib/thumb/v7e-m+fp/hard/crt0.o
LOAD CMakeFiles/WHEEL_07_F405.elf.dir/Core/Src/adc.c.obj
LOAD CMakeFiles/WHEEL_07_F405.elf.dir/Core/Src/can.c.obj
LOAD CMakeFiles/WHEEL_07_F405.elf.dir/Core/Src/dma.c.obj
LOAD CMakeFiles/WHEEL_07_F405.elf.dir/Core/Src/freertos.c.obj
LOAD CMakeFiles/WHEEL_07_F405.elf.dir/Core/Src/gpio.c.obj
LOAD CMakeFiles/WHEEL_07_F405.elf.dir/Core/Src/main.c.obj
LOAD CMakeFiles/WHEEL_07_F405.elf.dir/Core/Src/rotary.c.obj
LOAD CMakeFiles/WHEEL_07_F405.elf.dir/Core/Src/stm32f4xx_hal_msp.c.obj
LOAD CMakeFiles/WHEEL_07_F405.elf.dir/Core/Src/stm32f4xx_hal_timebase_tim.c.obj
LOAD CMakeFiles/WHEEL_07_F405.elf.dir/Core/Src/stm32f4xx_it.c.obj
LOAD CMakeFiles/WHEEL_07_F405.elf.dir/Core/Src/syscalls.c.obj
LOAD CMakeFiles/WHEEL_07_F405.elf.dir/Core/Src/sysmem.c.obj
LOAD CMakeFiles/WHEEL_07_F405.elf.dir/Core/Src/system_stm32f4xx.c.obj
LOAD CMakeFiles/WHEEL_07_F405.elf.dir/Core/Src/tim.c.obj
LOAD CMakeFiles/WHEEL_07_F405.elf.dir/Core/Startup/startup_stm32f405rgtx.s.obj
LOAD CMakeFiles/WHEEL_07_F405.elf.dir/Drivers/STM32F4xx_HAL_Driver/Src/stm32f4xx_hal.c.obj
LOAD CMakeFiles/WHEEL_07_F405.elf.dir/Drivers/STM32F4xx_HAL_Driver/Src/stm32f4xx_hal_adc.c.obj
LOAD CMakeFiles/WHEEL_07_F405.elf.dir/Drivers/STM32F4xx_HAL_Driver/Src/stm32f4xx_hal_adc_ex.c.obj
LOAD CMakeFiles/WHEEL_07_F405.elf.dir/Drivers/STM32F4xx_HAL_Driver/Src/stm32f4xx_hal_can.c.obj
LOAD CMakeFiles/WHEEL_07_F405.elf.dir/Drivers/STM32F4xx_HAL_Driver/Src/stm32f4xx_hal_cortex.c.obj
LOAD CMakeFiles/WHEEL_07_F405.elf.dir/Drivers/STM32F4xx_HAL_Driver/Src/stm32f4xx_hal_dma.c.obj
LOAD CMakeFiles/WHEEL_07_F405.elf.dir/Drivers/STM32F4xx_HAL_Driver/Src/stm32f4xx_hal_dma_ex.c.obj
LOAD CMakeFiles/WHEEL_07_F405.elf.dir/Drivers/STM32F4xx_HAL_Driver/Src/stm32f4xx_hal_exti.c.obj
LOAD CMakeFiles/WHEEL_07_F405.elf.dir/Drivers/STM32F4xx_HAL_Driver/Src/stm32f4xx_hal_flash.c.obj
LOAD CMakeFiles/WHEEL_07_F405.elf.dir/Drivers/STM32F4xx_HAL_Driver/Src/stm32f4xx_hal_flash_ex.c.obj
LOAD CMakeFiles/WHEEL_07_F405.elf.dir/Drivers/STM32F4xx_HAL_Driver/Src/stm32f4xx_hal_flash_ramfunc.c.obj
LOAD CMakeFiles/WHEEL_07_F405.elf.dir/Drivers/STM32F4xx_HAL_Driver/Src/stm32f4xx_hal_gpio.c.obj
LOAD CMakeFiles/WHEEL_07_F405.elf.dir/Drivers/STM32F4xx_HAL_Driver/Src/stm32f4xx_hal_pwr.c.obj
LOAD CMakeFiles/WHEEL_07_F405.elf.dir/Drivers/STM32F4xx_HAL_Driver/Src/stm32f4xx_hal_pwr_ex.c.obj
LOAD CMakeFiles/WHEEL_07_F405.elf.dir/Drivers/STM32F4xx_HAL_Driver/Src/stm32f4xx_hal_rcc.c.obj
LOAD CMakeFiles/WHEEL_07_F405.elf.dir/Drivers/STM32F4xx_HAL_Driver/Src/stm32f4xx_hal_rcc_ex.c.obj
LOAD CMakeFiles/WHEEL_07_F405.elf.dir/Drivers/STM32F4xx_HAL_Driver/Src/stm32f4xx_hal_tim.c.obj
LOAD CMakeFiles/WHEEL_07_F405.elf.dir/Drivers/STM32F4xx_HAL_Driver/Src/stm32f4xx_hal_tim_ex.c.obj
LOAD CMakeFiles/WHEEL_07_F405.elf.dir/Drivers/STM32F4xx_HAL_Driver/Src/stm32f4xx_ll_adc.c.obj
LOAD CMakeFiles/WHEEL_07_F405.elf.dir/Middlewares/Third_Party/FreeRTOS/Source/CMSIS_RTOS_V2/cmsis_os2.c.obj
LOAD CMakeFiles/WHEEL_07_F405.elf.dir/Middlewares/Third_Party/FreeRTOS/Source/croutine.c.obj
LOAD CMakeFiles/WHEEL_07_F405.elf.dir/Middlewares/Third_Party/FreeRTOS/Source/event_groups.c.obj
LOAD CMakeFiles/WHEEL_07_F405.elf.dir/Middlewares/Third_Party/FreeRTOS/Source/list.c.obj
LOAD CMakeFiles/WHEEL_07_F405.elf.dir/Middlewares/Third_Party/FreeRTOS/Source/portable/GCC/ARM_CM4F/port.c.obj
LOAD CMakeFiles/WHEEL_07_F405.elf.dir/Middlewares/Third_Party/FreeRTOS/Source/portable/MemMang/heap_4.c.obj
LOAD CMakeFiles/WHEEL_07_F405.elf.dir/Middlewares/Third_Party/FreeRTOS/Source/queue.c.obj
LOAD CMakeFiles/WHEEL_07_F405.elf.dir/Middlewares/Third_Party/FreeRTOS/Source/stream_buffer.c.obj
LOAD CMakeFiles/WHEEL_07_F405.elf.dir/Middlewares/Third_Party/FreeRTOS/Source/tasks.c.obj
LOAD CMakeFiles/WHEEL_07_F405.elf.dir/Middlewares/Third_Party/FreeRTOS/Source/timers.c.obj
START GROUP
LOAD c:/progra~2/gnuarm~1/102021~1.10/bin/../lib/gcc/arm-none-eabi/10.3.1/thumb/v7e-m+fp/hard\libgcc.a
LOAD c:/progra~2/gnuarm~1/102021~1.10/bin/../lib/gcc/arm-none-eabi/10.3.1/../../../../arm-none-eabi/lib/thumb/v7e-m+fp/hard\libg.a
LOAD c:/progra~2/gnuarm~1/102021~1.10/bin/../lib/gcc/arm-none-eabi/10.3.1/../../../../arm-none-eabi/lib/thumb/v7e-m+fp/hard\libc.a
END GROUP
LOAD c:/progra~2/gnuarm~1/102021~1.10/bin/../lib/gcc/arm-none-eabi/10.3.1/thumb/v7e-m+fp/hard/crtend.o
LOAD c:/progra~2/gnuarm~1/102021~1.10/bin/../lib/gcc/arm-none-eabi/10.3.1/thumb/v7e-m+fp/hard/crtn.o
                0x20020000                _estack = (ORIGIN (RAM) + LENGTH (RAM))
                0x00000200                _Min_Heap_Size = 0x200
                0x00000400                _Min_Stack_Size = 0x400

.isr_vector     0x08000000      0x188
                0x08000000                . = ALIGN (0x4)
 *(.isr_vector)
 .isr_vector    0x08000000      0x188 CMakeFiles/WHEEL_07_F405.elf.dir/Core/Startup/startup_stm32f405rgtx.s.obj
                0x08000000                g_pfnVectors
                0x08000188                . = ALIGN (0x4)

.text           0x08000190     0x52bc
                0x08000190                . = ALIGN (0x4)
 *(.text)
 .text          0x08000190       0x40 c:/progra~2/gnuarm~1/102021~1.10/bin/../lib/gcc/arm-none-eabi/10.3.1/thumb/v7e-m+fp/hard/crtbegin.o
 .text          0x080001d0       0x30 c:/progra~2/gnuarm~1/102021~1.10/bin/../lib/gcc/arm-none-eabi/10.3.1/thumb/v7e-m+fp/hard\libgcc.a(_aeabi_uldivmod.o)
                0x080001d0                __aeabi_uldivmod
 .text          0x08000200      0x2d0 c:/progra~2/gnuarm~1/102021~1.10/bin/../lib/gcc/arm-none-eabi/10.3.1/thumb/v7e-m+fp/hard\libgcc.a(_udivmoddi4.o)
                0x08000200                __udivmoddi4
 .text          0x080004d0        0x4 c:/progra~2/gnuarm~1/102021~1.10/bin/../lib/gcc/arm-none-eabi/10.3.1/thumb/v7e-m+fp/hard\libgcc.a(_dvmd_tls.o)
                0x080004d0                __aeabi_idiv0
                0x080004d0                __aeabi_ldiv0
 .text          0x080004d4      0x134 c:/progra~2/gnuarm~1/102021~1.10/bin/../lib/gcc/arm-none-eabi/10.3.1/../../../../arm-none-eabi/lib/thumb/v7e-m+fp/hard\libg.a(lib_a-memcpy.o)
                0x080004d4                memcpy
 *(.text*)
 .text.MX_ADC1_Init
                0x08000608       0xb8 CMakeFiles/WHEEL_07_F405.elf.dir/Core/Src/adc.c.obj
                0x08000608                MX_ADC1_Init
 .text.HAL_ADC_MspInit
                0x080006c0       0xac CMakeFiles/WHEEL_07_F405.elf.dir/Core/Src/adc.c.obj
                0x080006c0                HAL_ADC_MspInit
 .text.HAL_ADC_ConvCpltCallback
                0x0800076c       0x1c CMakeFiles/WHEEL_07_F405.elf.dir/Core/Src/adc.c.obj
                0x0800076c                HAL_ADC_ConvCpltCallback
 .text.adcStart
                0x08000788       0x20 CMakeFiles/WHEEL_07_F405.elf.dir/Core/Src/adc.c.obj
                0x08000788                adcStart
 .text.adcTaskStart
                0x080007a8       0x2c CMakeFiles/WHEEL_07_F405.elf.dir/Core/Src/adc.c.obj
                0x080007a8                adcTaskStart
 .text.MX_CAN1_Init
                0x080007d4       0x3c CMakeFiles/WHEEL_07_F405.elf.dir/Core/Src/can.c.obj
                0x080007d4                MX_CAN1_Init
 .text.HAL_CAN_MspInit
                0x08000810       0xa0 CMakeFiles/WHEEL_07_F405.elf.dir/Core/Src/can.c.obj
                0x08000810                HAL_CAN_MspInit
 .text.MX_DMA_Init
                0x080008b0       0x34 CMakeFiles/WHEEL_07_F405.elf.dir/Core/Src/dma.c.obj
                0x080008b0                MX_DMA_Init
 .text.StartDefaultTask
                0x080008e4        0xa CMakeFiles/WHEEL_07_F405.elf.dir/Core/Src/freertos.c.obj
                0x080008e4                StartDefaultTask
 *fill*         0x080008ee        0x2 
 .text.StartStatusTask
                0x080008f0       0x1c CMakeFiles/WHEEL_07_F405.elf.dir/Core/Src/freertos.c.obj
                0x080008f0                StartStatusTask
 .text.MX_FREERTOS_Init
                0x0800090c       0x6c CMakeFiles/WHEEL_07_F405.elf.dir/Core/Src/freertos.c.obj
                0x0800090c                MX_FREERTOS_Init
 .text.MX_GPIO_Init
                0x08000978       0x80 CMakeFiles/WHEEL_07_F405.elf.dir/Core/Src/gpio.c.obj
                0x08000978                MX_GPIO_Init
 .text.HAL_CAN_RxFifo0MsgPendingCallback
                0x080009f8       0x24 CMakeFiles/WHEEL_07_F405.elf.dir/Core/Src/main.c.obj
                0x080009f8                HAL_CAN_RxFifo0MsgPendingCallback
 .text.HAL_TIM_PeriodElapsedCallback
                0x08000a1c       0x18 CMakeFiles/WHEEL_07_F405.elf.dir/Core/Src/main.c.obj
                0x08000a1c                HAL_TIM_PeriodElapsedCallback
 .text.Error_Handler
                0x08000a34        0x4 CMakeFiles/WHEEL_07_F405.elf.dir/Core/Src/main.c.obj
                0x08000a34                Error_Handler
 .text.SystemClock_Config
                0x08000a38       0x88 CMakeFiles/WHEEL_07_F405.elf.dir/Core/Src/main.c.obj
                0x08000a38                SystemClock_Config
 .text.main     0x08000ac0       0x70 CMakeFiles/WHEEL_07_F405.elf.dir/Core/Src/main.c.obj
                0x08000ac0                main
 .text.muxswInRange
                0x08000b30       0x98 CMakeFiles/WHEEL_07_F405.elf.dir/Core/Src/rotary.c.obj
                0x08000b30                muxswInRange
 .text.muxswTaskStart
                0x08000bc8       0x2c CMakeFiles/WHEEL_07_F405.elf.dir/Core/Src/rotary.c.obj
                0x08000bc8                muxswTaskStart
 .text.HAL_MspInit
                0x08000bf4       0x44 CMakeFiles/WHEEL_07_F405.elf.dir/Core/Src/stm32f4xx_hal_msp.c.obj
                0x08000bf4                HAL_MspInit
 .text.HAL_InitTick
                0x08000c38       0xa4 CMakeFiles/WHEEL_07_F405.elf.dir/Core/Src/stm32f4xx_hal_timebase_tim.c.obj
                0x08000c38                HAL_InitTick
 .text.NMI_Handler
                0x08000cdc        0x2 CMakeFiles/WHEEL_07_F405.elf.dir/Core/Src/stm32f4xx_it.c.obj
                0x08000cdc                NMI_Handler
 .text.HardFault_Handler
                0x08000cde        0x2 CMakeFiles/WHEEL_07_F405.elf.dir/Core/Src/stm32f4xx_it.c.obj
                0x08000cde                HardFault_Handler
 .text.MemManage_Handler
                0x08000ce0        0x2 CMakeFiles/WHEEL_07_F405.elf.dir/Core/Src/stm32f4xx_it.c.obj
                0x08000ce0                MemManage_Handler
 .text.BusFault_Handler
                0x08000ce2        0x2 CMakeFiles/WHEEL_07_F405.elf.dir/Core/Src/stm32f4xx_it.c.obj
                0x08000ce2                BusFault_Handler
 .text.UsageFault_Handler
                0x08000ce4        0x2 CMakeFiles/WHEEL_07_F405.elf.dir/Core/Src/stm32f4xx_it.c.obj
                0x08000ce4                UsageFault_Handler
 .text.DebugMon_Handler
                0x08000ce6        0x2 CMakeFiles/WHEEL_07_F405.elf.dir/Core/Src/stm32f4xx_it.c.obj
                0x08000ce6                DebugMon_Handler
 .text.CAN1_TX_IRQHandler
                0x08000ce8       0x10 CMakeFiles/WHEEL_07_F405.elf.dir/Core/Src/stm32f4xx_it.c.obj
                0x08000ce8                CAN1_TX_IRQHandler
 .text.CAN1_RX0_IRQHandler
                0x08000cf8       0x10 CMakeFiles/WHEEL_07_F405.elf.dir/Core/Src/stm32f4xx_it.c.obj
                0x08000cf8                CAN1_RX0_IRQHandler
 .text.CAN1_RX1_IRQHandler
                0x08000d08       0x10 CMakeFiles/WHEEL_07_F405.elf.dir/Core/Src/stm32f4xx_it.c.obj
                0x08000d08                CAN1_RX1_IRQHandler
 .text.TIM6_DAC_IRQHandler
                0x08000d18       0x10 CMakeFiles/WHEEL_07_F405.elf.dir/Core/Src/stm32f4xx_it.c.obj
                0x08000d18                TIM6_DAC_IRQHandler
 .text.DMA2_Stream0_IRQHandler
                0x08000d28       0x10 CMakeFiles/WHEEL_07_F405.elf.dir/Core/Src/stm32f4xx_it.c.obj
                0x08000d28                DMA2_Stream0_IRQHandler
 .text._sbrk    0x08000d38       0x48 CMakeFiles/WHEEL_07_F405.elf.dir/Core/Src/sysmem.c.obj
                0x08000d38                _sbrk
 .text.SystemInit
                0x08000d80       0x1c CMakeFiles/WHEEL_07_F405.elf.dir/Core/Src/system_stm32f4xx.c.obj
                0x08000d80                SystemInit
 .text.MX_TIM3_Init
                0x08000d9c       0x70 CMakeFiles/WHEEL_07_F405.elf.dir/Core/Src/tim.c.obj
                0x08000d9c                MX_TIM3_Init
 .text.HAL_TIM_Base_MspInit
                0x08000e0c       0x30 CMakeFiles/WHEEL_07_F405.elf.dir/Core/Src/tim.c.obj
                0x08000e0c                HAL_TIM_Base_MspInit
 .text.Reset_Handler
                0x08000e3c       0x50 CMakeFiles/WHEEL_07_F405.elf.dir/Core/Startup/startup_stm32f405rgtx.s.obj
                0x08000e3c                Reset_Handler
 .text.Default_Handler
                0x08000e8c        0x2 CMakeFiles/WHEEL_07_F405.elf.dir/Core/Startup/startup_stm32f405rgtx.s.obj
                0x08000e8c                RTC_Alarm_IRQHandler
                0x08000e8c                HASH_RNG_IRQHandler
                0x08000e8c                EXTI2_IRQHandler
                0x08000e8c                TIM8_CC_IRQHandler
                0x08000e8c                TIM1_CC_IRQHandler
                0x08000e8c                DMA2_Stream5_IRQHandler
                0x08000e8c                DMA1_Stream5_IRQHandler
                0x08000e8c                PVD_IRQHandler
                0x08000e8c                SDIO_IRQHandler
                0x08000e8c                TAMP_STAMP_IRQHandler
                0x08000e8c                CAN2_RX1_IRQHandler
                0x08000e8c                EXTI3_IRQHandler
                0x08000e8c                TIM8_TRG_COM_TIM14_IRQHandler
                0x08000e8c                TIM1_UP_TIM10_IRQHandler
                0x08000e8c                TIM8_UP_TIM13_IRQHandler
                0x08000e8c                I2C3_ER_IRQHandler
                0x08000e8c                EXTI0_IRQHandler
                0x08000e8c                I2C2_EV_IRQHandler
                0x08000e8c                DMA1_Stream2_IRQHandler
                0x08000e8c                FPU_IRQHandler
                0x08000e8c                OTG_HS_WKUP_IRQHandler
                0x08000e8c                CAN2_SCE_IRQHandler
                0x08000e8c                DMA2_Stream2_IRQHandler
                0x08000e8c                SPI1_IRQHandler
                0x08000e8c                TIM1_BRK_TIM9_IRQHandler
                0x08000e8c                CAN2_RX0_IRQHandler
                0x08000e8c                DMA2_Stream3_IRQHandler
                0x08000e8c                USART6_IRQHandler
                0x08000e8c                USART3_IRQHandler
                0x08000e8c                UART5_IRQHandler
                0x08000e8c                TIM4_IRQHandler
                0x08000e8c                I2C1_EV_IRQHandler
                0x08000e8c                DMA1_Stream6_IRQHandler
                0x08000e8c                DMA1_Stream1_IRQHandler
                0x08000e8c                UART4_IRQHandler
                0x08000e8c                TIM3_IRQHandler
                0x08000e8c                RCC_IRQHandler
                0x08000e8c                TIM8_BRK_TIM12_IRQHandler
                0x08000e8c                Default_Handler
                0x08000e8c                EXTI15_10_IRQHandler
                0x08000e8c                ADC_IRQHandler
                0x08000e8c                DMA1_Stream7_IRQHandler
                0x08000e8c                TIM7_IRQHandler
                0x08000e8c                CAN2_TX_IRQHandler
                0x08000e8c                TIM5_IRQHandler
                0x08000e8c                DMA2_Stream7_IRQHandler
                0x08000e8c                I2C3_EV_IRQHandler
                0x08000e8c                EXTI9_5_IRQHandler
                0x08000e8c                RTC_WKUP_IRQHandler
                0x08000e8c                SPI2_IRQHandler
                0x08000e8c                OTG_HS_EP1_IN_IRQHandler
                0x08000e8c                DMA1_Stream0_IRQHandler
                0x08000e8c                EXTI4_IRQHandler
                0x08000e8c                FSMC_IRQHandler
                0x08000e8c                OTG_HS_EP1_OUT_IRQHandler
                0x08000e8c                WWDG_IRQHandler
                0x08000e8c                TIM2_IRQHandler
                0x08000e8c                OTG_FS_WKUP_IRQHandler
                0x08000e8c                TIM1_TRG_COM_TIM11_IRQHandler
                0x08000e8c                OTG_HS_IRQHandler
                0x08000e8c                EXTI1_IRQHandler
                0x08000e8c                USART2_IRQHandler
                0x08000e8c                I2C2_ER_IRQHandler
                0x08000e8c                DMA2_Stream1_IRQHandler
                0x08000e8c                CAN1_SCE_IRQHandler
                0x08000e8c                FLASH_IRQHandler
                0x08000e8c                DMA2_Stream4_IRQHandler
                0x08000e8c                USART1_IRQHandler
                0x08000e8c                OTG_FS_IRQHandler
                0x08000e8c                SPI3_IRQHandler
                0x08000e8c                DMA1_Stream4_IRQHandler
                0x08000e8c                I2C1_ER_IRQHandler
                0x08000e8c                DMA2_Stream6_IRQHandler
                0x08000e8c                DMA1_Stream3_IRQHandler
 *fill*         0x08000e8e        0x2 
 .text.HAL_Init
                0x08000e90       0x34 CMakeFiles/WHEEL_07_F405.elf.dir/Drivers/STM32F4xx_HAL_Driver/Src/stm32f4xx_hal.c.obj
                0x08000e90                HAL_Init
 .text.HAL_IncTick
                0x08000ec4       0x18 CMakeFiles/WHEEL_07_F405.elf.dir/Drivers/STM32F4xx_HAL_Driver/Src/stm32f4xx_hal.c.obj
                0x08000ec4                HAL_IncTick
 .text.HAL_GetTick
                0x08000edc        0xc CMakeFiles/WHEEL_07_F405.elf.dir/Drivers/STM32F4xx_HAL_Driver/Src/stm32f4xx_hal.c.obj
                0x08000edc                HAL_GetTick
 .text.ADC_Init
                0x08000ee8      0x134 CMakeFiles/WHEEL_07_F405.elf.dir/Drivers/STM32F4xx_HAL_Driver/Src/stm32f4xx_hal_adc.c.obj
 .text.HAL_ADC_Init
                0x0800101c       0x56 CMakeFiles/WHEEL_07_F405.elf.dir/Drivers/STM32F4xx_HAL_Driver/Src/stm32f4xx_hal_adc.c.obj
                0x0800101c                HAL_ADC_Init
 *fill*         0x08001072        0x2 
 .text.HAL_ADC_Start_DMA
                0x08001074      0x19c CMakeFiles/WHEEL_07_F405.elf.dir/Drivers/STM32F4xx_HAL_Driver/Src/stm32f4xx_hal_adc.c.obj
                0x08001074                HAL_ADC_Start_DMA
 .text.HAL_ADC_ConvHalfCpltCallback
                0x08001210        0x2 CMakeFiles/WHEEL_07_F405.elf.dir/Drivers/STM32F4xx_HAL_Driver/Src/stm32f4xx_hal_adc.c.obj
                0x08001210                HAL_ADC_ConvHalfCpltCallback
 .text.ADC_DMAHalfConvCplt
                0x08001212        0xa CMakeFiles/WHEEL_07_F405.elf.dir/Drivers/STM32F4xx_HAL_Driver/Src/stm32f4xx_hal_adc.c.obj
 .text.HAL_ADC_ErrorCallback
                0x0800121c        0x2 CMakeFiles/WHEEL_07_F405.elf.dir/Drivers/STM32F4xx_HAL_Driver/Src/stm32f4xx_hal_adc.c.obj
                0x0800121c                HAL_ADC_ErrorCallback
 .text.ADC_DMAError
                0x0800121e       0x16 CMakeFiles/WHEEL_07_F405.elf.dir/Drivers/STM32F4xx_HAL_Driver/Src/stm32f4xx_hal_adc.c.obj
 .text.ADC_DMAConvCplt
                0x08001234       0x72 CMakeFiles/WHEEL_07_F405.elf.dir/Drivers/STM32F4xx_HAL_Driver/Src/stm32f4xx_hal_adc.c.obj
 *fill*         0x080012a6        0x2 
 .text.HAL_ADC_ConfigChannel
                0x080012a8      0x198 CMakeFiles/WHEEL_07_F405.elf.dir/Drivers/STM32F4xx_HAL_Driver/Src/stm32f4xx_hal_adc.c.obj
                0x080012a8                HAL_ADC_ConfigChannel
 .text.HAL_CAN_Init
                0x08001440      0x14c CMakeFiles/WHEEL_07_F405.elf.dir/Drivers/STM32F4xx_HAL_Driver/Src/stm32f4xx_hal_can.c.obj
                0x08001440                HAL_CAN_Init
 .text.HAL_CAN_Start
                0x0800158c       0x5c CMakeFiles/WHEEL_07_F405.elf.dir/Drivers/STM32F4xx_HAL_Driver/Src/stm32f4xx_hal_can.c.obj
                0x0800158c                HAL_CAN_Start
 .text.HAL_CAN_GetRxMessage
                0x080015e8      0x14a CMakeFiles/WHEEL_07_F405.elf.dir/Drivers/STM32F4xx_HAL_Driver/Src/stm32f4xx_hal_can.c.obj
                0x080015e8                HAL_CAN_GetRxMessage
 .text.HAL_CAN_ActivateNotification
                0x08001732       0x24 CMakeFiles/WHEEL_07_F405.elf.dir/Drivers/STM32F4xx_HAL_Driver/Src/stm32f4xx_hal_can.c.obj
                0x08001732                HAL_CAN_ActivateNotification
 .text.HAL_CAN_TxMailbox0CompleteCallback
                0x08001756        0x2 CMakeFiles/WHEEL_07_F405.elf.dir/Drivers/STM32F4xx_HAL_Driver/Src/stm32f4xx_hal_can.c.obj
                0x08001756                HAL_CAN_TxMailbox0CompleteCallback
 .text.HAL_CAN_TxMailbox1CompleteCallback
                0x08001758        0x2 CMakeFiles/WHEEL_07_F405.elf.dir/Drivers/STM32F4xx_HAL_Driver/Src/stm32f4xx_hal_can.c.obj
                0x08001758                HAL_CAN_TxMailbox1CompleteCallback
 .text.HAL_CAN_TxMailbox2CompleteCallback
                0x0800175a        0x2 CMakeFiles/WHEEL_07_F405.elf.dir/Drivers/STM32F4xx_HAL_Driver/Src/stm32f4xx_hal_can.c.obj
                0x0800175a                HAL_CAN_TxMailbox2CompleteCallback
 .text.HAL_CAN_TxMailbox0AbortCallback
                0x0800175c        0x2 CMakeFiles/WHEEL_07_F405.elf.dir/Drivers/STM32F4xx_HAL_Driver/Src/stm32f4xx_hal_can.c.obj
                0x0800175c                HAL_CAN_TxMailbox0AbortCallback
 .text.HAL_CAN_TxMailbox1AbortCallback
                0x0800175e        0x2 CMakeFiles/WHEEL_07_F405.elf.dir/Drivers/STM32F4xx_HAL_Driver/Src/stm32f4xx_hal_can.c.obj
                0x0800175e                HAL_CAN_TxMailbox1AbortCallback
 .text.HAL_CAN_TxMailbox2AbortCallback
                0x08001760        0x2 CMakeFiles/WHEEL_07_F405.elf.dir/Drivers/STM32F4xx_HAL_Driver/Src/stm32f4xx_hal_can.c.obj
                0x08001760                HAL_CAN_TxMailbox2AbortCallback
 .text.HAL_CAN_RxFifo0FullCallback
                0x08001762        0x2 CMakeFiles/WHEEL_07_F405.elf.dir/Drivers/STM32F4xx_HAL_Driver/Src/stm32f4xx_hal_can.c.obj
                0x08001762                HAL_CAN_RxFifo0FullCallback
 .text.HAL_CAN_RxFifo1MsgPendingCallback
                0x08001764        0x2 CMakeFiles/WHEEL_07_F405.elf.dir/Drivers/STM32F4xx_HAL_Driver/Src/stm32f4xx_hal_can.c.obj
                0x08001764                HAL_CAN_RxFifo1MsgPendingCallback
 .text.HAL_CAN_RxFifo1FullCallback
                0x08001766        0x2 CMakeFiles/WHEEL_07_F405.elf.dir/Drivers/STM32F4xx_HAL_Driver/Src/stm32f4xx_hal_can.c.obj
                0x08001766                HAL_CAN_RxFifo1FullCallback
 .text.HAL_CAN_SleepCallback
                0x08001768        0x2 CMakeFiles/WHEEL_07_F405.elf.dir/Drivers/STM32F4xx_HAL_Driver/Src/stm32f4xx_hal_can.c.obj
                0x08001768                HAL_CAN_SleepCallback
 .text.HAL_CAN_WakeUpFromRxMsgCallback
                0x0800176a        0x2 CMakeFiles/WHEEL_07_F405.elf.dir/Drivers/STM32F4xx_HAL_Driver/Src/stm32f4xx_hal_can.c.obj
                0x0800176a                HAL_CAN_WakeUpFromRxMsgCallback
 .text.HAL_CAN_ErrorCallback
                0x0800176c        0x2 CMakeFiles/WHEEL_07_F405.elf.dir/Drivers/STM32F4xx_HAL_Driver/Src/stm32f4xx_hal_can.c.obj
                0x0800176c                HAL_CAN_ErrorCallback
 .text.HAL_CAN_IRQHandler
                0x0800176e      0x24a CMakeFiles/WHEEL_07_F405.elf.dir/Drivers/STM32F4xx_HAL_Driver/Src/stm32f4xx_hal_can.c.obj
                0x0800176e                HAL_CAN_IRQHandler
 .text.HAL_NVIC_SetPriorityGrouping
                0x080019b8       0x24 CMakeFiles/WHEEL_07_F405.elf.dir/Drivers/STM32F4xx_HAL_Driver/Src/stm32f4xx_hal_cortex.c.obj
                0x080019b8                HAL_NVIC_SetPriorityGrouping
 .text.HAL_NVIC_SetPriority
                0x080019dc       0x70 CMakeFiles/WHEEL_07_F405.elf.dir/Drivers/STM32F4xx_HAL_Driver/Src/stm32f4xx_hal_cortex.c.obj
                0x080019dc                HAL_NVIC_SetPriority
 .text.HAL_NVIC_EnableIRQ
                0x08001a4c       0x1c CMakeFiles/WHEEL_07_F405.elf.dir/Drivers/STM32F4xx_HAL_Driver/Src/stm32f4xx_hal_cortex.c.obj
                0x08001a4c                HAL_NVIC_EnableIRQ
 .text.DMA_SetConfig
                0x08001a68       0x2c CMakeFiles/WHEEL_07_F405.elf.dir/Drivers/STM32F4xx_HAL_Driver/Src/stm32f4xx_hal_dma.c.obj
 .text.DMA_CalcBaseAndBitshift
                0x08001a94       0x44 CMakeFiles/WHEEL_07_F405.elf.dir/Drivers/STM32F4xx_HAL_Driver/Src/stm32f4xx_hal_dma.c.obj
 .text.DMA_CheckFifoParam
                0x08001ad8       0x8e CMakeFiles/WHEEL_07_F405.elf.dir/Drivers/STM32F4xx_HAL_Driver/Src/stm32f4xx_hal_dma.c.obj
 *fill*         0x08001b66        0x2 
 .text.HAL_DMA_Init
                0x08001b68       0xcc CMakeFiles/WHEEL_07_F405.elf.dir/Drivers/STM32F4xx_HAL_Driver/Src/stm32f4xx_hal_dma.c.obj
                0x08001b68                HAL_DMA_Init
 .text.HAL_DMA_Start_IT
                0x08001c34       0x6a CMakeFiles/WHEEL_07_F405.elf.dir/Drivers/STM32F4xx_HAL_Driver/Src/stm32f4xx_hal_dma.c.obj
                0x08001c34                HAL_DMA_Start_IT
 *fill*         0x08001c9e        0x2 
 .text.HAL_DMA_IRQHandler
                0x08001ca0      0x1dc CMakeFiles/WHEEL_07_F405.elf.dir/Drivers/STM32F4xx_HAL_Driver/Src/stm32f4xx_hal_dma.c.obj
                0x08001ca0                HAL_DMA_IRQHandler
 .text.HAL_GPIO_Init
                0x08001e7c      0x1e4 CMakeFiles/WHEEL_07_F405.elf.dir/Drivers/STM32F4xx_HAL_Driver/Src/stm32f4xx_hal_gpio.c.obj
                0x08001e7c                HAL_GPIO_Init
 .text.HAL_GPIO_WritePin
                0x08002060        0xc CMakeFiles/WHEEL_07_F405.elf.dir/Drivers/STM32F4xx_HAL_Driver/Src/stm32f4xx_hal_gpio.c.obj
                0x08002060                HAL_GPIO_WritePin
 .text.HAL_GPIO_TogglePin
                0x0800206c       0x12 CMakeFiles/WHEEL_07_F405.elf.dir/Drivers/STM32F4xx_HAL_Driver/Src/stm32f4xx_hal_gpio.c.obj
                0x0800206c                HAL_GPIO_TogglePin
 *fill*         0x0800207e        0x2 
 .text.HAL_RCC_OscConfig
                0x08002080      0x3f8 CMakeFiles/WHEEL_07_F405.elf.dir/Drivers/STM32F4xx_HAL_Driver/Src/stm32f4xx_hal_rcc.c.obj
                0x08002080                HAL_RCC_OscConfig
 .text.HAL_RCC_GetSysClockFreq
                0x08002478       0xa4 CMakeFiles/WHEEL_07_F405.elf.dir/Drivers/STM32F4xx_HAL_Driver/Src/stm32f4xx_hal_rcc.c.obj
                0x08002478                HAL_RCC_GetSysClockFreq
 .text.HAL_RCC_ClockConfig
                0x0800251c      0x160 CMakeFiles/WHEEL_07_F405.elf.dir/Drivers/STM32F4xx_HAL_Driver/Src/stm32f4xx_hal_rcc.c.obj
                0x0800251c                HAL_RCC_ClockConfig
 .text.HAL_RCC_GetHCLKFreq
                0x0800267c        0xc CMakeFiles/WHEEL_07_F405.elf.dir/Drivers/STM32F4xx_HAL_Driver/Src/stm32f4xx_hal_rcc.c.obj
                0x0800267c                HAL_RCC_GetHCLKFreq
 .text.HAL_RCC_GetPCLK1Freq
                0x08002688       0x20 CMakeFiles/WHEEL_07_F405.elf.dir/Drivers/STM32F4xx_HAL_Driver/Src/stm32f4xx_hal_rcc.c.obj
                0x08002688                HAL_RCC_GetPCLK1Freq
 .text.HAL_RCC_GetClockConfig
                0x080026a8       0x3c CMakeFiles/WHEEL_07_F405.elf.dir/Drivers/STM32F4xx_HAL_Driver/Src/stm32f4xx_hal_rcc.c.obj
                0x080026a8                HAL_RCC_GetClockConfig
 .text.TIM_TI1_ConfigInputStage
                0x080026e4       0x26 CMakeFiles/WHEEL_07_F405.elf.dir/Drivers/STM32F4xx_HAL_Driver/Src/stm32f4xx_hal_tim.c.obj
 .text.TIM_TI2_ConfigInputStage
                0x0800270a       0x28 CMakeFiles/WHEEL_07_F405.elf.dir/Drivers/STM32F4xx_HAL_Driver/Src/stm32f4xx_hal_tim.c.obj
 .text.TIM_ITRx_SetConfig
                0x08002732       0x10 CMakeFiles/WHEEL_07_F405.elf.dir/Drivers/STM32F4xx_HAL_Driver/Src/stm32f4xx_hal_tim.c.obj
 *fill*         0x08002742        0x2 
 .text.HAL_TIM_Base_Start
                0x08002744       0x7c CMakeFiles/WHEEL_07_F405.elf.dir/Drivers/STM32F4xx_HAL_Driver/Src/stm32f4xx_hal_tim.c.obj
                0x08002744                HAL_TIM_Base_Start
 .text.HAL_TIM_Base_Start_IT
                0x080027c0       0x88 CMakeFiles/WHEEL_07_F405.elf.dir/Drivers/STM32F4xx_HAL_Driver/Src/stm32f4xx_hal_tim.c.obj
                0x080027c0                HAL_TIM_Base_Start_IT
 .text.HAL_TIM_OC_DelayElapsedCallback
                0x08002848        0x2 CMakeFiles/WHEEL_07_F405.elf.dir/Drivers/STM32F4xx_HAL_Driver/Src/stm32f4xx_hal_tim.c.obj
                0x08002848                HAL_TIM_OC_DelayElapsedCallback
 .text.HAL_TIM_IC_CaptureCallback
                0x0800284a        0x2 CMakeFiles/WHEEL_07_F405.elf.dir/Drivers/STM32F4xx_HAL_Driver/Src/stm32f4xx_hal_tim.c.obj
                0x0800284a                HAL_TIM_IC_CaptureCallback
 .text.HAL_TIM_PWM_PulseFinishedCallback
                0x0800284c        0x2 CMakeFiles/WHEEL_07_F405.elf.dir/Drivers/STM32F4xx_HAL_Driver/Src/stm32f4xx_hal_tim.c.obj
                0x0800284c                HAL_TIM_PWM_PulseFinishedCallback
 .text.HAL_TIM_TriggerCallback
                0x0800284e        0x2 CMakeFiles/WHEEL_07_F405.elf.dir/Drivers/STM32F4xx_HAL_Driver/Src/stm32f4xx_hal_tim.c.obj
                0x0800284e                HAL_TIM_TriggerCallback
 .text.HAL_TIM_IRQHandler
                0x08002850      0x17a CMakeFiles/WHEEL_07_F405.elf.dir/Drivers/STM32F4xx_HAL_Driver/Src/stm32f4xx_hal_tim.c.obj
                0x08002850                HAL_TIM_IRQHandler
 *fill*         0x080029ca        0x2 
 .text.TIM_Base_SetConfig
                0x080029cc       0xc8 CMakeFiles/WHEEL_07_F405.elf.dir/Drivers/STM32F4xx_HAL_Driver/Src/stm32f4xx_hal_tim.c.obj
                0x080029cc                TIM_Base_SetConfig
 .text.HAL_TIM_Base_Init
                0x08002a94       0x58 CMakeFiles/WHEEL_07_F405.elf.dir/Drivers/STM32F4xx_HAL_Driver/Src/stm32f4xx_hal_tim.c.obj
                0x08002a94                HAL_TIM_Base_Init
 .text.TIM_ETR_SetConfig
                0x08002aec       0x1a CMakeFiles/WHEEL_07_F405.elf.dir/Drivers/STM32F4xx_HAL_Driver/Src/stm32f4xx_hal_tim.c.obj
                0x08002aec                TIM_ETR_SetConfig
 .text.HAL_TIM_ConfigClockSource
                0x08002b06       0xfe CMakeFiles/WHEEL_07_F405.elf.dir/Drivers/STM32F4xx_HAL_Driver/Src/stm32f4xx_hal_tim.c.obj
                0x08002b06                HAL_TIM_ConfigClockSource
 .text.HAL_TIMEx_MasterConfigSynchronization
                0x08002c04       0x8c CMakeFiles/WHEEL_07_F405.elf.dir/Drivers/STM32F4xx_HAL_Driver/Src/stm32f4xx_hal_tim_ex.c.obj
                0x08002c04                HAL_TIMEx_MasterConfigSynchronization
 .text.HAL_TIMEx_CommutCallback
                0x08002c90        0x2 CMakeFiles/WHEEL_07_F405.elf.dir/Drivers/STM32F4xx_HAL_Driver/Src/stm32f4xx_hal_tim_ex.c.obj
                0x08002c90                HAL_TIMEx_CommutCallback
 .text.HAL_TIMEx_BreakCallback
                0x08002c92        0x2 CMakeFiles/WHEEL_07_F405.elf.dir/Drivers/STM32F4xx_HAL_Driver/Src/stm32f4xx_hal_tim_ex.c.obj
                0x08002c92                HAL_TIMEx_BreakCallback
 .text.SysTick_Handler
                0x08002c94       0x18 CMakeFiles/WHEEL_07_F405.elf.dir/Middlewares/Third_Party/FreeRTOS/Source/CMSIS_RTOS_V2/cmsis_os2.c.obj
                0x08002c94                SysTick_Handler
 .text.osKernelInitialize
                0x08002cac       0x24 CMakeFiles/WHEEL_07_F405.elf.dir/Middlewares/Third_Party/FreeRTOS/Source/CMSIS_RTOS_V2/cmsis_os2.c.obj
                0x08002cac                osKernelInitialize
 .text.osKernelStart
                0x08002cd0       0x38 CMakeFiles/WHEEL_07_F405.elf.dir/Middlewares/Third_Party/FreeRTOS/Source/CMSIS_RTOS_V2/cmsis_os2.c.obj
                0x08002cd0                osKernelStart
 .text.osThreadNew
                0x08002d08       0xbe CMakeFiles/WHEEL_07_F405.elf.dir/Middlewares/Third_Party/FreeRTOS/Source/CMSIS_RTOS_V2/cmsis_os2.c.obj
                0x08002d08                osThreadNew
 .text.osDelay  0x08002dc6       0x1c CMakeFiles/WHEEL_07_F405.elf.dir/Middlewares/Third_Party/FreeRTOS/Source/CMSIS_RTOS_V2/cmsis_os2.c.obj
                0x08002dc6                osDelay
 *fill*         0x08002de2        0x2 
 .text.vApplicationGetIdleTaskMemory
                0x08002de4       0x18 CMakeFiles/WHEEL_07_F405.elf.dir/Middlewares/Third_Party/FreeRTOS/Source/CMSIS_RTOS_V2/cmsis_os2.c.obj
                0x08002de4                vApplicationGetIdleTaskMemory
 .text.vApplicationGetTimerTaskMemory
                0x08002dfc       0x18 CMakeFiles/WHEEL_07_F405.elf.dir/Middlewares/Third_Party/FreeRTOS/Source/CMSIS_RTOS_V2/cmsis_os2.c.obj
                0x08002dfc                vApplicationGetTimerTaskMemory
 .text.vListInitialise
                0x08002e14       0x16 CMakeFiles/WHEEL_07_F405.elf.dir/Middlewares/Third_Party/FreeRTOS/Source/list.c.obj
                0x08002e14                vListInitialise
 .text.vListInitialiseItem
                0x08002e2a        0x6 CMakeFiles/WHEEL_07_F405.elf.dir/Middlewares/Third_Party/FreeRTOS/Source/list.c.obj
                0x08002e2a                vListInitialiseItem
 .text.vListInsertEnd
                0x08002e30       0x16 CMakeFiles/WHEEL_07_F405.elf.dir/Middlewares/Third_Party/FreeRTOS/Source/list.c.obj
                0x08002e30                vListInsertEnd
 .text.vListInsert
                0x08002e46       0x32 CMakeFiles/WHEEL_07_F405.elf.dir/Middlewares/Third_Party/FreeRTOS/Source/list.c.obj
                0x08002e46                vListInsert
 .text.uxListRemove
                0x08002e78       0x26 CMakeFiles/WHEEL_07_F405.elf.dir/Middlewares/Third_Party/FreeRTOS/Source/list.c.obj
                0x08002e78                uxListRemove
 *fill*         0x08002e9e        0x2 
 .text.prvTaskExitError
                0x08002ea0       0x40 CMakeFiles/WHEEL_07_F405.elf.dir/Middlewares/Third_Party/FreeRTOS/Source/portable/GCC/ARM_CM4F/port.c.obj
 .text.prvPortStartFirstTask
                0x08002ee0       0x28 CMakeFiles/WHEEL_07_F405.elf.dir/Middlewares/Third_Party/FreeRTOS/Source/portable/GCC/ARM_CM4F/port.c.obj
 .text.vPortEnableVFP
                0x08002f08       0x14 CMakeFiles/WHEEL_07_F405.elf.dir/Middlewares/Third_Party/FreeRTOS/Source/portable/GCC/ARM_CM4F/port.c.obj
 .text.pxPortInitialiseStack
                0x08002f1c       0x2c CMakeFiles/WHEEL_07_F405.elf.dir/Middlewares/Third_Party/FreeRTOS/Source/portable/GCC/ARM_CM4F/port.c.obj
                0x08002f1c                pxPortInitialiseStack
 *fill*         0x08002f48        0x8 
 .text.SVC_Handler
                0x08002f50       0x24 CMakeFiles/WHEEL_07_F405.elf.dir/Middlewares/Third_Party/FreeRTOS/Source/portable/GCC/ARM_CM4F/port.c.obj
                0x08002f50                SVC_Handler
 .text.vPortEnterCritical
                0x08002f74       0x44 CMakeFiles/WHEEL_07_F405.elf.dir/Middlewares/Third_Party/FreeRTOS/Source/portable/GCC/ARM_CM4F/port.c.obj
                0x08002f74                vPortEnterCritical
 .text.vPortExitCritical
                0x08002fb8       0x2c CMakeFiles/WHEEL_07_F405.elf.dir/Middlewares/Third_Party/FreeRTOS/Source/portable/GCC/ARM_CM4F/port.c.obj
                0x08002fb8                vPortExitCritical
 *fill*         0x08002fe4        0xc 
 .text.PendSV_Handler
                0x08002ff0       0x64 CMakeFiles/WHEEL_07_F405.elf.dir/Middlewares/Third_Party/FreeRTOS/Source/portable/GCC/ARM_CM4F/port.c.obj
                0x08002ff0                PendSV_Handler
 .text.xPortSysTickHandler
                0x08003054       0x2c CMakeFiles/WHEEL_07_F405.elf.dir/Middlewares/Third_Party/FreeRTOS/Source/portable/GCC/ARM_CM4F/port.c.obj
                0x08003054                xPortSysTickHandler
 .text.vPortSetupTimerInterrupt
                0x08003080       0x28 CMakeFiles/WHEEL_07_F405.elf.dir/Middlewares/Third_Party/FreeRTOS/Source/portable/GCC/ARM_CM4F/port.c.obj
                0x08003080                vPortSetupTimerInterrupt
 .text.xPortStartScheduler
                0x080030a8      0x118 CMakeFiles/WHEEL_07_F405.elf.dir/Middlewares/Third_Party/FreeRTOS/Source/portable/GCC/ARM_CM4F/port.c.obj
                0x080030a8                xPortStartScheduler
 .text.vPortValidateInterruptPriority
                0x080031c0       0x5c CMakeFiles/WHEEL_07_F405.elf.dir/Middlewares/Third_Party/FreeRTOS/Source/portable/GCC/ARM_CM4F/port.c.obj
                0x080031c0                vPortValidateInterruptPriority
 .text.prvHeapInit
                0x0800321c       0x64 CMakeFiles/WHEEL_07_F405.elf.dir/Middlewares/Third_Party/FreeRTOS/Source/portable/MemMang/heap_4.c.obj
 .text.prvInsertBlockIntoFreeList
                0x08003280       0x64 CMakeFiles/WHEEL_07_F405.elf.dir/Middlewares/Third_Party/FreeRTOS/Source/portable/MemMang/heap_4.c.obj
 .text.pvPortMalloc
                0x080032e4       0xfc CMakeFiles/WHEEL_07_F405.elf.dir/Middlewares/Third_Party/FreeRTOS/Source/portable/MemMang/heap_4.c.obj
                0x080032e4                pvPortMalloc
 .text.vPortFree
                0x080033e0       0x7c CMakeFiles/WHEEL_07_F405.elf.dir/Middlewares/Third_Party/FreeRTOS/Source/portable/MemMang/heap_4.c.obj
                0x080033e0                vPortFree
 .text.prvGetDisinheritPriorityAfterTimeout
                0x0800345c       0x10 CMakeFiles/WHEEL_07_F405.elf.dir/Middlewares/Third_Party/FreeRTOS/Source/queue.c.obj
 .text.prvIsQueueFull
                0x0800346c       0x1e CMakeFiles/WHEEL_07_F405.elf.dir/Middlewares/Third_Party/FreeRTOS/Source/queue.c.obj
 .text.prvIsQueueEmpty
                0x0800348a       0x1a CMakeFiles/WHEEL_07_F405.elf.dir/Middlewares/Third_Party/FreeRTOS/Source/queue.c.obj
 .text.prvCopyDataToQueue
                0x080034a4       0x76 CMakeFiles/WHEEL_07_F405.elf.dir/Middlewares/Third_Party/FreeRTOS/Source/queue.c.obj
 .text.prvCopyDataFromQueue
                0x0800351a       0x24 CMakeFiles/WHEEL_07_F405.elf.dir/Middlewares/Third_Party/FreeRTOS/Source/queue.c.obj
 .text.prvUnlockQueue
                0x0800353e       0x6e CMakeFiles/WHEEL_07_F405.elf.dir/Middlewares/Third_Party/FreeRTOS/Source/queue.c.obj
 .text.xQueueGenericReset
                0x080035ac       0x84 CMakeFiles/WHEEL_07_F405.elf.dir/Middlewares/Third_Party/FreeRTOS/Source/queue.c.obj
                0x080035ac                xQueueGenericReset
 .text.prvInitialiseNewQueue
                0x08003630       0x22 CMakeFiles/WHEEL_07_F405.elf.dir/Middlewares/Third_Party/FreeRTOS/Source/queue.c.obj
 .text.xQueueGenericCreateStatic
                0x08003652       0x94 CMakeFiles/WHEEL_07_F405.elf.dir/Middlewares/Third_Party/FreeRTOS/Source/queue.c.obj
                0x08003652                xQueueGenericCreateStatic
 .text.xQueueGenericCreate
                0x080036e6       0x48 CMakeFiles/WHEEL_07_F405.elf.dir/Middlewares/Third_Party/FreeRTOS/Source/queue.c.obj
                0x080036e6                xQueueGenericCreate
 .text.xQueueGenericSend
                0x0800372e      0x188 CMakeFiles/WHEEL_07_F405.elf.dir/Middlewares/Third_Party/FreeRTOS/Source/queue.c.obj
                0x0800372e                xQueueGenericSend
 .text.xQueueGenericSendFromISR
                0x080038b6       0xce CMakeFiles/WHEEL_07_F405.elf.dir/Middlewares/Third_Party/FreeRTOS/Source/queue.c.obj
                0x080038b6                xQueueGenericSendFromISR
 .text.xQueueGiveFromISR
                0x08003984       0xb2 CMakeFiles/WHEEL_07_F405.elf.dir/Middlewares/Third_Party/FreeRTOS/Source/queue.c.obj
                0x08003984                xQueueGiveFromISR
 .text.xQueueReceive
                0x08003a36      0x15e CMakeFiles/WHEEL_07_F405.elf.dir/Middlewares/Third_Party/FreeRTOS/Source/queue.c.obj
                0x08003a36                xQueueReceive
 .text.xQueueSemaphoreTake
                0x08003b94      0x1a6 CMakeFiles/WHEEL_07_F405.elf.dir/Middlewares/Third_Party/FreeRTOS/Source/queue.c.obj
                0x08003b94                xQueueSemaphoreTake
 *fill*         0x08003d3a        0x2 
 .text.vQueueAddToRegistry
                0x08003d3c       0x28 CMakeFiles/WHEEL_07_F405.elf.dir/Middlewares/Third_Party/FreeRTOS/Source/queue.c.obj
                0x08003d3c                vQueueAddToRegistry
 .text.vQueueWaitForMessageRestricted
                0x08003d64       0x52 CMakeFiles/WHEEL_07_F405.elf.dir/Middlewares/Third_Party/FreeRTOS/Source/queue.c.obj
                0x08003d64                vQueueWaitForMessageRestricted
 *fill*         0x08003db6        0x2 
 .text.prvResetNextTaskUnblockTime
                0x08003db8       0x2c CMakeFiles/WHEEL_07_F405.elf.dir/Middlewares/Third_Party/FreeRTOS/Source/tasks.c.obj
 .text.prvInitialiseNewTask
                0x08003de4      0x106 CMakeFiles/WHEEL_07_F405.elf.dir/Middlewares/Third_Party/FreeRTOS/Source/tasks.c.obj
 *fill*         0x08003eea        0x2 
 .text.prvInitialiseTaskLists
                0x08003eec       0x68 CMakeFiles/WHEEL_07_F405.elf.dir/Middlewares/Third_Party/FreeRTOS/Source/tasks.c.obj
 .text.prvAddNewTaskToReadyList
                0x08003f54       0xac CMakeFiles/WHEEL_07_F405.elf.dir/Middlewares/Third_Party/FreeRTOS/Source/tasks.c.obj
 .text.prvDeleteTCB
                0x08004000       0x40 CMakeFiles/WHEEL_07_F405.elf.dir/Middlewares/Third_Party/FreeRTOS/Source/tasks.c.obj
 .text.prvCheckTasksWaitingTermination
                0x08004040       0x4c CMakeFiles/WHEEL_07_F405.elf.dir/Middlewares/Third_Party/FreeRTOS/Source/tasks.c.obj
 .text.prvIdleTask
                0x0800408c       0x28 CMakeFiles/WHEEL_07_F405.elf.dir/Middlewares/Third_Party/FreeRTOS/Source/tasks.c.obj
 .text.prvAddCurrentTaskToDelayedList
                0x080040b4       0x7c CMakeFiles/WHEEL_07_F405.elf.dir/Middlewares/Third_Party/FreeRTOS/Source/tasks.c.obj
 .text.xTaskCreateStatic
                0x08004130       0x7a CMakeFiles/WHEEL_07_F405.elf.dir/Middlewares/Third_Party/FreeRTOS/Source/tasks.c.obj
                0x08004130                xTaskCreateStatic
 .text.xTaskCreate
                0x080041aa       0x6a CMakeFiles/WHEEL_07_F405.elf.dir/Middlewares/Third_Party/FreeRTOS/Source/tasks.c.obj
                0x080041aa                xTaskCreate
 .text.vTaskStartScheduler
                0x08004214       0xac CMakeFiles/WHEEL_07_F405.elf.dir/Middlewares/Third_Party/FreeRTOS/Source/tasks.c.obj
                0x08004214                vTaskStartScheduler
 .text.vTaskSuspendAll
                0x080042c0       0x10 CMakeFiles/WHEEL_07_F405.elf.dir/Middlewares/Third_Party/FreeRTOS/Source/tasks.c.obj
                0x080042c0                vTaskSuspendAll
 .text.xTaskGetTickCount
                0x080042d0        0xc CMakeFiles/WHEEL_07_F405.elf.dir/Middlewares/Third_Party/FreeRTOS/Source/tasks.c.obj
                0x080042d0                xTaskGetTickCount
 .text.xTaskIncrementTick
                0x080042dc      0x118 CMakeFiles/WHEEL_07_F405.elf.dir/Middlewares/Third_Party/FreeRTOS/Source/tasks.c.obj
                0x080042dc                xTaskIncrementTick
 .text.xTaskResumeAll
                0x080043f4       0xf8 CMakeFiles/WHEEL_07_F405.elf.dir/Middlewares/Third_Party/FreeRTOS/Source/tasks.c.obj
                0x080043f4                xTaskResumeAll
 .text.vTaskDelay
                0x080044ec       0x4c CMakeFiles/WHEEL_07_F405.elf.dir/Middlewares/Third_Party/FreeRTOS/Source/tasks.c.obj
                0x080044ec                vTaskDelay
 .text.vTaskSwitchContext
                0x08004538       0xa0 CMakeFiles/WHEEL_07_F405.elf.dir/Middlewares/Third_Party/FreeRTOS/Source/tasks.c.obj
                0x08004538                vTaskSwitchContext
 .text.vTaskSuspend
                0x080045d8       0xc4 CMakeFiles/WHEEL_07_F405.elf.dir/Middlewares/Third_Party/FreeRTOS/Source/tasks.c.obj
                0x080045d8                vTaskSuspend
 .text.vTaskPlaceOnEventList
                0x0800469c       0x30 CMakeFiles/WHEEL_07_F405.elf.dir/Middlewares/Third_Party/FreeRTOS/Source/tasks.c.obj
                0x0800469c                vTaskPlaceOnEventList
 .text.vTaskPlaceOnEventListRestricted
                0x080046cc       0x38 CMakeFiles/WHEEL_07_F405.elf.dir/Middlewares/Third_Party/FreeRTOS/Source/tasks.c.obj
                0x080046cc                vTaskPlaceOnEventListRestricted
 .text.xTaskRemoveFromEventList
                0x08004704       0x8c CMakeFiles/WHEEL_07_F405.elf.dir/Middlewares/Third_Party/FreeRTOS/Source/tasks.c.obj
                0x08004704                xTaskRemoveFromEventList
 .text.vTaskInternalSetTimeOutState
                0x08004790       0x18 CMakeFiles/WHEEL_07_F405.elf.dir/Middlewares/Third_Party/FreeRTOS/Source/tasks.c.obj
                0x08004790                vTaskInternalSetTimeOutState
 .text.xTaskCheckForTimeOut
                0x080047a8       0x84 CMakeFiles/WHEEL_07_F405.elf.dir/Middlewares/Third_Party/FreeRTOS/Source/tasks.c.obj
                0x080047a8                xTaskCheckForTimeOut
 .text.vTaskMissedYield
                0x0800482c        0xc CMakeFiles/WHEEL_07_F405.elf.dir/Middlewares/Third_Party/FreeRTOS/Source/tasks.c.obj
                0x0800482c                vTaskMissedYield
 .text.xTaskGetCurrentTaskHandle
                0x08004838        0xc CMakeFiles/WHEEL_07_F405.elf.dir/Middlewares/Third_Party/FreeRTOS/Source/tasks.c.obj
                0x08004838                xTaskGetCurrentTaskHandle
 .text.xTaskGetSchedulerState
                0x08004844       0x20 CMakeFiles/WHEEL_07_F405.elf.dir/Middlewares/Third_Party/FreeRTOS/Source/tasks.c.obj
                0x08004844                xTaskGetSchedulerState
 .text.xTaskPriorityInherit
                0x08004864       0x98 CMakeFiles/WHEEL_07_F405.elf.dir/Middlewares/Third_Party/FreeRTOS/Source/tasks.c.obj
                0x08004864                xTaskPriorityInherit
 .text.xTaskPriorityDisinherit
                0x080048fc       0x90 CMakeFiles/WHEEL_07_F405.elf.dir/Middlewares/Third_Party/FreeRTOS/Source/tasks.c.obj
                0x080048fc                xTaskPriorityDisinherit
 .text.vTaskPriorityDisinheritAfterTimeout
                0x0800498c       0xa0 CMakeFiles/WHEEL_07_F405.elf.dir/Middlewares/Third_Party/FreeRTOS/Source/tasks.c.obj
                0x0800498c                vTaskPriorityDisinheritAfterTimeout
 .text.pvTaskIncrementMutexHeldCount
                0x08004a2c       0x1c CMakeFiles/WHEEL_07_F405.elf.dir/Middlewares/Third_Party/FreeRTOS/Source/tasks.c.obj
                0x08004a2c                pvTaskIncrementMutexHeldCount
 .text.prvGetNextExpireTime
                0x08004a48       0x20 CMakeFiles/WHEEL_07_F405.elf.dir/Middlewares/Third_Party/FreeRTOS/Source/timers.c.obj
 .text.prvInsertTimerInActiveList
                0x08004a68       0x48 CMakeFiles/WHEEL_07_F405.elf.dir/Middlewares/Third_Party/FreeRTOS/Source/timers.c.obj
 .text.prvCheckForValidListAndQueue
                0x08004ab0       0x70 CMakeFiles/WHEEL_07_F405.elf.dir/Middlewares/Third_Party/FreeRTOS/Source/timers.c.obj
 .text.xTimerCreateTimerTask
                0x08004b20       0x64 CMakeFiles/WHEEL_07_F405.elf.dir/Middlewares/Third_Party/FreeRTOS/Source/timers.c.obj
                0x08004b20                xTimerCreateTimerTask
 .text.xTimerGenericCommand
                0x08004b84       0x6c CMakeFiles/WHEEL_07_F405.elf.dir/Middlewares/Third_Party/FreeRTOS/Source/timers.c.obj
                0x08004b84                xTimerGenericCommand
 .text.prvSwitchTimerLists
                0x08004bf0       0x7c CMakeFiles/WHEEL_07_F405.elf.dir/Middlewares/Third_Party/FreeRTOS/Source/timers.c.obj
 .text.prvSampleTimeNow
                0x08004c6c       0x2c CMakeFiles/WHEEL_07_F405.elf.dir/Middlewares/Third_Party/FreeRTOS/Source/timers.c.obj
 .text.prvProcessExpiredTimer
                0x08004c98       0x6c CMakeFiles/WHEEL_07_F405.elf.dir/Middlewares/Third_Party/FreeRTOS/Source/timers.c.obj
 .text.prvProcessTimerOrBlockTask
                0x08004d04       0x74 CMakeFiles/WHEEL_07_F405.elf.dir/Middlewares/Third_Party/FreeRTOS/Source/timers.c.obj
 .text.prvProcessReceivedCommands
                0x08004d78      0x10c CMakeFiles/WHEEL_07_F405.elf.dir/Middlewares/Third_Party/FreeRTOS/Source/timers.c.obj
 .text.prvTimerTask
                0x08004e84       0x16 CMakeFiles/WHEEL_07_F405.elf.dir/Middlewares/Third_Party/FreeRTOS/Source/timers.c.obj
 *fill*         0x08004e9a        0x2 
 .text.__errno  0x08004e9c        0xc c:/progra~2/gnuarm~1/102021~1.10/bin/../lib/gcc/arm-none-eabi/10.3.1/../../../../arm-none-eabi/lib/thumb/v7e-m+fp/hard\libg.a(lib_a-errno.o)
                0x08004e9c                __errno
 .text.__libc_init_array
                0x08004ea8       0x48 c:/progra~2/gnuarm~1/102021~1.10/bin/../lib/gcc/arm-none-eabi/10.3.1/../../../../arm-none-eabi/lib/thumb/v7e-m+fp/hard\libg.a(lib_a-init.o)
                0x08004ea8                __libc_init_array
 .text.memset   0x08004ef0       0xa4 c:/progra~2/gnuarm~1/102021~1.10/bin/../lib/gcc/arm-none-eabi/10.3.1/../../../../arm-none-eabi/lib/thumb/v7e-m+fp/hard\libg.a(lib_a-memset.o)
                0x08004ef0                memset
 .text.cleanup_glue
                0x08004f94       0x48 c:/progra~2/gnuarm~1/102021~1.10/bin/../lib/gcc/arm-none-eabi/10.3.1/../../../../arm-none-eabi/lib/thumb/v7e-m+fp/hard\libg.a(lib_a-reent.o)
                0x08004f94                cleanup_glue
 .text._reclaim_reent
                0x08004fdc       0x90 c:/progra~2/gnuarm~1/102021~1.10/bin/../lib/gcc/arm-none-eabi/10.3.1/../../../../arm-none-eabi/lib/thumb/v7e-m+fp/hard\libg.a(lib_a-reent.o)
                0x08004fdc                _reclaim_reent
 .text.startup.register_fini
                0x0800506c       0x14 c:/progra~2/gnuarm~1/102021~1.10/bin/../lib/gcc/arm-none-eabi/10.3.1/../../../../arm-none-eabi/lib/thumb/v7e-m+fp/hard\libg.a(lib_a-__call_atexit.o)
 .text.atexit   0x08005080        0xc c:/progra~2/gnuarm~1/102021~1.10/bin/../lib/gcc/arm-none-eabi/10.3.1/../../../../arm-none-eabi/lib/thumb/v7e-m+fp/hard\libg.a(lib_a-atexit.o)
                0x08005080                atexit
 .text.__libc_fini_array
                0x0800508c       0x2c c:/progra~2/gnuarm~1/102021~1.10/bin/../lib/gcc/arm-none-eabi/10.3.1/../../../../arm-none-eabi/lib/thumb/v7e-m+fp/hard\libg.a(lib_a-fini.o)
                0x0800508c                __libc_fini_array
 .text._malloc_trim_r
                0x080050b8       0xa0 c:/progra~2/gnuarm~1/102021~1.10/bin/../lib/gcc/arm-none-eabi/10.3.1/../../../../arm-none-eabi/lib/thumb/v7e-m+fp/hard\libg.a(lib_a-freer.o)
                0x080050b8                _malloc_trim_r
 .text._free_r  0x08005158      0x20c c:/progra~2/gnuarm~1/102021~1.10/bin/../lib/gcc/arm-none-eabi/10.3.1/../../../../arm-none-eabi/lib/thumb/v7e-m+fp/hard\libg.a(lib_a-freer.o)
                0x08005158                _free_r
 .text.__retarget_lock_acquire_recursive
                0x08005364        0x4 c:/progra~2/gnuarm~1/102021~1.10/bin/../lib/gcc/arm-none-eabi/10.3.1/../../../../arm-none-eabi/lib/thumb/v7e-m+fp/hard\libg.a(lib_a-lock.o)
                0x08005364                __retarget_lock_acquire_recursive
 .text.__retarget_lock_release_recursive
                0x08005368        0x4 c:/progra~2/gnuarm~1/102021~1.10/bin/../lib/gcc/arm-none-eabi/10.3.1/../../../../arm-none-eabi/lib/thumb/v7e-m+fp/hard\libg.a(lib_a-lock.o)
                0x08005368                __retarget_lock_release_recursive
 .text.__malloc_lock
                0x0800536c        0xc c:/progra~2/gnuarm~1/102021~1.10/bin/../lib/gcc/arm-none-eabi/10.3.1/../../../../arm-none-eabi/lib/thumb/v7e-m+fp/hard\libg.a(lib_a-mlock.o)
                0x0800536c                __malloc_lock
 .text.__malloc_unlock
                0x08005378        0xc c:/progra~2/gnuarm~1/102021~1.10/bin/../lib/gcc/arm-none-eabi/10.3.1/../../../../arm-none-eabi/lib/thumb/v7e-m+fp/hard\libg.a(lib_a-mlock.o)
                0x08005378                __malloc_unlock
 .text._sbrk_r  0x08005384       0x24 c:/progra~2/gnuarm~1/102021~1.10/bin/../lib/gcc/arm-none-eabi/10.3.1/../../../../arm-none-eabi/lib/thumb/v7e-m+fp/hard\libg.a(lib_a-sbrkr.o)
                0x08005384                _sbrk_r
 .text.__register_exitproc
                0x080053a8       0x8c c:/progra~2/gnuarm~1/102021~1.10/bin/../lib/gcc/arm-none-eabi/10.3.1/../../../../arm-none-eabi/lib/thumb/v7e-m+fp/hard\libg.a(lib_a-__atexit.o)
                0x080053a8                __register_exitproc
 *(.glue_7)
 .glue_7        0x08005434        0x0 linker stubs
 *(.glue_7t)
 .glue_7t       0x08005434        0x0 linker stubs
 *(.eh_frame)
 .eh_frame      0x08005434        0x0 c:/progra~2/gnuarm~1/102021~1.10/bin/../lib/gcc/arm-none-eabi/10.3.1/thumb/v7e-m+fp/hard/crtbegin.o
 *(.init)
 .init          0x08005434        0x4 c:/progra~2/gnuarm~1/102021~1.10/bin/../lib/gcc/arm-none-eabi/10.3.1/thumb/v7e-m+fp/hard/crti.o
                0x08005434                _init
 .init          0x08005438        0x8 c:/progra~2/gnuarm~1/102021~1.10/bin/../lib/gcc/arm-none-eabi/10.3.1/thumb/v7e-m+fp/hard/crtn.o
 *(.fini)
 .fini          0x08005440        0x4 c:/progra~2/gnuarm~1/102021~1.10/bin/../lib/gcc/arm-none-eabi/10.3.1/thumb/v7e-m+fp/hard/crti.o
                0x08005440                _fini
 .fini          0x08005444        0x8 c:/progra~2/gnuarm~1/102021~1.10/bin/../lib/gcc/arm-none-eabi/10.3.1/thumb/v7e-m+fp/hard/crtn.o
                0x0800544c                . = ALIGN (0x4)
                0x0800544c                _etext = .

.vfp11_veneer   0x0800544c        0x0
 .vfp11_veneer  0x0800544c        0x0 linker stubs

.v4_bx          0x0800544c        0x0
 .v4_bx         0x0800544c        0x0 linker stubs

.iplt           0x0800544c        0x0
 .iplt          0x0800544c        0x0 c:/progra~2/gnuarm~1/102021~1.10/bin/../lib/gcc/arm-none-eabi/10.3.1/thumb/v7e-m+fp/hard/crtbegin.o

.rodata         0x0800544c      0x130
                0x0800544c                . = ALIGN (0x4)
 *(.rodata)
 *(.rodata*)
 .rodata.str1.4
                0x0800544c       0x2c CMakeFiles/WHEEL_07_F405.elf.dir/Core/Src/freertos.c.obj
 .rodata.adcTask_attributes
                0x08005478       0x24 CMakeFiles/WHEEL_07_F405.elf.dir/Core/Src/freertos.c.obj
                0x08005478                adcTask_attributes
 .rodata.defaultTask_attributes
                0x0800549c       0x24 CMakeFiles/WHEEL_07_F405.elf.dir/Core/Src/freertos.c.obj
                0x0800549c                defaultTask_attributes
 .rodata.muxswTask_attributes
                0x080054c0       0x24 CMakeFiles/WHEEL_07_F405.elf.dir/Core/Src/freertos.c.obj
                0x080054c0                muxswTask_attributes
 .rodata.statusTask_attributes
                0x080054e4       0x24 CMakeFiles/WHEEL_07_F405.elf.dir/Core/Src/freertos.c.obj
                0x080054e4                statusTask_attributes
 .rodata.muxswConfigRegister1
                0x08005508       0x38 CMakeFiles/WHEEL_07_F405.elf.dir/Core/Src/rotary.c.obj
                0x08005508                muxswConfigRegister1
 .rodata.AHBPrescTable
                0x08005540       0x10 CMakeFiles/WHEEL_07_F405.elf.dir/Core/Src/system_stm32f4xx.c.obj
                0x08005540                AHBPrescTable
 .rodata.APBPrescTable
                0x08005550        0x8 CMakeFiles/WHEEL_07_F405.elf.dir/Core/Src/system_stm32f4xx.c.obj
                0x08005550                APBPrescTable
 .rodata.flagBitshiftOffset.0
                0x08005558        0x8 CMakeFiles/WHEEL_07_F405.elf.dir/Drivers/STM32F4xx_HAL_Driver/Src/stm32f4xx_hal_dma.c.obj
 .rodata.vTaskStartScheduler.str1.4
                0x08005560        0x5 CMakeFiles/WHEEL_07_F405.elf.dir/Middlewares/Third_Party/FreeRTOS/Source/tasks.c.obj
 *fill*         0x08005565        0x3 
 .rodata.prvCheckForValidListAndQueue.str1.4
                0x08005568        0x5 CMakeFiles/WHEEL_07_F405.elf.dir/Middlewares/Third_Party/FreeRTOS/Source/timers.c.obj
 *fill*         0x0800556d        0x3 
 .rodata.xTimerCreateTimerTask.str1.4
                0x08005570        0x8 CMakeFiles/WHEEL_07_F405.elf.dir/Middlewares/Third_Party/FreeRTOS/Source/timers.c.obj
 .rodata._global_impure_ptr
                0x08005578        0x4 c:/progra~2/gnuarm~1/102021~1.10/bin/../lib/gcc/arm-none-eabi/10.3.1/../../../../arm-none-eabi/lib/thumb/v7e-m+fp/hard\libg.a(lib_a-impure.o)
                0x08005578                _global_impure_ptr
                0x0800557c                . = ALIGN (0x4)

.ARM.extab      0x0800557c        0x0
                0x0800557c                . = ALIGN (0x4)
 *(.ARM.extab* .gnu.linkonce.armextab.*)
                0x0800557c                . = ALIGN (0x4)

.ARM            0x0800557c        0x8
                0x0800557c                . = ALIGN (0x4)
                0x0800557c                __exidx_start = .
 *(.ARM.exidx*)
 .ARM.exidx     0x0800557c        0x8 c:/progra~2/gnuarm~1/102021~1.10/bin/../lib/gcc/arm-none-eabi/10.3.1/thumb/v7e-m+fp/hard\libgcc.a(_udivmoddi4.o)
                0x08005584                __exidx_end = .
                0x08005584                . = ALIGN (0x4)

.rel.dyn        0x08005584        0x0
 .rel.iplt      0x08005584        0x0 c:/progra~2/gnuarm~1/102021~1.10/bin/../lib/gcc/arm-none-eabi/10.3.1/thumb/v7e-m+fp/hard/crtbegin.o

.preinit_array  0x08005584        0x0
                0x08005584                . = ALIGN (0x4)
                0x08005584                PROVIDE (__preinit_array_start = .)
 *(.preinit_array*)
                0x08005584                PROVIDE (__preinit_array_end = .)
                0x08005584                . = ALIGN (0x4)

.init_array     0x08005584        0x8
                0x08005584                . = ALIGN (0x4)
                0x08005584                PROVIDE (__init_array_start = .)
 *(SORT_BY_NAME(.init_array.*))
 .init_array.00000
                0x08005584        0x4 c:/progra~2/gnuarm~1/102021~1.10/bin/../lib/gcc/arm-none-eabi/10.3.1/../../../../arm-none-eabi/lib/thumb/v7e-m+fp/hard\libg.a(lib_a-__call_atexit.o)
 *(.init_array*)
 .init_array    0x08005588        0x4 c:/progra~2/gnuarm~1/102021~1.10/bin/../lib/gcc/arm-none-eabi/10.3.1/thumb/v7e-m+fp/hard/crtbegin.o
                0x0800558c                PROVIDE (__init_array_end = .)
                0x0800558c                . = ALIGN (0x4)

.fini_array     0x0800558c        0x4
                0x0800558c                . = ALIGN (0x4)
                0x0800558c                PROVIDE (__fini_array_start = .)
 *(SORT_BY_NAME(.fini_array.*))
 *(.fini_array*)
 .fini_array    0x0800558c        0x4 c:/progra~2/gnuarm~1/102021~1.10/bin/../lib/gcc/arm-none-eabi/10.3.1/thumb/v7e-m+fp/hard/crtbegin.o
                0x08005590                PROVIDE (__fini_array_end = .)
                0x08005590                . = ALIGN (0x4)
                0x08005590                _sidata = LOADADDR (.data)

.data           0x20000000      0x884 load address 0x08005590
                0x20000000                . = ALIGN (0x4)
                0x20000000                _sdata = .
 *(.data)
 *(.data*)
 .data.muxswRegister
                0x20000000       0x30 CMakeFiles/WHEEL_07_F405.elf.dir/Core/Src/rotary.c.obj
                0x20000000                muxswRegister
 .data.SystemCoreClock
                0x20000030        0x4 CMakeFiles/WHEEL_07_F405.elf.dir/Core/Src/system_stm32f4xx.c.obj
                0x20000030                SystemCoreClock
 .data.uwTickFreq
                0x20000034        0x1 CMakeFiles/WHEEL_07_F405.elf.dir/Drivers/STM32F4xx_HAL_Driver/Src/stm32f4xx_hal.c.obj
                0x20000034                uwTickFreq
 *fill*         0x20000035        0x3 
 .data.uwTickPrio
                0x20000038        0x4 CMakeFiles/WHEEL_07_F405.elf.dir/Drivers/STM32F4xx_HAL_Driver/Src/stm32f4xx_hal.c.obj
                0x20000038                uwTickPrio
 .data.uxCriticalNesting
                0x2000003c        0x4 CMakeFiles/WHEEL_07_F405.elf.dir/Middlewares/Third_Party/FreeRTOS/Source/portable/GCC/ARM_CM4F/port.c.obj
 .data._impure_ptr
                0x20000040        0x4 c:/progra~2/gnuarm~1/102021~1.10/bin/../lib/gcc/arm-none-eabi/10.3.1/../../../../arm-none-eabi/lib/thumb/v7e-m+fp/hard\libg.a(lib_a-impure.o)
                0x20000040                _impure_ptr
 *fill*         0x20000044        0x4 
 .data.impure_data
                0x20000048      0x428 c:/progra~2/gnuarm~1/102021~1.10/bin/../lib/gcc/arm-none-eabi/10.3.1/../../../../arm-none-eabi/lib/thumb/v7e-m+fp/hard\libg.a(lib_a-impure.o)
 .data.__atexit_recursive_mutex
                0x20000470        0x4 c:/progra~2/gnuarm~1/102021~1.10/bin/../lib/gcc/arm-none-eabi/10.3.1/../../../../arm-none-eabi/lib/thumb/v7e-m+fp/hard\libg.a(lib_a-__call_atexit.o)
                0x20000470                __atexit_recursive_mutex
 .data.__malloc_av_
                0x20000474      0x408 c:/progra~2/gnuarm~1/102021~1.10/bin/../lib/gcc/arm-none-eabi/10.3.1/../../../../arm-none-eabi/lib/thumb/v7e-m+fp/hard\libg.a(lib_a-mallocr.o)
                0x20000474                __malloc_av_
 .data.__malloc_sbrk_base
                0x2000087c        0x4 c:/progra~2/gnuarm~1/102021~1.10/bin/../lib/gcc/arm-none-eabi/10.3.1/../../../../arm-none-eabi/lib/thumb/v7e-m+fp/hard\libg.a(lib_a-mallocr.o)
                0x2000087c                __malloc_sbrk_base
 .data.__malloc_trim_threshold
                0x20000880        0x4 c:/progra~2/gnuarm~1/102021~1.10/bin/../lib/gcc/arm-none-eabi/10.3.1/../../../../arm-none-eabi/lib/thumb/v7e-m+fp/hard\libg.a(lib_a-mallocr.o)
                0x20000880                __malloc_trim_threshold
 *(.RamFunc)
 *(.RamFunc*)
                0x20000884                . = ALIGN (0x4)
                0x20000884                _edata = .
                0x08005e14                _siccmram = LOADADDR (.ccmram)

.igot.plt       0x20000884        0x0 load address 0x08005e14
 .igot.plt      0x20000884        0x0 c:/progra~2/gnuarm~1/102021~1.10/bin/../lib/gcc/arm-none-eabi/10.3.1/thumb/v7e-m+fp/hard/crtbegin.o

.ccmram         0x10000000        0x0 load address 0x08005e14
                0x10000000                . = ALIGN (0x4)
                0x10000000                _sccmram = .
 *(.ccmram)
 *(.ccmram*)
                0x10000000                . = ALIGN (0x4)
                0x10000000                _eccmram = .
                0x10000000                . = ALIGN (0x4)

.bss            0x20000888     0x53dc
                0x20000888                _sbss = .
                0x20000888                __bss_start__ = _sbss
 *(.bss)
 .bss           0x20000888       0x1c c:/progra~2/gnuarm~1/102021~1.10/bin/../lib/gcc/arm-none-eabi/10.3.1/thumb/v7e-m+fp/hard/crtbegin.o
 *(.bss*)
 .bss.adcConvReadySemaphore
                0x200008a4        0x4 CMakeFiles/WHEEL_07_F405.elf.dir/Core/Src/adc.c.obj
                0x200008a4                adcConvReadySemaphore
 .bss.adcRawData
                0x200008a8       0x10 CMakeFiles/WHEEL_07_F405.elf.dir/Core/Src/adc.c.obj
                0x200008a8                adcRawData
 .bss.adcTaskHandleLocal
                0x200008b8        0x4 CMakeFiles/WHEEL_07_F405.elf.dir/Core/Src/adc.c.obj
                0x200008b8                adcTaskHandleLocal
 .bss.hadc1     0x200008bc       0x48 CMakeFiles/WHEEL_07_F405.elf.dir/Core/Src/adc.c.obj
                0x200008bc                hadc1
 .bss.hdma_adc1
                0x20000904       0x60 CMakeFiles/WHEEL_07_F405.elf.dir/Core/Src/adc.c.obj
                0x20000904                hdma_adc1
 .bss.xHigherPriorityTaskWoken.0
                0x20000964        0x4 CMakeFiles/WHEEL_07_F405.elf.dir/Core/Src/adc.c.obj
 .bss.hcan1     0x20000968       0x28 CMakeFiles/WHEEL_07_F405.elf.dir/Core/Src/can.c.obj
                0x20000968                hcan1
 .bss.adcTaskHandle
                0x20000990        0x4 CMakeFiles/WHEEL_07_F405.elf.dir/Core/Src/freertos.c.obj
                0x20000990                adcTaskHandle
 .bss.defaultTaskHandle
                0x20000994        0x4 CMakeFiles/WHEEL_07_F405.elf.dir/Core/Src/freertos.c.obj
                0x20000994                defaultTaskHandle
 .bss.muxswTaskHandle
                0x20000998        0x4 CMakeFiles/WHEEL_07_F405.elf.dir/Core/Src/freertos.c.obj
                0x20000998                muxswTaskHandle
 .bss.statusTaskHandle
                0x2000099c        0x4 CMakeFiles/WHEEL_07_F405.elf.dir/Core/Src/freertos.c.obj
                0x2000099c                statusTaskHandle
 .bss.RxData    0x200009a0        0x8 CMakeFiles/WHEEL_07_F405.elf.dir/Core/Src/main.c.obj
                0x200009a0                RxData
 .bss.RxHeader  0x200009a8       0x1c CMakeFiles/WHEEL_07_F405.elf.dir/Core/Src/main.c.obj
                0x200009a8                RxHeader
 .bss.TxData    0x200009c4        0x8 CMakeFiles/WHEEL_07_F405.elf.dir/Core/Src/main.c.obj
                0x200009c4                TxData
 .bss.TxHeader  0x200009cc       0x18 CMakeFiles/WHEEL_07_F405.elf.dir/Core/Src/main.c.obj
                0x200009cc                TxHeader
 .bss.count     0x200009e4        0x1 CMakeFiles/WHEEL_07_F405.elf.dir/Core/Src/main.c.obj
                0x200009e4                count
 .bss.changeCounter
                0x200009e5        0x1 CMakeFiles/WHEEL_07_F405.elf.dir/Core/Src/rotary.c.obj
                0x200009e5                changeCounter
 *fill*         0x200009e6        0x2 
 .bss.htim6     0x200009e8       0x48 CMakeFiles/WHEEL_07_F405.elf.dir/Core/Src/stm32f4xx_hal_timebase_tim.c.obj
                0x200009e8                htim6
 .bss.__sbrk_heap_end
                0x20000a30        0x4 CMakeFiles/WHEEL_07_F405.elf.dir/Core/Src/sysmem.c.obj
 .bss.htim3     0x20000a34       0x48 CMakeFiles/WHEEL_07_F405.elf.dir/Core/Src/tim.c.obj
                0x20000a34                htim3
 .bss.uwTick    0x20000a7c        0x4 CMakeFiles/WHEEL_07_F405.elf.dir/Drivers/STM32F4xx_HAL_Driver/Src/stm32f4xx_hal.c.obj
                0x20000a7c                uwTick
 .bss.Idle_Stack.2
                0x20000a80      0x200 CMakeFiles/WHEEL_07_F405.elf.dir/Middlewares/Third_Party/FreeRTOS/Source/CMSIS_RTOS_V2/cmsis_os2.c.obj
 .bss.Idle_TCB.3
                0x20000c80      0x488 CMakeFiles/WHEEL_07_F405.elf.dir/Middlewares/Third_Party/FreeRTOS/Source/CMSIS_RTOS_V2/cmsis_os2.c.obj
 .bss.KernelState
                0x20001108        0x4 CMakeFiles/WHEEL_07_F405.elf.dir/Middlewares/Third_Party/FreeRTOS/Source/CMSIS_RTOS_V2/cmsis_os2.c.obj
 .bss.Timer_Stack.0
                0x2000110c      0x400 CMakeFiles/WHEEL_07_F405.elf.dir/Middlewares/Third_Party/FreeRTOS/Source/CMSIS_RTOS_V2/cmsis_os2.c.obj
 *fill*         0x2000150c        0x4 
 .bss.Timer_TCB.1
                0x20001510      0x488 CMakeFiles/WHEEL_07_F405.elf.dir/Middlewares/Third_Party/FreeRTOS/Source/CMSIS_RTOS_V2/cmsis_os2.c.obj
 .bss.ucMaxSysCallPriority
                0x20001998        0x1 CMakeFiles/WHEEL_07_F405.elf.dir/Middlewares/Third_Party/FreeRTOS/Source/portable/GCC/ARM_CM4F/port.c.obj
 *fill*         0x20001999        0x3 
 .bss.ulMaxPRIGROUPValue
                0x2000199c        0x4 CMakeFiles/WHEEL_07_F405.elf.dir/Middlewares/Third_Party/FreeRTOS/Source/portable/GCC/ARM_CM4F/port.c.obj
 .bss.pxEnd     0x200019a0        0x4 CMakeFiles/WHEEL_07_F405.elf.dir/Middlewares/Third_Party/FreeRTOS/Source/portable/MemMang/heap_4.c.obj
 .bss.ucHeap    0x200019a4     0x3c00 CMakeFiles/WHEEL_07_F405.elf.dir/Middlewares/Third_Party/FreeRTOS/Source/portable/MemMang/heap_4.c.obj
 .bss.xBlockAllocatedBit
                0x200055a4        0x4 CMakeFiles/WHEEL_07_F405.elf.dir/Middlewares/Third_Party/FreeRTOS/Source/portable/MemMang/heap_4.c.obj
 .bss.xFreeBytesRemaining
                0x200055a8        0x4 CMakeFiles/WHEEL_07_F405.elf.dir/Middlewares/Third_Party/FreeRTOS/Source/portable/MemMang/heap_4.c.obj
 .bss.xMinimumEverFreeBytesRemaining
                0x200055ac        0x4 CMakeFiles/WHEEL_07_F405.elf.dir/Middlewares/Third_Party/FreeRTOS/Source/portable/MemMang/heap_4.c.obj
 .bss.xNumberOfSuccessfulAllocations
                0x200055b0        0x4 CMakeFiles/WHEEL_07_F405.elf.dir/Middlewares/Third_Party/FreeRTOS/Source/portable/MemMang/heap_4.c.obj
 .bss.xNumberOfSuccessfulFrees
                0x200055b4        0x4 CMakeFiles/WHEEL_07_F405.elf.dir/Middlewares/Third_Party/FreeRTOS/Source/portable/MemMang/heap_4.c.obj
 .bss.xStart    0x200055b8        0x8 CMakeFiles/WHEEL_07_F405.elf.dir/Middlewares/Third_Party/FreeRTOS/Source/portable/MemMang/heap_4.c.obj
 .bss.xQueueRegistry
                0x200055c0       0x40 CMakeFiles/WHEEL_07_F405.elf.dir/Middlewares/Third_Party/FreeRTOS/Source/queue.c.obj
                0x200055c0                xQueueRegistry
 .bss.pxCurrentTCB
                0x20005600        0x4 CMakeFiles/WHEEL_07_F405.elf.dir/Middlewares/Third_Party/FreeRTOS/Source/tasks.c.obj
                0x20005600                pxCurrentTCB
 .bss.pxDelayedTaskList
                0x20005604        0x4 CMakeFiles/WHEEL_07_F405.elf.dir/Middlewares/Third_Party/FreeRTOS/Source/tasks.c.obj
 .bss.pxOverflowDelayedTaskList
                0x20005608        0x4 CMakeFiles/WHEEL_07_F405.elf.dir/Middlewares/Third_Party/FreeRTOS/Source/tasks.c.obj
 .bss.pxReadyTasksLists
                0x2000560c      0x460 CMakeFiles/WHEEL_07_F405.elf.dir/Middlewares/Third_Party/FreeRTOS/Source/tasks.c.obj
 .bss.uxCurrentNumberOfTasks
                0x20005a6c        0x4 CMakeFiles/WHEEL_07_F405.elf.dir/Middlewares/Third_Party/FreeRTOS/Source/tasks.c.obj
 .bss.uxDeletedTasksWaitingCleanUp
                0x20005a70        0x4 CMakeFiles/WHEEL_07_F405.elf.dir/Middlewares/Third_Party/FreeRTOS/Source/tasks.c.obj
 .bss.uxSchedulerSuspended
                0x20005a74        0x4 CMakeFiles/WHEEL_07_F405.elf.dir/Middlewares/Third_Party/FreeRTOS/Source/tasks.c.obj
 .bss.uxTaskNumber
                0x20005a78        0x4 CMakeFiles/WHEEL_07_F405.elf.dir/Middlewares/Third_Party/FreeRTOS/Source/tasks.c.obj
 .bss.uxTopReadyPriority
                0x20005a7c        0x4 CMakeFiles/WHEEL_07_F405.elf.dir/Middlewares/Third_Party/FreeRTOS/Source/tasks.c.obj
 .bss.xDelayedTaskList1
                0x20005a80       0x14 CMakeFiles/WHEEL_07_F405.elf.dir/Middlewares/Third_Party/FreeRTOS/Source/tasks.c.obj
 .bss.xDelayedTaskList2
                0x20005a94       0x14 CMakeFiles/WHEEL_07_F405.elf.dir/Middlewares/Third_Party/FreeRTOS/Source/tasks.c.obj
 .bss.xIdleTaskHandle
                0x20005aa8        0x4 CMakeFiles/WHEEL_07_F405.elf.dir/Middlewares/Third_Party/FreeRTOS/Source/tasks.c.obj
 .bss.xNextTaskUnblockTime
                0x20005aac        0x4 CMakeFiles/WHEEL_07_F405.elf.dir/Middlewares/Third_Party/FreeRTOS/Source/tasks.c.obj
 .bss.xNumOfOverflows
                0x20005ab0        0x4 CMakeFiles/WHEEL_07_F405.elf.dir/Middlewares/Third_Party/FreeRTOS/Source/tasks.c.obj
 .bss.xPendedTicks
                0x20005ab4        0x4 CMakeFiles/WHEEL_07_F405.elf.dir/Middlewares/Third_Party/FreeRTOS/Source/tasks.c.obj
 .bss.xPendingReadyList
                0x20005ab8       0x14 CMakeFiles/WHEEL_07_F405.elf.dir/Middlewares/Third_Party/FreeRTOS/Source/tasks.c.obj
 .bss.xSchedulerRunning
                0x20005acc        0x4 CMakeFiles/WHEEL_07_F405.elf.dir/Middlewares/Third_Party/FreeRTOS/Source/tasks.c.obj
 .bss.xSuspendedTaskList
                0x20005ad0       0x14 CMakeFiles/WHEEL_07_F405.elf.dir/Middlewares/Third_Party/FreeRTOS/Source/tasks.c.obj
 .bss.xTasksWaitingTermination
                0x20005ae4       0x14 CMakeFiles/WHEEL_07_F405.elf.dir/Middlewares/Third_Party/FreeRTOS/Source/tasks.c.obj
 .bss.xTickCount
                0x20005af8        0x4 CMakeFiles/WHEEL_07_F405.elf.dir/Middlewares/Third_Party/FreeRTOS/Source/tasks.c.obj
 .bss.xYieldPending
                0x20005afc        0x4 CMakeFiles/WHEEL_07_F405.elf.dir/Middlewares/Third_Party/FreeRTOS/Source/tasks.c.obj
 .bss.pxCurrentTimerList
                0x20005b00        0x4 CMakeFiles/WHEEL_07_F405.elf.dir/Middlewares/Third_Party/FreeRTOS/Source/timers.c.obj
 .bss.pxOverflowTimerList
                0x20005b04        0x4 CMakeFiles/WHEEL_07_F405.elf.dir/Middlewares/Third_Party/FreeRTOS/Source/timers.c.obj
 .bss.ucStaticTimerQueueStorage.1
                0x20005b08       0xa0 CMakeFiles/WHEEL_07_F405.elf.dir/Middlewares/Third_Party/FreeRTOS/Source/timers.c.obj
 .bss.xActiveTimerList1
                0x20005ba8       0x14 CMakeFiles/WHEEL_07_F405.elf.dir/Middlewares/Third_Party/FreeRTOS/Source/timers.c.obj
 .bss.xActiveTimerList2
                0x20005bbc       0x14 CMakeFiles/WHEEL_07_F405.elf.dir/Middlewares/Third_Party/FreeRTOS/Source/timers.c.obj
 .bss.xLastTime.2
                0x20005bd0        0x4 CMakeFiles/WHEEL_07_F405.elf.dir/Middlewares/Third_Party/FreeRTOS/Source/timers.c.obj
 .bss.xStaticTimerQueue.0
                0x20005bd4       0x50 CMakeFiles/WHEEL_07_F405.elf.dir/Middlewares/Third_Party/FreeRTOS/Source/timers.c.obj
 .bss.xTimerQueue
                0x20005c24        0x4 CMakeFiles/WHEEL_07_F405.elf.dir/Middlewares/Third_Party/FreeRTOS/Source/timers.c.obj
 .bss.xTimerTaskHandle
                0x20005c28        0x4 CMakeFiles/WHEEL_07_F405.elf.dir/Middlewares/Third_Party/FreeRTOS/Source/timers.c.obj
 .bss.errno     0x20005c2c        0x4 c:/progra~2/gnuarm~1/102021~1.10/bin/../lib/gcc/arm-none-eabi/10.3.1/../../../../arm-none-eabi/lib/thumb/v7e-m+fp/hard\libg.a(lib_a-reent.o)
                0x20005c2c                errno
 .bss.__lock___atexit_recursive_mutex
                0x20005c30        0x1 c:/progra~2/gnuarm~1/102021~1.10/bin/../lib/gcc/arm-none-eabi/10.3.1/../../../../arm-none-eabi/lib/thumb/v7e-m+fp/hard\libg.a(lib_a-lock.o)
                0x20005c30                __lock___atexit_recursive_mutex
 *fill*         0x20005c31        0x3 
 .bss.__lock___malloc_recursive_mutex
                0x20005c34        0x1 c:/progra~2/gnuarm~1/102021~1.10/bin/../lib/gcc/arm-none-eabi/10.3.1/../../../../arm-none-eabi/lib/thumb/v7e-m+fp/hard\libg.a(lib_a-lock.o)
                0x20005c34                __lock___malloc_recursive_mutex
 *fill*         0x20005c35        0x3 
 .bss.__malloc_current_mallinfo
                0x20005c38       0x28 c:/progra~2/gnuarm~1/102021~1.10/bin/../lib/gcc/arm-none-eabi/10.3.1/../../../../arm-none-eabi/lib/thumb/v7e-m+fp/hard\libg.a(lib_a-mallocr.o)
                0x20005c38                __malloc_current_mallinfo
 .bss.__malloc_top_pad
                0x20005c60        0x4 c:/progra~2/gnuarm~1/102021~1.10/bin/../lib/gcc/arm-none-eabi/10.3.1/../../../../arm-none-eabi/lib/thumb/v7e-m+fp/hard\libg.a(lib_a-mallocr.o)
                0x20005c60                __malloc_top_pad
 *(COMMON)
                0x20005c64                . = ALIGN (0x4)
                0x20005c64                _ebss = .
                0x20005c64                __bss_end__ = _ebss

._user_heap_stack
                0x20005c64      0x604
                0x20005c68                . = ALIGN (0x8)
 *fill*         0x20005c64        0x4 
                [!provide]                PROVIDE (end = .)
                0x20005c68                PROVIDE (_end = .)
                0x20005e68                . = (. + _Min_Heap_Size)
 *fill*         0x20005c68      0x200 
                0x20006268                . = (. + _Min_Stack_Size)
 *fill*         0x20005e68      0x400 
                0x20006268                . = ALIGN (0x8)

/DISCARD/
 libc.a(*)
 libm.a(*)
 libgcc.a(*)

.ARM.attributes
                0x00000000       0x30
 *(.ARM.attributes)
 .ARM.attributes
                0x00000000       0x1e c:/progra~2/gnuarm~1/102021~1.10/bin/../lib/gcc/arm-none-eabi/10.3.1/thumb/v7e-m+fp/hard/crti.o
 .ARM.attributes
                0x0000001e       0x34 c:/progra~2/gnuarm~1/102021~1.10/bin/../lib/gcc/arm-none-eabi/10.3.1/thumb/v7e-m+fp/hard/crtbegin.o
 .ARM.attributes
                0x00000052       0x34 CMakeFiles/WHEEL_07_F405.elf.dir/Core/Src/adc.c.obj
 .ARM.attributes
                0x00000086       0x34 CMakeFiles/WHEEL_07_F405.elf.dir/Core/Src/can.c.obj
 .ARM.attributes
                0x000000ba       0x34 CMakeFiles/WHEEL_07_F405.elf.dir/Core/Src/dma.c.obj
 .ARM.attributes
                0x000000ee       0x34 CMakeFiles/WHEEL_07_F405.elf.dir/Core/Src/freertos.c.obj
 .ARM.attributes
                0x00000122       0x34 CMakeFiles/WHEEL_07_F405.elf.dir/Core/Src/gpio.c.obj
 .ARM.attributes
                0x00000156       0x34 CMakeFiles/WHEEL_07_F405.elf.dir/Core/Src/main.c.obj
 .ARM.attributes
                0x0000018a       0x34 CMakeFiles/WHEEL_07_F405.elf.dir/Core/Src/rotary.c.obj
 .ARM.attributes
                0x000001be       0x34 CMakeFiles/WHEEL_07_F405.elf.dir/Core/Src/stm32f4xx_hal_msp.c.obj
 .ARM.attributes
                0x000001f2       0x34 CMakeFiles/WHEEL_07_F405.elf.dir/Core/Src/stm32f4xx_hal_timebase_tim.c.obj
 .ARM.attributes
                0x00000226       0x34 CMakeFiles/WHEEL_07_F405.elf.dir/Core/Src/stm32f4xx_it.c.obj
 .ARM.attributes
                0x0000025a       0x34 CMakeFiles/WHEEL_07_F405.elf.dir/Core/Src/sysmem.c.obj
 .ARM.attributes
                0x0000028e       0x34 CMakeFiles/WHEEL_07_F405.elf.dir/Core/Src/system_stm32f4xx.c.obj
 .ARM.attributes
                0x000002c2       0x34 CMakeFiles/WHEEL_07_F405.elf.dir/Core/Src/tim.c.obj
 .ARM.attributes
                0x000002f6       0x21 CMakeFiles/WHEEL_07_F405.elf.dir/Core/Startup/startup_stm32f405rgtx.s.obj
 .ARM.attributes
                0x00000317       0x34 CMakeFiles/WHEEL_07_F405.elf.dir/Drivers/STM32F4xx_HAL_Driver/Src/stm32f4xx_hal.c.obj
 .ARM.attributes
                0x0000034b       0x34 CMakeFiles/WHEEL_07_F405.elf.dir/Drivers/STM32F4xx_HAL_Driver/Src/stm32f4xx_hal_adc.c.obj
 .ARM.attributes
                0x0000037f       0x34 CMakeFiles/WHEEL_07_F405.elf.dir/Drivers/STM32F4xx_HAL_Driver/Src/stm32f4xx_hal_can.c.obj
 .ARM.attributes
                0x000003b3       0x34 CMakeFiles/WHEEL_07_F405.elf.dir/Drivers/STM32F4xx_HAL_Driver/Src/stm32f4xx_hal_cortex.c.obj
 .ARM.attributes
                0x000003e7       0x34 CMakeFiles/WHEEL_07_F405.elf.dir/Drivers/STM32F4xx_HAL_Driver/Src/stm32f4xx_hal_dma.c.obj
 .ARM.attributes
                0x0000041b       0x34 CMakeFiles/WHEEL_07_F405.elf.dir/Drivers/STM32F4xx_HAL_Driver/Src/stm32f4xx_hal_gpio.c.obj
 .ARM.attributes
                0x0000044f       0x34 CMakeFiles/WHEEL_07_F405.elf.dir/Drivers/STM32F4xx_HAL_Driver/Src/stm32f4xx_hal_rcc.c.obj
 .ARM.attributes
                0x00000483       0x34 CMakeFiles/WHEEL_07_F405.elf.dir/Drivers/STM32F4xx_HAL_Driver/Src/stm32f4xx_hal_tim.c.obj
 .ARM.attributes
                0x000004b7       0x34 CMakeFiles/WHEEL_07_F405.elf.dir/Drivers/STM32F4xx_HAL_Driver/Src/stm32f4xx_hal_tim_ex.c.obj
 .ARM.attributes
                0x000004eb       0x34 CMakeFiles/WHEEL_07_F405.elf.dir/Middlewares/Third_Party/FreeRTOS/Source/CMSIS_RTOS_V2/cmsis_os2.c.obj
 .ARM.attributes
                0x0000051f       0x34 CMakeFiles/WHEEL_07_F405.elf.dir/Middlewares/Third_Party/FreeRTOS/Source/list.c.obj
 .ARM.attributes
                0x00000553       0x34 CMakeFiles/WHEEL_07_F405.elf.dir/Middlewares/Third_Party/FreeRTOS/Source/portable/GCC/ARM_CM4F/port.c.obj
 .ARM.attributes
                0x00000587       0x34 CMakeFiles/WHEEL_07_F405.elf.dir/Middlewares/Third_Party/FreeRTOS/Source/portable/MemMang/heap_4.c.obj
 .ARM.attributes
                0x000005bb       0x34 CMakeFiles/WHEEL_07_F405.elf.dir/Middlewares/Third_Party/FreeRTOS/Source/queue.c.obj
 .ARM.attributes
                0x000005ef       0x34 CMakeFiles/WHEEL_07_F405.elf.dir/Middlewares/Third_Party/FreeRTOS/Source/tasks.c.obj
 .ARM.attributes
                0x00000623       0x34 CMakeFiles/WHEEL_07_F405.elf.dir/Middlewares/Third_Party/FreeRTOS/Source/timers.c.obj
 .ARM.attributes
                0x00000657       0x1e c:/progra~2/gnuarm~1/102021~1.10/bin/../lib/gcc/arm-none-eabi/10.3.1/thumb/v7e-m+fp/hard\libgcc.a(_aeabi_uldivmod.o)
 .ARM.attributes
                0x00000675       0x34 c:/progra~2/gnuarm~1/102021~1.10/bin/../lib/gcc/arm-none-eabi/10.3.1/thumb/v7e-m+fp/hard\libgcc.a(_udivmoddi4.o)
 .ARM.attributes
                0x000006a9       0x1e c:/progra~2/gnuarm~1/102021~1.10/bin/../lib/gcc/arm-none-eabi/10.3.1/thumb/v7e-m+fp/hard\libgcc.a(_dvmd_tls.o)
 .ARM.attributes
                0x000006c7       0x34 c:/progra~2/gnuarm~1/102021~1.10/bin/../lib/gcc/arm-none-eabi/10.3.1/../../../../arm-none-eabi/lib/thumb/v7e-m+fp/hard\libg.a(lib_a-errno.o)
 .ARM.attributes
                0x000006fb       0x34 c:/progra~2/gnuarm~1/102021~1.10/bin/../lib/gcc/arm-none-eabi/10.3.1/../../../../arm-none-eabi/lib/thumb/v7e-m+fp/hard\libg.a(lib_a-impure.o)
 .ARM.attributes
                0x0000072f       0x34 c:/progra~2/gnuarm~1/102021~1.10/bin/../lib/gcc/arm-none-eabi/10.3.1/../../../../arm-none-eabi/lib/thumb/v7e-m+fp/hard\libg.a(lib_a-init.o)
 .ARM.attributes
                0x00000763       0x1c c:/progra~2/gnuarm~1/102021~1.10/bin/../lib/gcc/arm-none-eabi/10.3.1/../../../../arm-none-eabi/lib/thumb/v7e-m+fp/hard\libg.a(lib_a-memcpy.o)
 .ARM.attributes
                0x0000077f       0x34 c:/progra~2/gnuarm~1/102021~1.10/bin/../lib/gcc/arm-none-eabi/10.3.1/../../../../arm-none-eabi/lib/thumb/v7e-m+fp/hard\libg.a(lib_a-memset.o)
 .ARM.attributes
                0x000007b3       0x34 c:/progra~2/gnuarm~1/102021~1.10/bin/../lib/gcc/arm-none-eabi/10.3.1/../../../../arm-none-eabi/lib/thumb/v7e-m+fp/hard\libg.a(lib_a-reent.o)
 .ARM.attributes
                0x000007e7       0x34 c:/progra~2/gnuarm~1/102021~1.10/bin/../lib/gcc/arm-none-eabi/10.3.1/../../../../arm-none-eabi/lib/thumb/v7e-m+fp/hard\libg.a(lib_a-__call_atexit.o)
 .ARM.attributes
                0x0000081b       0x34 c:/progra~2/gnuarm~1/102021~1.10/bin/../lib/gcc/arm-none-eabi/10.3.1/../../../../arm-none-eabi/lib/thumb/v7e-m+fp/hard\libg.a(lib_a-atexit.o)
 .ARM.attributes
                0x0000084f       0x34 c:/progra~2/gnuarm~1/102021~1.10/bin/../lib/gcc/arm-none-eabi/10.3.1/../../../../arm-none-eabi/lib/thumb/v7e-m+fp/hard\libg.a(lib_a-fini.o)
 .ARM.attributes
                0x00000883       0x34 c:/progra~2/gnuarm~1/102021~1.10/bin/../lib/gcc/arm-none-eabi/10.3.1/../../../../arm-none-eabi/lib/thumb/v7e-m+fp/hard\libg.a(lib_a-freer.o)
 .ARM.attributes
                0x000008b7       0x34 c:/progra~2/gnuarm~1/102021~1.10/bin/../lib/gcc/arm-none-eabi/10.3.1/../../../../arm-none-eabi/lib/thumb/v7e-m+fp/hard\libg.a(lib_a-lock.o)
 .ARM.attributes
                0x000008eb       0x34 c:/progra~2/gnuarm~1/102021~1.10/bin/../lib/gcc/arm-none-eabi/10.3.1/../../../../arm-none-eabi/lib/thumb/v7e-m+fp/hard\libg.a(lib_a-mallocr.o)
 .ARM.attributes
                0x0000091f       0x34 c:/progra~2/gnuarm~1/102021~1.10/bin/../lib/gcc/arm-none-eabi/10.3.1/../../../../arm-none-eabi/lib/thumb/v7e-m+fp/hard\libg.a(lib_a-mlock.o)
 .ARM.attributes
                0x00000953       0x34 c:/progra~2/gnuarm~1/102021~1.10/bin/../lib/gcc/arm-none-eabi/10.3.1/../../../../arm-none-eabi/lib/thumb/v7e-m+fp/hard\libg.a(lib_a-sbrkr.o)
 .ARM.attributes
                0x00000987       0x34 c:/progra~2/gnuarm~1/102021~1.10/bin/../lib/gcc/arm-none-eabi/10.3.1/../../../../arm-none-eabi/lib/thumb/v7e-m+fp/hard\libg.a(lib_a-__atexit.o)
 .ARM.attributes
                0x000009bb       0x1e c:/progra~2/gnuarm~1/102021~1.10/bin/../lib/gcc/arm-none-eabi/10.3.1/thumb/v7e-m+fp/hard/crtn.o
OUTPUT(WHEEL_07_F405.elf elf32-littlearm)
LOAD linker stubs
LOAD c:/progra~2/gnuarm~1/102021~1.10/bin/../lib/gcc/arm-none-eabi/10.3.1/../../../../arm-none-eabi/lib/thumb/v7e-m+fp/hard\libc.a
LOAD c:/progra~2/gnuarm~1/102021~1.10/bin/../lib/gcc/arm-none-eabi/10.3.1/../../../../arm-none-eabi/lib/thumb/v7e-m+fp/hard\libm.a
LOAD c:/progra~2/gnuarm~1/102021~1.10/bin/../lib/gcc/arm-none-eabi/10.3.1/thumb/v7e-m+fp/hard\libgcc.a

.debug_info     0x00000000    0x2081d
 .debug_info    0x00000000     0x10b1 CMakeFiles/WHEEL_07_F405.elf.dir/Core/Src/adc.c.obj
 .debug_info    0x000010b1      0xbed CMakeFiles/WHEEL_07_F405.elf.dir/Core/Src/can.c.obj
 .debug_info    0x00001c9e      0x4ea CMakeFiles/WHEEL_07_F405.elf.dir/Core/Src/dma.c.obj
 .debug_info    0x00002188      0x54a CMakeFiles/WHEEL_07_F405.elf.dir/Core/Src/freertos.c.obj
 .debug_info    0x000026d2      0x45c CMakeFiles/WHEEL_07_F405.elf.dir/Core/Src/gpio.c.obj
 .debug_info    0x00002b2e     0x1208 CMakeFiles/WHEEL_07_F405.elf.dir/Core/Src/main.c.obj
 .debug_info    0x00003d36      0x3b1 CMakeFiles/WHEEL_07_F405.elf.dir/Core/Src/rotary.c.obj
 .debug_info    0x000040e7      0x4e6 CMakeFiles/WHEEL_07_F405.elf.dir/Core/Src/stm32f4xx_hal_msp.c.obj
 .debug_info    0x000045cd      0xc8c CMakeFiles/WHEEL_07_F405.elf.dir/Core/Src/stm32f4xx_hal_timebase_tim.c.obj
 .debug_info    0x00005259      0xb81 CMakeFiles/WHEEL_07_F405.elf.dir/Core/Src/stm32f4xx_it.c.obj
 .debug_info    0x00005dda      0x174 CMakeFiles/WHEEL_07_F405.elf.dir/Core/Src/sysmem.c.obj
 .debug_info    0x00005f4e      0x538 CMakeFiles/WHEEL_07_F405.elf.dir/Core/Src/system_stm32f4xx.c.obj
 .debug_info    0x00006486      0xa14 CMakeFiles/WHEEL_07_F405.elf.dir/Core/Src/tim.c.obj
 .debug_info    0x00006e9a       0x22 CMakeFiles/WHEEL_07_F405.elf.dir/Core/Startup/startup_stm32f405rgtx.s.obj
 .debug_info    0x00006ebc      0x9de CMakeFiles/WHEEL_07_F405.elf.dir/Drivers/STM32F4xx_HAL_Driver/Src/stm32f4xx_hal.c.obj
 .debug_info    0x0000789a      0xee1 CMakeFiles/WHEEL_07_F405.elf.dir/Drivers/STM32F4xx_HAL_Driver/Src/stm32f4xx_hal_adc.c.obj
 .debug_info    0x0000877b     0x1266 CMakeFiles/WHEEL_07_F405.elf.dir/Drivers/STM32F4xx_HAL_Driver/Src/stm32f4xx_hal_can.c.obj
 .debug_info    0x000099e1     0x1086 CMakeFiles/WHEEL_07_F405.elf.dir/Drivers/STM32F4xx_HAL_Driver/Src/stm32f4xx_hal_cortex.c.obj
 .debug_info    0x0000aa67      0xb3f CMakeFiles/WHEEL_07_F405.elf.dir/Drivers/STM32F4xx_HAL_Driver/Src/stm32f4xx_hal_dma.c.obj
 .debug_info    0x0000b5a6      0x7b0 CMakeFiles/WHEEL_07_F405.elf.dir/Drivers/STM32F4xx_HAL_Driver/Src/stm32f4xx_hal_gpio.c.obj
 .debug_info    0x0000bd56      0xb03 CMakeFiles/WHEEL_07_F405.elf.dir/Drivers/STM32F4xx_HAL_Driver/Src/stm32f4xx_hal_rcc.c.obj
 .debug_info    0x0000c859     0x3d5b CMakeFiles/WHEEL_07_F405.elf.dir/Drivers/STM32F4xx_HAL_Driver/Src/stm32f4xx_hal_tim.c.obj
 .debug_info    0x000105b4     0x1ade CMakeFiles/WHEEL_07_F405.elf.dir/Drivers/STM32F4xx_HAL_Driver/Src/stm32f4xx_hal_tim_ex.c.obj
 .debug_info    0x00012092     0x5363 CMakeFiles/WHEEL_07_F405.elf.dir/Middlewares/Third_Party/FreeRTOS/Source/CMSIS_RTOS_V2/cmsis_os2.c.obj
 .debug_info    0x000173f5      0x2e0 CMakeFiles/WHEEL_07_F405.elf.dir/Middlewares/Third_Party/FreeRTOS/Source/list.c.obj
 .debug_info    0x000176d5      0x587 CMakeFiles/WHEEL_07_F405.elf.dir/Middlewares/Third_Party/FreeRTOS/Source/portable/GCC/ARM_CM4F/port.c.obj
 .debug_info    0x00017c5c      0x5d9 CMakeFiles/WHEEL_07_F405.elf.dir/Middlewares/Third_Party/FreeRTOS/Source/portable/MemMang/heap_4.c.obj
 .debug_info    0x00018235     0x2826 CMakeFiles/WHEEL_07_F405.elf.dir/Middlewares/Third_Party/FreeRTOS/Source/queue.c.obj
 .debug_info    0x0001aa5b     0x3a88 CMakeFiles/WHEEL_07_F405.elf.dir/Middlewares/Third_Party/FreeRTOS/Source/tasks.c.obj
 .debug_info    0x0001e4e3     0x233a CMakeFiles/WHEEL_07_F405.elf.dir/Middlewares/Third_Party/FreeRTOS/Source/timers.c.obj

.debug_abbrev   0x00000000     0x409e
 .debug_abbrev  0x00000000      0x22b CMakeFiles/WHEEL_07_F405.elf.dir/Core/Src/adc.c.obj
 .debug_abbrev  0x0000022b      0x1f6 CMakeFiles/WHEEL_07_F405.elf.dir/Core/Src/can.c.obj
 .debug_abbrev  0x00000421      0x126 CMakeFiles/WHEEL_07_F405.elf.dir/Core/Src/dma.c.obj
 .debug_abbrev  0x00000547      0x184 CMakeFiles/WHEEL_07_F405.elf.dir/Core/Src/freertos.c.obj
 .debug_abbrev  0x000006cb      0x14e CMakeFiles/WHEEL_07_F405.elf.dir/Core/Src/gpio.c.obj
 .debug_abbrev  0x00000819      0x271 CMakeFiles/WHEEL_07_F405.elf.dir/Core/Src/main.c.obj
 .debug_abbrev  0x00000a8a      0x180 CMakeFiles/WHEEL_07_F405.elf.dir/Core/Src/rotary.c.obj
 .debug_abbrev  0x00000c0a      0x119 CMakeFiles/WHEEL_07_F405.elf.dir/Core/Src/stm32f4xx_hal_msp.c.obj
 .debug_abbrev  0x00000d23      0x1ff CMakeFiles/WHEEL_07_F405.elf.dir/Core/Src/stm32f4xx_hal_timebase_tim.c.obj
 .debug_abbrev  0x00000f22      0x1bb CMakeFiles/WHEEL_07_F405.elf.dir/Core/Src/stm32f4xx_it.c.obj
 .debug_abbrev  0x000010dd       0xe7 CMakeFiles/WHEEL_07_F405.elf.dir/Core/Src/sysmem.c.obj
 .debug_abbrev  0x000011c4      0x119 CMakeFiles/WHEEL_07_F405.elf.dir/Core/Src/system_stm32f4xx.c.obj
 .debug_abbrev  0x000012dd      0x1c5 CMakeFiles/WHEEL_07_F405.elf.dir/Core/Src/tim.c.obj
 .debug_abbrev  0x000014a2       0x12 CMakeFiles/WHEEL_07_F405.elf.dir/Core/Startup/startup_stm32f405rgtx.s.obj
 .debug_abbrev  0x000014b4      0x206 CMakeFiles/WHEEL_07_F405.elf.dir/Drivers/STM32F4xx_HAL_Driver/Src/stm32f4xx_hal.c.obj
 .debug_abbrev  0x000016ba      0x23a CMakeFiles/WHEEL_07_F405.elf.dir/Drivers/STM32F4xx_HAL_Driver/Src/stm32f4xx_hal_adc.c.obj
 .debug_abbrev  0x000018f4      0x256 CMakeFiles/WHEEL_07_F405.elf.dir/Drivers/STM32F4xx_HAL_Driver/Src/stm32f4xx_hal_can.c.obj
 .debug_abbrev  0x00001b4a      0x36a CMakeFiles/WHEEL_07_F405.elf.dir/Drivers/STM32F4xx_HAL_Driver/Src/stm32f4xx_hal_cortex.c.obj
 .debug_abbrev  0x00001eb4      0x2c2 CMakeFiles/WHEEL_07_F405.elf.dir/Drivers/STM32F4xx_HAL_Driver/Src/stm32f4xx_hal_dma.c.obj
 .debug_abbrev  0x00002176      0x1ef CMakeFiles/WHEEL_07_F405.elf.dir/Drivers/STM32F4xx_HAL_Driver/Src/stm32f4xx_hal_gpio.c.obj
 .debug_abbrev  0x00002365      0x28a CMakeFiles/WHEEL_07_F405.elf.dir/Drivers/STM32F4xx_HAL_Driver/Src/stm32f4xx_hal_rcc.c.obj
 .debug_abbrev  0x000025ef      0x22b CMakeFiles/WHEEL_07_F405.elf.dir/Drivers/STM32F4xx_HAL_Driver/Src/stm32f4xx_hal_tim.c.obj
 .debug_abbrev  0x0000281a      0x241 CMakeFiles/WHEEL_07_F405.elf.dir/Drivers/STM32F4xx_HAL_Driver/Src/stm32f4xx_hal_tim_ex.c.obj
 .debug_abbrev  0x00002a5b      0x59d CMakeFiles/WHEEL_07_F405.elf.dir/Middlewares/Third_Party/FreeRTOS/Source/CMSIS_RTOS_V2/cmsis_os2.c.obj
 .debug_abbrev  0x00002ff8      0x106 CMakeFiles/WHEEL_07_F405.elf.dir/Middlewares/Third_Party/FreeRTOS/Source/list.c.obj
 .debug_abbrev  0x000030fe      0x26b CMakeFiles/WHEEL_07_F405.elf.dir/Middlewares/Third_Party/FreeRTOS/Source/portable/GCC/ARM_CM4F/port.c.obj
 .debug_abbrev  0x00003369      0x24b CMakeFiles/WHEEL_07_F405.elf.dir/Middlewares/Third_Party/FreeRTOS/Source/portable/MemMang/heap_4.c.obj
 .debug_abbrev  0x000035b4      0x369 CMakeFiles/WHEEL_07_F405.elf.dir/Middlewares/Third_Party/FreeRTOS/Source/queue.c.obj
 .debug_abbrev  0x0000391d      0x401 CMakeFiles/WHEEL_07_F405.elf.dir/Middlewares/Third_Party/FreeRTOS/Source/tasks.c.obj
 .debug_abbrev  0x00003d1e      0x380 CMakeFiles/WHEEL_07_F405.elf.dir/Middlewares/Third_Party/FreeRTOS/Source/timers.c.obj

.debug_loc      0x00000000    0x15516
 .debug_loc     0x00000000       0xbb CMakeFiles/WHEEL_07_F405.elf.dir/Core/Src/adc.c.obj
 .debug_loc     0x000000bb       0x84 CMakeFiles/WHEEL_07_F405.elf.dir/Core/Src/can.c.obj
 .debug_loc     0x0000013f       0x4a CMakeFiles/WHEEL_07_F405.elf.dir/Core/Src/freertos.c.obj
 .debug_loc     0x00000189       0x67 CMakeFiles/WHEEL_07_F405.elf.dir/Core/Src/main.c.obj
 .debug_loc     0x000001f0       0xc5 CMakeFiles/WHEEL_07_F405.elf.dir/Core/Src/rotary.c.obj
 .debug_loc     0x000002b5       0xf2 CMakeFiles/WHEEL_07_F405.elf.dir/Core/Src/stm32f4xx_hal_timebase_tim.c.obj
 .debug_loc     0x000003a7       0x64 CMakeFiles/WHEEL_07_F405.elf.dir/Core/Src/sysmem.c.obj
 .debug_loc     0x0000040b      0x158 CMakeFiles/WHEEL_07_F405.elf.dir/Core/Src/system_stm32f4xx.c.obj
 .debug_loc     0x00000563      0x141 CMakeFiles/WHEEL_07_F405.elf.dir/Drivers/STM32F4xx_HAL_Driver/Src/stm32f4xx_hal.c.obj
 .debug_loc     0x000006a4      0xba1 CMakeFiles/WHEEL_07_F405.elf.dir/Drivers/STM32F4xx_HAL_Driver/Src/stm32f4xx_hal_adc.c.obj
 .debug_loc     0x00001245      0xde6 CMakeFiles/WHEEL_07_F405.elf.dir/Drivers/STM32F4xx_HAL_Driver/Src/stm32f4xx_hal_can.c.obj
 .debug_loc     0x0000202b      0x744 CMakeFiles/WHEEL_07_F405.elf.dir/Drivers/STM32F4xx_HAL_Driver/Src/stm32f4xx_hal_cortex.c.obj
 .debug_loc     0x0000276f      0xbf9 CMakeFiles/WHEEL_07_F405.elf.dir/Drivers/STM32F4xx_HAL_Driver/Src/stm32f4xx_hal_dma.c.obj
 .debug_loc     0x00003368      0x520 CMakeFiles/WHEEL_07_F405.elf.dir/Drivers/STM32F4xx_HAL_Driver/Src/stm32f4xx_hal_gpio.c.obj
 .debug_loc     0x00003888      0x58c CMakeFiles/WHEEL_07_F405.elf.dir/Drivers/STM32F4xx_HAL_Driver/Src/stm32f4xx_hal_rcc.c.obj
 .debug_loc     0x00003e14     0x506c CMakeFiles/WHEEL_07_F405.elf.dir/Drivers/STM32F4xx_HAL_Driver/Src/stm32f4xx_hal_tim.c.obj
 .debug_loc     0x00008e80     0x1cd7 CMakeFiles/WHEEL_07_F405.elf.dir/Drivers/STM32F4xx_HAL_Driver/Src/stm32f4xx_hal_tim_ex.c.obj
 .debug_loc     0x0000ab57     0x5184 CMakeFiles/WHEEL_07_F405.elf.dir/Middlewares/Third_Party/FreeRTOS/Source/CMSIS_RTOS_V2/cmsis_os2.c.obj
 .debug_loc     0x0000fcdb       0xad CMakeFiles/WHEEL_07_F405.elf.dir/Middlewares/Third_Party/FreeRTOS/Source/list.c.obj
 .debug_loc     0x0000fd88      0x124 CMakeFiles/WHEEL_07_F405.elf.dir/Middlewares/Third_Party/FreeRTOS/Source/portable/GCC/ARM_CM4F/port.c.obj
 .debug_loc     0x0000feac      0x434 CMakeFiles/WHEEL_07_F405.elf.dir/Middlewares/Third_Party/FreeRTOS/Source/portable/MemMang/heap_4.c.obj
 .debug_loc     0x000102e0     0x1ae8 CMakeFiles/WHEEL_07_F405.elf.dir/Middlewares/Third_Party/FreeRTOS/Source/queue.c.obj
 .debug_loc     0x00011dc8     0x25f8 CMakeFiles/WHEEL_07_F405.elf.dir/Middlewares/Third_Party/FreeRTOS/Source/tasks.c.obj
 .debug_loc     0x000143c0     0x1156 CMakeFiles/WHEEL_07_F405.elf.dir/Middlewares/Third_Party/FreeRTOS/Source/timers.c.obj

.debug_aranges  0x00000000     0x1518
 .debug_aranges
                0x00000000       0x48 CMakeFiles/WHEEL_07_F405.elf.dir/Core/Src/adc.c.obj
 .debug_aranges
                0x00000048       0x30 CMakeFiles/WHEEL_07_F405.elf.dir/Core/Src/can.c.obj
 .debug_aranges
                0x00000078       0x20 CMakeFiles/WHEEL_07_F405.elf.dir/Core/Src/dma.c.obj
 .debug_aranges
                0x00000098       0x30 CMakeFiles/WHEEL_07_F405.elf.dir/Core/Src/freertos.c.obj
 .debug_aranges
                0x000000c8       0x20 CMakeFiles/WHEEL_07_F405.elf.dir/Core/Src/gpio.c.obj
 .debug_aranges
                0x000000e8       0x40 CMakeFiles/WHEEL_07_F405.elf.dir/Core/Src/main.c.obj
 .debug_aranges