Archive member included to satisfy reference by file (symbol)

c:/progra~2/gnuarm~1/102021~1.10/bin/../lib/gcc/arm-none-eabi/10.3.1/thumb/v7e-m+fp/hard\libgcc.a(_aeabi_uldivmod.o)
                              CMakeFiles/WHEEL_07_F405.elf.dir/Drivers/STM32F4xx_HAL_Driver/Src/stm32f4xx_hal_rcc.c.obj (__aeabi_uldivmod)
c:/progra~2/gnuarm~1/102021~1.10/bin/../lib/gcc/arm-none-eabi/10.3.1/thumb/v7e-m+fp/hard\libgcc.a(_udivmoddi4.o)
                              c:/progra~2/gnuarm~1/102021~1.10/bin/../lib/gcc/arm-none-eabi/10.3.1/thumb/v7e-m+fp/hard\libgcc.a(_aeabi_uldivmod.o) (__udivmoddi4)
c:/progra~2/gnuarm~1/102021~1.10/bin/../lib/gcc/arm-none-eabi/10.3.1/thumb/v7e-m+fp/hard\libgcc.a(_dvmd_tls.o)
                              c:/progra~2/gnuarm~1/102021~1.10/bin/../lib/gcc/arm-none-eabi/10.3.1/thumb/v7e-m+fp/hard\libgcc.a(_aeabi_uldivmod.o) (__aeabi_ldiv0)
c:/progra~2/gnuarm~1/102021~1.10/bin/../lib/gcc/arm-none-eabi/10.3.1/../../../../arm-none-eabi/lib/thumb/v7e-m+fp/hard\libg.a(lib_a-errno.o)
                              CMakeFiles/WHEEL_07_F405.elf.dir/Core/Src/syscalls.c.obj (__errno)
c:/progra~2/gnuarm~1/102021~1.10/bin/../lib/gcc/arm-none-eabi/10.3.1/../../../../arm-none-eabi/lib/thumb/v7e-m+fp/hard\libg.a(lib_a-exit.o)
                              c:/progra~2/gnuarm~1/102021~1.10/bin/../lib/gcc/arm-none-eabi/10.3.1/../../../../arm-none-eabi/lib/thumb/v7e-m+fp/hard/crt0.o (exit)
c:/progra~2/gnuarm~1/102021~1.10/bin/../lib/gcc/arm-none-eabi/10.3.1/../../../../arm-none-eabi/lib/thumb/v7e-m+fp/hard\libg.a(lib_a-impure.o)
                              c:/progra~2/gnuarm~1/102021~1.10/bin/../lib/gcc/arm-none-eabi/10.3.1/../../../../arm-none-eabi/lib/thumb/v7e-m+fp/hard\libg.a(lib_a-exit.o) (_global_impure_ptr)
c:/progra~2/gnuarm~1/102021~1.10/bin/../lib/gcc/arm-none-eabi/10.3.1/../../../../arm-none-eabi/lib/thumb/v7e-m+fp/hard\libg.a(lib_a-init.o)
                              c:/progra~2/gnuarm~1/102021~1.10/bin/../lib/gcc/arm-none-eabi/10.3.1/../../../../arm-none-eabi/lib/thumb/v7e-m+fp/hard/crt0.o (__libc_init_array)
c:/progra~2/gnuarm~1/102021~1.10/bin/../lib/gcc/arm-none-eabi/10.3.1/../../../../arm-none-eabi/lib/thumb/v7e-m+fp/hard\libg.a(lib_a-memcpy.o)
                              CMakeFiles/WHEEL_07_F405.elf.dir/Middlewares/Third_Party/FreeRTOS/Source/CMSIS_RTOS_V2/cmsis_os2.c.obj (memcpy)
c:/progra~2/gnuarm~1/102021~1.10/bin/../lib/gcc/arm-none-eabi/10.3.1/../../../../arm-none-eabi/lib/thumb/v7e-m+fp/hard\libg.a(lib_a-memset.o)
                              c:/progra~2/gnuarm~1/102021~1.10/bin/../lib/gcc/arm-none-eabi/10.3.1/../../../../arm-none-eabi/lib/thumb/v7e-m+fp/hard/crt0.o (memset)
c:/progra~2/gnuarm~1/102021~1.10/bin/../lib/gcc/arm-none-eabi/10.3.1/../../../../arm-none-eabi/lib/thumb/v7e-m+fp/hard\libg.a(lib_a-reent.o)
                              CMakeFiles/WHEEL_07_F405.elf.dir/Middlewares/Third_Party/FreeRTOS/Source/tasks.c.obj (_reclaim_reent)
c:/progra~2/gnuarm~1/102021~1.10/bin/../lib/gcc/arm-none-eabi/10.3.1/../../../../arm-none-eabi/lib/thumb/v7e-m+fp/hard\libg.a(lib_a-__call_atexit.o)
                              c:/progra~2/gnuarm~1/102021~1.10/bin/../lib/gcc/arm-none-eabi/10.3.1/../../../../arm-none-eabi/lib/thumb/v7e-m+fp/hard\libg.a(lib_a-exit.o) (__call_exitprocs)
c:/progra~2/gnuarm~1/102021~1.10/bin/../lib/gcc/arm-none-eabi/10.3.1/../../../../arm-none-eabi/lib/thumb/v7e-m+fp/hard\libg.a(lib_a-atexit.o)
                              c:/progra~2/gnuarm~1/102021~1.10/bin/../lib/gcc/arm-none-eabi/10.3.1/../../../../arm-none-eabi/lib/thumb/v7e-m+fp/hard\libg.a(lib_a-__call_atexit.o) (atexit)
c:/progra~2/gnuarm~1/102021~1.10/bin/../lib/gcc/arm-none-eabi/10.3.1/../../../../arm-none-eabi/lib/thumb/v7e-m+fp/hard\libg.a(lib_a-fini.o)
                              c:/progra~2/gnuarm~1/102021~1.10/bin/../lib/gcc/arm-none-eabi/10.3.1/../../../../arm-none-eabi/lib/thumb/v7e-m+fp/hard\libg.a(lib_a-__call_atexit.o) (__libc_fini_array)
c:/progra~2/gnuarm~1/102021~1.10/bin/../lib/gcc/arm-none-eabi/10.3.1/../../../../arm-none-eabi/lib/thumb/v7e-m+fp/hard\libg.a(lib_a-freer.o)
                              c:/progra~2/gnuarm~1/102021~1.10/bin/../lib/gcc/arm-none-eabi/10.3.1/../../../../arm-none-eabi/lib/thumb/v7e-m+fp/hard\libg.a(lib_a-reent.o) (_free_r)
c:/progra~2/gnuarm~1/102021~1.10/bin/../lib/gcc/arm-none-eabi/10.3.1/../../../../arm-none-eabi/lib/thumb/v7e-m+fp/hard\libg.a(lib_a-lock.o)
                              c:/progra~2/gnuarm~1/102021~1.10/bin/../lib/gcc/arm-none-eabi/10.3.1/../../../../arm-none-eabi/lib/thumb/v7e-m+fp/hard\libg.a(lib_a-__call_atexit.o) (__retarget_lock_acquire_recursive)
c:/progra~2/gnuarm~1/102021~1.10/bin/../lib/gcc/arm-none-eabi/10.3.1/../../../../arm-none-eabi/lib/thumb/v7e-m+fp/hard\libg.a(lib_a-mallocr.o)
                              c:/progra~2/gnuarm~1/102021~1.10/bin/../lib/gcc/arm-none-eabi/10.3.1/../../../../arm-none-eabi/lib/thumb/v7e-m+fp/hard\libg.a(lib_a-freer.o) (__malloc_current_mallinfo)
[...]
Memory Configuration

Name             Origin             Length             Attributes
CCMRAM           0x10000000         0x00010000         xrw
RAM              0x20000000         0x00020000         xrw
FLASH            0x08000000         0x00100000         xr
*default*        0x00000000         0xffffffff

Linker script and memory map

LOAD c:/progra~2/gnuarm~1/102021~1.10/bin/../lib/gcc/arm-none-eabi/10.3.1/thumb/v7e-m+fp/hard/crti.o
LOAD c:/progra~2/gnuarm~1/102021~1.10/bin/../lib/gcc/arm-none-eabi/10.3.1/thumb/v7e-m+fp/hard/crtbegin.o
LOAD c:/progra~2/gnuarm~1/102021~1.10/bin/../lib/gcc/arm-none-eabi/10.3.1/../../../../arm-none-eabi/lib/thumb/v7e-m+fp/hard/crt0.o
LOAD CMakeFiles/WHEEL_07_F405.elf.dir/Core/Src/adc.c.obj
LOAD CMakeFiles/WHEEL_07_F405.elf.dir/Core/Src/can.c.obj
LOAD CMakeFiles/WHEEL_07_F405.elf.dir/Core/Src/dma.c.obj
LOAD CMakeFiles/WHEEL_07_F405.elf.dir/Core/Src/freertos.c.obj
LOAD CMakeFiles/WHEEL_07_F405.elf.dir/Core/Src/gpio.c.obj
LOAD CMakeFiles/WHEEL_07_F405.elf.dir/Core/Src/main.c.obj
LOAD CMakeFiles/WHEEL_07_F405.elf.dir/Core/Src/paddleIRQ.c.obj
LOAD CMakeFiles/WHEEL_07_F405.elf.dir/Core/Src/rotary.c.obj
LOAD CMakeFiles/WHEEL_07_F405.elf.dir/Core/Src/stm32f4xx_hal_msp.c.obj
LOAD CMakeFiles/WHEEL_07_F405.elf.dir/Core/Src/stm32f4xx_hal_timebase_tim.c.obj
LOAD CMakeFiles/WHEEL_07_F405.elf.dir/Core/Src/stm32f4xx_it.c.obj
LOAD CMakeFiles/WHEEL_07_F405.elf.dir/Core/Src/syscalls.c.obj
LOAD CMakeFiles/WHEEL_07_F405.elf.dir/Core/Src/sysmem.c.obj
LOAD CMakeFiles/WHEEL_07_F405.elf.dir/Core/Src/system_stm32f4xx.c.obj
LOAD CMakeFiles/WHEEL_07_F405.elf.dir/Core/Src/tim.c.obj
LOAD CMakeFiles/WHEEL_07_F405.elf.dir/Core/Startup/startup_stm32f405rgtx.s.obj
LOAD CMakeFiles/WHEEL_07_F405.elf.dir/Drivers/STM32F4xx_HAL_Driver/Src/stm32f4xx_hal.c.obj
LOAD CMakeFiles/WHEEL_07_F405.elf.dir/Drivers/STM32F4xx_HAL_Driver/Src/stm32f4xx_hal_adc.c.obj
LOAD CMakeFiles/WHEEL_07_F405.elf.dir/Drivers/STM32F4xx_HAL_Driver/Src/stm32f4xx_hal_adc_ex.c.obj
LOAD CMakeFiles/WHEEL_07_F405.elf.dir/Drivers/STM32F4xx_HAL_Driver/Src/stm32f4xx_hal_can.c.obj
LOAD CMakeFiles/WHEEL_07_F405.elf.dir/Drivers/STM32F4xx_HAL_Driver/Src/stm32f4xx_hal_cortex.c.obj
LOAD CMakeFiles/WHEEL_07_F405.elf.dir/Drivers/STM32F4xx_HAL_Driver/Src/stm32f4xx_hal_dma.c.obj
LOAD CMakeFiles/WHEEL_07_F405.elf.dir/Drivers/STM32F4xx_HAL_Driver/Src/stm32f4xx_hal_dma_ex.c.obj
LOAD CMakeFiles/WHEEL_07_F405.elf.dir/Drivers/STM32F4xx_HAL_Driver/Src/stm32f4xx_hal_exti.c.obj
LOAD CMakeFiles/WHEEL_07_F405.elf.dir/Drivers/STM32F4xx_HAL_Driver/Src/stm32f4xx_hal_flash.c.obj
LOAD CMakeFiles/WHEEL_07_F405.elf.dir/Drivers/STM32F4xx_HAL_Driver/Src/stm32f4xx_hal_flash_ex.c.obj
LOAD CMakeFiles/WHEEL_07_F405.elf.dir/Drivers/STM32F4xx_HAL_Driver/Src/stm32f4xx_hal_flash_ramfunc.c.obj
LOAD CMakeFiles/WHEEL_07_F405.elf.dir/Drivers/STM32F4xx_HAL_Driver/Src/stm32f4xx_hal_gpio.c.obj
LOAD CMakeFiles/WHEEL_07_F405.elf.dir/Drivers/STM32F4xx_HAL_Driver/Src/stm32f4xx_hal_pwr.c.obj
LOAD CMakeFiles/WHEEL_07_F405.elf.dir/Drivers/STM32F4xx_HAL_Driver/Src/stm32f4xx_hal_pwr_ex.c.obj
LOAD CMakeFiles/WHEEL_07_F405.elf.dir/Drivers/STM32F4xx_HAL_Driver/Src/stm32f4xx_hal_rcc.c.obj
LOAD CMakeFiles/WHEEL_07_F405.elf.dir/Drivers/STM32F4xx_HAL_Driver/Src/stm32f4xx_hal_rcc_ex.c.obj
LOAD CMakeFiles/WHEEL_07_F405.elf.dir/Drivers/STM32F4xx_HAL_Driver/Src/stm32f4xx_hal_tim.c.obj
LOAD CMakeFiles/WHEEL_07_F405.elf.dir/Drivers/STM32F4xx_HAL_Driver/Src/stm32f4xx_hal_tim_ex.c.obj
LOAD CMakeFiles/WHEEL_07_F405.elf.dir/Drivers/STM32F4xx_HAL_Driver/Src/stm32f4xx_ll_adc.c.obj
LOAD CMakeFiles/WHEEL_07_F405.elf.dir/Middlewares/Third_Party/FreeRTOS/Source/CMSIS_RTOS_V2/cmsis_os2.c.obj
LOAD CMakeFiles/WHEEL_07_F405.elf.dir/Middlewares/Third_Party/FreeRTOS/Source/croutine.c.obj
LOAD CMakeFiles/WHEEL_07_F405.elf.dir/Middlewares/Third_Party/FreeRTOS/Source/event_groups.c.obj
LOAD CMakeFiles/WHEEL_07_F405.elf.dir/Middlewares/Third_Party/FreeRTOS/Source/list.c.obj
LOAD CMakeFiles/WHEEL_07_F405.elf.dir/Middlewares/Third_Party/FreeRTOS/Source/portable/GCC/ARM_CM4F/port.c.obj
LOAD CMakeFiles/WHEEL_07_F405.elf.dir/Middlewares/Third_Party/FreeRTOS/Source/portable/MemMang/heap_4.c.obj
LOAD CMakeFiles/WHEEL_07_F405.elf.dir/Middlewares/Third_Party/FreeRTOS/Source/queue.c.obj
LOAD CMakeFiles/WHEEL_07_F405.elf.dir/Middlewares/Third_Party/FreeRTOS/Source/stream_buffer.c.obj
LOAD CMakeFiles/WHEEL_07_F405.elf.dir/Middlewares/Third_Party/FreeRTOS/Source/tasks.c.obj
LOAD CMakeFiles/WHEEL_07_F405.elf.dir/Middlewares/Third_Party/FreeRTOS/Source/timers.c.obj
START GROUP
LOAD c:/progra~2/gnuarm~1/102021~1.10/bin/../lib/gcc/arm-none-eabi/10.3.1/thumb/v7e-m+fp/hard\libgcc.a
LOAD c:/progra~2/gnuarm~1/102021~1.10/bin/../lib/gcc/arm-none-eabi/10.3.1/../../../../arm-none-eabi/lib/thumb/v7e-m+fp/hard\libg.a
LOAD c:/progra~2/gnuarm~1/102021~1.10/bin/../lib/gcc/arm-none-eabi/10.3.1/../../../../arm-none-eabi/lib/thumb/v7e-m+fp/hard\libc.a
END GROUP
LOAD c:/progra~2/gnuarm~1/102021~1.10/bin/../lib/gcc/arm-none-eabi/10.3.1/thumb/v7e-m+fp/hard/crtend.o
LOAD c:/progra~2/gnuarm~1/102021~1.10/bin/../lib/gcc/arm-none-eabi/10.3.1/thumb/v7e-m+fp/hard/crtn.o
                0x20020000                _estack = (ORIGIN (RAM) + LENGTH (RAM))
                0x00000200                _Min_Heap_Size = 0x200
                0x00000400                _Min_Stack_Size = 0x400

.isr_vector     0x08000000      0x188
                0x08000000                . = ALIGN (0x4)
 *(.isr_vector)
 .isr_vector    0x08000000      0x188 CMakeFiles/WHEEL_07_F405.elf.dir/Core/Startup/startup_stm32f405rgtx.s.obj
                0x08000000                g_pfnVectors
                0x08000188                . = ALIGN (0x4)

.text           0x08000190     0x56a0
                0x08000190                . = ALIGN (0x4)
 *(.text)
 .text          0x08000190       0x40 c:/progra~2/gnuarm~1/102021~1.10/bin/../lib/gcc/arm-none-eabi/10.3.1/thumb/v7e-m+fp/hard/crtbegin.o
 .text          0x080001d0       0x30 c:/progra~2/gnuarm~1/102021~1.10/bin/../lib/gcc/arm-none-eabi/10.3.1/thumb/v7e-m+fp/hard\libgcc.a(_aeabi_uldivmod.o)
                0x080001d0                __aeabi_uldivmod
 .text          0x08000200      0x2d0 c:/progra~2/gnuarm~1/102021~1.10/bin/../lib/gcc/arm-none-eabi/10.3.1/thumb/v7e-m+fp/hard\libgcc.a(_udivmoddi4.o)
                0x08000200                __udivmoddi4
 .text          0x080004d0        0x4 c:/progra~2/gnuarm~1/102021~1.10/bin/../lib/gcc/arm-none-eabi/10.3.1/thumb/v7e-m+fp/hard\libgcc.a(_dvmd_tls.o)
                0x080004d0                __aeabi_idiv0
                0x080004d0                __aeabi_ldiv0
 .text          0x080004d4      0x134 c:/progra~2/gnuarm~1/102021~1.10/bin/../lib/gcc/arm-none-eabi/10.3.1/../../../../arm-none-eabi/lib/thumb/v7e-m+fp/hard\libg.a(lib_a-memcpy.o)
                0x080004d4                memcpy
 *(.text*)
 .text.MX_ADC1_Init
                0x08000608       0xb8 CMakeFiles/WHEEL_07_F405.elf.dir/Core/Src/adc.c.obj
                0x08000608                MX_ADC1_Init
 .text.HAL_ADC_MspInit
                0x080006c0       0xac CMakeFiles/WHEEL_07_F405.elf.dir/Core/Src/adc.c.obj
                0x080006c0                HAL_ADC_MspInit
 .text.HAL_ADC_ConvCpltCallback
                0x0800076c       0x1c CMakeFiles/WHEEL_07_F405.elf.dir/Core/Src/adc.c.obj
                0x0800076c                HAL_ADC_ConvCpltCallback
 .text.adcStart
                0x08000788       0x20 CMakeFiles/WHEEL_07_F405.elf.dir/Core/Src/adc.c.obj
                0x08000788                adcStart
 .text.adcTaskStart
                0x080007a8       0x2c CMakeFiles/WHEEL_07_F405.elf.dir/Core/Src/adc.c.obj
                0x080007a8                adcTaskStart
 .text.MX_CAN1_Init
                0x080007d4       0x3c CMakeFiles/WHEEL_07_F405.elf.dir/Core/Src/can.c.obj
                0x080007d4                MX_CAN1_Init
 .text.HAL_CAN_MspInit
                0x08000810       0xa0 CMakeFiles/WHEEL_07_F405.elf.dir/Core/Src/can.c.obj
                0x08000810                HAL_CAN_MspInit
 .text.MX_DMA_Init
                0x080008b0       0x34 CMakeFiles/WHEEL_07_F405.elf.dir/Core/Src/dma.c.obj
                0x080008b0                MX_DMA_Init
 .text.StartDefaultTask
                0x080008e4        0xa CMakeFiles/WHEEL_07_F405.elf.dir/Core/Src/freertos.c.obj
                0x080008e4                StartDefaultTask
 *fill*         0x080008ee        0x2 
 .text.statusTaskStart
                0x080008f0       0x1c CMakeFiles/WHEEL_07_F405.elf.dir/Core/Src/freertos.c.obj
                0x080008f0                statusTaskStart
 .text.MX_FREERTOS_Init
                0x0800090c       0x88 CMakeFiles/WHEEL_07_F405.elf.dir/Core/Src/freertos.c.obj
                0x0800090c                MX_FREERTOS_Init
 .text.MX_GPIO_Init
                0x08000994       0xec CMakeFiles/WHEEL_07_F405.elf.dir/Core/Src/gpio.c.obj
                0x08000994                MX_GPIO_Init
 .text.HAL_CAN_RxFifo0MsgPendingCallback
                0x08000a80       0x24 CMakeFiles/WHEEL_07_F405.elf.dir/Core/Src/main.c.obj
                0x08000a80                HAL_CAN_RxFifo0MsgPendingCallback
 .text.HAL_TIM_PeriodElapsedCallback
                0x08000aa4       0x34 CMakeFiles/WHEEL_07_F405.elf.dir/Core/Src/main.c.obj
                0x08000aa4                HAL_TIM_PeriodElapsedCallback
 .text.Error_Handler
                0x08000ad8        0x4 CMakeFiles/WHEEL_07_F405.elf.dir/Core/Src/main.c.obj
                0x08000ad8                Error_Handler
 .text.SystemClock_Config
                0x08000adc       0x88 CMakeFiles/WHEEL_07_F405.elf.dir/Core/Src/main.c.obj
                0x08000adc                SystemClock_Config
 .text.main     0x08000b64       0x78 CMakeFiles/WHEEL_07_F405.elf.dir/Core/Src/main.c.obj
                0x08000b64                main
 .text.HAL_GPIO_EXTI_Callback
                0x08000bdc       0x40 CMakeFiles/WHEEL_07_F405.elf.dir/Core/Src/paddleIRQ.c.obj
                0x08000bdc                HAL_GPIO_EXTI_Callback
 .text.HALtoPaddleState
                0x08000c1c       0x20 CMakeFiles/WHEEL_07_F405.elf.dir/Core/Src/paddleIRQ.c.obj
                0x08000c1c                HALtoPaddleState
 .text.paddleIRQTaskStart
                0x08000c3c       0x54 CMakeFiles/WHEEL_07_F405.elf.dir/Core/Src/paddleIRQ.c.obj
                0x08000c3c                paddleIRQTaskStart
 .text.debouncingTIMCallback
                0x08000c90       0x54 CMakeFiles/WHEEL_07_F405.elf.dir/Core/Src/paddleIRQ.c.obj
                0x08000c90                debouncingTIMCallback
 .text.muxswInRange
                0x08000ce4       0x8a CMakeFiles/WHEEL_07_F405.elf.dir/Core/Src/rotary.c.obj
                0x08000ce4                muxswInRange
 *fill*         0x08000d6e        0x2 
 .text.muxswTaskStart
                0x08000d70       0x2c CMakeFiles/WHEEL_07_F405.elf.dir/Core/Src/rotary.c.obj
                0x08000d70                muxswTaskStart
 .text.HAL_MspInit
                0x08000d9c       0x44 CMakeFiles/WHEEL_07_F405.elf.dir/Core/Src/stm32f4xx_hal_msp.c.obj
                0x08000d9c                HAL_MspInit
 .text.HAL_InitTick
                0x08000de0       0xa4 CMakeFiles/WHEEL_07_F405.elf.dir/Core/Src/stm32f4xx_hal_timebase_tim.c.obj
                0x08000de0                HAL_InitTick
 .text.NMI_Handler
                0x08000e84        0x2 CMakeFiles/WHEEL_07_F405.elf.dir/Core/Src/stm32f4xx_it.c.obj
                0x08000e84                NMI_Handler
 .text.HardFault_Handler
                0x08000e86        0x2 CMakeFiles/WHEEL_07_F405.elf.dir/Core/Src/stm32f4xx_it.c.obj
                0x08000e86                HardFault_Handler
 .text.MemManage_Handler
                0x08000e88        0x2 CMakeFiles/WHEEL_07_F405.elf.dir/Core/Src/stm32f4xx_it.c.obj
                0x08000e88                MemManage_Handler
 .text.BusFault_Handler
                0x08000e8a        0x2 CMakeFiles/WHEEL_07_F405.elf.dir/Core/Src/stm32f4xx_it.c.obj
                0x08000e8a                BusFault_Handler
 .text.UsageFault_Handler
                0x08000e8c        0x2 CMakeFiles/WHEEL_07_F405.elf.dir/Core/Src/stm32f4xx_it.c.obj
                0x08000e8c                UsageFault_Handler
 .text.DebugMon_Handler
                0x08000e8e        0x2 CMakeFiles/WHEEL_07_F405.elf.dir/Core/Src/stm32f4xx_it.c.obj
                0x08000e8e                DebugMon_Handler
 .text.EXTI4_IRQHandler
                0x08000e90        0xa CMakeFiles/WHEEL_07_F405.elf.dir/Core/Src/stm32f4xx_it.c.obj
                0x08000e90                EXTI4_IRQHandler
 *fill*         0x08000e9a        0x2 
 .text.CAN1_TX_IRQHandler
                0x08000e9c       0x10 CMakeFiles/WHEEL_07_F405.elf.dir/Core/Src/stm32f4xx_it.c.obj
                0x08000e9c                CAN1_TX_IRQHandler
 .text.CAN1_RX0_IRQHandler
                0x08000eac       0x10 CMakeFiles/WHEEL_07_F405.elf.dir/Core/Src/stm32f4xx_it.c.obj
                0x08000eac                CAN1_RX0_IRQHandler
 .text.CAN1_RX1_IRQHandler
                0x08000ebc       0x10 CMakeFiles/WHEEL_07_F405.elf.dir/Core/Src/stm32f4xx_it.c.obj
                0x08000ebc                CAN1_RX1_IRQHandler
 .text.EXTI9_5_IRQHandler
                0x08000ecc        0xa CMakeFiles/WHEEL_07_F405.elf.dir/Core/Src/stm32f4xx_it.c.obj
                0x08000ecc                EXTI9_5_IRQHandler
 *fill*         0x08000ed6        0x2 
 .text.TIM8_UP_TIM13_IRQHandler
                0x08000ed8       0x10 CMakeFiles/WHEEL_07_F405.elf.dir/Core/Src/stm32f4xx_it.c.obj
                0x08000ed8                TIM8_UP_TIM13_IRQHandler
 .text.TIM8_TRG_COM_TIM14_IRQHandler
                0x08000ee8       0x10 CMakeFiles/WHEEL_07_F405.elf.dir/Core/Src/stm32f4xx_it.c.obj
                0x08000ee8                TIM8_TRG_COM_TIM14_IRQHandler
 .text.TIM6_DAC_IRQHandler
                0x08000ef8       0x10 CMakeFiles/WHEEL_07_F405.elf.dir/Core/Src/stm32f4xx_it.c.obj
                0x08000ef8                TIM6_DAC_IRQHandler
 .text.DMA2_Stream0_IRQHandler
                0x08000f08       0x10 CMakeFiles/WHEEL_07_F405.elf.dir/Core/Src/stm32f4xx_it.c.obj
                0x08000f08                DMA2_Stream0_IRQHandler
 .text._sbrk    0x08000f18       0x48 CMakeFiles/WHEEL_07_F405.elf.dir/Core/Src/sysmem.c.obj
                0x08000f18                _sbrk
 .text.SystemInit
                0x08000f60       0x1c CMakeFiles/WHEEL_07_F405.elf.dir/Core/Src/system_stm32f4xx.c.obj
                0x08000f60                SystemInit
 .text.MX_TIM3_Init
                0x08000f7c       0x70 CMakeFiles/WHEEL_07_F405.elf.dir/Core/Src/tim.c.obj
                0x08000f7c                MX_TIM3_Init
 .text.MX_TIM13_Init
                0x08000fec       0x30 CMakeFiles/WHEEL_07_F405.elf.dir/Core/Src/tim.c.obj
                0x08000fec                MX_TIM13_Init
 .text.MX_TIM14_Init
                0x0800101c       0x30 CMakeFiles/WHEEL_07_F405.elf.dir/Core/Src/tim.c.obj
                0x0800101c                MX_TIM14_Init
 .text.HAL_TIM_Base_MspInit
                0x0800104c       0x98 CMakeFiles/WHEEL_07_F405.elf.dir/Core/Src/tim.c.obj
                0x0800104c                HAL_TIM_Base_MspInit
 .text.Reset_Handler
                0x080010e4       0x50 CMakeFiles/WHEEL_07_F405.elf.dir/Core/Startup/startup_stm32f405rgtx.s.obj
                0x080010e4                Reset_Handler
 .text.Default_Handler
                0x08001134        0x2 CMakeFiles/WHEEL_07_F405.elf.dir/Core/Startup/startup_stm32f405rgtx.s.obj
                0x08001134                RTC_Alarm_IRQHandler
                0x08001134                HASH_RNG_IRQHandler
                0x08001134                EXTI2_IRQHandler
                0x08001134                TIM8_CC_IRQHandler
                0x08001134                TIM1_CC_IRQHandler
                0x08001134                DMA2_Stream5_IRQHandler
                0x08001134                DMA1_Stream5_IRQHandler
                0x08001134                PVD_IRQHandler
                0x08001134                SDIO_IRQHandler
                0x08001134                TAMP_STAMP_IRQHandler
                0x08001134                CAN2_RX1_IRQHandler
                0x08001134                EXTI3_IRQHandler
                0x08001134                TIM1_UP_TIM10_IRQHandler
                0x08001134                I2C3_ER_IRQHandler
                0x08001134                EXTI0_IRQHandler
                0x08001134                I2C2_EV_IRQHandler
                0x08001134                DMA1_Stream2_IRQHandler
                0x08001134                FPU_IRQHandler
                0x08001134                OTG_HS_WKUP_IRQHandler
                0x08001134                CAN2_SCE_IRQHandler
                0x08001134                DMA2_Stream2_IRQHandler
                0x08001134                SPI1_IRQHandler
                0x08001134                TIM1_BRK_TIM9_IRQHandler
                0x08001134                CAN2_RX0_IRQHandler
                0x08001134                DMA2_Stream3_IRQHandler
                0x08001134                USART6_IRQHandler
                0x08001134                USART3_IRQHandler
                0x08001134                UART5_IRQHandler
                0x08001134                TIM4_IRQHandler
                0x08001134                I2C1_EV_IRQHandler
                0x08001134                DMA1_Stream6_IRQHandler
                0x08001134                DMA1_Stream1_IRQHandler
                0x08001134                UART4_IRQHandler
                0x08001134                TIM3_IRQHandler
                0x08001134                RCC_IRQHandler
                0x08001134                TIM8_BRK_TIM12_IRQHandler
                0x08001134                Default_Handler
                0x08001134                EXTI15_10_IRQHandler
                0x08001134                ADC_IRQHandler
                0x08001134                DMA1_Stream7_IRQHandler
                0x08001134                TIM7_IRQHandler
                0x08001134                CAN2_TX_IRQHandler
                0x08001134                TIM5_IRQHandler
                0x08001134                DMA2_Stream7_IRQHandler
                0x08001134                I2C3_EV_IRQHandler
                0x08001134                RTC_WKUP_IRQHandler
                0x08001134                SPI2_IRQHandler
                0x08001134                OTG_HS_EP1_IN_IRQHandler
                0x08001134                DMA1_Stream0_IRQHandler
                0x08001134                FSMC_IRQHandler
                0x08001134                OTG_HS_EP1_OUT_IRQHandler
                0x08001134                WWDG_IRQHandler
                0x08001134                TIM2_IRQHandler
                0x08001134                OTG_FS_WKUP_IRQHandler
                0x08001134                TIM1_TRG_COM_TIM11_IRQHandler
                0x08001134                OTG_HS_IRQHandler
                0x08001134                EXTI1_IRQHandler
                0x08001134                USART2_IRQHandler
                0x08001134                I2C2_ER_IRQHandler
                0x08001134                DMA2_Stream1_IRQHandler
                0x08001134                CAN1_SCE_IRQHandler
                0x08001134                FLASH_IRQHandler
                0x08001134                DMA2_Stream4_IRQHandler
                0x08001134                USART1_IRQHandler
                0x08001134                OTG_FS_IRQHandler
                0x08001134                SPI3_IRQHandler
                0x08001134                DMA1_Stream4_IRQHandler
                0x08001134                I2C1_ER_IRQHandler
                0x08001134                DMA2_Stream6_IRQHandler
                0x08001134                DMA1_Stream3_IRQHandler
 *fill*         0x08001136        0x2 
 .text.HAL_Init
                0x08001138       0x34 CMakeFiles/WHEEL_07_F405.elf.dir/Drivers/STM32F4xx_HAL_Driver/Src/stm32f4xx_hal.c.obj
                0x08001138                HAL_Init
 .text.HAL_IncTick
                0x0800116c       0x18 CMakeFiles/WHEEL_07_F405.elf.dir/Drivers/STM32F4xx_HAL_Driver/Src/stm32f4xx_hal.c.obj
                0x0800116c                HAL_IncTick
 .text.HAL_GetTick
                0x08001184        0xc CMakeFiles/WHEEL_07_F405.elf.dir/Drivers/STM32F4xx_HAL_Driver/Src/stm32f4xx_hal.c.obj
                0x08001184                HAL_GetTick
 .text.ADC_Init
                0x08001190      0x134 CMakeFiles/WHEEL_07_F405.elf.dir/Drivers/STM32F4xx_HAL_Driver/Src/stm32f4xx_hal_adc.c.obj
 .text.HAL_ADC_Init
                0x080012c4       0x56 CMakeFiles/WHEEL_07_F405.elf.dir/Drivers/STM32F4xx_HAL_Driver/Src/stm32f4xx_hal_adc.c.obj
                0x080012c4                HAL_ADC_Init
 *fill*         0x0800131a        0x2 
 .text.HAL_ADC_Start_DMA
                0x0800131c      0x19c CMakeFiles/WHEEL_07_F405.elf.dir/Drivers/STM32F4xx_HAL_Driver/Src/stm32f4xx_hal_adc.c.obj
                0x0800131c                HAL_ADC_Start_DMA
 .text.HAL_ADC_ConvHalfCpltCallback
                0x080014b8        0x2 CMakeFiles/WHEEL_07_F405.elf.dir/Drivers/STM32F4xx_HAL_Driver/Src/stm32f4xx_hal_adc.c.obj
                0x080014b8                HAL_ADC_ConvHalfCpltCallback
 .text.ADC_DMAHalfConvCplt
                0x080014ba        0xa CMakeFiles/WHEEL_07_F405.elf.dir/Drivers/STM32F4xx_HAL_Driver/Src/stm32f4xx_hal_adc.c.obj
 .text.HAL_ADC_ErrorCallback
                0x080014c4        0x2 CMakeFiles/WHEEL_07_F405.elf.dir/Drivers/STM32F4xx_HAL_Driver/Src/stm32f4xx_hal_adc.c.obj
                0x080014c4                HAL_ADC_ErrorCallback
 .text.ADC_DMAError
                0x080014c6       0x16 CMakeFiles/WHEEL_07_F405.elf.dir/Drivers/STM32F4xx_HAL_Driver/Src/stm32f4xx_hal_adc.c.obj
 .text.ADC_DMAConvCplt
                0x080014dc       0x72 CMakeFiles/WHEEL_07_F405.elf.dir/Drivers/STM32F4xx_HAL_Driver/Src/stm32f4xx_hal_adc.c.obj
 *fill*         0x0800154e        0x2 
 .text.HAL_ADC_ConfigChannel
                0x08001550      0x198 CMakeFiles/WHEEL_07_F405.elf.dir/Drivers/STM32F4xx_HAL_Driver/Src/stm32f4xx_hal_adc.c.obj
                0x08001550                HAL_ADC_ConfigChannel
 .text.HAL_CAN_Init
                0x080016e8      0x14c CMakeFiles/WHEEL_07_F405.elf.dir/Drivers/STM32F4xx_HAL_Driver/Src/stm32f4xx_hal_can.c.obj
                0x080016e8                HAL_CAN_Init
 .text.HAL_CAN_Start
                0x08001834       0x5c CMakeFiles/WHEEL_07_F405.elf.dir/Drivers/STM32F4xx_HAL_Driver/Src/stm32f4xx_hal_can.c.obj
                0x08001834                HAL_CAN_Start
 .text.HAL_CAN_GetRxMessage
                0x08001890      0x14a CMakeFiles/WHEEL_07_F405.elf.dir/Drivers/STM32F4xx_HAL_Driver/Src/stm32f4xx_hal_can.c.obj
                0x08001890                HAL_CAN_GetRxMessage
 .text.HAL_CAN_ActivateNotification
                0x080019da       0x24 CMakeFiles/WHEEL_07_F405.elf.dir/Drivers/STM32F4xx_HAL_Driver/Src/stm32f4xx_hal_can.c.obj
                0x080019da                HAL_CAN_ActivateNotification
 .text.HAL_CAN_TxMailbox0CompleteCallback
                0x080019fe        0x2 CMakeFiles/WHEEL_07_F405.elf.dir/Drivers/STM32F4xx_HAL_Driver/Src/stm32f4xx_hal_can.c.obj
                0x080019fe                HAL_CAN_TxMailbox0CompleteCallback
 .text.HAL_CAN_TxMailbox1CompleteCallback
                0x08001a00        0x2 CMakeFiles/WHEEL_07_F405.elf.dir/Drivers/STM32F4xx_HAL_Driver/Src/stm32f4xx_hal_can.c.obj
                0x08001a00                HAL_CAN_TxMailbox1CompleteCallback
 .text.HAL_CAN_TxMailbox2CompleteCallback
                0x08001a02        0x2 CMakeFiles/WHEEL_07_F405.elf.dir/Drivers/STM32F4xx_HAL_Driver/Src/stm32f4xx_hal_can.c.obj
                0x08001a02                HAL_CAN_TxMailbox2CompleteCallback
 .text.HAL_CAN_TxMailbox0AbortCallback
                0x08001a04        0x2 CMakeFiles/WHEEL_07_F405.elf.dir/Drivers/STM32F4xx_HAL_Driver/Src/stm32f4xx_hal_can.c.obj
                0x08001a04                HAL_CAN_TxMailbox0AbortCallback
 .text.HAL_CAN_TxMailbox1AbortCallback
                0x08001a06        0x2 CMakeFiles/WHEEL_07_F405.elf.dir/Drivers/STM32F4xx_HAL_Driver/Src/stm32f4xx_hal_can.c.obj
                0x08001a06                HAL_CAN_TxMailbox1AbortCallback
 .text.HAL_CAN_TxMailbox2AbortCallback
                0x08001a08        0x2 CMakeFiles/WHEEL_07_F405.elf.dir/Drivers/STM32F4xx_HAL_Driver/Src/stm32f4xx_hal_can.c.obj
                0x08001a08                HAL_CAN_TxMailbox2AbortCallback
 .text.HAL_CAN_RxFifo0FullCallback
                0x08001a0a        0x2 CMakeFiles/WHEEL_07_F405.elf.dir/Drivers/STM32F4xx_HAL_Driver/Src/stm32f4xx_hal_can.c.obj
                0x08001a0a                HAL_CAN_RxFifo0FullCallback
 .text.HAL_CAN_RxFifo1MsgPendingCallback
                0x08001a0c        0x2 CMakeFiles/WHEEL_07_F405.elf.dir/Drivers/STM32F4xx_HAL_Driver/Src/stm32f4xx_hal_can.c.obj
                0x08001a0c                HAL_CAN_RxFifo1MsgPendingCallback
 .text.HAL_CAN_RxFifo1FullCallback
                0x08001a0e        0x2 CMakeFiles/WHEEL_07_F405.elf.dir/Drivers/STM32F4xx_HAL_Driver/Src/stm32f4xx_hal_can.c.obj
                0x08001a0e                HAL_CAN_RxFifo1FullCallback
 .text.HAL_CAN_SleepCallback
                0x08001a10        0x2 CMakeFiles/WHEEL_07_F405.elf.dir/Drivers/STM32F4xx_HAL_Driver/Src/stm32f4xx_hal_can.c.obj
                0x08001a10                HAL_CAN_SleepCallback
 .text.HAL_CAN_WakeUpFromRxMsgCallback
                0x08001a12        0x2 CMakeFiles/WHEEL_07_F405.elf.dir/Drivers/STM32F4xx_HAL_Driver/Src/stm32f4xx_hal_can.c.obj
                0x08001a12                HAL_CAN_WakeUpFromRxMsgCallback
 .text.HAL_CAN_ErrorCallback
                0x08001a14        0x2 CMakeFiles/WHEEL_07_F405.elf.dir/Drivers/STM32F4xx_HAL_Driver/Src/stm32f4xx_hal_can.c.obj
                0x08001a14                HAL_CAN_ErrorCallback
 .text.HAL_CAN_IRQHandler
                0x08001a16      0x24a CMakeFiles/WHEEL_07_F405.elf.dir/Drivers/STM32F4xx_HAL_Driver/Src/stm32f4xx_hal_can.c.obj
                0x08001a16                HAL_CAN_IRQHandler
 .text.HAL_NVIC_SetPriorityGrouping
                0x08001c60       0x24 CMakeFiles/WHEEL_07_F405.elf.dir/Drivers/STM32F4xx_HAL_Driver/Src/stm32f4xx_hal_cortex.c.obj
                0x08001c60                HAL_NVIC_SetPriorityGrouping
 .text.HAL_NVIC_SetPriority
                0x08001c84       0x70 CMakeFiles/WHEEL_07_F405.elf.dir/Drivers/STM32F4xx_HAL_Driver/Src/stm32f4xx_hal_cortex.c.obj
                0x08001c84                HAL_NVIC_SetPriority
 .text.HAL_NVIC_EnableIRQ
                0x08001cf4       0x1c CMakeFiles/WHEEL_07_F405.elf.dir/Drivers/STM32F4xx_HAL_Driver/Src/stm32f4xx_hal_cortex.c.obj
                0x08001cf4                HAL_NVIC_EnableIRQ
 .text.DMA_SetConfig
                0x08001d10       0x2c CMakeFiles/WHEEL_07_F405.elf.dir/Drivers/STM32F4xx_HAL_Driver/Src/stm32f4xx_hal_dma.c.obj
 .text.DMA_CalcBaseAndBitshift
                0x08001d3c       0x44 CMakeFiles/WHEEL_07_F405.elf.dir/Drivers/STM32F4xx_HAL_Driver/Src/stm32f4xx_hal_dma.c.obj
 .text.DMA_CheckFifoParam
                0x08001d80       0x8e CMakeFiles/WHEEL_07_F405.elf.dir/Drivers/STM32F4xx_HAL_Driver/Src/stm32f4xx_hal_dma.c.obj
 *fill*         0x08001e0e        0x2 
 .text.HAL_DMA_Init
                0x08001e10       0xcc CMakeFiles/WHEEL_07_F405.elf.dir/Drivers/STM32F4xx_HAL_Driver/Src/stm32f4xx_hal_dma.c.obj
                0x08001e10                HAL_DMA_Init
 .text.HAL_DMA_Start_IT
                0x08001edc       0x6a CMakeFiles/WHEEL_07_F405.elf.dir/Drivers/STM32F4xx_HAL_Driver/Src/stm32f4xx_hal_dma.c.obj
                0x08001edc                HAL_DMA_Start_IT
 *fill*         0x08001f46        0x2 
 .text.HAL_DMA_IRQHandler
                0x08001f48      0x1dc CMakeFiles/WHEEL_07_F405.elf.dir/Drivers/STM32F4xx_HAL_Driver/Src/stm32f4xx_hal_dma.c.obj
                0x08001f48                HAL_DMA_IRQHandler
 .text.HAL_GPIO_Init
                0x08002124      0x1e4 CMakeFiles/WHEEL_07_F405.elf.dir/Drivers/STM32F4xx_HAL_Driver/Src/stm32f4xx_hal_gpio.c.obj
                0x08002124                HAL_GPIO_Init
 .text.HAL_GPIO_ReadPin
                0x08002308        0xe CMakeFiles/WHEEL_07_F405.elf.dir/Drivers/STM32F4xx_HAL_Driver/Src/stm32f4xx_hal_gpio.c.obj
                0x08002308                HAL_GPIO_ReadPin
 .text.HAL_GPIO_WritePin
                0x08002316        0xc CMakeFiles/WHEEL_07_F405.elf.dir/Drivers/STM32F4xx_HAL_Driver/Src/stm32f4xx_hal_gpio.c.obj
                0x08002316                HAL_GPIO_WritePin
 .text.HAL_GPIO_TogglePin
                0x08002322       0x12 CMakeFiles/WHEEL_07_F405.elf.dir/Drivers/STM32F4xx_HAL_Driver/Src/stm32f4xx_hal_gpio.c.obj
                0x08002322                HAL_GPIO_TogglePin
 .text.HAL_GPIO_EXTI_IRQHandler
                0x08002334       0x1c CMakeFiles/WHEEL_07_F405.elf.dir/Drivers/STM32F4xx_HAL_Driver/Src/stm32f4xx_hal_gpio.c.obj
                0x08002334                HAL_GPIO_EXTI_IRQHandler
 .text.HAL_RCC_OscConfig
                0x08002350      0x3f8 CMakeFiles/WHEEL_07_F405.elf.dir/Drivers/STM32F4xx_HAL_Driver/Src/stm32f4xx_hal_rcc.c.obj
                0x08002350                HAL_RCC_OscConfig
 .text.HAL_RCC_GetSysClockFreq
                0x08002748       0xa4 CMakeFiles/WHEEL_07_F405.elf.dir/Drivers/STM32F4xx_HAL_Driver/Src/stm32f4xx_hal_rcc.c.obj
                0x08002748                HAL_RCC_GetSysClockFreq
 .text.HAL_RCC_ClockConfig
                0x080027ec      0x160 CMakeFiles/WHEEL_07_F405.elf.dir/Drivers/STM32F4xx_HAL_Driver/Src/stm32f4xx_hal_rcc.c.obj
                0x080027ec                HAL_RCC_ClockConfig
 .text.HAL_RCC_GetHCLKFreq
                0x0800294c        0xc CMakeFiles/WHEEL_07_F405.elf.dir/Drivers/STM32F4xx_HAL_Driver/Src/stm32f4xx_hal_rcc.c.obj
                0x0800294c                HAL_RCC_GetHCLKFreq
 .text.HAL_RCC_GetPCLK1Freq
                0x08002958       0x20 CMakeFiles/WHEEL_07_F405.elf.dir/Drivers/STM32F4xx_HAL_Driver/Src/stm32f4xx_hal_rcc.c.obj
                0x08002958                HAL_RCC_GetPCLK1Freq
 .text.HAL_RCC_GetClockConfig
                0x08002978       0x3c CMakeFiles/WHEEL_07_F405.elf.dir/Drivers/STM32F4xx_HAL_Driver/Src/stm32f4xx_hal_rcc.c.obj
                0x08002978                HAL_RCC_GetClockConfig
 .text.TIM_TI1_ConfigInputStage
                0x080029b4       0x26 CMakeFiles/WHEEL_07_F405.elf.dir/Drivers/STM32F4xx_HAL_Driver/Src/stm32f4xx_hal_tim.c.obj
 .text.TIM_TI2_ConfigInputStage
                0x080029da       0x28 CMakeFiles/WHEEL_07_F405.elf.dir/Drivers/STM32F4xx_HAL_Driver/Src/stm32f4xx_hal_tim.c.obj
 .text.TIM_ITRx_SetConfig
                0x08002a02       0x10 CMakeFiles/WHEEL_07_F405.elf.dir/Drivers/STM32F4xx_HAL_Driver/Src/stm32f4xx_hal_tim.c.obj
 *fill*         0x08002a12        0x2 
 .text.HAL_TIM_Base_Start
                0x08002a14       0x7c CMakeFiles/WHEEL_07_F405.elf.dir/Drivers/STM32F4xx_HAL_Driver/Src/stm32f4xx_hal_tim.c.obj
                0x08002a14                HAL_TIM_Base_Start
 .text.HAL_TIM_Base_Start_IT
                0x08002a90       0x88 CMakeFiles/WHEEL_07_F405.elf.dir/Drivers/STM32F4xx_HAL_Driver/Src/stm32f4xx_hal_tim.c.obj
                0x08002a90                HAL_TIM_Base_Start_IT
 .text.HAL_TIM_Base_Stop_IT
                0x08002b18       0x32 CMakeFiles/WHEEL_07_F405.elf.dir/Drivers/STM32F4xx_HAL_Driver/Src/stm32f4xx_hal_tim.c.obj
                0x08002b18                HAL_TIM_Base_Stop_IT
 .text.HAL_TIM_OC_DelayElapsedCallback
                0x08002b4a        0x2 CMakeFiles/WHEEL_07_F405.elf.dir/Drivers/STM32F4xx_HAL_Driver/Src/stm32f4xx_hal_tim.c.obj
                0x08002b4a                HAL_TIM_OC_DelayElapsedCallback
 .text.HAL_TIM_IC_CaptureCallback
                0x08002b4c        0x2 CMakeFiles/WHEEL_07_F405.elf.dir/Drivers/STM32F4xx_HAL_Driver/Src/stm32f4xx_hal_tim.c.obj
                0x08002b4c                HAL_TIM_IC_CaptureCallback
 .text.HAL_TIM_PWM_PulseFinishedCallback
                0x08002b4e        0x2 CMakeFiles/WHEEL_07_F405.elf.dir/Drivers/STM32F4xx_HAL_Driver/Src/stm32f4xx_hal_tim.c.obj
                0x08002b4e                HAL_TIM_PWM_PulseFinishedCallback
 .text.HAL_TIM_TriggerCallback
                0x08002b50        0x2 CMakeFiles/WHEEL_07_F405.elf.dir/Drivers/STM32F4xx_HAL_Driver/Src/stm32f4xx_hal_tim.c.obj
                0x08002b50                HAL_TIM_TriggerCallback
 .text.HAL_TIM_IRQHandler
                0x08002b52      0x17a CMakeFiles/WHEEL_07_F405.elf.dir/Drivers/STM32F4xx_HAL_Driver/Src/stm32f4xx_hal_tim.c.obj
                0x08002b52                HAL_TIM_IRQHandler
 .text.TIM_Base_SetConfig
                0x08002ccc       0xc8 CMakeFiles/WHEEL_07_F405.elf.dir/Drivers/STM32F4xx_HAL_Driver/Src/stm32f4xx_hal_tim.c.obj
                0x08002ccc                TIM_Base_SetConfig
 .text.HAL_TIM_Base_Init
                0x08002d94       0x58 CMakeFiles/WHEEL_07_F405.elf.dir/Drivers/STM32F4xx_HAL_Driver/Src/stm32f4xx_hal_tim.c.obj
                0x08002d94                HAL_TIM_Base_Init
 .text.TIM_ETR_SetConfig
                0x08002dec       0x1a CMakeFiles/WHEEL_07_F405.elf.dir/Drivers/STM32F4xx_HAL_Driver/Src/stm32f4xx_hal_tim.c.obj
                0x08002dec                TIM_ETR_SetConfig
 .text.HAL_TIM_ConfigClockSource
                0x08002e06       0xfe CMakeFiles/WHEEL_07_F405.elf.dir/Drivers/STM32F4xx_HAL_Driver/Src/stm32f4xx_hal_tim.c.obj
                0x08002e06                HAL_TIM_ConfigClockSource
 .text.HAL_TIMEx_MasterConfigSynchronization
                0x08002f04       0x8c CMakeFiles/WHEEL_07_F405.elf.dir/Drivers/STM32F4xx_HAL_Driver/Src/stm32f4xx_hal_tim_ex.c.obj
                0x08002f04                HAL_TIMEx_MasterConfigSynchronization
 .text.HAL_TIMEx_CommutCallback
                0x08002f90        0x2 CMakeFiles/WHEEL_07_F405.elf.dir/Drivers/STM32F4xx_HAL_Driver/Src/stm32f4xx_hal_tim_ex.c.obj
                0x08002f90                HAL_TIMEx_CommutCallback
 .text.HAL_TIMEx_BreakCallback
                0x08002f92        0x2 CMakeFiles/WHEEL_07_F405.elf.dir/Drivers/STM32F4xx_HAL_Driver/Src/stm32f4xx_hal_tim_ex.c.obj
                0x08002f92                HAL_TIMEx_BreakCallback
 .text.SysTick_Handler
                0x08002f94       0x18 CMakeFiles/WHEEL_07_F405.elf.dir/Middlewares/Third_Party/FreeRTOS/Source/CMSIS_RTOS_V2/cmsis_os2.c.obj
                0x08002f94                SysTick_Handler
 .text.osKernelInitialize
                0x08002fac       0x24 CMakeFiles/WHEEL_07_F405.elf.dir/Middlewares/Third_Party/FreeRTOS/Source/CMSIS_RTOS_V2/cmsis_os2.c.obj
                0x08002fac                osKernelInitialize
 .text.osKernelStart
                0x08002fd0       0x38 CMakeFiles/WHEEL_07_F405.elf.dir/Middlewares/Third_Party/FreeRTOS/Source/CMSIS_RTOS_V2/cmsis_os2.c.obj
                0x08002fd0                osKernelStart
 .text.osThreadNew
                0x08003008       0xbe CMakeFiles/WHEEL_07_F405.elf.dir/Middlewares/Third_Party/FreeRTOS/Source/CMSIS_RTOS_V2/cmsis_os2.c.obj
                0x08003008                osThreadNew
 .text.osDelay  0x080030c6       0x1c CMakeFiles/WHEEL_07_F405.elf.dir/Middlewares/Third_Party/FreeRTOS/Source/CMSIS_RTOS_V2/cmsis_os2.c.obj
                0x080030c6                osDelay
 *fill*         0x080030e2        0x2 
 .text.vApplicationGetIdleTaskMemory
                0x080030e4       0x18 CMakeFiles/WHEEL_07_F405.elf.dir/Middlewares/Third_Party/FreeRTOS/Source/CMSIS_RTOS_V2/cmsis_os2.c.obj
                0x080030e4                vApplicationGetIdleTaskMemory
 .text.vApplicationGetTimerTaskMemory
                0x080030fc       0x18 CMakeFiles/WHEEL_07_F405.elf.dir/Middlewares/Third_Party/FreeRTOS/Source/CMSIS_RTOS_V2/cmsis_os2.c.obj
                0x080030fc                vApplicationGetTimerTaskMemory
 .text.vListInitialise
                0x08003114       0x16 CMakeFiles/WHEEL_07_F405.elf.dir/Middlewares/Third_Party/FreeRTOS/Source/list.c.obj
                0x08003114                vListInitialise
 .text.vListInitialiseItem
                0x0800312a        0x6 CMakeFiles/WHEEL_07_F405.elf.dir/Middlewares/Third_Party/FreeRTOS/Source/list.c.obj
                0x0800312a                vListInitialiseItem
 .text.vListInsertEnd
                0x08003130       0x16 CMakeFiles/WHEEL_07_F405.elf.dir/Middlewares/Third_Party/FreeRTOS/Source/list.c.obj
                0x08003130                vListInsertEnd
 .text.vListInsert
                0x08003146       0x32 CMakeFiles/WHEEL_07_F405.elf.dir/Middlewares/Third_Party/FreeRTOS/Source/list.c.obj
                0x08003146                vListInsert
 .text.uxListRemove
                0x08003178       0x26 CMakeFiles/WHEEL_07_F405.elf.dir/Middlewares/Third_Party/FreeRTOS/Source/list.c.obj
                0x08003178                uxListRemove
 *fill*         0x0800319e        0x2 
 .text.prvTaskExitError
                0x080031a0       0x40 CMakeFiles/WHEEL_07_F405.elf.dir/Middlewares/Third_Party/FreeRTOS/Source/portable/GCC/ARM_CM4F/port.c.obj
 .text.prvPortStartFirstTask
                0x080031e0       0x28 CMakeFiles/WHEEL_07_F405.elf.dir/Middlewares/Third_Party/FreeRTOS/Source/portable/GCC/ARM_CM4F/port.c.obj
 .text.vPortEnableVFP
                0x08003208       0x14 CMakeFiles/WHEEL_07_F405.elf.dir/Middlewares/Third_Party/FreeRTOS/Source/portable/GCC/ARM_CM4F/port.c.obj
 .text.pxPortInitialiseStack
                0x0800321c       0x2c CMakeFiles/WHEEL_07_F405.elf.dir/Middlewares/Third_Party/FreeRTOS/Source/portable/GCC/ARM_CM4F/port.c.obj
                0x0800321c                pxPortInitialiseStack
 *fill*         0x08003248        0x8 
 .text.SVC_Handler
                0x08003250       0x24 CMakeFiles/WHEEL_07_F405.elf.dir/Middlewares/Third_Party/FreeRTOS/Source/portable/GCC/ARM_CM4F/port.c.obj
                0x08003250                SVC_Handler
 .text.vPortEnterCritical
                0x08003274       0x44 CMakeFiles/WHEEL_07_F405.elf.dir/Middlewares/Third_Party/FreeRTOS/Source/portable/GCC/ARM_CM4F/port.c.obj
                0x08003274                vPortEnterCritical
 .text.vPortExitCritical
                0x080032b8       0x2c CMakeFiles/WHEEL_07_F405.elf.dir/Middlewares/Third_Party/FreeRTOS/Source/portable/GCC/ARM_CM4F/port.c.obj
                0x080032b8                vPortExitCritical
 *fill*         0x080032e4        0xc 
 .text.PendSV_Handler
                0x080032f0       0x64 CMakeFiles/WHEEL_07_F405.elf.dir/Middlewares/Third_Party/FreeRTOS/Source/portable/GCC/ARM_CM4F/port.c.obj
                0x080032f0                PendSV_Handler
 .text.xPortSysTickHandler
                0x08003354       0x2c CMakeFiles/WHEEL_07_F405.elf.dir/Middlewares/Third_Party/FreeRTOS/Source/portable/GCC/ARM_CM4F/port.c.obj
                0x08003354                xPortSysTickHandler
 .text.vPortSetupTimerInterrupt
                0x08003380       0x28 CMakeFiles/WHEEL_07_F405.elf.dir/Middlewares/Third_Party/FreeRTOS/Source/portable/GCC/ARM_CM4F/port.c.obj
                0x08003380                vPortSetupTimerInterrupt
 .text.xPortStartScheduler
                0x080033a8      0x118 CMakeFiles/WHEEL_07_F405.elf.dir/Middlewares/Third_Party/FreeRTOS/Source/portable/GCC/ARM_CM4F/port.c.obj
                0x080033a8                xPortStartScheduler
 .text.vPortValidateInterruptPriority
                0x080034c0       0x5c CMakeFiles/WHEEL_07_F405.elf.dir/Middlewares/Third_Party/FreeRTOS/Source/portable/GCC/ARM_CM4F/port.c.obj
                0x080034c0                vPortValidateInterruptPriority
 .text.prvHeapInit
                0x0800351c       0x64 CMakeFiles/WHEEL_07_F405.elf.dir/Middlewares/Third_Party/FreeRTOS/Source/portable/MemMang/heap_4.c.obj
 .text.prvInsertBlockIntoFreeList
                0x08003580       0x64 CMakeFiles/WHEEL_07_F405.elf.dir/Middlewares/Third_Party/FreeRTOS/Source/portable/MemMang/heap_4.c.obj
 .text.pvPortMalloc
                0x080035e4       0xfc CMakeFiles/WHEEL_07_F405.elf.dir/Middlewares/Third_Party/FreeRTOS/Source/portable/MemMang/heap_4.c.obj
                0x080035e4                pvPortMalloc
 .text.vPortFree
                0x080036e0       0x7c CMakeFiles/WHEEL_07_F405.elf.dir/Middlewares/Third_Party/FreeRTOS/Source/portable/MemMang/heap_4.c.obj
                0x080036e0                vPortFree
 .text.prvGetDisinheritPriorityAfterTimeout
                0x0800375c       0x10 CMakeFiles/WHEEL_07_F405.elf.dir/Middlewares/Third_Party/FreeRTOS/Source/queue.c.obj
 .text.prvIsQueueFull
                0x0800376c       0x1e CMakeFiles/WHEEL_07_F405.elf.dir/Middlewares/Third_Party/FreeRTOS/Source/queue.c.obj
 .text.prvIsQueueEmpty
                0x0800378a       0x1a CMakeFiles/WHEEL_07_F405.elf.dir/Middlewares/Third_Party/FreeRTOS/Source/queue.c.obj
 .text.prvCopyDataToQueue
                0x080037a4       0x76 CMakeFiles/WHEEL_07_F405.elf.dir/Middlewares/Third_Party/FreeRTOS/Source/queue.c.obj
 .text.prvCopyDataFromQueue
                0x0800381a       0x24 CMakeFiles/WHEEL_07_F405.elf.dir/Middlewares/Third_Party/FreeRTOS/Source/queue.c.obj
 .text.prvUnlockQueue
                0x0800383e       0x6e CMakeFiles/WHEEL_07_F405.elf.dir/Middlewares/Third_Party/FreeRTOS/Source/queue.c.obj
 .text.xQueueGenericReset
                0x080038ac       0x84 CMakeFiles/WHEEL_07_F405.elf.dir/Middlewares/Third_Party/FreeRTOS/Source/queue.c.obj
                0x080038ac                xQueueGenericReset
 .text.prvInitialiseNewQueue
                0x08003930       0x22 CMakeFiles/WHEEL_07_F405.elf.dir/Middlewares/Third_Party/FreeRTOS/Source/queue.c.obj
 .text.xQueueGenericCreateStatic
                0x08003952       0x94 CMakeFiles/WHEEL_07_F405.elf.dir/Middlewares/Third_Party/FreeRTOS/Source/queue.c.obj
                0x08003952                xQueueGenericCreateStatic
 .text.xQueueGenericCreate
                0x080039e6       0x48 CMakeFiles/WHEEL_07_F405.elf.dir/Middlewares/Third_Party/FreeRTOS/Source/queue.c.obj
                0x080039e6                xQueueGenericCreate
 .text.xQueueGenericSend
                0x08003a2e      0x188 CMakeFiles/WHEEL_07_F405.elf.dir/Middlewares/Third_Party/FreeRTOS/Source/queue.c.obj
                0x08003a2e                xQueueGenericSend
 .text.xQueueGenericSendFromISR
                0x08003bb6       0xce CMakeFiles/WHEEL_07_F405.elf.dir/Middlewares/Third_Party/FreeRTOS/Source/queue.c.obj
                0x08003bb6                xQueueGenericSendFromISR
 .text.xQueueGiveFromISR
                0x08003c84       0xb2 CMakeFiles/WHEEL_07_F405.elf.dir/Middlewares/Third_Party/FreeRTOS/Source/queue.c.obj
                0x08003c84                xQueueGiveFromISR
 .text.xQueueReceive
                0x08003d36      0x15e CMakeFiles/WHEEL_07_F405.elf.dir/Middlewares/Third_Party/FreeRTOS/Source/queue.c.obj
                0x08003d36                xQueueReceive
 .text.xQueueSemaphoreTake
                0x08003e94      0x1a6 CMakeFiles/WHEEL_07_F405.elf.dir/Middlewares/Third_Party/FreeRTOS/Source/queue.c.obj
                0x08003e94                xQueueSemaphoreTake
 *fill*         0x0800403a        0x2 
 .text.vQueueAddToRegistry
                0x0800403c       0x28 CMakeFiles/WHEEL_07_F405.elf.dir/Middlewares/Third_Party/FreeRTOS/Source/queue.c.obj
                0x0800403c                vQueueAddToRegistry
 .text.vQueueWaitForMessageRestricted
                0x08004064       0x52 CMakeFiles/WHEEL_07_F405.elf.dir/Middlewares/Third_Party/FreeRTOS/Source/queue.c.obj
                0x08004064                vQueueWaitForMessageRestricted
 *fill*         0x080040b6        0x2 
 .text.prvTaskIsTaskSuspended
                0x080040b8       0x40 CMakeFiles/WHEEL_07_F405.elf.dir/Middlewares/Third_Party/FreeRTOS/Source/tasks.c.obj
 .text.prvResetNextTaskUnblockTime
                0x080040f8       0x2c CMakeFiles/WHEEL_07_F405.elf.dir/Middlewares/Third_Party/FreeRTOS/Source/tasks.c.obj
 .text.prvInitialiseNewTask
                0x08004124      0x106 CMakeFiles/WHEEL_07_F405.elf.dir/Middlewares/Third_Party/FreeRTOS/Source/tasks.c.obj
 *fill*         0x0800422a        0x2 
 .text.prvInitialiseTaskLists
                0x0800422c       0x68 CMakeFiles/WHEEL_07_F405.elf.dir/Middlewares/Third_Party/FreeRTOS/Source/tasks.c.obj
 .text.prvAddNewTaskToReadyList
                0x08004294       0xac CMakeFiles/WHEEL_07_F405.elf.dir/Middlewares/Third_Party/FreeRTOS/Source/tasks.c.obj
 .text.prvDeleteTCB
                0x08004340       0x40 CMakeFiles/WHEEL_07_F405.elf.dir/Middlewares/Third_Party/FreeRTOS/Source/tasks.c.obj
 .text.prvCheckTasksWaitingTermination
                0x08004380       0x4c CMakeFiles/WHEEL_07_F405.elf.dir/Middlewares/Third_Party/FreeRTOS/Source/tasks.c.obj
 .text.prvIdleTask
                0x080043cc       0x28 CMakeFiles/WHEEL_07_F405.elf.dir/Middlewares/Third_Party/FreeRTOS/Source/tasks.c.obj
 .text.prvAddCurrentTaskToDelayedList
                0x080043f4       0x7c CMakeFiles/WHEEL_07_F405.elf.dir/Middlewares/Third_Party/FreeRTOS/Source/tasks.c.obj
 .text.xTaskCreateStatic
                0x08004470       0x7a CMakeFiles/WHEEL_07_F405.elf.dir/Middlewares/Third_Party/FreeRTOS/Source/tasks.c.obj
                0x08004470                xTaskCreateStatic
 .text.xTaskCreate
                0x080044ea       0x6a CMakeFiles/WHEEL_07_F405.elf.dir/Middlewares/Third_Party/FreeRTOS/Source/tasks.c.obj
                0x080044ea                xTaskCreate
 .text.xTaskResumeFromISR
                0x08004554       0xa4 CMakeFiles/WHEEL_07_F405.elf.dir/Middlewares/Third_Party/FreeRTOS/Source/tasks.c.obj
                0x08004554                xTaskResumeFromISR
 .text.vTaskStartScheduler
                0x080045f8       0xac CMakeFiles/WHEEL_07_F405.elf.dir/Middlewares/Third_Party/FreeRTOS/Source/tasks.c.obj
                0x080045f8                vTaskStartScheduler
 .text.vTaskSuspendAll
                0x080046a4       0x10 CMakeFiles/WHEEL_07_F405.elf.dir/Middlewares/Third_Party/FreeRTOS/Source/tasks.c.obj
                0x080046a4                vTaskSuspendAll
 .text.xTaskGetTickCount
                0x080046b4        0xc CMakeFiles/WHEEL_07_F405.elf.dir/Middlewares/Third_Party/FreeRTOS/Source/tasks.c.obj
                0x080046b4                xTaskGetTickCount
 .text.xTaskIncrementTick
                0x080046c0      0x118 CMakeFiles/WHEEL_07_F405.elf.dir/Middlewares/Third_Party/FreeRTOS/Source/tasks.c.obj
                0x080046c0                xTaskIncrementTick
 .text.xTaskResumeAll
                0x080047d8       0xf8 CMakeFiles/WHEEL_07_F405.elf.dir/Middlewares/Third_Party/FreeRTOS/Source/tasks.c.obj
                0x080047d8                xTaskResumeAll
 .text.vTaskDelay
                0x080048d0       0x4c CMakeFiles/WHEEL_07_F405.elf.dir/Middlewares/Third_Party/FreeRTOS/Source/tasks.c.obj
                0x080048d0                vTaskDelay
 .text.vTaskSwitchContext
                0x0800491c       0xa0 CMakeFiles/WHEEL_07_F405.elf.dir/Middlewares/Third_Party/FreeRTOS/Source/tasks.c.obj
                0x0800491c                vTaskSwitchContext
 .text.vTaskSuspend
                0x080049bc       0xc4 CMakeFiles/WHEEL_07_F405.elf.dir/Middlewares/Third_Party/FreeRTOS/Source/tasks.c.obj
                0x080049bc                vTaskSuspend
 .text.vTaskPlaceOnEventList
                0x08004a80       0x30 CMakeFiles/WHEEL_07_F405.elf.dir/Middlewares/Third_Party/FreeRTOS/Source/tasks.c.obj
                0x08004a80                vTaskPlaceOnEventList
 .text.vTaskPlaceOnEventListRestricted
                0x08004ab0       0x38 CMakeFiles/WHEEL_07_F405.elf.dir/Middlewares/Third_Party/FreeRTOS/Source/tasks.c.obj
                0x08004ab0                vTaskPlaceOnEventListRestricted
 .text.xTaskRemoveFromEventList
                0x08004ae8       0x8c CMakeFiles/WHEEL_07_F405.elf.dir/Middlewares/Third_Party/FreeRTOS/Source/tasks.c.obj
                0x08004ae8                xTaskRemoveFromEventList
 .text.vTaskInternalSetTimeOutState
                0x08004b74       0x18 CMakeFiles/WHEEL_07_F405.elf.dir/Middlewares/Third_Party/FreeRTOS/Source/tasks.c.obj
                0x08004b74                vTaskInternalSetTimeOutState
 .text.xTaskCheckForTimeOut
                0x08004b8c       0x84 CMakeFiles/WHEEL_07_F405.elf.dir/Middlewares/Third_Party/FreeRTOS/Source/tasks.c.obj
                0x08004b8c                xTaskCheckForTimeOut
 .text.vTaskMissedYield
                0x08004c10        0xc CMakeFiles/WHEEL_07_F405.elf.dir/Middlewares/Third_Party/FreeRTOS/Source/tasks.c.obj
                0x08004c10                vTaskMissedYield
 .text.xTaskGetCurrentTaskHandle
                0x08004c1c        0xc CMakeFiles/WHEEL_07_F405.elf.dir/Middlewares/Third_Party/FreeRTOS/Source/tasks.c.obj
                0x08004c1c                xTaskGetCurrentTaskHandle
 .text.xTaskGetSchedulerState
                0x08004c28       0x20 CMakeFiles/WHEEL_07_F405.elf.dir/Middlewares/Third_Party/FreeRTOS/Source/tasks.c.obj
                0x08004c28                xTaskGetSchedulerState
 .text.xTaskPriorityInherit
                0x08004c48       0x98 CMakeFiles/WHEEL_07_F405.elf.dir/Middlewares/Third_Party/FreeRTOS/Source/tasks.c.obj
                0x08004c48                xTaskPriorityInherit
 .text.xTaskPriorityDisinherit
                0x08004ce0       0x90 CMakeFiles/WHEEL_07_F405.elf.dir/Middlewares/Third_Party/FreeRTOS/Source/tasks.c.obj
                0x08004ce0                xTaskPriorityDisinherit
 .text.vTaskPriorityDisinheritAfterTimeout
                0x08004d70       0xa0 CMakeFiles/WHEEL_07_F405.elf.dir/Middlewares/Third_Party/FreeRTOS/Source/tasks.c.obj
                0x08004d70                vTaskPriorityDisinheritAfterTimeout
 .text.pvTaskIncrementMutexHeldCount
                0x08004e10       0x1c CMakeFiles/WHEEL_07_F405.elf.dir/Middlewares/Third_Party/FreeRTOS/Source/tasks.c.obj
                0x08004e10                pvTaskIncrementMutexHeldCount
 .text.prvGetNextExpireTime
                0x08004e2c       0x20 CMakeFiles/WHEEL_07_F405.elf.dir/Middlewares/Third_Party/FreeRTOS/Source/timers.c.obj
 .text.prvInsertTimerInActiveList
                0x08004e4c       0x48 CMakeFiles/WHEEL_07_F405.elf.dir/Middlewares/Third_Party/FreeRTOS/Source/timers.c.obj
 .text.prvCheckForValidListAndQueue
                0x08004e94       0x70 CMakeFiles/WHEEL_07_F405.elf.dir/Middlewares/Third_Party/FreeRTOS/Source/timers.c.obj
 .text.xTimerCreateTimerTask
                0x08004f04       0x64 CMakeFiles/WHEEL_07_F405.elf.dir/Middlewares/Third_Party/FreeRTOS/Source/timers.c.obj
                0x08004f04                xTimerCreateTimerTask
 .text.xTimerGenericCommand
                0x08004f68       0x6c CMakeFiles/WHEEL_07_F405.elf.dir/Middlewares/Third_Party/FreeRTOS/Source/timers.c.obj
                0x08004f68                xTimerGenericCommand
 .text.prvSwitchTimerLists
                0x08004fd4       0x7c CMakeFiles/WHEEL_07_F405.elf.dir/Middlewares/Third_Party/FreeRTOS/Source/timers.c.obj
 .text.prvSampleTimeNow
                0x08005050       0x2c CMakeFiles/WHEEL_07_F405.elf.dir/Middlewares/Third_Party/FreeRTOS/Source/timers.c.obj
 .text.prvProcessExpiredTimer
                0x0800507c       0x6c CMakeFiles/WHEEL_07_F405.elf.dir/Middlewares/Third_Party/FreeRTOS/Source/timers.c.obj
 .text.prvProcessTimerOrBlockTask
                0x080050e8       0x74 CMakeFiles/WHEEL_07_F405.elf.dir/Middlewares/Third_Party/FreeRTOS/Source/timers.c.obj
 .text.prvProcessReceivedCommands
                0x0800515c      0x10c CMakeFiles/WHEEL_07_F405.elf.dir/Middlewares/Third_Party/FreeRTOS/Source/timers.c.obj
 .text.prvTimerTask
                0x08005268       0x16 CMakeFiles/WHEEL_07_F405.elf.dir/Middlewares/Third_Party/FreeRTOS/Source/timers.c.obj
 *fill*         0x0800527e        0x2 
 .text.__errno  0x08005280        0xc c:/progra~2/gnuarm~1/102021~1.10/bin/../lib/gcc/arm-none-eabi/10.3.1/../../../../arm-none-eabi/lib/thumb/v7e-m+fp/hard\libg.a(lib_a-errno.o)
                0x08005280                __errno
 .text.__libc_init_array
                0x0800528c       0x48 c:/progra~2/gnuarm~1/102021~1.10/bin/../lib/gcc/arm-none-eabi/10.3.1/../../../../arm-none-eabi/lib/thumb/v7e-m+fp/hard\libg.a(lib_a-init.o)
                0x0800528c                __libc_init_array
 .text.memset   0x080052d4       0xa4 c:/progra~2/gnuarm~1/102021~1.10/bin/../lib/gcc/arm-none-eabi/10.3.1/../../../../arm-none-eabi/lib/thumb/v7e-m+fp/hard\libg.a(lib_a-memset.o)
                0x080052d4                memset
 .text.cleanup_glue
                0x08005378       0x48 c:/progra~2/gnuarm~1/102021~1.10/bin/../lib/gcc/arm-none-eabi/10.3.1/../../../../arm-none-eabi/lib/thumb/v7e-m+fp/hard\libg.a(lib_a-reent.o)
                0x08005378                cleanup_glue
 .text._reclaim_reent
                0x080053c0       0x90 c:/progra~2/gnuarm~1/102021~1.10/bin/../lib/gcc/arm-none-eabi/10.3.1/../../../../arm-none-eabi/lib/thumb/v7e-m+fp/hard\libg.a(lib_a-reent.o)
                0x080053c0                _reclaim_reent
 .text.startup.register_fini
                0x08005450       0x14 c:/progra~2/gnuarm~1/102021~1.10/bin/../lib/gcc/arm-none-eabi/10.3.1/../../../../arm-none-eabi/lib/thumb/v7e-m+fp/hard\libg.a(lib_a-__call_atexit.o)
 .text.atexit   0x08005464        0xc c:/progra~2/gnuarm~1/102021~1.10/bin/../lib/gcc/arm-none-eabi/10.3.1/../../../../arm-none-eabi/lib/thumb/v7e-m+fp/hard\libg.a(lib_a-atexit.o)
                0x08005464                atexit
 .text.__libc_fini_array
                0x08005470       0x2c c:/progra~2/gnuarm~1/102021~1.10/bin/../lib/gcc/arm-none-eabi/10.3.1/../../../../arm-none-eabi/lib/thumb/v7e-m+fp/hard\libg.a(lib_a-fini.o)
                0x08005470                __libc_fini_array
 .text._malloc_trim_r
                0x0800549c       0xa0 c:/progra~2/gnuarm~1/102021~1.10/bin/../lib/gcc/arm-none-eabi/10.3.1/../../../../arm-none-eabi/lib/thumb/v7e-m+fp/hard\libg.a(lib_a-freer.o)
                0x0800549c                _malloc_trim_r
 .text._free_r  0x0800553c      0x20c c:/progra~2/gnuarm~1/102021~1.10/bin/../lib/gcc/arm-none-eabi/10.3.1/../../../../arm-none-eabi/lib/thumb/v7e-m+fp/hard\libg.a(lib_a-freer.o)
                0x0800553c                _free_r
 .text.__retarget_lock_acquire_recursive
                0x08005748        0x4 c:/progra~2/gnuarm~1/102021~1.10/bin/../lib/gcc/arm-none-eabi/10.3.1/../../../../arm-none-eabi/lib/thumb/v7e-m+fp/hard\libg.a(lib_a-lock.o)
                0x08005748                __retarget_lock_acquire_recursive
 .text.__retarget_lock_release_recursive
                0x0800574c        0x4 c:/progra~2/gnuarm~1/102021~1.10/bin/../lib/gcc/arm-none-eabi/10.3.1/../../../../arm-none-eabi/lib/thumb/v7e-m+fp/hard\libg.a(lib_a-lock.o)
                0x0800574c                __retarget_lock_release_recursive
 .text.__malloc_lock
                0x08005750        0xc c:/progra~2/gnuarm~1/102021~1.10/bin/../lib/gcc/arm-none-eabi/10.3.1/../../../../arm-none-eabi/lib/thumb/v7e-m+fp/hard\libg.a(lib_a-mlock.o)
                0x08005750                __malloc_lock
 .text.__malloc_unlock
                0x0800575c        0xc c:/progra~2/gnuarm~1/102021~1.10/bin/../lib/gcc/arm-none-eabi/10.3.1/../../../../arm-none-eabi/lib/thumb/v7e-m+fp/hard\libg.a(lib_a-mlock.o)
                0x0800575c                __malloc_unlock
 .text._sbrk_r  0x08005768       0x24 c:/progra~2/gnuarm~1/102021~1.10/bin/../lib/gcc/arm-none-eabi/10.3.1/../../../../arm-none-eabi/lib/thumb/v7e-m+fp/hard\libg.a(lib_a-sbrkr.o)
                0x08005768                _sbrk_r
 .text.__register_exitproc
                0x0800578c       0x8c c:/progra~2/gnuarm~1/102021~1.10/bin/../lib/gcc/arm-none-eabi/10.3.1/../../../../arm-none-eabi/lib/thumb/v7e-m+fp/hard\libg.a(lib_a-__atexit.o)
                0x0800578c                __register_exitproc
 *(.glue_7)
 .glue_7        0x08005818        0x0 linker stubs
 *(.glue_7t)
 .glue_7t       0x08005818        0x0 linker stubs
 *(.eh_frame)
 .eh_frame      0x08005818        0x0 c:/progra~2/gnuarm~1/102021~1.10/bin/../lib/gcc/arm-none-eabi/10.3.1/thumb/v7e-m+fp/hard/crtbegin.o
 *(.init)
 .init          0x08005818        0x4 c:/progra~2/gnuarm~1/102021~1.10/bin/../lib/gcc/arm-none-eabi/10.3.1/thumb/v7e-m+fp/hard/crti.o
                0x08005818                _init
 .init          0x0800581c        0x8 c:/progra~2/gnuarm~1/102021~1.10/bin/../lib/gcc/arm-none-eabi/10.3.1/thumb/v7e-m+fp/hard/crtn.o
 *(.fini)
 .fini          0x08005824        0x4 c:/progra~2/gnuarm~1/102021~1.10/bin/../lib/gcc/arm-none-eabi/10.3.1/thumb/v7e-m+fp/hard/crti.o
                0x08005824                _fini
 .fini          0x08005828        0x8 c:/progra~2/gnuarm~1/102021~1.10/bin/../lib/gcc/arm-none-eabi/10.3.1/thumb/v7e-m+fp/hard/crtn.o
                0x08005830                . = ALIGN (0x4)
                0x08005830                _etext = .

.vfp11_veneer   0x08005830        0x0
 .vfp11_veneer  0x08005830        0x0 linker stubs

.v4_bx          0x08005830        0x0
 .v4_bx         0x08005830        0x0 linker stubs

.iplt           0x08005830        0x0
 .iplt          0x08005830        0x0 c:/progra~2/gnuarm~1/102021~1.10/bin/../lib/gcc/arm-none-eabi/10.3.1/thumb/v7e-m+fp/hard/crtbegin.o

.rodata         0x08005830      0x164
                0x08005830                . = ALIGN (0x4)
 *(.rodata)
 *(.rodata*)
 .rodata.str1.4
                0x08005830       0x3c CMakeFiles/WHEEL_07_F405.elf.dir/Core/Src/freertos.c.obj
 .rodata.adcTask_attributes
                0x0800586c       0x24 CMakeFiles/WHEEL_07_F405.elf.dir/Core/Src/freertos.c.obj
                0x0800586c                adcTask_attributes
 .rodata.defaultTask_attributes
                0x08005890       0x24 CMakeFiles/WHEEL_07_F405.elf.dir/Core/Src/freertos.c.obj
                0x08005890                defaultTask_attributes
 .rodata.muxswTask_attributes
                0x080058b4       0x24 CMakeFiles/WHEEL_07_F405.elf.dir/Core/Src/freertos.c.obj
                0x080058b4                muxswTask_attributes
 .rodata.paddleIRQTask_attributes
                0x080058d8       0x24 CMakeFiles/WHEEL_07_F405.elf.dir/Core/Src/freertos.c.obj
                0x080058d8                paddleIRQTask_attributes
 .rodata.statusTask_attributes
                0x080058fc       0x24 CMakeFiles/WHEEL_07_F405.elf.dir/Core/Src/freertos.c.obj
                0x080058fc                statusTask_attributes
 .rodata.muxswConfigRegister1
                0x08005920       0x38 CMakeFiles/WHEEL_07_F405.elf.dir/Core/Src/rotary.c.obj
                0x08005920                muxswConfigRegister1
 .rodata.AHBPrescTable
                0x08005958       0x10 CMakeFiles/WHEEL_07_F405.elf.dir/Core/Src/system_stm32f4xx.c.obj
                0x08005958                AHBPrescTable
 .rodata.APBPrescTable
                0x08005968        0x8 CMakeFiles/WHEEL_07_F405.elf.dir/Core/Src/system_stm32f4xx.c.obj
                0x08005968                APBPrescTable
 .rodata.flagBitshiftOffset.0
                0x08005970        0x8 CMakeFiles/WHEEL_07_F405.elf.dir/Drivers/STM32F4xx_HAL_Driver/Src/stm32f4xx_hal_dma.c.obj
 .rodata.vTaskStartScheduler.str1.4
                0x08005978        0x5 CMakeFiles/WHEEL_07_F405.elf.dir/Middlewares/Third_Party/FreeRTOS/Source/tasks.c.obj
 *fill*         0x0800597d        0x3 
 .rodata.prvCheckForValidListAndQueue.str1.4
                0x08005980        0x5 CMakeFiles/WHEEL_07_F405.elf.dir/Middlewares/Third_Party/FreeRTOS/Source/timers.c.obj
 *fill*         0x08005985        0x3 
 .rodata.xTimerCreateTimerTask.str1.4
                0x08005988        0x8 CMakeFiles/WHEEL_07_F405.elf.dir/Middlewares/Third_Party/FreeRTOS/Source/timers.c.obj
 .rodata._global_impure_ptr
                0x08005990        0x4 c:/progra~2/gnuarm~1/102021~1.10/bin/../lib/gcc/arm-none-eabi/10.3.1/../../../../arm-none-eabi/lib/thumb/v7e-m+fp/hard\libg.a(lib_a-impure.o)
                0x08005990                _global_impure_ptr
                0x08005994                . = ALIGN (0x4)

.ARM.extab      0x08005994        0x0
                0x08005994                . = ALIGN (0x4)
 *(.ARM.extab* .gnu.linkonce.armextab.*)
                0x08005994                . = ALIGN (0x4)

.ARM            0x08005994        0x8
                0x08005994                . = ALIGN (0x4)
                0x08005994                __exidx_start = .
 *(.ARM.exidx*)
 .ARM.exidx     0x08005994        0x8 c:/progra~2/gnuarm~1/102021~1.10/bin/../lib/gcc/arm-none-eabi/10.3.1/thumb/v7e-m+fp/hard\libgcc.a(_udivmoddi4.o)
                0x0800599c                __exidx_end = .
                0x0800599c                . = ALIGN (0x4)

.rel.dyn        0x0800599c        0x0
 .rel.iplt      0x0800599c        0x0 c:/progra~2/gnuarm~1/102021~1.10/bin/../lib/gcc/arm-none-eabi/10.3.1/thumb/v7e-m+fp/hard/crtbegin.o

.preinit_array  0x0800599c        0x0
                0x0800599c                . = ALIGN (0x4)
                0x0800599c                PROVIDE (__preinit_array_start = .)
 *(.preinit_array*)
                0x0800599c                PROVIDE (__preinit_array_end = .)
                0x0800599c                . = ALIGN (0x4)

.init_array     0x0800599c        0x8
                0x0800599c                . = ALIGN (0x4)
                0x0800599c                PROVIDE (__init_array_start = .)
 *(SORT_BY_NAME(.init_array.*))
 .init_array.00000
                0x0800599c        0x4 c:/progra~2/gnuarm~1/102021~1.10/bin/../lib/gcc/arm-none-eabi/10.3.1/../../../../arm-none-eabi/lib/thumb/v7e-m+fp/hard\libg.a(lib_a-__call_atexit.o)
 *(.init_array*)
 .init_array    0x080059a0        0x4 c:/progra~2/gnuarm~1/102021~1.10/bin/../lib/gcc/arm-none-eabi/10.3.1/thumb/v7e-m+fp/hard/crtbegin.o
                0x080059a4                PROVIDE (__init_array_end = .)
                0x080059a4                . = ALIGN (0x4)

.fini_array     0x080059a4        0x4
                0x080059a4                . = ALIGN (0x4)
                0x080059a4                PROVIDE (__fini_array_start = .)
 *(SORT_BY_NAME(.fini_array.*))
 *(.fini_array*)
 .fini_array    0x080059a4        0x4 c:/progra~2/gnuarm~1/102021~1.10/bin/../lib/gcc/arm-none-eabi/10.3.1/thumb/v7e-m+fp/hard/crtbegin.o
                0x080059a8                PROVIDE (__fini_array_end = .)
                0x080059a8                . = ALIGN (0x4)
                0x080059a8                _sidata = LOADADDR (.data)

.data           0x20000000      0x8a4 load address 0x080059a8
                0x20000000                . = ALIGN (0x4)
                0x20000000                _sdata = .
 *(.data)
 *(.data*)
 .data.paddles  0x20000000       0x20 CMakeFiles/WHEEL_07_F405.elf.dir/Core/Src/paddleIRQ.c.obj
                0x20000000                paddles
 .data.muxswRegister
                0x20000020       0x30 CMakeFiles/WHEEL_07_F405.elf.dir/Core/Src/rotary.c.obj
                0x20000020                muxswRegister
 .data.SystemCoreClock
                0x20000050        0x4 CMakeFiles/WHEEL_07_F405.elf.dir/Core/Src/system_stm32f4xx.c.obj
                0x20000050                SystemCoreClock
 .data.uwTickFreq
                0x20000054        0x1 CMakeFiles/WHEEL_07_F405.elf.dir/Drivers/STM32F4xx_HAL_Driver/Src/stm32f4xx_hal.c.obj
                0x20000054                uwTickFreq
 *fill*         0x20000055        0x3 
 .data.uwTickPrio
                0x20000058        0x4 CMakeFiles/WHEEL_07_F405.elf.dir/Drivers/STM32F4xx_HAL_Driver/Src/stm32f4xx_hal.c.obj
                0x20000058                uwTickPrio
 .data.uxCriticalNesting
                0x2000005c        0x4 CMakeFiles/WHEEL_07_F405.elf.dir/Middlewares/Third_Party/FreeRTOS/Source/portable/GCC/ARM_CM4F/port.c.obj
 .data._impure_ptr
                0x20000060        0x4 c:/progra~2/gnuarm~1/102021~1.10/bin/../lib/gcc/arm-none-eabi/10.3.1/../../../../arm-none-eabi/lib/thumb/v7e-m+fp/hard\libg.a(lib_a-impure.o)
                0x20000060                _impure_ptr
 *fill*         0x20000064        0x4 
 .data.impure_data
                0x20000068      0x428 c:/progra~2/gnuarm~1/102021~1.10/bin/../lib/gcc/arm-none-eabi/10.3.1/../../../../arm-none-eabi/lib/thumb/v7e-m+fp/hard\libg.a(lib_a-impure.o)
 .data.__atexit_recursive_mutex
                0x20000490        0x4 c:/progra~2/gnuarm~1/102021~1.10/bin/../lib/gcc/arm-none-eabi/10.3.1/../../../../arm-none-eabi/lib/thumb/v7e-m+fp/hard\libg.a(lib_a-__call_atexit.o)
                0x20000490                __atexit_recursive_mutex
 .data.__malloc_av_
                0x20000494      0x408 c:/progra~2/gnuarm~1/102021~1.10/bin/../lib/gcc/arm-none-eabi/10.3.1/../../../../arm-none-eabi/lib/thumb/v7e-m+fp/hard\libg.a(lib_a-mallocr.o)
                0x20000494                __malloc_av_
 .data.__malloc_sbrk_base
                0x2000089c        0x4 c:/progra~2/gnuarm~1/102021~1.10/bin/../lib/gcc/arm-none-eabi/10.3.1/../../../../arm-none-eabi/lib/thumb/v7e-m+fp/hard\libg.a(lib_a-mallocr.o)
                0x2000089c                __malloc_sbrk_base
 .data.__malloc_trim_threshold
                0x200008a0        0x4 c:/progra~2/gnuarm~1/102021~1.10/bin/../lib/gcc/arm-none-eabi/10.3.1/../../../../arm-none-eabi/lib/thumb/v7e-m+fp/hard\libg.a(lib_a-mallocr.o)
                0x200008a0                __malloc_trim_threshold
 *(.RamFunc)
 *(.RamFunc*)
                0x200008a4                . = ALIGN (0x4)
                0x200008a4                _edata = .
                0x0800624c                _siccmram = LOADADDR (.ccmram)

.igot.plt       0x200008a4        0x0 load address 0x0800624c
 .igot.plt      0x200008a4        0x0 c:/progra~2/gnuarm~1/102021~1.10/bin/../lib/gcc/arm-none-eabi/10.3.1/thumb/v7e-m+fp/hard/crtbegin.o

.ccmram         0x10000000        0x0 load address 0x0800624c
                0x10000000                . = ALIGN (0x4)
                0x10000000                _sccmram = .
 *(.ccmram)
 *(.ccmram*)
                0x10000000                . = ALIGN (0x4)
                0x10000000                _eccmram = .
                0x10000000                . = ALIGN (0x4)

.bss            0x200008a8     0x5474
                0x200008a8                _sbss = .
                0x200008a8                __bss_start__ = _sbss
 *(.bss)
 .bss           0x200008a8       0x1c c:/progra~2/gnuarm~1/102021~1.10/bin/../lib/gcc/arm-none-eabi/10.3.1/thumb/v7e-m+fp/hard/crtbegin.o
 *(.bss*)
 .bss.adcConvReadySemaphore
                0x200008c4        0x4 CMakeFiles/WHEEL_07_F405.elf.dir/Core/Src/adc.c.obj
                0x200008c4                adcConvReadySemaphore
 .bss.adcRawData
                0x200008c8       0x10 CMakeFiles/WHEEL_07_F405.elf.dir/Core/Src/adc.c.obj
                0x200008c8                adcRawData
 .bss.adcTaskHandleLocal
                0x200008d8        0x4 CMakeFiles/WHEEL_07_F405.elf.dir/Core/Src/adc.c.obj
                0x200008d8                adcTaskHandleLocal
 .bss.hadc1     0x200008dc       0x48 CMakeFiles/WHEEL_07_F405.elf.dir/Core/Src/adc.c.obj
                0x200008dc                hadc1
 .bss.hdma_adc1
                0x20000924       0x60 CMakeFiles/WHEEL_07_F405.elf.dir/Core/Src/adc.c.obj
                0x20000924                hdma_adc1
 .bss.xHigherPriorityTaskWoken.0
                0x20000984        0x4 CMakeFiles/WHEEL_07_F405.elf.dir/Core/Src/adc.c.obj
 .bss.hcan1     0x20000988       0x28 CMakeFiles/WHEEL_07_F405.elf.dir/Core/Src/can.c.obj
                0x20000988                hcan1
 .bss.adcTaskHandle
                0x200009b0        0x4 CMakeFiles/WHEEL_07_F405.elf.dir/Core/Src/freertos.c.obj
                0x200009b0                adcTaskHandle
 .bss.defaultTaskHandle
                0x200009b4        0x4 CMakeFiles/WHEEL_07_F405.elf.dir/Core/Src/freertos.c.obj
                0x200009b4                defaultTaskHandle
 .bss.muxswTaskHandle
                0x200009b8        0x4 CMakeFiles/WHEEL_07_F405.elf.dir/Core/Src/freertos.c.obj
                0x200009b8                muxswTaskHandle
 .bss.paddleIRQTaskHandle
                0x200009bc        0x4 CMakeFiles/WHEEL_07_F405.elf.dir/Core/Src/freertos.c.obj
                0x200009bc                paddleIRQTaskHandle
 .bss.statusTaskHandle
                0x200009c0        0x4 CMakeFiles/WHEEL_07_F405.elf.dir/Core/Src/freertos.c.obj
                0x200009c0                statusTaskHandle
 .bss.RxData    0x200009c4        0x8 CMakeFiles/WHEEL_07_F405.elf.dir/Core/Src/main.c.obj
                0x200009c4                RxData
 .bss.RxHeader  0x200009cc       0x1c CMakeFiles/WHEEL_07_F405.elf.dir/Core/Src/main.c.obj
                0x200009cc                RxHeader
 .bss.TxData    0x200009e8        0x8 CMakeFiles/WHEEL_07_F405.elf.dir/Core/Src/main.c.obj
                0x200009e8                TxData
 .bss.TxHeader  0x200009f0       0x18 CMakeFiles/WHEEL_07_F405.elf.dir/Core/Src/main.c.obj
                0x200009f0                TxHeader
 .bss.count     0x20000a08        0x1 CMakeFiles/WHEEL_07_F405.elf.dir/Core/Src/main.c.obj
                0x20000a08                count
 *fill*         0x20000a09        0x3 
 .bss.paddleTaskHandlerLocal
                0x20000a0c        0x4 CMakeFiles/WHEEL_07_F405.elf.dir/Core/Src/paddleIRQ.c.obj
                0x20000a0c                paddleTaskHandlerLocal
 .bss.htim6     0x20000a10       0x48 CMakeFiles/WHEEL_07_F405.elf.dir/Core/Src/stm32f4xx_hal_timebase_tim.c.obj
                0x20000a10                htim6
 .bss.__sbrk_heap_end
                0x20000a58        0x4 CMakeFiles/WHEEL_07_F405.elf.dir/Core/Src/sysmem.c.obj
 .bss.htim13    0x20000a5c       0x48 CMakeFiles/WHEEL_07_F405.elf.dir/Core/Src/tim.c.obj
                0x20000a5c                htim13
 .bss.htim14    0x20000aa4       0x48 CMakeFiles/WHEEL_07_F405.elf.dir/Core/Src/tim.c.obj
                0x20000aa4                htim14
 .bss.htim3     0x20000aec       0x48 CMakeFiles/WHEEL_07_F405.elf.dir/Core/Src/tim.c.obj
                0x20000aec                htim3
 .bss.uwTick    0x20000b34        0x4 CMakeFiles/WHEEL_07_F405.elf.dir/Drivers/STM32F4xx_HAL_Driver/Src/stm32f4xx_hal.c.obj
                0x20000b34                uwTick
 .bss.Idle_Stack.2
                0x20000b38      0x200 CMakeFiles/WHEEL_07_F405.elf.dir/Middlewares/Third_Party/FreeRTOS/Source/CMSIS_RTOS_V2/cmsis_os2.c.obj
 .bss.Idle_TCB.3
                0x20000d38      0x488 CMakeFiles/WHEEL_07_F405.elf.dir/Middlewares/Third_Party/FreeRTOS/Source/CMSIS_RTOS_V2/cmsis_os2.c.obj
 .bss.KernelState
                0x200011c0        0x4 CMakeFiles/WHEEL_07_F405.elf.dir/Middlewares/Third_Party/FreeRTOS/Source/CMSIS_RTOS_V2/cmsis_os2.c.obj
 .bss.Timer_Stack.0
                0x200011c4      0x400 CMakeFiles/WHEEL_07_F405.elf.dir/Middlewares/Third_Party/FreeRTOS/Source/CMSIS_RTOS_V2/cmsis_os2.c.obj
 *fill*         0x200015c4        0x4 
 .bss.Timer_TCB.1
                0x200015c8      0x488 CMakeFiles/WHEEL_07_F405.elf.dir/Middlewares/Third_Party/FreeRTOS/Source/CMSIS_RTOS_V2/cmsis_os2.c.obj
 .bss.ucMaxSysCallPriority
                0x20001a50        0x1 CMakeFiles/WHEEL_07_F405.elf.dir/Middlewares/Third_Party/FreeRTOS/Source/portable/GCC/ARM_CM4F/port.c.obj
 *fill*         0x20001a51        0x3 
 .bss.ulMaxPRIGROUPValue
                0x20001a54        0x4 CMakeFiles/WHEEL_07_F405.elf.dir/Middlewares/Third_Party/FreeRTOS/Source/portable/GCC/ARM_CM4F/port.c.obj
 .bss.pxEnd     0x20001a58        0x4 CMakeFiles/WHEEL_07_F405.elf.dir/Middlewares/Third_Party/FreeRTOS/Source/portable/MemMang/heap_4.c.obj
 .bss.ucHeap    0x20001a5c     0x3c00 CMakeFiles/WHEEL_07_F405.elf.dir/Middlewares/Third_Party/FreeRTOS/Source/portable/MemMang/heap_4.c.obj
 .bss.xBlockAllocatedBit
                0x2000565c        0x4 CMakeFiles/WHEEL_07_F405.elf.dir/Middlewares/Third_Party/FreeRTOS/Source/portable/MemMang/heap_4.c.obj
 .bss.xFreeBytesRemaining
                0x20005660        0x4 CMakeFiles/WHEEL_07_F405.elf.dir/Middlewares/Third_Party/FreeRTOS/Source/portable/MemMang/heap_4.c.obj
 .bss.xMinimumEverFreeBytesRemaining
                0x20005664        0x4 CMakeFiles/WHEEL_07_F405.elf.dir/Middlewares/Third_Party/FreeRTOS/Source/portable/MemMang/heap_4.c.obj
 .bss.xNumberOfSuccessfulAllocations
                0x20005668        0x4 CMakeFiles/WHEEL_07_F405.elf.dir/Middlewares/Third_Party/FreeRTOS/Source/portable/MemMang/heap_4.c.obj
 .bss.xNumberOfSuccessfulFrees
                0x2000566c        0x4 CMakeFiles/WHEEL_07_F405.elf.dir/Middlewares/Third_Party/FreeRTOS/Source/portable/MemMang/heap_4.c.obj
 .bss.xStart    0x20005670        0x8 CMakeFiles/WHEEL_07_F405.elf.dir/Middlewares/Third_Party/FreeRTOS/Source/portable/MemMang/heap_4.c.obj
 .bss.xQueueRegistry
                0x20005678       0x40 CMakeFiles/WHEEL_07_F405.elf.dir/Middlewares/Third_Party/FreeRTOS/Source/queue.c.obj
                0x20005678                xQueueRegistry
 .bss.pxCurrentTCB
                0x200056b8        0x4 CMakeFiles/WHEEL_07_F405.elf.dir/Middlewares/Third_Party/FreeRTOS/Source/tasks.c.obj
                0x200056b8                pxCurrentTCB
 .bss.pxDelayedTaskList
                0x200056bc        0x4 CMakeFiles/WHEEL_07_F405.elf.dir/Middlewares/Third_Party/FreeRTOS/Source/tasks.c.obj
 .bss.pxOverflowDelayedTaskList
                0x200056c0        0x4 CMakeFiles/WHEEL_07_F405.elf.dir/Middlewares/Third_Party/FreeRTOS/Source/tasks.c.obj
 .bss.pxReadyTasksLists
                0x200056c4      0x460 CMakeFiles/WHEEL_07_F405.elf.dir/Middlewares/Third_Party/FreeRTOS/Source/tasks.c.obj
 .bss.uxCurrentNumberOfTasks
                0x20005b24        0x4 CMakeFiles/WHEEL_07_F405.elf.dir/Middlewares/Third_Party/FreeRTOS/Source/tasks.c.obj
 .bss.uxDeletedTasksWaitingCleanUp
                0x20005b28        0x4 CMakeFiles/WHEEL_07_F405.elf.dir/Middlewares/Third_Party/FreeRTOS/Source/tasks.c.obj
 .bss.uxSchedulerSuspended
                0x20005b2c        0x4 CMakeFiles/WHEEL_07_F405.elf.dir/Middlewares/Third_Party/FreeRTOS/Source/tasks.c.obj
 .bss.uxTaskNumber
                0x20005b30        0x4 CMakeFiles/WHEEL_07_F405.elf.dir/Middlewares/Third_Party/FreeRTOS/Source/tasks.c.obj
 .bss.uxTopReadyPriority
                0x20005b34        0x4 CMakeFiles/WHEEL_07_F405.elf.dir/Middlewares/Third_Party/FreeRTOS/Source/tasks.c.obj
 .bss.xDelayedTaskList1
                0x20005b38       0x14 CMakeFiles/WHEEL_07_F405.elf.dir/Middlewares/Third_Party/FreeRTOS/Source/tasks.c.obj
 .bss.xDelayedTaskList2
                0x20005b4c       0x14 CMakeFiles/WHEEL_07_F405.elf.dir/Middlewares/Third_Party/FreeRTOS/Source/tasks.c.obj
 .bss.xIdleTaskHandle
                0x20005b60        0x4 CMakeFiles/WHEEL_07_F405.elf.dir/Middlewares/Third_Party/FreeRTOS/Source/tasks.c.obj
 .bss.xNextTaskUnblockTime
                0x20005b64        0x4 CMakeFiles/WHEEL_07_F405.elf.dir/Middlewares/Third_Party/FreeRTOS/Source/tasks.c.obj
 .bss.xNumOfOverflows
                0x20005b68        0x4 CMakeFiles/WHEEL_07_F405.elf.dir/Middlewares/Third_Party/FreeRTOS/Source/tasks.c.obj
 .bss.xPendedTicks
                0x20005b6c        0x4 CMakeFiles/WHEEL_07_F405.elf.dir/Middlewares/Third_Party/FreeRTOS/Source/tasks.c.obj
 .bss.xPendingReadyList
                0x20005b70       0x14 CMakeFiles/WHEEL_07_F405.elf.dir/Middlewares/Third_Party/FreeRTOS/Source/tasks.c.obj
 .bss.xSchedulerRunning
                0x20005b84        0x4 CMakeFiles/WHEEL_07_F405.elf.dir/Middlewares/Third_Party/FreeRTOS/Source/tasks.c.obj
 .bss.xSuspendedTaskList
                0x20005b88       0x14 CMakeFiles/WHEEL_07_F405.elf.dir/Middlewares/Third_Party/FreeRTOS/Source/tasks.c.obj
 .bss.xTasksWaitingTermination
                0x20005b9c       0x14 CMakeFiles/WHEEL_07_F405.elf.dir/Middlewares/Third_Party/FreeRTOS/Source/tasks.c.obj
 .bss.xTickCount
                0x20005bb0        0x4 CMakeFiles/WHEEL_07_F405.elf.dir/Middlewares/Third_Party/FreeRTOS/Source/tasks.c.obj
 .bss.xYieldPending
                0x20005bb4        0x4 CMakeFiles/WHEEL_07_F405.elf.dir/Middlewares/Third_Party/FreeRTOS/Source/tasks.c.obj
 .bss.pxCurrentTimerList
                0x20005bb8        0x4 CMakeFiles/WHEEL_07_F405.elf.dir/Middlewares/Third_Party/FreeRTOS/Source/timers.c.obj
 .bss.pxOverflowTimerList
                0x20005bbc        0x4 CMakeFiles/WHEEL_07_F405.elf.dir/Middlewares/Third_Party/FreeRTOS/Source/timers.c.obj
 .bss.ucStaticTimerQueueStorage.1
                0x20005bc0       0xa0 CMakeFiles/WHEEL_07_F405.elf.dir/Middlewares/Third_Party/FreeRTOS/Source/timers.c.obj
 .bss.xActiveTimerList1
                0x20005c60       0x14 CMakeFiles/WHEEL_07_F405.elf.dir/Middlewares/Third_Party/FreeRTOS/Source/timers.c.obj
 .bss.xActiveTimerList2
                0x20005c74       0x14 CMakeFiles/WHEEL_07_F405.elf.dir/Middlewares/Third_Party/FreeRTOS/Source/timers.c.obj
 .bss.xLastTime.2
                0x20005c88        0x4 CMakeFiles/WHEEL_07_F405.elf.dir/Middlewares/Third_Party/FreeRTOS/Source/timers.c.obj
 .bss.xStaticTimerQueue.0
                0x20005c8c       0x50 CMakeFiles/WHEEL_07_F405.elf.dir/Middlewares/Third_Party/FreeRTOS/Source/timers.c.obj
 .bss.xTimerQueue
                0x20005cdc        0x4 CMakeFiles/WHEEL_07_F405.elf.dir/Middlewares/Third_Party/FreeRTOS/Source/timers.c.obj
 .bss.xTimerTaskHandle
                0x20005ce0        0x4 CMakeFiles/WHEEL_07_F405.elf.dir/Middlewares/Third_Party/FreeRTOS/Source/timers.c.obj
 .bss.errno     0x20005ce4        0x4 c:/progra~2/gnuarm~1/102021~1.10/bin/../lib/gcc/arm-none-eabi/10.3.1/../../../../arm-none-eabi/lib/thumb/v7e-m+fp/hard\libg.a(lib_a-reent.o)
                0x20005ce4                errno
 .bss.__lock___atexit_recursive_mutex
                0x20005ce8        0x1 c:/progra~2/gnuarm~1/102021~1.10/bin/../lib/gcc/arm-none-eabi/10.3.1/../../../../arm-none-eabi/lib/thumb/v7e-m+fp/hard\libg.a(lib_a-lock.o)
                0x20005ce8                __lock___atexit_recursive_mutex
 *fill*         0x20005ce9        0x3 
 .bss.__lock___malloc_recursive_mutex
                0x20005cec        0x1 c:/progra~2/gnuarm~1/102021~1.10/bin/../lib/gcc/arm-none-eabi/10.3.1/../../../../arm-none-eabi/lib/thumb/v7e-m+fp/hard\libg.a(lib_a-lock.o)
                0x20005cec                __lock___malloc_recursive_mutex
 *fill*         0x20005ced        0x3 
 .bss.__malloc_current_mallinfo
                0x20005cf0       0x28 c:/progra~2/gnuarm~1/102021~1.10/bin/../lib/gcc/arm-none-eabi/10.3.1/../../../../arm-none-eabi/lib/thumb/v7e-m+fp/hard\libg.a(lib_a-mallocr.o)
                0x20005cf0                __malloc_current_mallinfo
 .bss.__malloc_top_pad
                0x20005d18        0x4 c:/progra~2/gnuarm~1/102021~1.10/bin/../lib/gcc/arm-none-eabi/10.3.1/../../../../arm-none-eabi/lib/thumb/v7e-m+fp/hard\libg.a(lib_a-mallocr.o)
                0x20005d18                __malloc_top_pad
 *(COMMON)
                0x20005d1c                . = ALIGN (0x4)
                0x20005d1c                _ebss = .
                0x20005d1c                __bss_end__ = _ebss

._user_heap_stack
                0x20005d1c      0x604
                0x20005d20                . = ALIGN (0x8)
 *fill*         0x20005d1c        0x4 
                [!provide]                PROVIDE (end = .)
                0x20005d20                PROVIDE (_end = .)
                0x20005f20                . = (. + _Min_Heap_Size)
 *fill*         0x20005d20      0x200 
                0x20006320                . = (. + _Min_Stack_Size)
 *fill*         0x20005f20      0x400 
                0x20006320                . = ALIGN (0x8)

/DISCARD/
 libc.a(*)
 libm.a(*)
 libgcc.a(*)

.ARM.attributes
                0x00000000       0x30
 *(.ARM.attributes)
 .ARM.attributes
                0x00000000       0x1e c:/progra~2/gnuarm~1/102021~1.10/bin/../lib/gcc/arm-none-eabi/10.3.1/thumb/v7e-m+fp/hard/crti.o
 .ARM.attributes
                0x0000001e       0x34 c:/progra~2/gnuarm~1/102021~1.10/bin/../lib/gcc/arm-none-eabi/10.3.1/thumb/v7e-m+fp/hard/crtbegin.o
 .ARM.attributes
                0x00000052       0x34 CMakeFiles/WHEEL_07_F405.elf.dir/Core/Src/adc.c.obj
 .ARM.attributes
                0x00000086       0x34 CMakeFiles/WHEEL_07_F405.elf.dir/Core/Src/can.c.obj
 .ARM.attributes
                0x000000ba       0x34 CMakeFiles/WHEEL_07_F405.elf.dir/Core/Src/dma.c.obj
 .ARM.attributes
                0x000000ee       0x34 CMakeFiles/WHEEL_07_F405.elf.dir/Core/Src/freertos.c.obj
 .ARM.attributes
                0x00000122       0x34 CMakeFiles/WHEEL_07_F405.elf.dir/Core/Src/gpio.c.obj
 .ARM.attributes
                0x00000156       0x34 CMakeFiles/WHEEL_07_F405.elf.dir/Core/Src/main.c.obj
 .ARM.attributes
                0x0000018a       0x34 CMakeFiles/WHEEL_07_F405.elf.dir/Core/Src/paddleIRQ.c.obj
 .ARM.attributes
                0x000001be       0x34 CMakeFiles/WHEEL_07_F405.elf.dir/Core/Src/rotary.c.obj
 .ARM.attributes
                0x000001f2       0x34 CMakeFiles/WHEEL_07_F405.elf.dir/Core/Src/stm32f4xx_hal_msp.c.obj
 .ARM.attributes
                0x00000226       0x34 CMakeFiles/WHEEL_07_F405.elf.dir/Core/Src/stm32f4xx_hal_timebase_tim.c.obj
 .ARM.attributes
                0x0000025a       0x34 CMakeFiles/WHEEL_07_F405.elf.dir/Core/Src/stm32f4xx_it.c.obj
 .ARM.attributes
                0x0000028e       0x34 CMakeFiles/WHEEL_07_F405.elf.dir/Core/Src/sysmem.c.obj
 .ARM.attributes
                0x000002c2       0x34 CMakeFiles/WHEEL_07_F405.elf.dir/Core/Src/system_stm32f4xx.c.obj
 .ARM.attributes
                0x000002f6       0x34 CMakeFiles/WHEEL_07_F405.elf.dir/Core/Src/tim.c.obj
 .ARM.attributes
                0x0000032a       0x21 CMakeFiles/WHEEL_07_F405.elf.dir/Core/Startup/startup_stm32f405rgtx.s.obj
 .ARM.attributes
                0x0000034b       0x34 CMakeFiles/WHEEL_07_F405.elf.dir/Drivers/STM32F4xx_HAL_Driver/Src/stm32f4xx_hal.c.obj
 .ARM.attributes
                0x0000037f       0x34 CMakeFiles/WHEEL_07_F405.elf.dir/Drivers/STM32F4xx_HAL_Driver/Src/stm32f4xx_hal_adc.c.obj
 .ARM.attributes
                0x000003b3       0x34 CMakeFiles/WHEEL_07_F405.elf.dir/Drivers/STM32F4xx_HAL_Driver/Src/stm32f4xx_hal_can.c.obj
 .ARM.attributes
                0x000003e7       0x34 CMakeFiles/WHEEL_07_F405.elf.dir/Drivers/STM32F4xx_HAL_Driver/Src/stm32f4xx_hal_cortex.c.obj
 .ARM.attributes
                0x0000041b       0x34 CMakeFiles/WHEEL_07_F405.elf.dir/Drivers/STM32F4xx_HAL_Driver/Src/stm32f4xx_hal_dma.c.obj
 .ARM.attributes
                0x0000044f       0x34 CMakeFiles/WHEEL_07_F405.elf.dir/Drivers/STM32F4xx_HAL_Driver/Src/stm32f4xx_hal_gpio.c.obj
 .ARM.attributes
                0x00000483       0x34 CMakeFiles/WHEEL_07_F405.elf.dir/Drivers/STM32F4xx_HAL_Driver/Src/stm32f4xx_hal_rcc.c.obj
 .ARM.attributes
                0x000004b7       0x34 CMakeFiles/WHEEL_07_F405.elf.dir/Drivers/STM32F4xx_HAL_Driver/Src/stm32f4xx_hal_tim.c.obj
 .ARM.attributes
                0x000004eb       0x34 CMakeFiles/WHEEL_07_F405.elf.dir/Drivers/STM32F4xx_HAL_Driver/Src/stm32f4xx_hal_tim_ex.c.obj
 .ARM.attributes
                0x0000051f       0x34 CMakeFiles/WHEEL_07_F405.elf.dir/Middlewares/Third_Party/FreeRTOS/Source/CMSIS_RTOS_V2/cmsis_os2.c.obj
 .ARM.attributes
                0x00000553       0x34 CMakeFiles/WHEEL_07_F405.elf.dir/Middlewares/Third_Party/FreeRTOS/Source/list.c.obj
 .ARM.attributes
                0x00000587       0x34 CMakeFiles/WHEEL_07_F405.elf.dir/Middlewares/Third_Party/FreeRTOS/Source/portable/GCC/ARM_CM4F/port.c.obj
 .ARM.attributes
                0x000005bb       0x34 CMakeFiles/WHEEL_07_F405.elf.dir/Middlewares/Third_Party/FreeRTOS/Source/portable/MemMang/heap_4.c.obj
 .ARM.attributes
                0x000005ef       0x34 CMakeFiles/WHEEL_07_F405.elf.dir/Middlewares/Third_Party/FreeRTOS/Source/queue.c.obj
 .ARM.attributes
                0x00000623       0x34 CMakeFiles/WHEEL_07_F405.elf.dir/Middlewares/Third_Party/FreeRTOS/Source/tasks.c.obj
 .ARM.attributes
                0x00000657       0x34 CMakeFiles/WHEEL_07_F405.elf.dir/Middlewares/Third_Party/FreeRTOS/Source/timers.c.obj
 .ARM.attributes
                0x0000068b       0x1e c:/progra~2/gnuarm~1/102021~1.10/bin/../lib/gcc/arm-none-eabi/10.3.1/thumb/v7e-m+fp/hard\libgcc.a(_aeabi_uldivmod.o)
 .ARM.attributes
                0x000006a9       0x34 c:/progra~2/gnuarm~1/102021~1.10/bin/../lib/gcc/arm-none-eabi/10.3.1/thumb/v7e-m+fp/hard\libgcc.a(_udivmoddi4.o)
 .ARM.attributes
                0x000006dd       0x1e c:/progra~2/gnuarm~1/102021~1.10/bin/../lib/gcc/arm-none-eabi/10.3.1/thumb/v7e-m+fp/hard\libgcc.a(_dvmd_tls.o)
 .ARM.attributes
                0x000006fb       0x34 c:/progra~2/gnuarm~1/102021~1.10/bin/../lib/gcc/arm-none-eabi/10.3.1/../../../../arm-none-eabi/lib/thumb/v7e-m+fp/hard\libg.a(lib_a-errno.o)
 .ARM.attributes
                0x0000072f       0x34 c:/progra~2/gnuarm~1/102021~1.10/bin/../lib/gcc/arm-none-eabi/10.3.1/../../../../arm-none-eabi/lib/thumb/v7e-m+fp/hard\libg.a(lib_a-impure.o)
 .ARM.attributes
                0x00000763       0x34 c:/progra~2/gnuarm~1/102021~1.10/bin/../lib/gcc/arm-none-eabi/10.3.1/../../../../arm-none-eabi/lib/thumb/v7e-m+fp/hard\libg.a(lib_a-init.o)
 .ARM.attributes
                0x00000797       0x1c c:/progra~2/gnuarm~1/102021~1.10/bin/../lib/gcc/arm-none-eabi/10.3.1/../../../../arm-none-eabi/lib/thumb/v7e-m+fp/hard\libg.a(lib_a-memcpy.o)
 .ARM.attributes
                0x000007b3       0x34 c:/progra~2/gnuarm~1/102021~1.10/bin/../lib/gcc/arm-none-eabi/10.3.1/../../../../arm-none-eabi/lib/thumb/v7e-m+fp/hard\libg.a(lib_a-memset.o)
 .ARM.attributes
                0x000007e7       0x34 c:/progra~2/gnuarm~1/102021~1.10/bin/../lib/gcc/arm-none-eabi/10.3.1/../../../../arm-none-eabi/lib/thumb/v7e-m+fp/hard\libg.a(lib_a-reent.o)
 .ARM.attributes
                0x0000081b       0x34 c:/progra~2/gnuarm~1/102021~1.10/bin/../lib/gcc/arm-none-eabi/10.3.1/../../../../arm-none-eabi/lib/thumb/v7e-m+fp/hard\libg.a(lib_a-__call_atexit.o)
 .ARM.attributes
                0x0000084f       0x34 c:/progra~2/gnuarm~1/102021~1.10/bin/../lib/gcc/arm-none-eabi/10.3.1/../../../../arm-none-eabi/lib/thumb/v7e-m+fp/hard\libg.a(lib_a-atexit.o)
 .ARM.attributes
                0x00000883       0x34 c:/progra~2/gnuarm~1/102021~1.10/bin/../lib/gcc/arm-none-eabi/10.3.1/../../../../arm-none-eabi/lib/thumb/v7e-m+fp/hard\libg.a(lib_a-fini.o)
 .ARM.attributes
                0x000008b7       0x34 c:/progra~2/gnuarm~1/102021~1.10/bin/../lib/gcc/arm-none-eabi/10.3.1/../../../../arm-none-eabi/lib/thumb/v7e-m+fp/hard\libg.a(lib_a-freer.o)
 .ARM.attributes
                0x000008eb       0x34 c:/progra~2/gnuarm~1/102021~1.10/bin/../lib/gcc/arm-none-eabi/10.3.1/../../../../arm-none-eabi/lib/thumb/v7e-m+fp/hard\libg.a(lib_a-lock.o)
 .ARM.attributes
                0x0000091f       0x34 c:/progra~2/gnuarm~1/102021~1.10/bin/../lib/gcc/arm-none-eabi/10.3.1/../../../../arm-none-eabi/lib/thumb/v7e-m+fp/hard\libg.a(lib_a-mallocr.o)
 .ARM.attributes
                0x00000953       0x34 c:/progra~2/gnuarm~1/102021~1.10/bin/../lib/gcc/arm-none-eabi/10.3.1/../../../../arm-none-eabi/lib/thumb/v7e-m+fp/hard\libg.a(lib_a-mlock.o)
 .ARM.attributes
                0x00000987       0x34 c:/progra~2/gnuarm~1/102021~1.10/bin/../lib/gcc/arm-none-eabi/10.3.1/../../../../arm-none-eabi/lib/thumb/v7e-m+fp/hard\libg.a(lib_a-sbrkr.o)
 .ARM.attributes
                0x000009bb       0x34 c:/progra~2/gnuarm~1/102021~1.10/bin/../lib/gcc/arm-none-eabi/10.3.1/../../../../arm-none-eabi/lib/thumb/v7e-m+fp/hard\libg.a(lib_a-__atexit.o)
 .ARM.attributes
                0x000009ef       0x1e c:/progra~2/gnuarm~1/102021~1.10/bin/../lib/gcc/arm-none-eabi/10.3.1/thumb/v7e-m+fp/hard/crtn.o
OUTPUT(WHEEL_07_F405.elf elf32-littlearm)
LOAD linker stubs
LOAD c:/progra~2/gnuarm~1/102021~1.10/bin/../lib/gcc/arm-none-eabi/10.3.1/../../../../arm-none-eabi/lib/thumb/v7e-m+fp/hard\libc.a
LOAD c:/progra~2/gnuarm~1/102021~1.10/bin/../lib/gcc/arm-none-eabi/10.3.1/../../../../arm-none-eabi/lib/thumb/v7e-m+fp/hard\libm.a
LOAD c:/progra~2/gnuarm~1/102021~1.10/bin/../lib/gcc/arm-none-eabi/10.3.1/thumb/v7e-m+fp/hard\libgcc.a

.debug_info     0x00000000    0x21a84
 .debug_info    0x00000000     0x10b1 CMakeFiles/WHEEL_07_F405.elf.dir/Core/Src/adc.c.obj
 .debug_info    0x000010b1      0xbed CMakeFiles/WHEEL_07_F405.elf.dir/Core/Src/can.c.obj
 .debug_info    0x00001c9e      0x4ea CMakeFiles/WHEEL_07_F405.elf.dir/Core/Src/dma.c.obj
 .debug_info    0x00002188      0x58a CMakeFiles/WHEEL_07_F405.elf.dir/Core/Src/freertos.c.obj
 .debug_info    0x00002712      0x756 CMakeFiles/WHEEL_07_F405.elf.dir/Core/Src/gpio.c.obj
 .debug_info    0x00002e68     0x124e CMakeFiles/WHEEL_07_F405.elf.dir/Core/Src/main.c.obj
 .debug_info    0x000040b6      0xa64 CMakeFiles/WHEEL_07_F405.elf.dir/Core/Src/paddleIRQ.c.obj
 .debug_info    0x00004b1a      0x3bf CMakeFiles/WHEEL_07_F405.elf.dir/Core/Src/rotary.c.obj
 .debug_info    0x00004ed9      0x4e6 CMakeFiles/WHEEL_07_F405.elf.dir/Core/Src/stm32f4xx_hal_msp.c.obj
 .debug_info    0x000053bf      0xc8c CMakeFiles/WHEEL_07_F405.elf.dir/Core/Src/stm32f4xx_hal_timebase_tim.c.obj
 .debug_info    0x0000604b      0xc4c CMakeFiles/WHEEL_07_F405.elf.dir/Core/Src/stm32f4xx_it.c.obj
 .debug_info    0x00006c97      0x174 CMakeFiles/WHEEL_07_F405.elf.dir/Core/Src/sysmem.c.obj
 .debug_info    0x00006e0b      0x538 CMakeFiles/WHEEL_07_F405.elf.dir/Core/Src/system_stm32f4xx.c.obj
 .debug_info    0x00007343      0xdbe CMakeFiles/WHEEL_07_F405.elf.dir/Core/Src/tim.c.obj
 .debug_info    0x00008101       0x22 CMakeFiles/WHEEL_07_F405.elf.dir/Core/Startup/startup_stm32f405rgtx.s.obj
 .debug_info    0x00008123      0x9de CMakeFiles/WHEEL_07_F405.elf.dir/Drivers/STM32F4xx_HAL_Driver/Src/stm32f4xx_hal.c.obj
 .debug_info    0x00008b01      0xee1 CMakeFiles/WHEEL_07_F405.elf.dir/Drivers/STM32F4xx_HAL_Driver/Src/stm32f4xx_hal_adc.c.obj
 .debug_info    0x000099e2     0x1266 CMakeFiles/WHEEL_07_F405.elf.dir/Drivers/STM32F4xx_HAL_Driver/Src/stm32f4xx_hal_can.c.obj
 .debug_info    0x0000ac48     0x1086 CMakeFiles/WHEEL_07_F405.elf.dir/Drivers/STM32F4xx_HAL_Driver/Src/stm32f4xx_hal_cortex.c.obj
 .debug_info    0x0000bcce      0xb3f CMakeFiles/WHEEL_07_F405.elf.dir/Drivers/STM32F4xx_HAL_Driver/Src/stm32f4xx_hal_dma.c.obj
 .debug_info    0x0000c80d      0x7b0 CMakeFiles/WHEEL_07_F405.elf.dir/Drivers/STM32F4xx_HAL_Driver/Src/stm32f4xx_hal_gpio.c.obj
 .debug_info    0x0000cfbd      0xb03 CMakeFiles/WHEEL_07_F405.elf.dir/Drivers/STM32F4xx_HAL_Driver/Src/stm32f4xx_hal_rcc.c.obj
 .debug_info    0x0000dac0     0x3d5b CMakeFiles/WHEEL_07_F405.elf.dir/Drivers/STM32F4xx_HAL_Driver/Src/stm32f4xx_hal_tim.c.obj
 .debug_info    0x0001181b     0x1ade CMakeFiles/WHEEL_07_F405.elf.dir/Drivers/STM32F4xx_HAL_Driver/Src/stm32f4xx_hal_tim_ex.c.obj
 .debug_info    0x000132f9     0x5363 CMakeFiles/WHEEL_07_F405.elf.dir/Middlewares/Third_Party/FreeRTOS/Source/CMSIS_RTOS_V2/cmsis_os2.c.obj
 .debug_info    0x0001865c      0x2e0 CMakeFiles/WHEEL_07_F405.elf.dir/Middlewares/Third_Party/FreeRTOS/Source/list.c.obj
 .debug_info    0x0001893c      0x587 CMakeFiles/WHEEL_07_F405.elf.dir/Middlewares/Third_Party/FreeRTOS/Source/portable/GCC/ARM_CM4F/port.c.obj
 .debug_info    0x00018ec3      0x5d9 CMakeFiles/WHEEL_07_F405.elf.dir/Middlewares/Third_Party/FreeRTOS/Source/portable/MemMang/heap_4.c.obj
 .debug_info    0x0001949c     0x2826 CMakeFiles/WHEEL_07_F405.elf.dir/Middlewares/Third_Party/FreeRTOS/Source/queue.c.obj
 .debug_info    0x0001bcc2     0x3a88 CMakeFiles/WHEEL_07_F405.elf.dir/Middlewares/Third_Party/FreeRTOS/Source/tasks.c.obj
 .debug_info    0x0001f74a     0x233a CMakeFiles/WHEEL_07_F405.elf.dir/Middlewares/Third_Party/FreeRTOS/Source/timers.c.obj

.debug_abbrev   0x00000000     0x430c
 .debug_abbrev  0x00000000      0x22b CMakeFiles/WHEEL_07_F405.elf.dir/Core/Src/adc.c.obj
 .debug_abbrev  0x0000022b      0x1f6 CMakeFiles/WHEEL_07_F405.elf.dir/Core/Src/can.c.obj
 .debug_abbrev  0x00000421      0x126 CMakeFiles/WHEEL_07_F405.elf.dir/Core/Src/dma.c.obj
 .debug_abbrev  0x00000547      0x184 CMakeFiles/WHEEL_07_F405.elf.dir/Core/Src/freertos.c.obj
 .debug_abbrev  0x000006cb      0x16a CMakeFiles/WHEEL_07_F405.elf.dir/Core/Src/gpio.c.obj
 .debug_abbrev  0x00000835      0x271 CMakeFiles/WHEEL_07_F405.elf.dir/Core/Src/main.c.obj
 .debug_abbrev  0x00000aa6      0x1f3 CMakeFiles/WHEEL_07_F405.elf.dir/Core/Src/paddleIRQ.c.obj
 .debug_abbrev  0x00000c99      0x180 CMakeFiles/WHEEL_07_F405.elf.dir/Core/Src/rotary.c.obj
 .debug_abbrev  0x00000e19      0x119 CMakeFiles/WHEEL_07_F405.elf.dir/Core/Src/stm32f4xx_hal_msp.c.obj
 .debug_abbrev  0x00000f32      0x1ff CMakeFiles/WHEEL_07_F405.elf.dir/Core/Src/stm32f4xx_hal_timebase_tim.c.obj
 .debug_abbrev  0x00001131      0x201 CMakeFiles/WHEEL_07_F405.elf.dir/Core/Src/stm32f4xx_it.c.obj
 .debug_abbrev  0x00001332       0xe7 CMakeFiles/WHEEL_07_F405.elf.dir/Core/Src/sysmem.c.obj
 .debug_abbrev  0x00001419      0x119 CMakeFiles/WHEEL_07_F405.elf.dir/Core/Src/system_stm32f4xx.c.obj
 .debug_abbrev  0x00001532      0x1de CMakeFiles/WHEEL_07_F405.elf.dir/Core/Src/tim.c.obj
 .debug_abbrev  0x00001710       0x12 CMakeFiles/WHEEL_07_F405.elf.dir/Core/Startup/startup_stm32f405rgtx.s.obj
 .debug_abbrev  0x00001722      0x206 CMakeFiles/WHEEL_07_F405.elf.dir/Drivers/STM32F4xx_HAL_Driver/Src/stm32f4xx_hal.c.obj
 .debug_abbrev  0x00001928      0x23a CMakeFiles/WHEEL_07_F405.elf.dir/Drivers/STM32F4xx_HAL_Driver/Src/stm32f4xx_hal_adc.c.obj
 .debug_abbrev  0x00001b62      0x256 CMakeFiles/WHEEL_07_F405.elf.dir/Drivers/STM32F4xx_HAL_Driver/Src/stm32f4xx_hal_can.c.obj
 .debug_abbrev  0x00001db8      0x36a CMakeFiles/WHEEL_07_F405.elf.dir/Drivers/STM32F4xx_HAL_Driver/Src/stm32f4xx_hal_cortex.c.obj
 .debug_abbrev  0x00002122      0x2c2 CMakeFiles/WHEEL_07_F405.elf.dir/Drivers/STM32F4xx_HAL_Driver/Src/stm32f4xx_hal_dma.c.obj
 .debug_abbrev  0x000023e4      0x1ef CMakeFiles/WHEEL_07_F405.elf.dir/Drivers/STM32F4xx_HAL_Driver/Src/stm32f4xx_hal_gpio.c.obj
 .debug_abbrev  0x000025d3      0x28a CMakeFiles/WHEEL_07_F405.elf.dir/Drivers/STM32F4xx_HAL_Driver/Src/stm32f4xx_hal_rcc.c.obj
 .debug_abbrev  0x0000285d      0x22b CMakeFiles/WHEEL_07_F405.elf.dir/Drivers/STM32F4xx_HAL_Driver/Src/stm32f4xx_hal_tim.c.obj
 .debug_abbrev  0x00002a88      0x241 CMakeFiles/WHEEL_07_F405.elf.dir/Drivers/STM32F4xx_HAL_Driver/Src/stm32f4xx_hal_tim_ex.c.obj
 .debug_abbrev  0x00002cc9      0x59d CMakeFiles/WHEEL_07_F405.elf.dir/Middlewares/Third_Party/FreeRTOS/Source/CMSIS_RTOS_V2/cmsis_os2.c.obj
 .debug_abbrev  0x00003266      0x106 CMakeFiles/WHEEL_07_F405.elf.dir/Middlewares/Third_Party/FreeRTOS/Source/list.c.obj
 .debug_abbrev  0x0000336c      0x26b CMakeFiles/WHEEL_07_F405.elf.dir/Middlewares/Third_Party/FreeRTOS/Source/portable/GCC/ARM_CM4F/port.c.obj
 .debug_abbrev  0x000035d7      0x24b CMakeFiles/WHEEL_07_F405.elf.dir/Middlewares/Third_Party/FreeRTOS/Source/portable/MemMang/heap_4.c.obj
 .debug_abbrev  0x00003822      0x369 CMakeFiles/WHEEL_07_F405.elf.dir/Middlewares/Third_Party/FreeRTOS/Source/queue.c.obj