Archive member included to satisfy reference by file (symbol)

c:/progra~2/gnuarm~1/102021~1.10/bin/../lib/gcc/arm-none-eabi/10.3.1/thumb/v7e-m+fp/hard\libgcc.a(_aeabi_uldivmod.o)
                              CMakeFiles/WHEEL_07_F405.elf.dir/Drivers/STM32F4xx_HAL_Driver/Src/stm32f4xx_hal_rcc.c.obj (__aeabi_uldivmod)
c:/progra~2/gnuarm~1/102021~1.10/bin/../lib/gcc/arm-none-eabi/10.3.1/thumb/v7e-m+fp/hard\libgcc.a(_udivmoddi4.o)
                              c:/progra~2/gnuarm~1/102021~1.10/bin/../lib/gcc/arm-none-eabi/10.3.1/thumb/v7e-m+fp/hard\libgcc.a(_aeabi_uldivmod.o) (__udivmoddi4)
c:/progra~2/gnuarm~1/102021~1.10/bin/../lib/gcc/arm-none-eabi/10.3.1/thumb/v7e-m+fp/hard\libgcc.a(_dvmd_tls.o)
                              c:/progra~2/gnuarm~1/102021~1.10/bin/../lib/gcc/arm-none-eabi/10.3.1/thumb/v7e-m+fp/hard\libgcc.a(_aeabi_uldivmod.o) (__aeabi_ldiv0)
c:/progra~2/gnuarm~1/102021~1.10/bin/../lib/gcc/arm-none-eabi/10.3.1/../../../../arm-none-eabi/lib/thumb/v7e-m+fp/hard\libg.a(lib_a-errno.o)
                              CMakeFiles/WHEEL_07_F405.elf.dir/Core/Src/syscalls.c.obj (__errno)
c:/progra~2/gnuarm~1/102021~1.10/bin/../lib/gcc/arm-none-eabi/10.3.1/../../../../arm-none-eabi/lib/thumb/v7e-m+fp/hard\libg.a(lib_a-exit.o)
                              c:/progra~2/gnuarm~1/102021~1.10/bin/../lib/gcc/arm-none-eabi/10.3.1/../../../../arm-none-eabi/lib/thumb/v7e-m+fp/hard/crt0.o (exit)
c:/progra~2/gnuarm~1/102021~1.10/bin/../lib/gcc/arm-none-eabi/10.3.1/../../../../arm-none-eabi/lib/thumb/v7e-m+fp/hard\libg.a(lib_a-impure.o)
                              c:/progra~2/gnuarm~1/102021~1.10/bin/../lib/gcc/arm-none-eabi/10.3.1/../../../../arm-none-eabi/lib/thumb/v7e-m+fp/hard\libg.a(lib_a-exit.o) (_global_impure_ptr)
c:/progra~2/gnuarm~1/102021~1.10/bin/../lib/gcc/arm-none-eabi/10.3.1/../../../../arm-none-eabi/lib/thumb/v7e-m+fp/hard\libg.a(lib_a-init.o)
                              c:/progra~2/gnuarm~1/102021~1.10/bin/../lib/gcc/arm-none-eabi/10.3.1/../../../../arm-none-eabi/lib/thumb/v7e-m+fp/hard/crt0.o (__libc_init_array)
c:/progra~2/gnuarm~1/102021~1.10/bin/../lib/gcc/arm-none-eabi/10.3.1/../../../../arm-none-eabi/lib/thumb/v7e-m+fp/hard\libg.a(lib_a-memcpy.o)
                              CMakeFiles/WHEEL_07_F405.elf.dir/Middlewares/Third_Party/FreeRTOS/Source/CMSIS_RTOS_V2/cmsis_os2.c.obj (memcpy)
c:/progra~2/gnuarm~1/102021~1.10/bin/../lib/gcc/arm-none-eabi/10.3.1/../../../../arm-none-eabi/lib/thumb/v7e-m+fp/hard\libg.a(lib_a-memset.o)
                              c:/progra~2/gnuarm~1/102021~1.10/bin/../lib/gcc/arm-none-eabi/10.3.1/../../../../arm-none-eabi/lib/thumb/v7e-m+fp/hard/crt0.o (memset)
c:/progra~2/gnuarm~1/102021~1.10/bin/../lib/gcc/arm-none-eabi/10.3.1/../../../../arm-none-eabi/lib/thumb/v7e-m+fp/hard\libg.a(lib_a-reent.o)
                              CMakeFiles/WHEEL_07_F405.elf.dir/Middlewares/Third_Party/FreeRTOS/Source/tasks.c.obj (_reclaim_reent)
c:/progra~2/gnuarm~1/102021~1.10/bin/../lib/gcc/arm-none-eabi/10.3.1/../../../../arm-none-eabi/lib/thumb/v7e-m+fp/hard\libg.a(lib_a-__call_atexit.o)
                              c:/progra~2/gnuarm~1/102021~1.10/bin/../lib/gcc/arm-none-eabi/10.3.1/../../../../arm-none-eabi/lib/thumb/v7e-m+fp/hard\libg.a(lib_a-exit.o) (__call_exitprocs)
c:/progra~2/gnuarm~1/102021~1.10/bin/../lib/gcc/arm-none-eabi/10.3.1/../../../../arm-none-eabi/lib/thumb/v7e-m+fp/hard\libg.a(lib_a-atexit.o)
                              c:/progra~2/gnuarm~1/102021~1.10/bin/../lib/gcc/arm-none-eabi/10.3.1/../../../../arm-none-eabi/lib/thumb/v7e-m+fp/hard\libg.a(lib_a-__call_atexit.o) (atexit)
c:/progra~2/gnuarm~1/102021~1.10/bin/../lib/gcc/arm-none-eabi/10.3.1/../../../../arm-none-eabi/lib/thumb/v7e-m+fp/hard\libg.a(lib_a-fini.o)
                              c:/progra~2/gnuarm~1/102021~1.10/bin/../lib/gcc/arm-none-eabi/10.3.1/../../../../arm-none-eabi/lib/thumb/v7e-m+fp/hard\libg.a(lib_a-__call_atexit.o) (__libc_fini_array)
c:/progra~2/gnuarm~1/102021~1.10/bin/../lib/gcc/arm-none-eabi/10.3.1/../../../../arm-none-eabi/lib/thumb/v7e-m+fp/hard\libg.a(lib_a-freer.o)
                              c:/progra~2/gnuarm~1/102021~1.10/bin/../lib/gcc/arm-none-eabi/10.3.1/../../../../arm-none-eabi/lib/thumb/v7e-m+fp/hard\libg.a(lib_a-reent.o) (_free_r)
c:/progra~2/gnuarm~1/102021~1.10/bin/../lib/gcc/arm-none-eabi/10.3.1/../../../../arm-none-eabi/lib/thumb/v7e-m+fp/hard\libg.a(lib_a-lock.o)
                              c:/progra~2/gnuarm~1/102021~1.10/bin/../lib/gcc/arm-none-eabi/10.3.1/../../../../arm-none-eabi/lib/thumb/v7e-m+fp/hard\libg.a(lib_a-__call_atexit.o) (__retarget_lock_acquire_recursive)
c:/progra~2/gnuarm~1/102021~1.10/bin/../lib/gcc/arm-none-eabi/10.3.1/../../../../arm-none-eabi/lib/thumb/v7e-m+fp/hard\libg.a(lib_a-mallocr.o)
                              c:/progra~2/gnuarm~1/102021~1.10/bin/../lib/gcc/arm-none-eabi/10.3.1/../../../../arm-none-eabi/lib/thumb/v7e-m+fp/hard\libg.a(lib_a-freer.o) (__malloc_current_mallinfo)
[...]
Memory Configuration

Name             Origin             Length             Attributes
CCMRAM           0x10000000         0x00010000         xrw
RAM              0x20000000         0x00020000         xrw
FLASH            0x08000000         0x00100000         xr
*default*        0x00000000         0xffffffff

Linker script and memory map

LOAD c:/progra~2/gnuarm~1/102021~1.10/bin/../lib/gcc/arm-none-eabi/10.3.1/thumb/v7e-m+fp/hard/crti.o
LOAD c:/progra~2/gnuarm~1/102021~1.10/bin/../lib/gcc/arm-none-eabi/10.3.1/thumb/v7e-m+fp/hard/crtbegin.o
LOAD c:/progra~2/gnuarm~1/102021~1.10/bin/../lib/gcc/arm-none-eabi/10.3.1/../../../../arm-none-eabi/lib/thumb/v7e-m+fp/hard/crt0.o
LOAD CMakeFiles/WHEEL_07_F405.elf.dir/Core/Src/adc.c.obj
LOAD CMakeFiles/WHEEL_07_F405.elf.dir/Core/Src/can.c.obj
LOAD CMakeFiles/WHEEL_07_F405.elf.dir/Core/Src/dma.c.obj
LOAD CMakeFiles/WHEEL_07_F405.elf.dir/Core/Src/freertos.c.obj
LOAD CMakeFiles/WHEEL_07_F405.elf.dir/Core/Src/gpio.c.obj
LOAD CMakeFiles/WHEEL_07_F405.elf.dir/Core/Src/main.c.obj
LOAD CMakeFiles/WHEEL_07_F405.elf.dir/Core/Src/rotary.c.obj
LOAD CMakeFiles/WHEEL_07_F405.elf.dir/Core/Src/stm32f4xx_hal_msp.c.obj
LOAD CMakeFiles/WHEEL_07_F405.elf.dir/Core/Src/stm32f4xx_hal_timebase_tim.c.obj
LOAD CMakeFiles/WHEEL_07_F405.elf.dir/Core/Src/stm32f4xx_it.c.obj
LOAD CMakeFiles/WHEEL_07_F405.elf.dir/Core/Src/syscalls.c.obj
LOAD CMakeFiles/WHEEL_07_F405.elf.dir/Core/Src/sysmem.c.obj
LOAD CMakeFiles/WHEEL_07_F405.elf.dir/Core/Src/system_stm32f4xx.c.obj
LOAD CMakeFiles/WHEEL_07_F405.elf.dir/Core/Src/tim.c.obj
LOAD CMakeFiles/WHEEL_07_F405.elf.dir/Core/Startup/startup_stm32f405rgtx.s.obj
LOAD CMakeFiles/WHEEL_07_F405.elf.dir/Drivers/STM32F4xx_HAL_Driver/Src/stm32f4xx_hal.c.obj
LOAD CMakeFiles/WHEEL_07_F405.elf.dir/Drivers/STM32F4xx_HAL_Driver/Src/stm32f4xx_hal_adc.c.obj
LOAD CMakeFiles/WHEEL_07_F405.elf.dir/Drivers/STM32F4xx_HAL_Driver/Src/stm32f4xx_hal_adc_ex.c.obj
LOAD CMakeFiles/WHEEL_07_F405.elf.dir/Drivers/STM32F4xx_HAL_Driver/Src/stm32f4xx_hal_can.c.obj
LOAD CMakeFiles/WHEEL_07_F405.elf.dir/Drivers/STM32F4xx_HAL_Driver/Src/stm32f4xx_hal_cortex.c.obj
LOAD CMakeFiles/WHEEL_07_F405.elf.dir/Drivers/STM32F4xx_HAL_Driver/Src/stm32f4xx_hal_dma.c.obj
LOAD CMakeFiles/WHEEL_07_F405.elf.dir/Drivers/STM32F4xx_HAL_Driver/Src/stm32f4xx_hal_dma_ex.c.obj
LOAD CMakeFiles/WHEEL_07_F405.elf.dir/Drivers/STM32F4xx_HAL_Driver/Src/stm32f4xx_hal_exti.c.obj
LOAD CMakeFiles/WHEEL_07_F405.elf.dir/Drivers/STM32F4xx_HAL_Driver/Src/stm32f4xx_hal_flash.c.obj
LOAD CMakeFiles/WHEEL_07_F405.elf.dir/Drivers/STM32F4xx_HAL_Driver/Src/stm32f4xx_hal_flash_ex.c.obj
LOAD CMakeFiles/WHEEL_07_F405.elf.dir/Drivers/STM32F4xx_HAL_Driver/Src/stm32f4xx_hal_flash_ramfunc.c.obj
LOAD CMakeFiles/WHEEL_07_F405.elf.dir/Drivers/STM32F4xx_HAL_Driver/Src/stm32f4xx_hal_gpio.c.obj
LOAD CMakeFiles/WHEEL_07_F405.elf.dir/Drivers/STM32F4xx_HAL_Driver/Src/stm32f4xx_hal_pwr.c.obj
LOAD CMakeFiles/WHEEL_07_F405.elf.dir/Drivers/STM32F4xx_HAL_Driver/Src/stm32f4xx_hal_pwr_ex.c.obj
LOAD CMakeFiles/WHEEL_07_F405.elf.dir/Drivers/STM32F4xx_HAL_Driver/Src/stm32f4xx_hal_rcc.c.obj
LOAD CMakeFiles/WHEEL_07_F405.elf.dir/Drivers/STM32F4xx_HAL_Driver/Src/stm32f4xx_hal_rcc_ex.c.obj
LOAD CMakeFiles/WHEEL_07_F405.elf.dir/Drivers/STM32F4xx_HAL_Driver/Src/stm32f4xx_hal_tim.c.obj
LOAD CMakeFiles/WHEEL_07_F405.elf.dir/Drivers/STM32F4xx_HAL_Driver/Src/stm32f4xx_hal_tim_ex.c.obj
LOAD CMakeFiles/WHEEL_07_F405.elf.dir/Drivers/STM32F4xx_HAL_Driver/Src/stm32f4xx_ll_adc.c.obj
LOAD CMakeFiles/WHEEL_07_F405.elf.dir/Middlewares/Third_Party/FreeRTOS/Source/CMSIS_RTOS_V2/cmsis_os2.c.obj
LOAD CMakeFiles/WHEEL_07_F405.elf.dir/Middlewares/Third_Party/FreeRTOS/Source/croutine.c.obj
LOAD CMakeFiles/WHEEL_07_F405.elf.dir/Middlewares/Third_Party/FreeRTOS/Source/event_groups.c.obj
LOAD CMakeFiles/WHEEL_07_F405.elf.dir/Middlewares/Third_Party/FreeRTOS/Source/list.c.obj
LOAD CMakeFiles/WHEEL_07_F405.elf.dir/Middlewares/Third_Party/FreeRTOS/Source/portable/GCC/ARM_CM4F/port.c.obj
LOAD CMakeFiles/WHEEL_07_F405.elf.dir/Middlewares/Third_Party/FreeRTOS/Source/portable/MemMang/heap_4.c.obj
LOAD CMakeFiles/WHEEL_07_F405.elf.dir/Middlewares/Third_Party/FreeRTOS/Source/queue.c.obj
LOAD CMakeFiles/WHEEL_07_F405.elf.dir/Middlewares/Third_Party/FreeRTOS/Source/stream_buffer.c.obj
LOAD CMakeFiles/WHEEL_07_F405.elf.dir/Middlewares/Third_Party/FreeRTOS/Source/tasks.c.obj
LOAD CMakeFiles/WHEEL_07_F405.elf.dir/Middlewares/Third_Party/FreeRTOS/Source/timers.c.obj
START GROUP
LOAD c:/progra~2/gnuarm~1/102021~1.10/bin/../lib/gcc/arm-none-eabi/10.3.1/thumb/v7e-m+fp/hard\libgcc.a
LOAD c:/progra~2/gnuarm~1/102021~1.10/bin/../lib/gcc/arm-none-eabi/10.3.1/../../../../arm-none-eabi/lib/thumb/v7e-m+fp/hard\libg.a
LOAD c:/progra~2/gnuarm~1/102021~1.10/bin/../lib/gcc/arm-none-eabi/10.3.1/../../../../arm-none-eabi/lib/thumb/v7e-m+fp/hard\libc.a
END GROUP
LOAD c:/progra~2/gnuarm~1/102021~1.10/bin/../lib/gcc/arm-none-eabi/10.3.1/thumb/v7e-m+fp/hard/crtend.o
LOAD c:/progra~2/gnuarm~1/102021~1.10/bin/../lib/gcc/arm-none-eabi/10.3.1/thumb/v7e-m+fp/hard/crtn.o
                0x20020000                _estack = (ORIGIN (RAM) + LENGTH (RAM))
                0x00000200                _Min_Heap_Size = 0x200
                0x00000400                _Min_Stack_Size = 0x400

.isr_vector     0x08000000      0x188
                0x08000000                . = ALIGN (0x4)
 *(.isr_vector)
 .isr_vector    0x08000000      0x188 CMakeFiles/WHEEL_07_F405.elf.dir/Core/Startup/startup_stm32f405rgtx.s.obj
                0x08000000                g_pfnVectors
                0x08000188                . = ALIGN (0x4)

.text           0x08000190     0x4f0c
                0x08000190                . = ALIGN (0x4)
 *(.text)
 .text          0x08000190       0x40 c:/progra~2/gnuarm~1/102021~1.10/bin/../lib/gcc/arm-none-eabi/10.3.1/thumb/v7e-m+fp/hard/crtbegin.o
 .text          0x080001d0       0x30 c:/progra~2/gnuarm~1/102021~1.10/bin/../lib/gcc/arm-none-eabi/10.3.1/thumb/v7e-m+fp/hard\libgcc.a(_aeabi_uldivmod.o)
                0x080001d0                __aeabi_uldivmod
 .text          0x08000200      0x2d0 c:/progra~2/gnuarm~1/102021~1.10/bin/../lib/gcc/arm-none-eabi/10.3.1/thumb/v7e-m+fp/hard\libgcc.a(_udivmoddi4.o)
                0x08000200                __udivmoddi4
 .text          0x080004d0        0x4 c:/progra~2/gnuarm~1/102021~1.10/bin/../lib/gcc/arm-none-eabi/10.3.1/thumb/v7e-m+fp/hard\libgcc.a(_dvmd_tls.o)
                0x080004d0                __aeabi_idiv0
                0x080004d0                __aeabi_ldiv0
 .text          0x080004d4      0x134 c:/progra~2/gnuarm~1/102021~1.10/bin/../lib/gcc/arm-none-eabi/10.3.1/../../../../arm-none-eabi/lib/thumb/v7e-m+fp/hard\libg.a(lib_a-memcpy.o)
                0x080004d4                memcpy
 *(.text*)
 .text.MX_ADC1_Init
                0x08000608       0xb8 CMakeFiles/WHEEL_07_F405.elf.dir/Core/Src/adc.c.obj
                0x08000608                MX_ADC1_Init
 .text.HAL_ADC_MspInit
                0x080006c0       0xac CMakeFiles/WHEEL_07_F405.elf.dir/Core/Src/adc.c.obj
                0x080006c0                HAL_ADC_MspInit
 .text.HAL_ADC_ConvCpltCallback
                0x0800076c       0x28 CMakeFiles/WHEEL_07_F405.elf.dir/Core/Src/adc.c.obj
                0x0800076c                HAL_ADC_ConvCpltCallback
 .text.adcStart
                0x08000794       0x20 CMakeFiles/WHEEL_07_F405.elf.dir/Core/Src/adc.c.obj
                0x08000794                adcStart
 .text.adcTaskStart
                0x080007b4       0x74 CMakeFiles/WHEEL_07_F405.elf.dir/Core/Src/adc.c.obj
                0x080007b4                adcTaskStart
 .text.MX_CAN1_Init
                0x08000828       0x3c CMakeFiles/WHEEL_07_F405.elf.dir/Core/Src/can.c.obj
                0x08000828                MX_CAN1_Init
 .text.HAL_CAN_MspInit
                0x08000864       0xa0 CMakeFiles/WHEEL_07_F405.elf.dir/Core/Src/can.c.obj
                0x08000864                HAL_CAN_MspInit
 .text.MX_DMA_Init
                0x08000904       0x34 CMakeFiles/WHEEL_07_F405.elf.dir/Core/Src/dma.c.obj
                0x08000904                MX_DMA_Init
 .text.StartDefaultTask
                0x08000938        0xa CMakeFiles/WHEEL_07_F405.elf.dir/Core/Src/freertos.c.obj
                0x08000938                StartDefaultTask
 *fill*         0x08000942        0x2 
 .text.StartStatusTask
                0x08000944       0x1c CMakeFiles/WHEEL_07_F405.elf.dir/Core/Src/freertos.c.obj
                0x08000944                StartStatusTask
 .text.MX_FREERTOS_Init
                0x08000960       0x54 CMakeFiles/WHEEL_07_F405.elf.dir/Core/Src/freertos.c.obj
                0x08000960                MX_FREERTOS_Init
 .text.MX_GPIO_Init
                0x080009b4       0x80 CMakeFiles/WHEEL_07_F405.elf.dir/Core/Src/gpio.c.obj
                0x080009b4                MX_GPIO_Init
 .text.HAL_CAN_RxFifo0MsgPendingCallback
                0x08000a34       0x24 CMakeFiles/WHEEL_07_F405.elf.dir/Core/Src/main.c.obj
                0x08000a34                HAL_CAN_RxFifo0MsgPendingCallback
 .text.HAL_TIM_PeriodElapsedCallback
                0x08000a58       0x18 CMakeFiles/WHEEL_07_F405.elf.dir/Core/Src/main.c.obj
                0x08000a58                HAL_TIM_PeriodElapsedCallback
 .text.Error_Handler
                0x08000a70        0x4 CMakeFiles/WHEEL_07_F405.elf.dir/Core/Src/main.c.obj
                0x08000a70                Error_Handler
 .text.SystemClock_Config
                0x08000a74       0x88 CMakeFiles/WHEEL_07_F405.elf.dir/Core/Src/main.c.obj
                0x08000a74                SystemClock_Config
 .text.main     0x08000afc       0x70 CMakeFiles/WHEEL_07_F405.elf.dir/Core/Src/main.c.obj
                0x08000afc                main
 .text.HAL_MspInit
                0x08000b6c       0x44 CMakeFiles/WHEEL_07_F405.elf.dir/Core/Src/stm32f4xx_hal_msp.c.obj
                0x08000b6c                HAL_MspInit
 .text.HAL_InitTick
                0x08000bb0       0xa4 CMakeFiles/WHEEL_07_F405.elf.dir/Core/Src/stm32f4xx_hal_timebase_tim.c.obj
                0x08000bb0                HAL_InitTick
 .text.NMI_Handler
                0x08000c54        0x2 CMakeFiles/WHEEL_07_F405.elf.dir/Core/Src/stm32f4xx_it.c.obj
                0x08000c54                NMI_Handler
 .text.HardFault_Handler
                0x08000c56        0x2 CMakeFiles/WHEEL_07_F405.elf.dir/Core/Src/stm32f4xx_it.c.obj
                0x08000c56                HardFault_Handler
 .text.MemManage_Handler
                0x08000c58        0x2 CMakeFiles/WHEEL_07_F405.elf.dir/Core/Src/stm32f4xx_it.c.obj
                0x08000c58                MemManage_Handler
 .text.BusFault_Handler
                0x08000c5a        0x2 CMakeFiles/WHEEL_07_F405.elf.dir/Core/Src/stm32f4xx_it.c.obj
                0x08000c5a                BusFault_Handler
 .text.UsageFault_Handler
                0x08000c5c        0x2 CMakeFiles/WHEEL_07_F405.elf.dir/Core/Src/stm32f4xx_it.c.obj
                0x08000c5c                UsageFault_Handler
 .text.DebugMon_Handler
                0x08000c5e        0x2 CMakeFiles/WHEEL_07_F405.elf.dir/Core/Src/stm32f4xx_it.c.obj
                0x08000c5e                DebugMon_Handler
 .text.CAN1_TX_IRQHandler
                0x08000c60       0x10 CMakeFiles/WHEEL_07_F405.elf.dir/Core/Src/stm32f4xx_it.c.obj
                0x08000c60                CAN1_TX_IRQHandler
 .text.CAN1_RX0_IRQHandler
                0x08000c70       0x10 CMakeFiles/WHEEL_07_F405.elf.dir/Core/Src/stm32f4xx_it.c.obj
                0x08000c70                CAN1_RX0_IRQHandler
 .text.CAN1_RX1_IRQHandler
                0x08000c80       0x10 CMakeFiles/WHEEL_07_F405.elf.dir/Core/Src/stm32f4xx_it.c.obj
                0x08000c80                CAN1_RX1_IRQHandler
 .text.TIM6_DAC_IRQHandler
                0x08000c90       0x10 CMakeFiles/WHEEL_07_F405.elf.dir/Core/Src/stm32f4xx_it.c.obj
                0x08000c90                TIM6_DAC_IRQHandler
 .text.DMA2_Stream0_IRQHandler
                0x08000ca0       0x10 CMakeFiles/WHEEL_07_F405.elf.dir/Core/Src/stm32f4xx_it.c.obj
                0x08000ca0                DMA2_Stream0_IRQHandler
 .text._sbrk    0x08000cb0       0x48 CMakeFiles/WHEEL_07_F405.elf.dir/Core/Src/sysmem.c.obj
                0x08000cb0                _sbrk
 .text.SystemInit
                0x08000cf8       0x1c CMakeFiles/WHEEL_07_F405.elf.dir/Core/Src/system_stm32f4xx.c.obj
                0x08000cf8                SystemInit
 .text.MX_TIM3_Init
                0x08000d14       0x70 CMakeFiles/WHEEL_07_F405.elf.dir/Core/Src/tim.c.obj
                0x08000d14                MX_TIM3_Init
 .text.HAL_TIM_Base_MspInit
                0x08000d84       0x30 CMakeFiles/WHEEL_07_F405.elf.dir/Core/Src/tim.c.obj
                0x08000d84                HAL_TIM_Base_MspInit
 .text.Reset_Handler
                0x08000db4       0x50 CMakeFiles/WHEEL_07_F405.elf.dir/Core/Startup/startup_stm32f405rgtx.s.obj
                0x08000db4                Reset_Handler
 .text.Default_Handler
                0x08000e04        0x2 CMakeFiles/WHEEL_07_F405.elf.dir/Core/Startup/startup_stm32f405rgtx.s.obj
                0x08000e04                RTC_Alarm_IRQHandler
                0x08000e04                HASH_RNG_IRQHandler
                0x08000e04                EXTI2_IRQHandler
                0x08000e04                TIM8_CC_IRQHandler
                0x08000e04                TIM1_CC_IRQHandler
                0x08000e04                DMA2_Stream5_IRQHandler
                0x08000e04                DMA1_Stream5_IRQHandler
                0x08000e04                PVD_IRQHandler
                0x08000e04                SDIO_IRQHandler
                0x08000e04                TAMP_STAMP_IRQHandler
                0x08000e04                CAN2_RX1_IRQHandler
                0x08000e04                EXTI3_IRQHandler
                0x08000e04                TIM8_TRG_COM_TIM14_IRQHandler
                0x08000e04                TIM1_UP_TIM10_IRQHandler
                0x08000e04                TIM8_UP_TIM13_IRQHandler
                0x08000e04                I2C3_ER_IRQHandler
                0x08000e04                EXTI0_IRQHandler
                0x08000e04                I2C2_EV_IRQHandler
                0x08000e04                DMA1_Stream2_IRQHandler
                0x08000e04                FPU_IRQHandler
                0x08000e04                OTG_HS_WKUP_IRQHandler
                0x08000e04                CAN2_SCE_IRQHandler
                0x08000e04                DMA2_Stream2_IRQHandler
                0x08000e04                SPI1_IRQHandler
                0x08000e04                TIM1_BRK_TIM9_IRQHandler
                0x08000e04                CAN2_RX0_IRQHandler
                0x08000e04                DMA2_Stream3_IRQHandler
                0x08000e04                USART6_IRQHandler
                0x08000e04                USART3_IRQHandler
                0x08000e04                UART5_IRQHandler
                0x08000e04                TIM4_IRQHandler
                0x08000e04                I2C1_EV_IRQHandler
                0x08000e04                DMA1_Stream6_IRQHandler
                0x08000e04                DMA1_Stream1_IRQHandler
                0x08000e04                UART4_IRQHandler
                0x08000e04                TIM3_IRQHandler
                0x08000e04                RCC_IRQHandler
                0x08000e04                TIM8_BRK_TIM12_IRQHandler
                0x08000e04                Default_Handler
                0x08000e04                EXTI15_10_IRQHandler
                0x08000e04                ADC_IRQHandler
                0x08000e04                DMA1_Stream7_IRQHandler
                0x08000e04                TIM7_IRQHandler
                0x08000e04                CAN2_TX_IRQHandler
                0x08000e04                TIM5_IRQHandler
                0x08000e04                DMA2_Stream7_IRQHandler
                0x08000e04                I2C3_EV_IRQHandler
                0x08000e04                EXTI9_5_IRQHandler
                0x08000e04                RTC_WKUP_IRQHandler
                0x08000e04                SPI2_IRQHandler
                0x08000e04                OTG_HS_EP1_IN_IRQHandler
                0x08000e04                DMA1_Stream0_IRQHandler
                0x08000e04                EXTI4_IRQHandler
                0x08000e04                FSMC_IRQHandler
                0x08000e04                OTG_HS_EP1_OUT_IRQHandler
                0x08000e04                WWDG_IRQHandler
                0x08000e04                TIM2_IRQHandler
                0x08000e04                OTG_FS_WKUP_IRQHandler
                0x08000e04                TIM1_TRG_COM_TIM11_IRQHandler
                0x08000e04                OTG_HS_IRQHandler
                0x08000e04                EXTI1_IRQHandler
                0x08000e04                USART2_IRQHandler
                0x08000e04                I2C2_ER_IRQHandler
                0x08000e04                DMA2_Stream1_IRQHandler
                0x08000e04                CAN1_SCE_IRQHandler
                0x08000e04                FLASH_IRQHandler
                0x08000e04                DMA2_Stream4_IRQHandler
                0x08000e04                USART1_IRQHandler
                0x08000e04                OTG_FS_IRQHandler
                0x08000e04                SPI3_IRQHandler
                0x08000e04                DMA1_Stream4_IRQHandler
                0x08000e04                I2C1_ER_IRQHandler
                0x08000e04                DMA2_Stream6_IRQHandler
                0x08000e04                DMA1_Stream3_IRQHandler
 *fill*         0x08000e06        0x2 
 .text.HAL_Init
                0x08000e08       0x34 CMakeFiles/WHEEL_07_F405.elf.dir/Drivers/STM32F4xx_HAL_Driver/Src/stm32f4xx_hal.c.obj
                0x08000e08                HAL_Init
 .text.HAL_IncTick
                0x08000e3c       0x18 CMakeFiles/WHEEL_07_F405.elf.dir/Drivers/STM32F4xx_HAL_Driver/Src/stm32f4xx_hal.c.obj
                0x08000e3c                HAL_IncTick
 .text.HAL_GetTick
                0x08000e54        0xc CMakeFiles/WHEEL_07_F405.elf.dir/Drivers/STM32F4xx_HAL_Driver/Src/stm32f4xx_hal.c.obj
                0x08000e54                HAL_GetTick
 .text.ADC_Init
                0x08000e60      0x134 CMakeFiles/WHEEL_07_F405.elf.dir/Drivers/STM32F4xx_HAL_Driver/Src/stm32f4xx_hal_adc.c.obj
 .text.HAL_ADC_Init
                0x08000f94       0x56 CMakeFiles/WHEEL_07_F405.elf.dir/Drivers/STM32F4xx_HAL_Driver/Src/stm32f4xx_hal_adc.c.obj
                0x08000f94                HAL_ADC_Init
 *fill*         0x08000fea        0x2 
 .text.HAL_ADC_Start_DMA
                0x08000fec      0x19c CMakeFiles/WHEEL_07_F405.elf.dir/Drivers/STM32F4xx_HAL_Driver/Src/stm32f4xx_hal_adc.c.obj
                0x08000fec                HAL_ADC_Start_DMA
 .text.HAL_ADC_ConvHalfCpltCallback
                0x08001188        0x2 CMakeFiles/WHEEL_07_F405.elf.dir/Drivers/STM32F4xx_HAL_Driver/Src/stm32f4xx_hal_adc.c.obj
                0x08001188                HAL_ADC_ConvHalfCpltCallback
 .text.ADC_DMAHalfConvCplt
                0x0800118a        0xa CMakeFiles/WHEEL_07_F405.elf.dir/Drivers/STM32F4xx_HAL_Driver/Src/stm32f4xx_hal_adc.c.obj
 .text.HAL_ADC_ErrorCallback
                0x08001194        0x2 CMakeFiles/WHEEL_07_F405.elf.dir/Drivers/STM32F4xx_HAL_Driver/Src/stm32f4xx_hal_adc.c.obj
                0x08001194                HAL_ADC_ErrorCallback
 .text.ADC_DMAError
                0x08001196       0x16 CMakeFiles/WHEEL_07_F405.elf.dir/Drivers/STM32F4xx_HAL_Driver/Src/stm32f4xx_hal_adc.c.obj
 .text.ADC_DMAConvCplt
                0x080011ac       0x72 CMakeFiles/WHEEL_07_F405.elf.dir/Drivers/STM32F4xx_HAL_Driver/Src/stm32f4xx_hal_adc.c.obj
 *fill*         0x0800121e        0x2 
 .text.HAL_ADC_ConfigChannel
                0x08001220      0x198 CMakeFiles/WHEEL_07_F405.elf.dir/Drivers/STM32F4xx_HAL_Driver/Src/stm32f4xx_hal_adc.c.obj
                0x08001220                HAL_ADC_ConfigChannel
 .text.HAL_CAN_Init
                0x080013b8      0x14c CMakeFiles/WHEEL_07_F405.elf.dir/Drivers/STM32F4xx_HAL_Driver/Src/stm32f4xx_hal_can.c.obj
                0x080013b8                HAL_CAN_Init
 .text.HAL_CAN_Start
                0x08001504       0x5c CMakeFiles/WHEEL_07_F405.elf.dir/Drivers/STM32F4xx_HAL_Driver/Src/stm32f4xx_hal_can.c.obj
                0x08001504                HAL_CAN_Start
 .text.HAL_CAN_GetRxMessage
                0x08001560      0x14a CMakeFiles/WHEEL_07_F405.elf.dir/Drivers/STM32F4xx_HAL_Driver/Src/stm32f4xx_hal_can.c.obj
                0x08001560                HAL_CAN_GetRxMessage
 .text.HAL_CAN_ActivateNotification
                0x080016aa       0x24 CMakeFiles/WHEEL_07_F405.elf.dir/Drivers/STM32F4xx_HAL_Driver/Src/stm32f4xx_hal_can.c.obj
                0x080016aa                HAL_CAN_ActivateNotification
 .text.HAL_CAN_TxMailbox0CompleteCallback
                0x080016ce        0x2 CMakeFiles/WHEEL_07_F405.elf.dir/Drivers/STM32F4xx_HAL_Driver/Src/stm32f4xx_hal_can.c.obj
                0x080016ce                HAL_CAN_TxMailbox0CompleteCallback
 .text.HAL_CAN_TxMailbox1CompleteCallback
                0x080016d0        0x2 CMakeFiles/WHEEL_07_F405.elf.dir/Drivers/STM32F4xx_HAL_Driver/Src/stm32f4xx_hal_can.c.obj
                0x080016d0                HAL_CAN_TxMailbox1CompleteCallback
 .text.HAL_CAN_TxMailbox2CompleteCallback
                0x080016d2        0x2 CMakeFiles/WHEEL_07_F405.elf.dir/Drivers/STM32F4xx_HAL_Driver/Src/stm32f4xx_hal_can.c.obj
                0x080016d2                HAL_CAN_TxMailbox2CompleteCallback
 .text.HAL_CAN_TxMailbox0AbortCallback
                0x080016d4        0x2 CMakeFiles/WHEEL_07_F405.elf.dir/Drivers/STM32F4xx_HAL_Driver/Src/stm32f4xx_hal_can.c.obj
                0x080016d4                HAL_CAN_TxMailbox0AbortCallback
 .text.HAL_CAN_TxMailbox1AbortCallback
                0x080016d6        0x2 CMakeFiles/WHEEL_07_F405.elf.dir/Drivers/STM32F4xx_HAL_Driver/Src/stm32f4xx_hal_can.c.obj
                0x080016d6                HAL_CAN_TxMailbox1AbortCallback
 .text.HAL_CAN_TxMailbox2AbortCallback
                0x080016d8        0x2 CMakeFiles/WHEEL_07_F405.elf.dir/Drivers/STM32F4xx_HAL_Driver/Src/stm32f4xx_hal_can.c.obj
                0x080016d8                HAL_CAN_TxMailbox2AbortCallback
 .text.HAL_CAN_RxFifo0FullCallback
                0x080016da        0x2 CMakeFiles/WHEEL_07_F405.elf.dir/Drivers/STM32F4xx_HAL_Driver/Src/stm32f4xx_hal_can.c.obj
                0x080016da                HAL_CAN_RxFifo0FullCallback
 .text.HAL_CAN_RxFifo1MsgPendingCallback
                0x080016dc        0x2 CMakeFiles/WHEEL_07_F405.elf.dir/Drivers/STM32F4xx_HAL_Driver/Src/stm32f4xx_hal_can.c.obj
                0x080016dc                HAL_CAN_RxFifo1MsgPendingCallback
 .text.HAL_CAN_RxFifo1FullCallback
                0x080016de        0x2 CMakeFiles/WHEEL_07_F405.elf.dir/Drivers/STM32F4xx_HAL_Driver/Src/stm32f4xx_hal_can.c.obj
                0x080016de                HAL_CAN_RxFifo1FullCallback
 .text.HAL_CAN_SleepCallback
                0x080016e0        0x2 CMakeFiles/WHEEL_07_F405.elf.dir/Drivers/STM32F4xx_HAL_Driver/Src/stm32f4xx_hal_can.c.obj
                0x080016e0                HAL_CAN_SleepCallback
 .text.HAL_CAN_WakeUpFromRxMsgCallback
                0x080016e2        0x2 CMakeFiles/WHEEL_07_F405.elf.dir/Drivers/STM32F4xx_HAL_Driver/Src/stm32f4xx_hal_can.c.obj
                0x080016e2                HAL_CAN_WakeUpFromRxMsgCallback
 .text.HAL_CAN_ErrorCallback
                0x080016e4        0x2 CMakeFiles/WHEEL_07_F405.elf.dir/Drivers/STM32F4xx_HAL_Driver/Src/stm32f4xx_hal_can.c.obj
                0x080016e4                HAL_CAN_ErrorCallback
 .text.HAL_CAN_IRQHandler
                0x080016e6      0x24a CMakeFiles/WHEEL_07_F405.elf.dir/Drivers/STM32F4xx_HAL_Driver/Src/stm32f4xx_hal_can.c.obj
                0x080016e6                HAL_CAN_IRQHandler
 .text.HAL_NVIC_SetPriorityGrouping
                0x08001930       0x24 CMakeFiles/WHEEL_07_F405.elf.dir/Drivers/STM32F4xx_HAL_Driver/Src/stm32f4xx_hal_cortex.c.obj
                0x08001930                HAL_NVIC_SetPriorityGrouping
 .text.HAL_NVIC_SetPriority
                0x08001954       0x70 CMakeFiles/WHEEL_07_F405.elf.dir/Drivers/STM32F4xx_HAL_Driver/Src/stm32f4xx_hal_cortex.c.obj
                0x08001954                HAL_NVIC_SetPriority
 .text.HAL_NVIC_EnableIRQ
                0x080019c4       0x1c CMakeFiles/WHEEL_07_F405.elf.dir/Drivers/STM32F4xx_HAL_Driver/Src/stm32f4xx_hal_cortex.c.obj
                0x080019c4                HAL_NVIC_EnableIRQ
 .text.DMA_SetConfig
                0x080019e0       0x2c CMakeFiles/WHEEL_07_F405.elf.dir/Drivers/STM32F4xx_HAL_Driver/Src/stm32f4xx_hal_dma.c.obj
 .text.DMA_CalcBaseAndBitshift
                0x08001a0c       0x44 CMakeFiles/WHEEL_07_F405.elf.dir/Drivers/STM32F4xx_HAL_Driver/Src/stm32f4xx_hal_dma.c.obj
 .text.DMA_CheckFifoParam
                0x08001a50       0x8e CMakeFiles/WHEEL_07_F405.elf.dir/Drivers/STM32F4xx_HAL_Driver/Src/stm32f4xx_hal_dma.c.obj
 *fill*         0x08001ade        0x2 
 .text.HAL_DMA_Init
                0x08001ae0       0xcc CMakeFiles/WHEEL_07_F405.elf.dir/Drivers/STM32F4xx_HAL_Driver/Src/stm32f4xx_hal_dma.c.obj
                0x08001ae0                HAL_DMA_Init
 .text.HAL_DMA_Start_IT
                0x08001bac       0x6a CMakeFiles/WHEEL_07_F405.elf.dir/Drivers/STM32F4xx_HAL_Driver/Src/stm32f4xx_hal_dma.c.obj
                0x08001bac                HAL_DMA_Start_IT
 *fill*         0x08001c16        0x2 
 .text.HAL_DMA_IRQHandler
                0x08001c18      0x1dc CMakeFiles/WHEEL_07_F405.elf.dir/Drivers/STM32F4xx_HAL_Driver/Src/stm32f4xx_hal_dma.c.obj
                0x08001c18                HAL_DMA_IRQHandler
 .text.HAL_GPIO_Init
                0x08001df4      0x1e4 CMakeFiles/WHEEL_07_F405.elf.dir/Drivers/STM32F4xx_HAL_Driver/Src/stm32f4xx_hal_gpio.c.obj
                0x08001df4                HAL_GPIO_Init
 .text.HAL_GPIO_WritePin
                0x08001fd8        0xc CMakeFiles/WHEEL_07_F405.elf.dir/Drivers/STM32F4xx_HAL_Driver/Src/stm32f4xx_hal_gpio.c.obj
                0x08001fd8                HAL_GPIO_WritePin
 .text.HAL_GPIO_TogglePin
                0x08001fe4       0x12 CMakeFiles/WHEEL_07_F405.elf.dir/Drivers/STM32F4xx_HAL_Driver/Src/stm32f4xx_hal_gpio.c.obj
                0x08001fe4                HAL_GPIO_TogglePin
 *fill*         0x08001ff6        0x2 
 .text.HAL_RCC_OscConfig
                0x08001ff8      0x3f8 CMakeFiles/WHEEL_07_F405.elf.dir/Drivers/STM32F4xx_HAL_Driver/Src/stm32f4xx_hal_rcc.c.obj
                0x08001ff8                HAL_RCC_OscConfig
 .text.HAL_RCC_GetSysClockFreq
                0x080023f0       0xa4 CMakeFiles/WHEEL_07_F405.elf.dir/Drivers/STM32F4xx_HAL_Driver/Src/stm32f4xx_hal_rcc.c.obj
                0x080023f0                HAL_RCC_GetSysClockFreq
 .text.HAL_RCC_ClockConfig
                0x08002494      0x160 CMakeFiles/WHEEL_07_F405.elf.dir/Drivers/STM32F4xx_HAL_Driver/Src/stm32f4xx_hal_rcc.c.obj
                0x08002494                HAL_RCC_ClockConfig
 .text.HAL_RCC_GetHCLKFreq
                0x080025f4        0xc CMakeFiles/WHEEL_07_F405.elf.dir/Drivers/STM32F4xx_HAL_Driver/Src/stm32f4xx_hal_rcc.c.obj
                0x080025f4                HAL_RCC_GetHCLKFreq
 .text.HAL_RCC_GetPCLK1Freq
                0x08002600       0x20 CMakeFiles/WHEEL_07_F405.elf.dir/Drivers/STM32F4xx_HAL_Driver/Src/stm32f4xx_hal_rcc.c.obj
                0x08002600                HAL_RCC_GetPCLK1Freq
 .text.HAL_RCC_GetClockConfig
                0x08002620       0x3c CMakeFiles/WHEEL_07_F405.elf.dir/Drivers/STM32F4xx_HAL_Driver/Src/stm32f4xx_hal_rcc.c.obj
                0x08002620                HAL_RCC_GetClockConfig
 .text.TIM_TI1_ConfigInputStage
                0x0800265c       0x26 CMakeFiles/WHEEL_07_F405.elf.dir/Drivers/STM32F4xx_HAL_Driver/Src/stm32f4xx_hal_tim.c.obj
 .text.TIM_TI2_ConfigInputStage
                0x08002682       0x28 CMakeFiles/WHEEL_07_F405.elf.dir/Drivers/STM32F4xx_HAL_Driver/Src/stm32f4xx_hal_tim.c.obj
 .text.TIM_ITRx_SetConfig
                0x080026aa       0x10 CMakeFiles/WHEEL_07_F405.elf.dir/Drivers/STM32F4xx_HAL_Driver/Src/stm32f4xx_hal_tim.c.obj
 *fill*         0x080026ba        0x2 
 .text.HAL_TIM_Base_Start
                0x080026bc       0x7c CMakeFiles/WHEEL_07_F405.elf.dir/Drivers/STM32F4xx_HAL_Driver/Src/stm32f4xx_hal_tim.c.obj
                0x080026bc                HAL_TIM_Base_Start
 .text.HAL_TIM_Base_Start_IT
                0x08002738       0x88 CMakeFiles/WHEEL_07_F405.elf.dir/Drivers/STM32F4xx_HAL_Driver/Src/stm32f4xx_hal_tim.c.obj
                0x08002738                HAL_TIM_Base_Start_IT
 .text.HAL_TIM_OC_DelayElapsedCallback
                0x080027c0        0x2 CMakeFiles/WHEEL_07_F405.elf.dir/Drivers/STM32F4xx_HAL_Driver/Src/stm32f4xx_hal_tim.c.obj
                0x080027c0                HAL_TIM_OC_DelayElapsedCallback
 .text.HAL_TIM_IC_CaptureCallback
                0x080027c2        0x2 CMakeFiles/WHEEL_07_F405.elf.dir/Drivers/STM32F4xx_HAL_Driver/Src/stm32f4xx_hal_tim.c.obj
                0x080027c2                HAL_TIM_IC_CaptureCallback
 .text.HAL_TIM_PWM_PulseFinishedCallback
                0x080027c4        0x2 CMakeFiles/WHEEL_07_F405.elf.dir/Drivers/STM32F4xx_HAL_Driver/Src/stm32f4xx_hal_tim.c.obj
                0x080027c4                HAL_TIM_PWM_PulseFinishedCallback
 .text.HAL_TIM_TriggerCallback
                0x080027c6        0x2 CMakeFiles/WHEEL_07_F405.elf.dir/Drivers/STM32F4xx_HAL_Driver/Src/stm32f4xx_hal_tim.c.obj
                0x080027c6                HAL_TIM_TriggerCallback
 .text.HAL_TIM_IRQHandler
                0x080027c8      0x17a CMakeFiles/WHEEL_07_F405.elf.dir/Drivers/STM32F4xx_HAL_Driver/Src/stm32f4xx_hal_tim.c.obj
                0x080027c8                HAL_TIM_IRQHandler
 *fill*         0x08002942        0x2 
 .text.TIM_Base_SetConfig
                0x08002944       0xc8 CMakeFiles/WHEEL_07_F405.elf.dir/Drivers/STM32F4xx_HAL_Driver/Src/stm32f4xx_hal_tim.c.obj
                0x08002944                TIM_Base_SetConfig
 .text.HAL_TIM_Base_Init
                0x08002a0c       0x58 CMakeFiles/WHEEL_07_F405.elf.dir/Drivers/STM32F4xx_HAL_Driver/Src/stm32f4xx_hal_tim.c.obj
                0x08002a0c                HAL_TIM_Base_Init
 .text.TIM_ETR_SetConfig
                0x08002a64       0x1a CMakeFiles/WHEEL_07_F405.elf.dir/Drivers/STM32F4xx_HAL_Driver/Src/stm32f4xx_hal_tim.c.obj
                0x08002a64                TIM_ETR_SetConfig
 .text.HAL_TIM_ConfigClockSource
                0x08002a7e       0xfe CMakeFiles/WHEEL_07_F405.elf.dir/Drivers/STM32F4xx_HAL_Driver/Src/stm32f4xx_hal_tim.c.obj
                0x08002a7e                HAL_TIM_ConfigClockSource
 .text.HAL_TIMEx_MasterConfigSynchronization
                0x08002b7c       0x8c CMakeFiles/WHEEL_07_F405.elf.dir/Drivers/STM32F4xx_HAL_Driver/Src/stm32f4xx_hal_tim_ex.c.obj
                0x08002b7c                HAL_TIMEx_MasterConfigSynchronization
 .text.HAL_TIMEx_CommutCallback
                0x08002c08        0x2 CMakeFiles/WHEEL_07_F405.elf.dir/Drivers/STM32F4xx_HAL_Driver/Src/stm32f4xx_hal_tim_ex.c.obj
                0x08002c08                HAL_TIMEx_CommutCallback
 .text.HAL_TIMEx_BreakCallback
                0x08002c0a        0x2 CMakeFiles/WHEEL_07_F405.elf.dir/Drivers/STM32F4xx_HAL_Driver/Src/stm32f4xx_hal_tim_ex.c.obj
                0x08002c0a                HAL_TIMEx_BreakCallback
 .text.SysTick_Handler
                0x08002c0c       0x18 CMakeFiles/WHEEL_07_F405.elf.dir/Middlewares/Third_Party/FreeRTOS/Source/CMSIS_RTOS_V2/cmsis_os2.c.obj
                0x08002c0c                SysTick_Handler
 .text.osKernelInitialize
                0x08002c24       0x24 CMakeFiles/WHEEL_07_F405.elf.dir/Middlewares/Third_Party/FreeRTOS/Source/CMSIS_RTOS_V2/cmsis_os2.c.obj
                0x08002c24                osKernelInitialize
 .text.osKernelStart
                0x08002c48       0x38 CMakeFiles/WHEEL_07_F405.elf.dir/Middlewares/Third_Party/FreeRTOS/Source/CMSIS_RTOS_V2/cmsis_os2.c.obj
                0x08002c48                osKernelStart
 .text.osThreadNew
                0x08002c80       0xbe CMakeFiles/WHEEL_07_F405.elf.dir/Middlewares/Third_Party/FreeRTOS/Source/CMSIS_RTOS_V2/cmsis_os2.c.obj
                0x08002c80                osThreadNew
 .text.osDelay  0x08002d3e       0x1c CMakeFiles/WHEEL_07_F405.elf.dir/Middlewares/Third_Party/FreeRTOS/Source/CMSIS_RTOS_V2/cmsis_os2.c.obj
                0x08002d3e                osDelay
 *fill*         0x08002d5a        0x2 
 .text.vApplicationGetIdleTaskMemory
                0x08002d5c       0x18 CMakeFiles/WHEEL_07_F405.elf.dir/Middlewares/Third_Party/FreeRTOS/Source/CMSIS_RTOS_V2/cmsis_os2.c.obj
                0x08002d5c                vApplicationGetIdleTaskMemory
 .text.vApplicationGetTimerTaskMemory
                0x08002d74       0x18 CMakeFiles/WHEEL_07_F405.elf.dir/Middlewares/Third_Party/FreeRTOS/Source/CMSIS_RTOS_V2/cmsis_os2.c.obj
                0x08002d74                vApplicationGetTimerTaskMemory
 .text.vListInitialise
                0x08002d8c       0x16 CMakeFiles/WHEEL_07_F405.elf.dir/Middlewares/Third_Party/FreeRTOS/Source/list.c.obj
                0x08002d8c                vListInitialise
 .text.vListInitialiseItem
                0x08002da2        0x6 CMakeFiles/WHEEL_07_F405.elf.dir/Middlewares/Third_Party/FreeRTOS/Source/list.c.obj
                0x08002da2                vListInitialiseItem
 .text.vListInsertEnd
                0x08002da8       0x16 CMakeFiles/WHEEL_07_F405.elf.dir/Middlewares/Third_Party/FreeRTOS/Source/list.c.obj
                0x08002da8                vListInsertEnd
 .text.vListInsert
                0x08002dbe       0x32 CMakeFiles/WHEEL_07_F405.elf.dir/Middlewares/Third_Party/FreeRTOS/Source/list.c.obj
                0x08002dbe                vListInsert
 .text.uxListRemove
                0x08002df0       0x26 CMakeFiles/WHEEL_07_F405.elf.dir/Middlewares/Third_Party/FreeRTOS/Source/list.c.obj
                0x08002df0                uxListRemove
 *fill*         0x08002e16        0x2 
 .text.prvTaskExitError
                0x08002e18       0x40 CMakeFiles/WHEEL_07_F405.elf.dir/Middlewares/Third_Party/FreeRTOS/Source/portable/GCC/ARM_CM4F/port.c.obj
 .text.prvPortStartFirstTask
                0x08002e58       0x28 CMakeFiles/WHEEL_07_F405.elf.dir/Middlewares/Third_Party/FreeRTOS/Source/portable/GCC/ARM_CM4F/port.c.obj
 .text.vPortEnableVFP
                0x08002e80       0x14 CMakeFiles/WHEEL_07_F405.elf.dir/Middlewares/Third_Party/FreeRTOS/Source/portable/GCC/ARM_CM4F/port.c.obj
 .text.pxPortInitialiseStack
                0x08002e94       0x2c CMakeFiles/WHEEL_07_F405.elf.dir/Middlewares/Third_Party/FreeRTOS/Source/portable/GCC/ARM_CM4F/port.c.obj
                0x08002e94                pxPortInitialiseStack
 .text.SVC_Handler
                0x08002ec0       0x24 CMakeFiles/WHEEL_07_F405.elf.dir/Middlewares/Third_Party/FreeRTOS/Source/portable/GCC/ARM_CM4F/port.c.obj
                0x08002ec0                SVC_Handler
 .text.vPortEnterCritical
                0x08002ee4       0x44 CMakeFiles/WHEEL_07_F405.elf.dir/Middlewares/Third_Party/FreeRTOS/Source/portable/GCC/ARM_CM4F/port.c.obj
                0x08002ee4                vPortEnterCritical
 .text.vPortExitCritical
                0x08002f28       0x2c CMakeFiles/WHEEL_07_F405.elf.dir/Middlewares/Third_Party/FreeRTOS/Source/portable/GCC/ARM_CM4F/port.c.obj
                0x08002f28                vPortExitCritical
 *fill*         0x08002f54        0xc 
 .text.PendSV_Handler
                0x08002f60       0x64 CMakeFiles/WHEEL_07_F405.elf.dir/Middlewares/Third_Party/FreeRTOS/Source/portable/GCC/ARM_CM4F/port.c.obj
                0x08002f60                PendSV_Handler
 .text.xPortSysTickHandler
                0x08002fc4       0x2c CMakeFiles/WHEEL_07_F405.elf.dir/Middlewares/Third_Party/FreeRTOS/Source/portable/GCC/ARM_CM4F/port.c.obj
                0x08002fc4                xPortSysTickHandler
 .text.vPortSetupTimerInterrupt
                0x08002ff0       0x28 CMakeFiles/WHEEL_07_F405.elf.dir/Middlewares/Third_Party/FreeRTOS/Source/portable/GCC/ARM_CM4F/port.c.obj
                0x08002ff0                vPortSetupTimerInterrupt
 .text.xPortStartScheduler
                0x08003018      0x118 CMakeFiles/WHEEL_07_F405.elf.dir/Middlewares/Third_Party/FreeRTOS/Source/portable/GCC/ARM_CM4F/port.c.obj
                0x08003018                xPortStartScheduler
 .text.vPortValidateInterruptPriority
                0x08003130       0x5c CMakeFiles/WHEEL_07_F405.elf.dir/Middlewares/Third_Party/FreeRTOS/Source/portable/GCC/ARM_CM4F/port.c.obj
                0x08003130                vPortValidateInterruptPriority
 .text.prvHeapInit
                0x0800318c       0x64 CMakeFiles/WHEEL_07_F405.elf.dir/Middlewares/Third_Party/FreeRTOS/Source/portable/MemMang/heap_4.c.obj
 .text.prvInsertBlockIntoFreeList
                0x080031f0       0x64 CMakeFiles/WHEEL_07_F405.elf.dir/Middlewares/Third_Party/FreeRTOS/Source/portable/MemMang/heap_4.c.obj
 .text.pvPortMalloc
                0x08003254       0xfc CMakeFiles/WHEEL_07_F405.elf.dir/Middlewares/Third_Party/FreeRTOS/Source/portable/MemMang/heap_4.c.obj
                0x08003254                pvPortMalloc
 .text.vPortFree
                0x08003350       0x7c CMakeFiles/WHEEL_07_F405.elf.dir/Middlewares/Third_Party/FreeRTOS/Source/portable/MemMang/heap_4.c.obj
                0x08003350                vPortFree
 .text.prvIsQueueFull
                0x080033cc       0x1e CMakeFiles/WHEEL_07_F405.elf.dir/Middlewares/Third_Party/FreeRTOS/Source/queue.c.obj
 .text.prvIsQueueEmpty
                0x080033ea       0x1a CMakeFiles/WHEEL_07_F405.elf.dir/Middlewares/Third_Party/FreeRTOS/Source/queue.c.obj
 .text.prvCopyDataToQueue
                0x08003404       0x76 CMakeFiles/WHEEL_07_F405.elf.dir/Middlewares/Third_Party/FreeRTOS/Source/queue.c.obj
 .text.prvCopyDataFromQueue
                0x0800347a       0x24 CMakeFiles/WHEEL_07_F405.elf.dir/Middlewares/Third_Party/FreeRTOS/Source/queue.c.obj
 .text.prvUnlockQueue
                0x0800349e       0x6e CMakeFiles/WHEEL_07_F405.elf.dir/Middlewares/Third_Party/FreeRTOS/Source/queue.c.obj
 .text.xQueueGenericReset
                0x0800350c       0x84 CMakeFiles/WHEEL_07_F405.elf.dir/Middlewares/Third_Party/FreeRTOS/Source/queue.c.obj
                0x0800350c                xQueueGenericReset
 .text.prvInitialiseNewQueue
                0x08003590       0x22 CMakeFiles/WHEEL_07_F405.elf.dir/Middlewares/Third_Party/FreeRTOS/Source/queue.c.obj
 .text.xQueueGenericCreateStatic
                0x080035b2       0x94 CMakeFiles/WHEEL_07_F405.elf.dir/Middlewares/Third_Party/FreeRTOS/Source/queue.c.obj
                0x080035b2                xQueueGenericCreateStatic
 .text.xQueueGenericSend
                0x08003646      0x188 CMakeFiles/WHEEL_07_F405.elf.dir/Middlewares/Third_Party/FreeRTOS/Source/queue.c.obj
                0x08003646                xQueueGenericSend
 .text.xQueueGenericSendFromISR
                0x080037ce       0xce CMakeFiles/WHEEL_07_F405.elf.dir/Middlewares/Third_Party/FreeRTOS/Source/queue.c.obj
                0x080037ce                xQueueGenericSendFromISR
 .text.xQueueReceive
                0x0800389c      0x15e CMakeFiles/WHEEL_07_F405.elf.dir/Middlewares/Third_Party/FreeRTOS/Source/queue.c.obj
                0x0800389c                xQueueReceive
 *fill*         0x080039fa        0x2 
 .text.vQueueAddToRegistry
                0x080039fc       0x28 CMakeFiles/WHEEL_07_F405.elf.dir/Middlewares/Third_Party/FreeRTOS/Source/queue.c.obj
                0x080039fc                vQueueAddToRegistry
 .text.vQueueWaitForMessageRestricted
                0x08003a24       0x52 CMakeFiles/WHEEL_07_F405.elf.dir/Middlewares/Third_Party/FreeRTOS/Source/queue.c.obj
                0x08003a24                vQueueWaitForMessageRestricted
 *fill*         0x08003a76        0x2 
 .text.prvTaskIsTaskSuspended
                0x08003a78       0x40 CMakeFiles/WHEEL_07_F405.elf.dir/Middlewares/Third_Party/FreeRTOS/Source/tasks.c.obj
 .text.prvResetNextTaskUnblockTime
                0x08003ab8       0x2c CMakeFiles/WHEEL_07_F405.elf.dir/Middlewares/Third_Party/FreeRTOS/Source/tasks.c.obj
 .text.prvInitialiseNewTask
                0x08003ae4      0x106 CMakeFiles/WHEEL_07_F405.elf.dir/Middlewares/Third_Party/FreeRTOS/Source/tasks.c.obj
 *fill*         0x08003bea        0x2 
 .text.prvInitialiseTaskLists
                0x08003bec       0x68 CMakeFiles/WHEEL_07_F405.elf.dir/Middlewares/Third_Party/FreeRTOS/Source/tasks.c.obj
 .text.prvAddNewTaskToReadyList
                0x08003c54       0xac CMakeFiles/WHEEL_07_F405.elf.dir/Middlewares/Third_Party/FreeRTOS/Source/tasks.c.obj
 .text.prvDeleteTCB
                0x08003d00       0x40 CMakeFiles/WHEEL_07_F405.elf.dir/Middlewares/Third_Party/FreeRTOS/Source/tasks.c.obj
 .text.prvCheckTasksWaitingTermination
                0x08003d40       0x4c CMakeFiles/WHEEL_07_F405.elf.dir/Middlewares/Third_Party/FreeRTOS/Source/tasks.c.obj
 .text.prvIdleTask
                0x08003d8c       0x28 CMakeFiles/WHEEL_07_F405.elf.dir/Middlewares/Third_Party/FreeRTOS/Source/tasks.c.obj
 .text.prvAddCurrentTaskToDelayedList
                0x08003db4       0x7c CMakeFiles/WHEEL_07_F405.elf.dir/Middlewares/Third_Party/FreeRTOS/Source/tasks.c.obj
 .text.xTaskCreateStatic
                0x08003e30       0x7a CMakeFiles/WHEEL_07_F405.elf.dir/Middlewares/Third_Party/FreeRTOS/Source/tasks.c.obj
                0x08003e30                xTaskCreateStatic
 .text.xTaskCreate
                0x08003eaa       0x6a CMakeFiles/WHEEL_07_F405.elf.dir/Middlewares/Third_Party/FreeRTOS/Source/tasks.c.obj
                0x08003eaa                xTaskCreate
 .text.xTaskResumeFromISR
                0x08003f14       0xa4 CMakeFiles/WHEEL_07_F405.elf.dir/Middlewares/Third_Party/FreeRTOS/Source/tasks.c.obj
                0x08003f14                xTaskResumeFromISR
 .text.vTaskStartScheduler
                0x08003fb8       0xac CMakeFiles/WHEEL_07_F405.elf.dir/Middlewares/Third_Party/FreeRTOS/Source/tasks.c.obj
                0x08003fb8                vTaskStartScheduler
 .text.vTaskSuspendAll
                0x08004064       0x10 CMakeFiles/WHEEL_07_F405.elf.dir/Middlewares/Third_Party/FreeRTOS/Source/tasks.c.obj
                0x08004064                vTaskSuspendAll
 .text.xTaskGetTickCount
                0x08004074        0xc CMakeFiles/WHEEL_07_F405.elf.dir/Middlewares/Third_Party/FreeRTOS/Source/tasks.c.obj
                0x08004074                xTaskGetTickCount
 .text.xTaskIncrementTick
                0x08004080      0x118 CMakeFiles/WHEEL_07_F405.elf.dir/Middlewares/Third_Party/FreeRTOS/Source/tasks.c.obj
                0x08004080                xTaskIncrementTick
 .text.xTaskResumeAll
                0x08004198       0xf8 CMakeFiles/WHEEL_07_F405.elf.dir/Middlewares/Third_Party/FreeRTOS/Source/tasks.c.obj
                0x08004198                xTaskResumeAll
 .text.vTaskDelay
                0x08004290       0x4c CMakeFiles/WHEEL_07_F405.elf.dir/Middlewares/Third_Party/FreeRTOS/Source/tasks.c.obj
                0x08004290                vTaskDelay
 .text.vTaskSwitchContext
                0x080042dc       0xa0 CMakeFiles/WHEEL_07_F405.elf.dir/Middlewares/Third_Party/FreeRTOS/Source/tasks.c.obj
                0x080042dc                vTaskSwitchContext
 .text.vTaskSuspend
                0x0800437c       0xc4 CMakeFiles/WHEEL_07_F405.elf.dir/Middlewares/Third_Party/FreeRTOS/Source/tasks.c.obj
                0x0800437c                vTaskSuspend
 .text.vTaskPlaceOnEventList
                0x08004440       0x30 CMakeFiles/WHEEL_07_F405.elf.dir/Middlewares/Third_Party/FreeRTOS/Source/tasks.c.obj
                0x08004440                vTaskPlaceOnEventList
 .text.vTaskPlaceOnEventListRestricted
                0x08004470       0x38 CMakeFiles/WHEEL_07_F405.elf.dir/Middlewares/Third_Party/FreeRTOS/Source/tasks.c.obj
                0x08004470                vTaskPlaceOnEventListRestricted
 .text.xTaskRemoveFromEventList
                0x080044a8       0x8c CMakeFiles/WHEEL_07_F405.elf.dir/Middlewares/Third_Party/FreeRTOS/Source/tasks.c.obj
                0x080044a8                xTaskRemoveFromEventList
 .text.vTaskInternalSetTimeOutState
                0x08004534       0x18 CMakeFiles/WHEEL_07_F405.elf.dir/Middlewares/Third_Party/FreeRTOS/Source/tasks.c.obj
                0x08004534                vTaskInternalSetTimeOutState
 .text.xTaskCheckForTimeOut
                0x0800454c       0x84 CMakeFiles/WHEEL_07_F405.elf.dir/Middlewares/Third_Party/FreeRTOS/Source/tasks.c.obj
                0x0800454c                xTaskCheckForTimeOut
 .text.vTaskMissedYield
                0x080045d0        0xc CMakeFiles/WHEEL_07_F405.elf.dir/Middlewares/Third_Party/FreeRTOS/Source/tasks.c.obj
                0x080045d0                vTaskMissedYield
 .text.xTaskGetCurrentTaskHandle
                0x080045dc        0xc CMakeFiles/WHEEL_07_F405.elf.dir/Middlewares/Third_Party/FreeRTOS/Source/tasks.c.obj
                0x080045dc                xTaskGetCurrentTaskHandle
 .text.xTaskGetSchedulerState
                0x080045e8       0x20 CMakeFiles/WHEEL_07_F405.elf.dir/Middlewares/Third_Party/FreeRTOS/Source/tasks.c.obj
                0x080045e8                xTaskGetSchedulerState
 .text.xTaskPriorityDisinherit
                0x08004608       0x90 CMakeFiles/WHEEL_07_F405.elf.dir/Middlewares/Third_Party/FreeRTOS/Source/tasks.c.obj
                0x08004608                xTaskPriorityDisinherit
 .text.prvGetNextExpireTime
                0x08004698       0x20 CMakeFiles/WHEEL_07_F405.elf.dir/Middlewares/Third_Party/FreeRTOS/Source/timers.c.obj
 .text.prvInsertTimerInActiveList
                0x080046b8       0x48 CMakeFiles/WHEEL_07_F405.elf.dir/Middlewares/Third_Party/FreeRTOS/Source/timers.c.obj
 .text.prvCheckForValidListAndQueue
                0x08004700       0x70 CMakeFiles/WHEEL_07_F405.elf.dir/Middlewares/Third_Party/FreeRTOS/Source/timers.c.obj
 .text.xTimerCreateTimerTask
                0x08004770       0x64 CMakeFiles/WHEEL_07_F405.elf.dir/Middlewares/Third_Party/FreeRTOS/Source/timers.c.obj
                0x08004770                xTimerCreateTimerTask
 .text.xTimerGenericCommand
                0x080047d4       0x6c CMakeFiles/WHEEL_07_F405.elf.dir/Middlewares/Third_Party/FreeRTOS/Source/timers.c.obj
                0x080047d4                xTimerGenericCommand
 .text.prvSwitchTimerLists
                0x08004840       0x7c CMakeFiles/WHEEL_07_F405.elf.dir/Middlewares/Third_Party/FreeRTOS/Source/timers.c.obj
 .text.prvSampleTimeNow
                0x080048bc       0x2c CMakeFiles/WHEEL_07_F405.elf.dir/Middlewares/Third_Party/FreeRTOS/Source/timers.c.obj
 .text.prvProcessExpiredTimer
                0x080048e8       0x6c CMakeFiles/WHEEL_07_F405.elf.dir/Middlewares/Third_Party/FreeRTOS/Source/timers.c.obj
 .text.prvProcessTimerOrBlockTask
                0x08004954       0x74 CMakeFiles/WHEEL_07_F405.elf.dir/Middlewares/Third_Party/FreeRTOS/Source/timers.c.obj
 .text.prvProcessReceivedCommands
                0x080049c8      0x10c CMakeFiles/WHEEL_07_F405.elf.dir/Middlewares/Third_Party/FreeRTOS/Source/timers.c.obj
 .text.prvTimerTask
                0x08004ad4       0x16 CMakeFiles/WHEEL_07_F405.elf.dir/Middlewares/Third_Party/FreeRTOS/Source/timers.c.obj
 *fill*         0x08004aea        0x2 
 .text.__errno  0x08004aec        0xc c:/progra~2/gnuarm~1/102021~1.10/bin/../lib/gcc/arm-none-eabi/10.3.1/../../../../arm-none-eabi/lib/thumb/v7e-m+fp/hard\libg.a(lib_a-errno.o)
                0x08004aec                __errno
 .text.__libc_init_array
                0x08004af8       0x48 c:/progra~2/gnuarm~1/102021~1.10/bin/../lib/gcc/arm-none-eabi/10.3.1/../../../../arm-none-eabi/lib/thumb/v7e-m+fp/hard\libg.a(lib_a-init.o)
                0x08004af8                __libc_init_array
 .text.memset   0x08004b40       0xa4 c:/progra~2/gnuarm~1/102021~1.10/bin/../lib/gcc/arm-none-eabi/10.3.1/../../../../arm-none-eabi/lib/thumb/v7e-m+fp/hard\libg.a(lib_a-memset.o)
                0x08004b40                memset
 .text.cleanup_glue
                0x08004be4       0x48 c:/progra~2/gnuarm~1/102021~1.10/bin/../lib/gcc/arm-none-eabi/10.3.1/../../../../arm-none-eabi/lib/thumb/v7e-m+fp/hard\libg.a(lib_a-reent.o)
                0x08004be4                cleanup_glue
 .text._reclaim_reent
                0x08004c2c       0x90 c:/progra~2/gnuarm~1/102021~1.10/bin/../lib/gcc/arm-none-eabi/10.3.1/../../../../arm-none-eabi/lib/thumb/v7e-m+fp/hard\libg.a(lib_a-reent.o)
                0x08004c2c                _reclaim_reent
 .text.startup.register_fini
                0x08004cbc       0x14 c:/progra~2/gnuarm~1/102021~1.10/bin/../lib/gcc/arm-none-eabi/10.3.1/../../../../arm-none-eabi/lib/thumb/v7e-m+fp/hard\libg.a(lib_a-__call_atexit.o)
 .text.atexit   0x08004cd0        0xc c:/progra~2/gnuarm~1/102021~1.10/bin/../lib/gcc/arm-none-eabi/10.3.1/../../../../arm-none-eabi/lib/thumb/v7e-m+fp/hard\libg.a(lib_a-atexit.o)
                0x08004cd0                atexit
 .text.__libc_fini_array
                0x08004cdc       0x2c c:/progra~2/gnuarm~1/102021~1.10/bin/../lib/gcc/arm-none-eabi/10.3.1/../../../../arm-none-eabi/lib/thumb/v7e-m+fp/hard\libg.a(lib_a-fini.o)
                0x08004cdc                __libc_fini_array
 .text._malloc_trim_r
                0x08004d08       0xa0 c:/progra~2/gnuarm~1/102021~1.10/bin/../lib/gcc/arm-none-eabi/10.3.1/../../../../arm-none-eabi/lib/thumb/v7e-m+fp/hard\libg.a(lib_a-freer.o)
                0x08004d08                _malloc_trim_r
 .text._free_r  0x08004da8      0x20c c:/progra~2/gnuarm~1/102021~1.10/bin/../lib/gcc/arm-none-eabi/10.3.1/../../../../arm-none-eabi/lib/thumb/v7e-m+fp/hard\libg.a(lib_a-freer.o)
                0x08004da8                _free_r
 .text.__retarget_lock_acquire_recursive
                0x08004fb4        0x4 c:/progra~2/gnuarm~1/102021~1.10/bin/../lib/gcc/arm-none-eabi/10.3.1/../../../../arm-none-eabi/lib/thumb/v7e-m+fp/hard\libg.a(lib_a-lock.o)
                0x08004fb4                __retarget_lock_acquire_recursive
 .text.__retarget_lock_release_recursive
                0x08004fb8        0x4 c:/progra~2/gnuarm~1/102021~1.10/bin/../lib/gcc/arm-none-eabi/10.3.1/../../../../arm-none-eabi/lib/thumb/v7e-m+fp/hard\libg.a(lib_a-lock.o)
                0x08004fb8                __retarget_lock_release_recursive
 .text.__malloc_lock
                0x08004fbc        0xc c:/progra~2/gnuarm~1/102021~1.10/bin/../lib/gcc/arm-none-eabi/10.3.1/../../../../arm-none-eabi/lib/thumb/v7e-m+fp/hard\libg.a(lib_a-mlock.o)
                0x08004fbc                __malloc_lock
 .text.__malloc_unlock
                0x08004fc8        0xc c:/progra~2/gnuarm~1/102021~1.10/bin/../lib/gcc/arm-none-eabi/10.3.1/../../../../arm-none-eabi/lib/thumb/v7e-m+fp/hard\libg.a(lib_a-mlock.o)
                0x08004fc8                __malloc_unlock
 .text._sbrk_r  0x08004fd4       0x24 c:/progra~2/gnuarm~1/102021~1.10/bin/../lib/gcc/arm-none-eabi/10.3.1/../../../../arm-none-eabi/lib/thumb/v7e-m+fp/hard\libg.a(lib_a-sbrkr.o)
                0x08004fd4                _sbrk_r
 .text.__register_exitproc
                0x08004ff8       0x8c c:/progra~2/gnuarm~1/102021~1.10/bin/../lib/gcc/arm-none-eabi/10.3.1/../../../../arm-none-eabi/lib/thumb/v7e-m+fp/hard\libg.a(lib_a-__atexit.o)
                0x08004ff8                __register_exitproc
 *(.glue_7)
 .glue_7        0x08005084        0x0 linker stubs
 *(.glue_7t)
 .glue_7t       0x08005084        0x0 linker stubs
 *(.eh_frame)
 .eh_frame      0x08005084        0x0 c:/progra~2/gnuarm~1/102021~1.10/bin/../lib/gcc/arm-none-eabi/10.3.1/thumb/v7e-m+fp/hard/crtbegin.o
 *(.init)
 .init          0x08005084        0x4 c:/progra~2/gnuarm~1/102021~1.10/bin/../lib/gcc/arm-none-eabi/10.3.1/thumb/v7e-m+fp/hard/crti.o
                0x08005084                _init
 .init          0x08005088        0x8 c:/progra~2/gnuarm~1/102021~1.10/bin/../lib/gcc/arm-none-eabi/10.3.1/thumb/v7e-m+fp/hard/crtn.o
 *(.fini)
 .fini          0x08005090        0x4 c:/progra~2/gnuarm~1/102021~1.10/bin/../lib/gcc/arm-none-eabi/10.3.1/thumb/v7e-m+fp/hard/crti.o
                0x08005090                _fini
 .fini          0x08005094        0x8 c:/progra~2/gnuarm~1/102021~1.10/bin/../lib/gcc/arm-none-eabi/10.3.1/thumb/v7e-m+fp/hard/crtn.o
                0x0800509c                . = ALIGN (0x4)
                0x0800509c                _etext = .

.vfp11_veneer   0x0800509c        0x0
 .vfp11_veneer  0x0800509c        0x0 linker stubs

.v4_bx          0x0800509c        0x0
 .v4_bx         0x0800509c        0x0 linker stubs

.iplt           0x0800509c        0x0
 .iplt          0x0800509c        0x0 c:/progra~2/gnuarm~1/102021~1.10/bin/../lib/gcc/arm-none-eabi/10.3.1/thumb/v7e-m+fp/hard/crtbegin.o

.rodata         0x0800509c       0xc8
                0x0800509c                . = ALIGN (0x4)
 *(.rodata)
 *(.rodata*)
 .rodata.str1.4
                0x0800509c       0x20 CMakeFiles/WHEEL_07_F405.elf.dir/Core/Src/freertos.c.obj
 .rodata.adcTask_attributes
                0x080050bc       0x24 CMakeFiles/WHEEL_07_F405.elf.dir/Core/Src/freertos.c.obj
                0x080050bc                adcTask_attributes
 .rodata.defaultTask_attributes
                0x080050e0       0x24 CMakeFiles/WHEEL_07_F405.elf.dir/Core/Src/freertos.c.obj
                0x080050e0                defaultTask_attributes
 .rodata.statusTask_attributes
                0x08005104       0x24 CMakeFiles/WHEEL_07_F405.elf.dir/Core/Src/freertos.c.obj
                0x08005104                statusTask_attributes
 .rodata.AHBPrescTable
                0x08005128       0x10 CMakeFiles/WHEEL_07_F405.elf.dir/Core/Src/system_stm32f4xx.c.obj
                0x08005128                AHBPrescTable
 .rodata.APBPrescTable
                0x08005138        0x8 CMakeFiles/WHEEL_07_F405.elf.dir/Core/Src/system_stm32f4xx.c.obj
                0x08005138                APBPrescTable
 .rodata.flagBitshiftOffset.0
                0x08005140        0x8 CMakeFiles/WHEEL_07_F405.elf.dir/Drivers/STM32F4xx_HAL_Driver/Src/stm32f4xx_hal_dma.c.obj
 .rodata.vTaskStartScheduler.str1.4
                0x08005148        0x5 CMakeFiles/WHEEL_07_F405.elf.dir/Middlewares/Third_Party/FreeRTOS/Source/tasks.c.obj
 *fill*         0x0800514d        0x3 
 .rodata.prvCheckForValidListAndQueue.str1.4
                0x08005150        0x5 CMakeFiles/WHEEL_07_F405.elf.dir/Middlewares/Third_Party/FreeRTOS/Source/timers.c.obj
 *fill*         0x08005155        0x3 
 .rodata.xTimerCreateTimerTask.str1.4
                0x08005158        0x8 CMakeFiles/WHEEL_07_F405.elf.dir/Middlewares/Third_Party/FreeRTOS/Source/timers.c.obj
 .rodata._global_impure_ptr
                0x08005160        0x4 c:/progra~2/gnuarm~1/102021~1.10/bin/../lib/gcc/arm-none-eabi/10.3.1/../../../../arm-none-eabi/lib/thumb/v7e-m+fp/hard\libg.a(lib_a-impure.o)
                0x08005160                _global_impure_ptr
                0x08005164                . = ALIGN (0x4)

.ARM.extab      0x08005164        0x0
                0x08005164                . = ALIGN (0x4)
 *(.ARM.extab* .gnu.linkonce.armextab.*)
                0x08005164                . = ALIGN (0x4)

.ARM            0x08005164        0x8
                0x08005164                . = ALIGN (0x4)
                0x08005164                __exidx_start = .
 *(.ARM.exidx*)
 .ARM.exidx     0x08005164        0x8 c:/progra~2/gnuarm~1/102021~1.10/bin/../lib/gcc/arm-none-eabi/10.3.1/thumb/v7e-m+fp/hard\libgcc.a(_udivmoddi4.o)
                0x0800516c                __exidx_end = .
                0x0800516c                . = ALIGN (0x4)

.rel.dyn        0x0800516c        0x0
 .rel.iplt      0x0800516c        0x0 c:/progra~2/gnuarm~1/102021~1.10/bin/../lib/gcc/arm-none-eabi/10.3.1/thumb/v7e-m+fp/hard/crtbegin.o

.preinit_array  0x0800516c        0x0
                0x0800516c                . = ALIGN (0x4)
                0x0800516c                PROVIDE (__preinit_array_start = .)
 *(.preinit_array*)
                0x0800516c                PROVIDE (__preinit_array_end = .)
                0x0800516c                . = ALIGN (0x4)

.init_array     0x0800516c        0x8
                0x0800516c                . = ALIGN (0x4)
                0x0800516c                PROVIDE (__init_array_start = .)
 *(SORT_BY_NAME(.init_array.*))
 .init_array.00000
                0x0800516c        0x4 c:/progra~2/gnuarm~1/102021~1.10/bin/../lib/gcc/arm-none-eabi/10.3.1/../../../../arm-none-eabi/lib/thumb/v7e-m+fp/hard\libg.a(lib_a-__call_atexit.o)
 *(.init_array*)
 .init_array    0x08005170        0x4 c:/progra~2/gnuarm~1/102021~1.10/bin/../lib/gcc/arm-none-eabi/10.3.1/thumb/v7e-m+fp/hard/crtbegin.o
                0x08005174                PROVIDE (__init_array_end = .)
                0x08005174                . = ALIGN (0x4)

.fini_array     0x08005174        0x4
                0x08005174                . = ALIGN (0x4)
                0x08005174                PROVIDE (__fini_array_start = .)
 *(SORT_BY_NAME(.fini_array.*))
 *(.fini_array*)
 .fini_array    0x08005174        0x4 c:/progra~2/gnuarm~1/102021~1.10/bin/../lib/gcc/arm-none-eabi/10.3.1/thumb/v7e-m+fp/hard/crtbegin.o
                0x08005178                PROVIDE (__fini_array_end = .)
                0x08005178                . = ALIGN (0x4)
                0x08005178                _sidata = LOADADDR (.data)

.data           0x20000000      0x854 load address 0x08005178
                0x20000000                . = ALIGN (0x4)
                0x20000000                _sdata = .
 *(.data)
 *(.data*)
 .data.SystemCoreClock
                0x20000000        0x4 CMakeFiles/WHEEL_07_F405.elf.dir/Core/Src/system_stm32f4xx.c.obj
                0x20000000                SystemCoreClock
 .data.uwTickFreq
                0x20000004        0x1 CMakeFiles/WHEEL_07_F405.elf.dir/Drivers/STM32F4xx_HAL_Driver/Src/stm32f4xx_hal.c.obj
                0x20000004                uwTickFreq
 *fill*         0x20000005        0x3 
 .data.uwTickPrio
                0x20000008        0x4 CMakeFiles/WHEEL_07_F405.elf.dir/Drivers/STM32F4xx_HAL_Driver/Src/stm32f4xx_hal.c.obj
                0x20000008                uwTickPrio
 .data.uxCriticalNesting
                0x2000000c        0x4 CMakeFiles/WHEEL_07_F405.elf.dir/Middlewares/Third_Party/FreeRTOS/Source/portable/GCC/ARM_CM4F/port.c.obj
 .data._impure_ptr
                0x20000010        0x4 c:/progra~2/gnuarm~1/102021~1.10/bin/../lib/gcc/arm-none-eabi/10.3.1/../../../../arm-none-eabi/lib/thumb/v7e-m+fp/hard\libg.a(lib_a-impure.o)
                0x20000010                _impure_ptr
 *fill*         0x20000014        0x4 
 .data.impure_data
                0x20000018      0x428 c:/progra~2/gnuarm~1/102021~1.10/bin/../lib/gcc/arm-none-eabi/10.3.1/../../../../arm-none-eabi/lib/thumb/v7e-m+fp/hard\libg.a(lib_a-impure.o)
 .data.__atexit_recursive_mutex
                0x20000440        0x4 c:/progra~2/gnuarm~1/102021~1.10/bin/../lib/gcc/arm-none-eabi/10.3.1/../../../../arm-none-eabi/lib/thumb/v7e-m+fp/hard\libg.a(lib_a-__call_atexit.o)
                0x20000440                __atexit_recursive_mutex
 .data.__malloc_av_
                0x20000444      0x408 c:/progra~2/gnuarm~1/102021~1.10/bin/../lib/gcc/arm-none-eabi/10.3.1/../../../../arm-none-eabi/lib/thumb/v7e-m+fp/hard\libg.a(lib_a-mallocr.o)
                0x20000444                __malloc_av_
 .data.__malloc_sbrk_base
                0x2000084c        0x4 c:/progra~2/gnuarm~1/102021~1.10/bin/../lib/gcc/arm-none-eabi/10.3.1/../../../../arm-none-eabi/lib/thumb/v7e-m+fp/hard\libg.a(lib_a-mallocr.o)
                0x2000084c                __malloc_sbrk_base
 .data.__malloc_trim_threshold
                0x20000850        0x4 c:/progra~2/gnuarm~1/102021~1.10/bin/../lib/gcc/arm-none-eabi/10.3.1/../../../../arm-none-eabi/lib/thumb/v7e-m+fp/hard\libg.a(lib_a-mallocr.o)
                0x20000850                __malloc_trim_threshold
 *(.RamFunc)
 *(.RamFunc*)
                0x20000854                . = ALIGN (0x4)
                0x20000854                _edata = .
                0x080059cc                _siccmram = LOADADDR (.ccmram)

.igot.plt       0x20000854        0x0 load address 0x080059cc
 .igot.plt      0x20000854        0x0 c:/progra~2/gnuarm~1/102021~1.10/bin/../lib/gcc/arm-none-eabi/10.3.1/thumb/v7e-m+fp/hard/crtbegin.o

.ccmram         0x10000000        0x0 load address 0x080059cc
                0x10000000                . = ALIGN (0x4)
                0x10000000                _sccmram = .
 *(.ccmram)
 *(.ccmram*)
                0x10000000                . = ALIGN (0x4)
                0x10000000                _eccmram = .
                0x10000000                . = ALIGN (0x4)

.bss            0x20000858     0x53e4
                0x20000858                _sbss = .
                0x20000858                __bss_start__ = _sbss
 *(.bss)
 .bss           0x20000858       0x1c c:/progra~2/gnuarm~1/102021~1.10/bin/../lib/gcc/arm-none-eabi/10.3.1/thumb/v7e-m+fp/hard/crtbegin.o
 *(.bss*)
 .bss.adcAvgData
                0x20000874       0x10 CMakeFiles/WHEEL_07_F405.elf.dir/Core/Src/adc.c.obj
                0x20000874                adcAvgData
 .bss.adcRawData
                0x20000884       0x10 CMakeFiles/WHEEL_07_F405.elf.dir/Core/Src/adc.c.obj
                0x20000884                adcRawData
 .bss.adcTaskHandleLocal
                0x20000894        0x4 CMakeFiles/WHEEL_07_F405.elf.dir/Core/Src/adc.c.obj
                0x20000894                adcTaskHandleLocal
 .bss.avgCounter
                0x20000898        0x2 CMakeFiles/WHEEL_07_F405.elf.dir/Core/Src/adc.c.obj
                0x20000898                avgCounter
 *fill*         0x2000089a        0x2 
 .bss.hadc1     0x2000089c       0x48 CMakeFiles/WHEEL_07_F405.elf.dir/Core/Src/adc.c.obj
                0x2000089c                hadc1
 .bss.hdma_adc1
                0x200008e4       0x60 CMakeFiles/WHEEL_07_F405.elf.dir/Core/Src/adc.c.obj
                0x200008e4                hdma_adc1
 .bss.hcan1     0x20000944       0x28 CMakeFiles/WHEEL_07_F405.elf.dir/Core/Src/can.c.obj
                0x20000944                hcan1
 .bss.adcTaskHandle
                0x2000096c        0x4 CMakeFiles/WHEEL_07_F405.elf.dir/Core/Src/freertos.c.obj
                0x2000096c                adcTaskHandle
 .bss.defaultTaskHandle
                0x20000970        0x4 CMakeFiles/WHEEL_07_F405.elf.dir/Core/Src/freertos.c.obj
                0x20000970                defaultTaskHandle
 .bss.statusTaskHandle
                0x20000974        0x4 CMakeFiles/WHEEL_07_F405.elf.dir/Core/Src/freertos.c.obj
                0x20000974                statusTaskHandle
 .bss.RxData    0x20000978        0x8 CMakeFiles/WHEEL_07_F405.elf.dir/Core/Src/main.c.obj
                0x20000978                RxData
 .bss.RxHeader  0x20000980       0x1c CMakeFiles/WHEEL_07_F405.elf.dir/Core/Src/main.c.obj
                0x20000980                RxHeader
 .bss.TxData    0x2000099c        0x8 CMakeFiles/WHEEL_07_F405.elf.dir/Core/Src/main.c.obj
                0x2000099c                TxData
 .bss.TxHeader  0x200009a4       0x18 CMakeFiles/WHEEL_07_F405.elf.dir/Core/Src/main.c.obj
                0x200009a4                TxHeader
 .bss.count     0x200009bc        0x1 CMakeFiles/WHEEL_07_F405.elf.dir/Core/Src/main.c.obj
                0x200009bc                count
 *fill*         0x200009bd        0x3 
 .bss.htim6     0x200009c0       0x48 CMakeFiles/WHEEL_07_F405.elf.dir/Core/Src/stm32f4xx_hal_timebase_tim.c.obj
                0x200009c0                htim6
 .bss.__sbrk_heap_end
                0x20000a08        0x4 CMakeFiles/WHEEL_07_F405.elf.dir/Core/Src/sysmem.c.obj
 .bss.htim3     0x20000a0c       0x48 CMakeFiles/WHEEL_07_F405.elf.dir/Core/Src/tim.c.obj
                0x20000a0c                htim3
 .bss.uwTick    0x20000a54        0x4 CMakeFiles/WHEEL_07_F405.elf.dir/Drivers/STM32F4xx_HAL_Driver/Src/stm32f4xx_hal.c.obj
                0x20000a54                uwTick
 .bss.Idle_Stack.2
                0x20000a58      0x200 CMakeFiles/WHEEL_07_F405.elf.dir/Middlewares/Third_Party/FreeRTOS/Source/CMSIS_RTOS_V2/cmsis_os2.c.obj
 .bss.Idle_TCB.3
                0x20000c58      0x488 CMakeFiles/WHEEL_07_F405.elf.dir/Middlewares/Third_Party/FreeRTOS/Source/CMSIS_RTOS_V2/cmsis_os2.c.obj
 .bss.KernelState
                0x200010e0        0x4 CMakeFiles/WHEEL_07_F405.elf.dir/Middlewares/Third_Party/FreeRTOS/Source/CMSIS_RTOS_V2/cmsis_os2.c.obj
 .bss.Timer_Stack.0
                0x200010e4      0x400 CMakeFiles/WHEEL_07_F405.elf.dir/Middlewares/Third_Party/FreeRTOS/Source/CMSIS_RTOS_V2/cmsis_os2.c.obj
 *fill*         0x200014e4        0x4 
 .bss.Timer_TCB.1
                0x200014e8      0x488 CMakeFiles/WHEEL_07_F405.elf.dir/Middlewares/Third_Party/FreeRTOS/Source/CMSIS_RTOS_V2/cmsis_os2.c.obj
 .bss.ucMaxSysCallPriority
                0x20001970        0x1 CMakeFiles/WHEEL_07_F405.elf.dir/Middlewares/Third_Party/FreeRTOS/Source/portable/GCC/ARM_CM4F/port.c.obj
 *fill*         0x20001971        0x3 
 .bss.ulMaxPRIGROUPValue
                0x20001974        0x4 CMakeFiles/WHEEL_07_F405.elf.dir/Middlewares/Third_Party/FreeRTOS/Source/portable/GCC/ARM_CM4F/port.c.obj
 .bss.pxEnd     0x20001978        0x4 CMakeFiles/WHEEL_07_F405.elf.dir/Middlewares/Third_Party/FreeRTOS/Source/portable/MemMang/heap_4.c.obj
 .bss.ucHeap    0x2000197c     0x3c00 CMakeFiles/WHEEL_07_F405.elf.dir/Middlewares/Third_Party/FreeRTOS/Source/portable/MemMang/heap_4.c.obj
 .bss.xBlockAllocatedBit
                0x2000557c        0x4 CMakeFiles/WHEEL_07_F405.elf.dir/Middlewares/Third_Party/FreeRTOS/Source/portable/MemMang/heap_4.c.obj
 .bss.xFreeBytesRemaining
                0x20005580        0x4 CMakeFiles/WHEEL_07_F405.elf.dir/Middlewares/Third_Party/FreeRTOS/Source/portable/MemMang/heap_4.c.obj
 .bss.xMinimumEverFreeBytesRemaining
                0x20005584        0x4 CMakeFiles/WHEEL_07_F405.elf.dir/Middlewares/Third_Party/FreeRTOS/Source/portable/MemMang/heap_4.c.obj
 .bss.xNumberOfSuccessfulAllocations
                0x20005588        0x4 CMakeFiles/WHEEL_07_F405.elf.dir/Middlewares/Third_Party/FreeRTOS/Source/portable/MemMang/heap_4.c.obj
 .bss.xNumberOfSuccessfulFrees
                0x2000558c        0x4 CMakeFiles/WHEEL_07_F405.elf.dir/Middlewares/Third_Party/FreeRTOS/Source/portable/MemMang/heap_4.c.obj
 .bss.xStart    0x20005590        0x8 CMakeFiles/WHEEL_07_F405.elf.dir/Middlewares/Third_Party/FreeRTOS/Source/portable/MemMang/heap_4.c.obj
 .bss.xQueueRegistry
                0x20005598       0x40 CMakeFiles/WHEEL_07_F405.elf.dir/Middlewares/Third_Party/FreeRTOS/Source/queue.c.obj
                0x20005598                xQueueRegistry
 .bss.pxCurrentTCB
                0x200055d8        0x4 CMakeFiles/WHEEL_07_F405.elf.dir/Middlewares/Third_Party/FreeRTOS/Source/tasks.c.obj
                0x200055d8                pxCurrentTCB
 .bss.pxDelayedTaskList
                0x200055dc        0x4 CMakeFiles/WHEEL_07_F405.elf.dir/Middlewares/Third_Party/FreeRTOS/Source/tasks.c.obj
 .bss.pxOverflowDelayedTaskList
                0x200055e0        0x4 CMakeFiles/WHEEL_07_F405.elf.dir/Middlewares/Third_Party/FreeRTOS/Source/tasks.c.obj
 .bss.pxReadyTasksLists
                0x200055e4      0x460 CMakeFiles/WHEEL_07_F405.elf.dir/Middlewares/Third_Party/FreeRTOS/Source/tasks.c.obj
 .bss.uxCurrentNumberOfTasks
                0x20005a44        0x4 CMakeFiles/WHEEL_07_F405.elf.dir/Middlewares/Third_Party/FreeRTOS/Source/tasks.c.obj
 .bss.uxDeletedTasksWaitingCleanUp
                0x20005a48        0x4 CMakeFiles/WHEEL_07_F405.elf.dir/Middlewares/Third_Party/FreeRTOS/Source/tasks.c.obj
 .bss.uxSchedulerSuspended
                0x20005a4c        0x4 CMakeFiles/WHEEL_07_F405.elf.dir/Middlewares/Third_Party/FreeRTOS/Source/tasks.c.obj
 .bss.uxTaskNumber
                0x20005a50        0x4 CMakeFiles/WHEEL_07_F405.elf.dir/Middlewares/Third_Party/FreeRTOS/Source/tasks.c.obj
 .bss.uxTopReadyPriority
                0x20005a54        0x4 CMakeFiles/WHEEL_07_F405.elf.dir/Middlewares/Third_Party/FreeRTOS/Source/tasks.c.obj
 .bss.xDelayedTaskList1
                0x20005a58       0x14 CMakeFiles/WHEEL_07_F405.elf.dir/Middlewares/Third_Party/FreeRTOS/Source/tasks.c.obj
 .bss.xDelayedTaskList2
                0x20005a6c       0x14 CMakeFiles/WHEEL_07_F405.elf.dir/Middlewares/Third_Party/FreeRTOS/Source/tasks.c.obj
 .bss.xIdleTaskHandle
                0x20005a80        0x4 CMakeFiles/WHEEL_07_F405.elf.dir/Middlewares/Third_Party/FreeRTOS/Source/tasks.c.obj
 .bss.xNextTaskUnblockTime
                0x20005a84        0x4 CMakeFiles/WHEEL_07_F405.elf.dir/Middlewares/Third_Party/FreeRTOS/Source/tasks.c.obj
 .bss.xNumOfOverflows
                0x20005a88        0x4 CMakeFiles/WHEEL_07_F405.elf.dir/Middlewares/Third_Party/FreeRTOS/Source/tasks.c.obj
 .bss.xPendedTicks
                0x20005a8c        0x4 CMakeFiles/WHEEL_07_F405.elf.dir/Middlewares/Third_Party/FreeRTOS/Source/tasks.c.obj
 .bss.xPendingReadyList
                0x20005a90       0x14 CMakeFiles/WHEEL_07_F405.elf.dir/Middlewares/Third_Party/FreeRTOS/Source/tasks.c.obj
 .bss.xSchedulerRunning
                0x20005aa4        0x4 CMakeFiles/WHEEL_07_F405.elf.dir/Middlewares/Third_Party/FreeRTOS/Source/tasks.c.obj
 .bss.xSuspendedTaskList
                0x20005aa8       0x14 CMakeFiles/WHEEL_07_F405.elf.dir/Middlewares/Third_Party/FreeRTOS/Source/tasks.c.obj
 .bss.xTasksWaitingTermination
                0x20005abc       0x14 CMakeFiles/WHEEL_07_F405.elf.dir/Middlewares/Third_Party/FreeRTOS/Source/tasks.c.obj
 .bss.xTickCount
                0x20005ad0        0x4 CMakeFiles/WHEEL_07_F405.elf.dir/Middlewares/Third_Party/FreeRTOS/Source/tasks.c.obj
 .bss.xYieldPending
                0x20005ad4        0x4 CMakeFiles/WHEEL_07_F405.elf.dir/Middlewares/Third_Party/FreeRTOS/Source/tasks.c.obj
 .bss.pxCurrentTimerList
                0x20005ad8        0x4 CMakeFiles/WHEEL_07_F405.elf.dir/Middlewares/Third_Party/FreeRTOS/Source/timers.c.obj
 .bss.pxOverflowTimerList
                0x20005adc        0x4 CMakeFiles/WHEEL_07_F405.elf.dir/Middlewares/Third_Party/FreeRTOS/Source/timers.c.obj
 .bss.ucStaticTimerQueueStorage.1
                0x20005ae0       0xa0 CMakeFiles/WHEEL_07_F405.elf.dir/Middlewares/Third_Party/FreeRTOS/Source/timers.c.obj
 .bss.xActiveTimerList1
                0x20005b80       0x14 CMakeFiles/WHEEL_07_F405.elf.dir/Middlewares/Third_Party/FreeRTOS/Source/timers.c.obj
 .bss.xActiveTimerList2
                0x20005b94       0x14 CMakeFiles/WHEEL_07_F405.elf.dir/Middlewares/Third_Party/FreeRTOS/Source/timers.c.obj
 .bss.xLastTime.2
                0x20005ba8        0x4 CMakeFiles/WHEEL_07_F405.elf.dir/Middlewares/Third_Party/FreeRTOS/Source/timers.c.obj
 .bss.xStaticTimerQueue.0
                0x20005bac       0x50 CMakeFiles/WHEEL_07_F405.elf.dir/Middlewares/Third_Party/FreeRTOS/Source/timers.c.obj
 .bss.xTimerQueue
                0x20005bfc        0x4 CMakeFiles/WHEEL_07_F405.elf.dir/Middlewares/Third_Party/FreeRTOS/Source/timers.c.obj
 .bss.xTimerTaskHandle
                0x20005c00        0x4 CMakeFiles/WHEEL_07_F405.elf.dir/Middlewares/Third_Party/FreeRTOS/Source/timers.c.obj
 .bss.errno     0x20005c04        0x4 c:/progra~2/gnuarm~1/102021~1.10/bin/../lib/gcc/arm-none-eabi/10.3.1/../../../../arm-none-eabi/lib/thumb/v7e-m+fp/hard\libg.a(lib_a-reent.o)
                0x20005c04                errno
 .bss.__lock___atexit_recursive_mutex
                0x20005c08        0x1 c:/progra~2/gnuarm~1/102021~1.10/bin/../lib/gcc/arm-none-eabi/10.3.1/../../../../arm-none-eabi/lib/thumb/v7e-m+fp/hard\libg.a(lib_a-lock.o)
                0x20005c08                __lock___atexit_recursive_mutex
 *fill*         0x20005c09        0x3 
 .bss.__lock___malloc_recursive_mutex
                0x20005c0c        0x1 c:/progra~2/gnuarm~1/102021~1.10/bin/../lib/gcc/arm-none-eabi/10.3.1/../../../../arm-none-eabi/lib/thumb/v7e-m+fp/hard\libg.a(lib_a-lock.o)
                0x20005c0c                __lock___malloc_recursive_mutex
 *fill*         0x20005c0d        0x3 
 .bss.__malloc_current_mallinfo
                0x20005c10       0x28 c:/progra~2/gnuarm~1/102021~1.10/bin/../lib/gcc/arm-none-eabi/10.3.1/../../../../arm-none-eabi/lib/thumb/v7e-m+fp/hard\libg.a(lib_a-mallocr.o)
                0x20005c10                __malloc_current_mallinfo
 .bss.__malloc_top_pad
                0x20005c38        0x4 c:/progra~2/gnuarm~1/102021~1.10/bin/../lib/gcc/arm-none-eabi/10.3.1/../../../../arm-none-eabi/lib/thumb/v7e-m+fp/hard\libg.a(lib_a-mallocr.o)
                0x20005c38                __malloc_top_pad
 *(COMMON)
                0x20005c3c                . = ALIGN (0x4)
                0x20005c3c                _ebss = .
                0x20005c3c                __bss_end__ = _ebss

._user_heap_stack
                0x20005c3c      0x604
                0x20005c40                . = ALIGN (0x8)
 *fill*         0x20005c3c        0x4 
                [!provide]                PROVIDE (end = .)
                0x20005c40                PROVIDE (_end = .)
                0x20005e40                . = (. + _Min_Heap_Size)
 *fill*         0x20005c40      0x200 
                0x20006240                . = (. + _Min_Stack_Size)
 *fill*         0x20005e40      0x400 
                0x20006240                . = ALIGN (0x8)

/DISCARD/
 libc.a(*)
 libm.a(*)
 libgcc.a(*)

.ARM.attributes
                0x00000000       0x30
 *(.ARM.attributes)
 .ARM.attributes
                0x00000000       0x1e c:/progra~2/gnuarm~1/102021~1.10/bin/../lib/gcc/arm-none-eabi/10.3.1/thumb/v7e-m+fp/hard/crti.o
 .ARM.attributes
                0x0000001e       0x34 c:/progra~2/gnuarm~1/102021~1.10/bin/../lib/gcc/arm-none-eabi/10.3.1/thumb/v7e-m+fp/hard/crtbegin.o
 .ARM.attributes
                0x00000052       0x34 CMakeFiles/WHEEL_07_F405.elf.dir/Core/Src/adc.c.obj
 .ARM.attributes
                0x00000086       0x34 CMakeFiles/WHEEL_07_F405.elf.dir/Core/Src/can.c.obj
 .ARM.attributes
                0x000000ba       0x34 CMakeFiles/WHEEL_07_F405.elf.dir/Core/Src/dma.c.obj
 .ARM.attributes
                0x000000ee       0x34 CMakeFiles/WHEEL_07_F405.elf.dir/Core/Src/freertos.c.obj
 .ARM.attributes
                0x00000122       0x34 CMakeFiles/WHEEL_07_F405.elf.dir/Core/Src/gpio.c.obj
 .ARM.attributes
                0x00000156       0x34 CMakeFiles/WHEEL_07_F405.elf.dir/Core/Src/main.c.obj
 .ARM.attributes
                0x0000018a       0x34 CMakeFiles/WHEEL_07_F405.elf.dir/Core/Src/stm32f4xx_hal_msp.c.obj
 .ARM.attributes
                0x000001be       0x34 CMakeFiles/WHEEL_07_F405.elf.dir/Core/Src/stm32f4xx_hal_timebase_tim.c.obj
 .ARM.attributes
                0x000001f2       0x34 CMakeFiles/WHEEL_07_F405.elf.dir/Core/Src/stm32f4xx_it.c.obj
 .ARM.attributes
                0x00000226       0x34 CMakeFiles/WHEEL_07_F405.elf.dir/Core/Src/sysmem.c.obj
 .ARM.attributes
                0x0000025a       0x34 CMakeFiles/WHEEL_07_F405.elf.dir/Core/Src/system_stm32f4xx.c.obj
 .ARM.attributes
                0x0000028e       0x34 CMakeFiles/WHEEL_07_F405.elf.dir/Core/Src/tim.c.obj
 .ARM.attributes
                0x000002c2       0x21 CMakeFiles/WHEEL_07_F405.elf.dir/Core/Startup/startup_stm32f405rgtx.s.obj
 .ARM.attributes
                0x000002e3       0x34 CMakeFiles/WHEEL_07_F405.elf.dir/Drivers/STM32F4xx_HAL_Driver/Src/stm32f4xx_hal.c.obj
 .ARM.attributes
                0x00000317       0x34 CMakeFiles/WHEEL_07_F405.elf.dir/Drivers/STM32F4xx_HAL_Driver/Src/stm32f4xx_hal_adc.c.obj
 .ARM.attributes
                0x0000034b       0x34 CMakeFiles/WHEEL_07_F405.elf.dir/Drivers/STM32F4xx_HAL_Driver/Src/stm32f4xx_hal_can.c.obj
 .ARM.attributes
                0x0000037f       0x34 CMakeFiles/WHEEL_07_F405.elf.dir/Drivers/STM32F4xx_HAL_Driver/Src/stm32f4xx_hal_cortex.c.obj
 .ARM.attributes
                0x000003b3       0x34 CMakeFiles/WHEEL_07_F405.elf.dir/Drivers/STM32F4xx_HAL_Driver/Src/stm32f4xx_hal_dma.c.obj
 .ARM.attributes
                0x000003e7       0x34 CMakeFiles/WHEEL_07_F405.elf.dir/Drivers/STM32F4xx_HAL_Driver/Src/stm32f4xx_hal_gpio.c.obj
 .ARM.attributes
                0x0000041b       0x34 CMakeFiles/WHEEL_07_F405.elf.dir/Drivers/STM32F4xx_HAL_Driver/Src/stm32f4xx_hal_rcc.c.obj
 .ARM.attributes
                0x0000044f       0x34 CMakeFiles/WHEEL_07_F405.elf.dir/Drivers/STM32F4xx_HAL_Driver/Src/stm32f4xx_hal_tim.c.obj
 .ARM.attributes
                0x00000483       0x34 CMakeFiles/WHEEL_07_F405.elf.dir/Drivers/STM32F4xx_HAL_Driver/Src/stm32f4xx_hal_tim_ex.c.obj
 .ARM.attributes
                0x000004b7       0x34 CMakeFiles/WHEEL_07_F405.elf.dir/Middlewares/Third_Party/FreeRTOS/Source/CMSIS_RTOS_V2/cmsis_os2.c.obj
 .ARM.attributes
                0x000004eb       0x34 CMakeFiles/WHEEL_07_F405.elf.dir/Middlewares/Third_Party/FreeRTOS/Source/list.c.obj
 .ARM.attributes
                0x0000051f       0x34 CMakeFiles/WHEEL_07_F405.elf.dir/Middlewares/Third_Party/FreeRTOS/Source/portable/GCC/ARM_CM4F/port.c.obj
 .ARM.attributes
                0x00000553       0x34 CMakeFiles/WHEEL_07_F405.elf.dir/Middlewares/Third_Party/FreeRTOS/Source/portable/MemMang/heap_4.c.obj
 .ARM.attributes
                0x00000587       0x34 CMakeFiles/WHEEL_07_F405.elf.dir/Middlewares/Third_Party/FreeRTOS/Source/queue.c.obj
 .ARM.attributes
                0x000005bb       0x34 CMakeFiles/WHEEL_07_F405.elf.dir/Middlewares/Third_Party/FreeRTOS/Source/tasks.c.obj
 .ARM.attributes
                0x000005ef       0x34 CMakeFiles/WHEEL_07_F405.elf.dir/Middlewares/Third_Party/FreeRTOS/Source/timers.c.obj
 .ARM.attributes
                0x00000623       0x1e c:/progra~2/gnuarm~1/102021~1.10/bin/../lib/gcc/arm-none-eabi/10.3.1/thumb/v7e-m+fp/hard\libgcc.a(_aeabi_uldivmod.o)
 .ARM.attributes
                0x00000641       0x34 c:/progra~2/gnuarm~1/102021~1.10/bin/../lib/gcc/arm-none-eabi/10.3.1/thumb/v7e-m+fp/hard\libgcc.a(_udivmoddi4.o)
 .ARM.attributes
                0x00000675       0x1e c:/progra~2/gnuarm~1/102021~1.10/bin/../lib/gcc/arm-none-eabi/10.3.1/thumb/v7e-m+fp/hard\libgcc.a(_dvmd_tls.o)
 .ARM.attributes
                0x00000693       0x34 c:/progra~2/gnuarm~1/102021~1.10/bin/../lib/gcc/arm-none-eabi/10.3.1/../../../../arm-none-eabi/lib/thumb/v7e-m+fp/hard\libg.a(lib_a-errno.o)
 .ARM.attributes
                0x000006c7       0x34 c:/progra~2/gnuarm~1/102021~1.10/bin/../lib/gcc/arm-none-eabi/10.3.1/../../../../arm-none-eabi/lib/thumb/v7e-m+fp/hard\libg.a(lib_a-impure.o)
 .ARM.attributes
                0x000006fb       0x34 c:/progra~2/gnuarm~1/102021~1.10/bin/../lib/gcc/arm-none-eabi/10.3.1/../../../../arm-none-eabi/lib/thumb/v7e-m+fp/hard\libg.a(lib_a-init.o)
 .ARM.attributes
                0x0000072f       0x1c c:/progra~2/gnuarm~1/102021~1.10/bin/../lib/gcc/arm-none-eabi/10.3.1/../../../../arm-none-eabi/lib/thumb/v7e-m+fp/hard\libg.a(lib_a-memcpy.o)
 .ARM.attributes
                0x0000074b       0x34 c:/progra~2/gnuarm~1/102021~1.10/bin/../lib/gcc/arm-none-eabi/10.3.1/../../../../arm-none-eabi/lib/thumb/v7e-m+fp/hard\libg.a(lib_a-memset.o)
 .ARM.attributes
                0x0000077f       0x34 c:/progra~2/gnuarm~1/102021~1.10/bin/../lib/gcc/arm-none-eabi/10.3.1/../../../../arm-none-eabi/lib/thumb/v7e-m+fp/hard\libg.a(lib_a-reent.o)
 .ARM.attributes
                0x000007b3       0x34 c:/progra~2/gnuarm~1/102021~1.10/bin/../lib/gcc/arm-none-eabi/10.3.1/../../../../arm-none-eabi/lib/thumb/v7e-m+fp/hard\libg.a(lib_a-__call_atexit.o)
 .ARM.attributes
                0x000007e7       0x34 c:/progra~2/gnuarm~1/102021~1.10/bin/../lib/gcc/arm-none-eabi/10.3.1/../../../../arm-none-eabi/lib/thumb/v7e-m+fp/hard\libg.a(lib_a-atexit.o)
 .ARM.attributes
                0x0000081b       0x34 c:/progra~2/gnuarm~1/102021~1.10/bin/../lib/gcc/arm-none-eabi/10.3.1/../../../../arm-none-eabi/lib/thumb/v7e-m+fp/hard\libg.a(lib_a-fini.o)
 .ARM.attributes
                0x0000084f       0x34 c:/progra~2/gnuarm~1/102021~1.10/bin/../lib/gcc/arm-none-eabi/10.3.1/../../../../arm-none-eabi/lib/thumb/v7e-m+fp/hard\libg.a(lib_a-freer.o)
 .ARM.attributes
                0x00000883       0x34 c:/progra~2/gnuarm~1/102021~1.10/bin/../lib/gcc/arm-none-eabi/10.3.1/../../../../arm-none-eabi/lib/thumb/v7e-m+fp/hard\libg.a(lib_a-lock.o)
 .ARM.attributes
                0x000008b7       0x34 c:/progra~2/gnuarm~1/102021~1.10/bin/../lib/gcc/arm-none-eabi/10.3.1/../../../../arm-none-eabi/lib/thumb/v7e-m+fp/hard\libg.a(lib_a-mallocr.o)
 .ARM.attributes
                0x000008eb       0x34 c:/progra~2/gnuarm~1/102021~1.10/bin/../lib/gcc/arm-none-eabi/10.3.1/../../../../arm-none-eabi/lib/thumb/v7e-m+fp/hard\libg.a(lib_a-mlock.o)
 .ARM.attributes
                0x0000091f       0x34 c:/progra~2/gnuarm~1/102021~1.10/bin/../lib/gcc/arm-none-eabi/10.3.1/../../../../arm-none-eabi/lib/thumb/v7e-m+fp/hard\libg.a(lib_a-sbrkr.o)
 .ARM.attributes
                0x00000953       0x34 c:/progra~2/gnuarm~1/102021~1.10/bin/../lib/gcc/arm-none-eabi/10.3.1/../../../../arm-none-eabi/lib/thumb/v7e-m+fp/hard\libg.a(lib_a-__atexit.o)
 .ARM.attributes
                0x00000987       0x1e c:/progra~2/gnuarm~1/102021~1.10/bin/../lib/gcc/arm-none-eabi/10.3.1/thumb/v7e-m+fp/hard/crtn.o
OUTPUT(WHEEL_07_F405.elf elf32-littlearm)
LOAD linker stubs
LOAD c:/progra~2/gnuarm~1/102021~1.10/bin/../lib/gcc/arm-none-eabi/10.3.1/../../../../arm-none-eabi/lib/thumb/v7e-m+fp/hard\libc.a
LOAD c:/progra~2/gnuarm~1/102021~1.10/bin/../lib/gcc/arm-none-eabi/10.3.1/../../../../arm-none-eabi/lib/thumb/v7e-m+fp/hard\libm.a
LOAD c:/progra~2/gnuarm~1/102021~1.10/bin/../lib/gcc/arm-none-eabi/10.3.1/thumb/v7e-m+fp/hard\libgcc.a

.debug_info     0x00000000    0x203e3
 .debug_info    0x00000000     0x1068 CMakeFiles/WHEEL_07_F405.elf.dir/Core/Src/adc.c.obj
 .debug_info    0x00001068      0xbed CMakeFiles/WHEEL_07_F405.elf.dir/Core/Src/can.c.obj
 .debug_info    0x00001c55      0x4ea CMakeFiles/WHEEL_07_F405.elf.dir/Core/Src/dma.c.obj
 .debug_info    0x0000213f      0x50a CMakeFiles/WHEEL_07_F405.elf.dir/Core/Src/freertos.c.obj
 .debug_info    0x00002649      0x45c CMakeFiles/WHEEL_07_F405.elf.dir/Core/Src/gpio.c.obj
 .debug_info    0x00002aa5     0x1208 CMakeFiles/WHEEL_07_F405.elf.dir/Core/Src/main.c.obj
 .debug_info    0x00003cad      0x4e6 CMakeFiles/WHEEL_07_F405.elf.dir/Core/Src/stm32f4xx_hal_msp.c.obj
 .debug_info    0x00004193      0xc8c CMakeFiles/WHEEL_07_F405.elf.dir/Core/Src/stm32f4xx_hal_timebase_tim.c.obj
 .debug_info    0x00004e1f      0xb81 CMakeFiles/WHEEL_07_F405.elf.dir/Core/Src/stm32f4xx_it.c.obj
 .debug_info    0x000059a0      0x174 CMakeFiles/WHEEL_07_F405.elf.dir/Core/Src/sysmem.c.obj
 .debug_info    0x00005b14      0x538 CMakeFiles/WHEEL_07_F405.elf.dir/Core/Src/system_stm32f4xx.c.obj
 .debug_info    0x0000604c      0xa14 CMakeFiles/WHEEL_07_F405.elf.dir/Core/Src/tim.c.obj
 .debug_info    0x00006a60       0x22 CMakeFiles/WHEEL_07_F405.elf.dir/Core/Startup/startup_stm32f405rgtx.s.obj
 .debug_info    0x00006a82      0x9de CMakeFiles/WHEEL_07_F405.elf.dir/Drivers/STM32F4xx_HAL_Driver/Src/stm32f4xx_hal.c.obj
 .debug_info    0x00007460      0xee1 CMakeFiles/WHEEL_07_F405.elf.dir/Drivers/STM32F4xx_HAL_Driver/Src/stm32f4xx_hal_adc.c.obj
 .debug_info    0x00008341     0x1266 CMakeFiles/WHEEL_07_F405.elf.dir/Drivers/STM32F4xx_HAL_Driver/Src/stm32f4xx_hal_can.c.obj
 .debug_info    0x000095a7     0x1086 CMakeFiles/WHEEL_07_F405.elf.dir/Drivers/STM32F4xx_HAL_Driver/Src/stm32f4xx_hal_cortex.c.obj
 .debug_info    0x0000a62d      0xb3f CMakeFiles/WHEEL_07_F405.elf.dir/Drivers/STM32F4xx_HAL_Driver/Src/stm32f4xx_hal_dma.c.obj
 .debug_info    0x0000b16c      0x7b0 CMakeFiles/WHEEL_07_F405.elf.dir/Drivers/STM32F4xx_HAL_Driver/Src/stm32f4xx_hal_gpio.c.obj
 .debug_info    0x0000b91c      0xb03 CMakeFiles/WHEEL_07_F405.elf.dir/Drivers/STM32F4xx_HAL_Driver/Src/stm32f4xx_hal_rcc.c.obj
 .debug_info    0x0000c41f     0x3d5b CMakeFiles/WHEEL_07_F405.elf.dir/Drivers/STM32F4xx_HAL_Driver/Src/stm32f4xx_hal_tim.c.obj
 .debug_info    0x0001017a     0x1ade CMakeFiles/WHEEL_07_F405.elf.dir/Drivers/STM32F4xx_HAL_Driver/Src/stm32f4xx_hal_tim_ex.c.obj
 .debug_info    0x00011c58     0x5363 CMakeFiles/WHEEL_07_F405.elf.dir/Middlewares/Third_Party/FreeRTOS/Source/CMSIS_RTOS_V2/cmsis_os2.c.obj
 .debug_info    0x00016fbb      0x2e0 CMakeFiles/WHEEL_07_F405.elf.dir/Middlewares/Third_Party/FreeRTOS/Source/list.c.obj
 .debug_info    0x0001729b      0x587 CMakeFiles/WHEEL_07_F405.elf.dir/Middlewares/Third_Party/FreeRTOS/Source/portable/GCC/ARM_CM4F/port.c.obj
 .debug_info    0x00017822      0x5d9 CMakeFiles/WHEEL_07_F405.elf.dir/Middlewares/Third_Party/FreeRTOS/Source/portable/MemMang/heap_4.c.obj
 .debug_info    0x00017dfb     0x2826 CMakeFiles/WHEEL_07_F405.elf.dir/Middlewares/Third_Party/FreeRTOS/Source/queue.c.obj
 .debug_info    0x0001a621     0x3a88 CMakeFiles/WHEEL_07_F405.elf.dir/Middlewares/Third_Party/FreeRTOS/Source/tasks.c.obj
 .debug_info    0x0001e0a9     0x233a CMakeFiles/WHEEL_07_F405.elf.dir/Middlewares/Third_Party/FreeRTOS/Source/timers.c.obj

.debug_abbrev   0x00000000     0x3f40
 .debug_abbrev  0x00000000      0x24d CMakeFiles/WHEEL_07_F405.elf.dir/Core/Src/adc.c.obj
 .debug_abbrev  0x0000024d      0x1f6 CMakeFiles/WHEEL_07_F405.elf.dir/Core/Src/can.c.obj
 .debug_abbrev  0x00000443      0x126 CMakeFiles/WHEEL_07_F405.elf.dir/Core/Src/dma.c.obj
 .debug_abbrev  0x00000569      0x184 CMakeFiles/WHEEL_07_F405.elf.dir/Core/Src/freertos.c.obj
 .debug_abbrev  0x000006ed      0x14e CMakeFiles/WHEEL_07_F405.elf.dir/Core/Src/gpio.c.obj
 .debug_abbrev  0x0000083b      0x271 CMakeFiles/WHEEL_07_F405.elf.dir/Core/Src/main.c.obj
 .debug_abbrev  0x00000aac      0x119 CMakeFiles/WHEEL_07_F405.elf.dir/Core/Src/stm32f4xx_hal_msp.c.obj
 .debug_abbrev  0x00000bc5      0x1ff CMakeFiles/WHEEL_07_F405.elf.dir/Core/Src/stm32f4xx_hal_timebase_tim.c.obj
 .debug_abbrev  0x00000dc4      0x1bb CMakeFiles/WHEEL_07_F405.elf.dir/Core/Src/stm32f4xx_it.c.obj
 .debug_abbrev  0x00000f7f       0xe7 CMakeFiles/WHEEL_07_F405.elf.dir/Core/Src/sysmem.c.obj
 .debug_abbrev  0x00001066      0x119 CMakeFiles/WHEEL_07_F405.elf.dir/Core/Src/system_stm32f4xx.c.obj
 .debug_abbrev  0x0000117f      0x1c5 CMakeFiles/WHEEL_07_F405.elf.dir/Core/Src/tim.c.obj
 .debug_abbrev  0x00001344       0x12 CMakeFiles/WHEEL_07_F405.elf.dir/Core/Startup/startup_stm32f405rgtx.s.obj
 .debug_abbrev  0x00001356      0x206 CMakeFiles/WHEEL_07_F405.elf.dir/Drivers/STM32F4xx_HAL_Driver/Src/stm32f4xx_hal.c.obj
 .debug_abbrev  0x0000155c      0x23a CMakeFiles/WHEEL_07_F405.elf.dir/Drivers/STM32F4xx_HAL_Driver/Src/stm32f4xx_hal_adc.c.obj
 .debug_abbrev  0x00001796      0x256 CMakeFiles/WHEEL_07_F405.elf.dir/Drivers/STM32F4xx_HAL_Driver/Src/stm32f4xx_hal_can.c.obj
 .debug_abbrev  0x000019ec      0x36a CMakeFiles/WHEEL_07_F405.elf.dir/Drivers/STM32F4xx_HAL_Driver/Src/stm32f4xx_hal_cortex.c.obj
 .debug_abbrev  0x00001d56      0x2c2 CMakeFiles/WHEEL_07_F405.elf.dir/Drivers/STM32F4xx_HAL_Driver/Src/stm32f4xx_hal_dma.c.obj
 .debug_abbrev  0x00002018      0x1ef CMakeFiles/WHEEL_07_F405.elf.dir/Drivers/STM32F4xx_HAL_Driver/Src/stm32f4xx_hal_gpio.c.obj
 .debug_abbrev  0x00002207      0x28a CMakeFiles/WHEEL_07_F405.elf.dir/Drivers/STM32F4xx_HAL_Driver/Src/stm32f4xx_hal_rcc.c.obj
 .debug_abbrev  0x00002491      0x22b CMakeFiles/WHEEL_07_F405.elf.dir/Drivers/STM32F4xx_HAL_Driver/Src/stm32f4xx_hal_tim.c.obj
 .debug_abbrev  0x000026bc      0x241 CMakeFiles/WHEEL_07_F405.elf.dir/Drivers/STM32F4xx_HAL_Driver/Src/stm32f4xx_hal_tim_ex.c.obj
 .debug_abbrev  0x000028fd      0x59d CMakeFiles/WHEEL_07_F405.elf.dir/Middlewares/Third_Party/FreeRTOS/Source/CMSIS_RTOS_V2/cmsis_os2.c.obj
 .debug_abbrev  0x00002e9a      0x106 CMakeFiles/WHEEL_07_F405.elf.dir/Middlewares/Third_Party/FreeRTOS/Source/list.c.obj
 .debug_abbrev  0x00002fa0      0x26b CMakeFiles/WHEEL_07_F405.elf.dir/Middlewares/Third_Party/FreeRTOS/Source/portable/GCC/ARM_CM4F/port.c.obj
 .debug_abbrev  0x0000320b      0x24b CMakeFiles/WHEEL_07_F405.elf.dir/Middlewares/Third_Party/FreeRTOS/Source/portable/MemMang/heap_4.c.obj
 .debug_abbrev  0x00003456      0x369 CMakeFiles/WHEEL_07_F405.elf.dir/Middlewares/Third_Party/FreeRTOS/Source/queue.c.obj
 .debug_abbrev  0x000037bf      0x401 CMakeFiles/WHEEL_07_F405.elf.dir/Middlewares/Third_Party/FreeRTOS/Source/tasks.c.obj
 .debug_abbrev  0x00003bc0      0x380 CMakeFiles/WHEEL_07_F405.elf.dir/Middlewares/Third_Party/FreeRTOS/Source/timers.c.obj

.debug_loc      0x00000000    0x1549e
 .debug_loc     0x00000000      0x108 CMakeFiles/WHEEL_07_F405.elf.dir/Core/Src/adc.c.obj
 .debug_loc     0x00000108       0x84 CMakeFiles/WHEEL_07_F405.elf.dir/Core/Src/can.c.obj
 .debug_loc     0x0000018c       0x4a CMakeFiles/WHEEL_07_F405.elf.dir/Core/Src/freertos.c.obj
 .debug_loc     0x000001d6       0x67 CMakeFiles/WHEEL_07_F405.elf.dir/Core/Src/main.c.obj
 .debug_loc     0x0000023d       0xf2 CMakeFiles/WHEEL_07_F405.elf.dir/Core/Src/stm32f4xx_hal_timebase_tim.c.obj
 .debug_loc     0x0000032f       0x64 CMakeFiles/WHEEL_07_F405.elf.dir/Core/Src/sysmem.c.obj
 .debug_loc     0x00000393      0x158 CMakeFiles/WHEEL_07_F405.elf.dir/Core/Src/system_stm32f4xx.c.obj
 .debug_loc     0x000004eb      0x141 CMakeFiles/WHEEL_07_F405.elf.dir/Drivers/STM32F4xx_HAL_Driver/Src/stm32f4xx_hal.c.obj
 .debug_loc     0x0000062c      0xba1 CMakeFiles/WHEEL_07_F405.elf.dir/Drivers/STM32F4xx_HAL_Driver/Src/stm32f4xx_hal_adc.c.obj
 .debug_loc     0x000011cd      0xde6 CMakeFiles/WHEEL_07_F405.elf.dir/Drivers/STM32F4xx_HAL_Driver/Src/stm32f4xx_hal_can.c.obj
 .debug_loc     0x00001fb3      0x744 CMakeFiles/WHEEL_07_F405.elf.dir/Drivers/STM32F4xx_HAL_Driver/Src/stm32f4xx_hal_cortex.c.obj
 .debug_loc     0x000026f7      0xbf9 CMakeFiles/WHEEL_07_F405.elf.dir/Drivers/STM32F4xx_HAL_Driver/Src/stm32f4xx_hal_dma.c.obj
 .debug_loc     0x000032f0      0x520 CMakeFiles/WHEEL_07_F405.elf.dir/Drivers/STM32F4xx_HAL_Driver/Src/stm32f4xx_hal_gpio.c.obj
 .debug_loc     0x00003810      0x58c CMakeFiles/WHEEL_07_F405.elf.dir/Drivers/STM32F4xx_HAL_Driver/Src/stm32f4xx_hal_rcc.c.obj
 .debug_loc     0x00003d9c     0x506c CMakeFiles/WHEEL_07_F405.elf.dir/Drivers/STM32F4xx_HAL_Driver/Src/stm32f4xx_hal_tim.c.obj
 .debug_loc     0x00008e08     0x1cd7 CMakeFiles/WHEEL_07_F405.elf.dir/Drivers/STM32F4xx_HAL_Driver/Src/stm32f4xx_hal_tim_ex.c.obj
 .debug_loc     0x0000aadf     0x5184 CMakeFiles/WHEEL_07_F405.elf.dir/Middlewares/Third_Party/FreeRTOS/Source/CMSIS_RTOS_V2/cmsis_os2.c.obj
 .debug_loc     0x0000fc63       0xad CMakeFiles/WHEEL_07_F405.elf.dir/Middlewares/Third_Party/FreeRTOS/Source/list.c.obj
 .debug_loc     0x0000fd10      0x124 CMakeFiles/WHEEL_07_F405.elf.dir/Middlewares/Third_Party/FreeRTOS/Source/portable/GCC/ARM_CM4F/port.c.obj
 .debug_loc     0x0000fe34      0x434 CMakeFiles/WHEEL_07_F405.elf.dir/Middlewares/Third_Party/FreeRTOS/Source/portable/MemMang/heap_4.c.obj
 .debug_loc     0x00010268     0x1ae8 CMakeFiles/WHEEL_07_F405.elf.dir/Middlewares/Third_Party/FreeRTOS/Source/queue.c.obj
 .debug_loc     0x00011d50     0x25f8 CMakeFiles/WHEEL_07_F405.elf.dir/Middlewares/Third_Party/FreeRTOS/Source/tasks.c.obj
 .debug_loc     0x00014348     0x1156 CMakeFiles/WHEEL_07_F405.elf.dir/Middlewares/Third_Party/FreeRTOS/Source/timers.c.obj

.debug_aranges  0x00000000     0x14f0
 .debug_aranges
                0x00000000       0x48 CMakeFiles/WHEEL_07_F405.elf.dir/Core/Src/adc.c.obj
 .debug_aranges
                0x00000048       0x30 CMakeFiles/WHEEL_07_F405.elf.dir/Core/Src/can.c.obj
 .debug_aranges
                0x00000078       0x20 CMakeFiles/WHEEL_07_F405.elf.dir/Core/Src/dma.c.obj
 .debug_aranges
                0x00000098       0x30 CMakeFiles/WHEEL_07_F405.elf.dir/Core/Src/freertos.c.obj
 .debug_aranges
                0x000000c8       0x20 CMakeFiles/WHEEL_07_F405.elf.dir/Core/Src/gpio.c.obj
 .debug_aranges
                0x000000e8       0x40 CMakeFiles/WHEEL_07_F405.elf.dir/Core/Src/main.c.obj
 .debug_aranges
                0x00000128       0x20 CMakeFiles/WHEEL_07_F405.elf.dir/Core/Src/stm32f4xx_hal_msp.c.obj
 .debug_aranges
                0x00000148       0x30 CMakeFiles/WHEEL_07_F405.elf.dir/Core/Src/stm32f4xx_hal_timebase_tim.c.obj
 .debug_aranges
                0x00000178       0x70 CMakeFiles/WHEEL_07_F405.elf.dir/Core/Src/stm32f4xx_it.c.obj
 .debug_aranges
                0x000001e8       0x20 CMakeFiles/WHEEL_07_F405.elf.dir/Core/Src/sysmem.c.obj
 .debug_aranges
                0x00000208       0x28 CMakeFiles/WHEEL_07_F405.elf.dir/Core/Src/system_stm32f4xx.c.obj
 .debug_aranges
                0x00000230       0x30 CMakeFiles/WHEEL_07_F405.elf.dir/Core/Src/tim.c.obj
 .debug_aranges
                0x00000260       0x28 CMakeFiles/WHEEL_07_F405.elf.dir/Core/Startup/startup_stm32f405rgtx.s.obj
 .debug_aranges
                0x00000288       0xf0 CMakeFiles/WHEEL_07_F405.elf.dir/Drivers/STM32F4xx_HAL_Driver/Src/stm32f4xx_hal.c.obj
 .debug_aranges
                0x00000378       0xe8 CMakeFiles/WHEEL_07_F405.elf.dir/Drivers/STM32F4xx_HAL_Driver/Src/stm32f4xx_hal_adc.c.obj
 .debug_aranges
                0x00000460      0x138 CMakeFiles/WHEEL_07_F405.elf.dir/Drivers/STM32F4xx_HAL_Driver/Src/stm32f4xx_hal_can.c.obj
 .debug_aranges
                0x00000598       0xa8 CMakeFiles/WHEEL_07_F405.elf.dir/Drivers/STM32F4xx_HAL_Driver/Src/stm32f4xx_hal_cortex.c.obj
 .debug_aranges
                0x00000640       0x90 CMakeFiles/WHEEL_07_F405.elf.dir/Drivers/STM32F4xx_HAL_Driver/Src/stm32f4xx_hal_dma.c.obj
 .debug_aranges
                0x000006d0       0x58 CMakeFiles/WHEEL_07_F405.elf.dir/Drivers/STM32F4xx_HAL_Driver/Src/stm32f4xx_hal_gpio.c.obj
 .debug_aranges
                0x00000728       0x88 CMakeFiles/WHEEL_07_F405.elf.dir/Drivers/STM32F4xx_HAL_Driver/Src/stm32f4xx_hal_rcc.c.obj
 .debug_aranges
                0x000007b0      0x3d0 CMakeFiles/WHEEL_07_F405.elf.dir/Drivers/STM32F4xx_HAL_Driver/Src/stm32f4xx_hal_tim.c.obj
 .debug_aranges
                0x00000b80      0x168 CMakeFiles/WHEEL_07_F405.elf.dir/Drivers/STM32F4xx_HAL_Driver/Src/stm32f4xx_hal_tim_ex.c.obj
 .debug_aranges
                0x00000ce8      0x2a0 CMakeFiles/WHEEL_07_F405.elf.dir/Middlewares/Third_Party/FreeRTOS/Source/CMSIS_RTOS_V2/cmsis_os2.c.obj
 .debug_aranges
                0x00000f88       0x40 CMakeFiles/WHEEL_07_F405.elf.dir/Middlewares/Third_Party/FreeRTOS/Source/list.c.obj
 .debug_aranges
                0x00000fc8       0x80 CMakeFiles/WHEEL_07_F405.elf.dir/Middlewares/Third_Party/FreeRTOS/Source/portable/GCC/ARM_CM4F/port.c.obj
 .debug_aranges
                0x00001048       0x58 CMakeFiles/WHEEL_07_F405.elf.dir/Middlewares/Third_Party/FreeRTOS/Source/portable/MemMang/heap_4.c.obj
 .debug_aranges