Archive member included to satisfy reference by file (symbol)

c:/progra~2/gnuarm~1/102021~1.10/bin/../lib/gcc/arm-none-eabi/10.3.1/thumb/v7e-m+fp/hard\libgcc.a(_aeabi_uldivmod.o)
                              CMakeFiles/WHEEL_07_F405.elf.dir/Drivers/STM32F4xx_HAL_Driver/Src/stm32f4xx_hal_rcc.c.obj (__aeabi_uldivmod)
c:/progra~2/gnuarm~1/102021~1.10/bin/../lib/gcc/arm-none-eabi/10.3.1/thumb/v7e-m+fp/hard\libgcc.a(_udivmoddi4.o)
                              c:/progra~2/gnuarm~1/102021~1.10/bin/../lib/gcc/arm-none-eabi/10.3.1/thumb/v7e-m+fp/hard\libgcc.a(_aeabi_uldivmod.o) (__udivmoddi4)
c:/progra~2/gnuarm~1/102021~1.10/bin/../lib/gcc/arm-none-eabi/10.3.1/thumb/v7e-m+fp/hard\libgcc.a(_dvmd_tls.o)
                              c:/progra~2/gnuarm~1/102021~1.10/bin/../lib/gcc/arm-none-eabi/10.3.1/thumb/v7e-m+fp/hard\libgcc.a(_aeabi_uldivmod.o) (__aeabi_ldiv0)
c:/progra~2/gnuarm~1/102021~1.10/bin/../lib/gcc/arm-none-eabi/10.3.1/../../../../arm-none-eabi/lib/thumb/v7e-m+fp/hard\libg.a(lib_a-errno.o)
                              CMakeFiles/WHEEL_07_F405.elf.dir/Core/Src/syscalls.c.obj (__errno)
c:/progra~2/gnuarm~1/102021~1.10/bin/../lib/gcc/arm-none-eabi/10.3.1/../../../../arm-none-eabi/lib/thumb/v7e-m+fp/hard\libg.a(lib_a-exit.o)
                              c:/progra~2/gnuarm~1/102021~1.10/bin/../lib/gcc/arm-none-eabi/10.3.1/../../../../arm-none-eabi/lib/thumb/v7e-m+fp/hard/crt0.o (exit)
c:/progra~2/gnuarm~1/102021~1.10/bin/../lib/gcc/arm-none-eabi/10.3.1/../../../../arm-none-eabi/lib/thumb/v7e-m+fp/hard\libg.a(lib_a-impure.o)
                              c:/progra~2/gnuarm~1/102021~1.10/bin/../lib/gcc/arm-none-eabi/10.3.1/../../../../arm-none-eabi/lib/thumb/v7e-m+fp/hard\libg.a(lib_a-exit.o) (_global_impure_ptr)
c:/progra~2/gnuarm~1/102021~1.10/bin/../lib/gcc/arm-none-eabi/10.3.1/../../../../arm-none-eabi/lib/thumb/v7e-m+fp/hard\libg.a(lib_a-init.o)
                              c:/progra~2/gnuarm~1/102021~1.10/bin/../lib/gcc/arm-none-eabi/10.3.1/../../../../arm-none-eabi/lib/thumb/v7e-m+fp/hard/crt0.o (__libc_init_array)
c:/progra~2/gnuarm~1/102021~1.10/bin/../lib/gcc/arm-none-eabi/10.3.1/../../../../arm-none-eabi/lib/thumb/v7e-m+fp/hard\libg.a(lib_a-memcpy.o)
                              CMakeFiles/WHEEL_07_F405.elf.dir/Middlewares/Third_Party/FreeRTOS/Source/CMSIS_RTOS_V2/cmsis_os2.c.obj (memcpy)
c:/progra~2/gnuarm~1/102021~1.10/bin/../lib/gcc/arm-none-eabi/10.3.1/../../../../arm-none-eabi/lib/thumb/v7e-m+fp/hard\libg.a(lib_a-memset.o)
                              c:/progra~2/gnuarm~1/102021~1.10/bin/../lib/gcc/arm-none-eabi/10.3.1/../../../../arm-none-eabi/lib/thumb/v7e-m+fp/hard/crt0.o (memset)
c:/progra~2/gnuarm~1/102021~1.10/bin/../lib/gcc/arm-none-eabi/10.3.1/../../../../arm-none-eabi/lib/thumb/v7e-m+fp/hard\libg.a(lib_a-reent.o)
                              CMakeFiles/WHEEL_07_F405.elf.dir/Middlewares/Third_Party/FreeRTOS/Source/tasks.c.obj (_reclaim_reent)
c:/progra~2/gnuarm~1/102021~1.10/bin/../lib/gcc/arm-none-eabi/10.3.1/../../../../arm-none-eabi/lib/thumb/v7e-m+fp/hard\libg.a(lib_a-__call_atexit.o)
                              c:/progra~2/gnuarm~1/102021~1.10/bin/../lib/gcc/arm-none-eabi/10.3.1/../../../../arm-none-eabi/lib/thumb/v7e-m+fp/hard\libg.a(lib_a-exit.o) (__call_exitprocs)
c:/progra~2/gnuarm~1/102021~1.10/bin/../lib/gcc/arm-none-eabi/10.3.1/../../../../arm-none-eabi/lib/thumb/v7e-m+fp/hard\libg.a(lib_a-atexit.o)
                              c:/progra~2/gnuarm~1/102021~1.10/bin/../lib/gcc/arm-none-eabi/10.3.1/../../../../arm-none-eabi/lib/thumb/v7e-m+fp/hard\libg.a(lib_a-__call_atexit.o) (atexit)
c:/progra~2/gnuarm~1/102021~1.10/bin/../lib/gcc/arm-none-eabi/10.3.1/../../../../arm-none-eabi/lib/thumb/v7e-m+fp/hard\libg.a(lib_a-fini.o)
                              c:/progra~2/gnuarm~1/102021~1.10/bin/../lib/gcc/arm-none-eabi/10.3.1/../../../../arm-none-eabi/lib/thumb/v7e-m+fp/hard\libg.a(lib_a-__call_atexit.o) (__libc_fini_array)
c:/progra~2/gnuarm~1/102021~1.10/bin/../lib/gcc/arm-none-eabi/10.3.1/../../../../arm-none-eabi/lib/thumb/v7e-m+fp/hard\libg.a(lib_a-freer.o)
                              c:/progra~2/gnuarm~1/102021~1.10/bin/../lib/gcc/arm-none-eabi/10.3.1/../../../../arm-none-eabi/lib/thumb/v7e-m+fp/hard\libg.a(lib_a-reent.o) (_free_r)
c:/progra~2/gnuarm~1/102021~1.10/bin/../lib/gcc/arm-none-eabi/10.3.1/../../../../arm-none-eabi/lib/thumb/v7e-m+fp/hard\libg.a(lib_a-lock.o)
                              c:/progra~2/gnuarm~1/102021~1.10/bin/../lib/gcc/arm-none-eabi/10.3.1/../../../../arm-none-eabi/lib/thumb/v7e-m+fp/hard\libg.a(lib_a-__call_atexit.o) (__retarget_lock_acquire_recursive)
c:/progra~2/gnuarm~1/102021~1.10/bin/../lib/gcc/arm-none-eabi/10.3.1/../../../../arm-none-eabi/lib/thumb/v7e-m+fp/hard\libg.a(lib_a-mallocr.o)
                              c:/progra~2/gnuarm~1/102021~1.10/bin/../lib/gcc/arm-none-eabi/10.3.1/../../../../arm-none-eabi/lib/thumb/v7e-m+fp/hard\libg.a(lib_a-freer.o) (__malloc_current_mallinfo)
[...]
Memory Configuration

Name             Origin             Length             Attributes
CCMRAM           0x10000000         0x00010000         xrw
RAM              0x20000000         0x00020000         xrw
FLASH            0x08000000         0x00100000         xr
*default*        0x00000000         0xffffffff

Linker script and memory map

LOAD c:/progra~2/gnuarm~1/102021~1.10/bin/../lib/gcc/arm-none-eabi/10.3.1/thumb/v7e-m+fp/hard/crti.o
LOAD c:/progra~2/gnuarm~1/102021~1.10/bin/../lib/gcc/arm-none-eabi/10.3.1/thumb/v7e-m+fp/hard/crtbegin.o
LOAD c:/progra~2/gnuarm~1/102021~1.10/bin/../lib/gcc/arm-none-eabi/10.3.1/../../../../arm-none-eabi/lib/thumb/v7e-m+fp/hard/crt0.o
LOAD CMakeFiles/WHEEL_07_F405.elf.dir/Core/Src/adc.c.obj
LOAD CMakeFiles/WHEEL_07_F405.elf.dir/Core/Src/can.c.obj
LOAD CMakeFiles/WHEEL_07_F405.elf.dir/Core/Src/dma.c.obj
LOAD CMakeFiles/WHEEL_07_F405.elf.dir/Core/Src/freertos.c.obj
LOAD CMakeFiles/WHEEL_07_F405.elf.dir/Core/Src/gpio.c.obj
LOAD CMakeFiles/WHEEL_07_F405.elf.dir/Core/Src/main.c.obj
LOAD CMakeFiles/WHEEL_07_F405.elf.dir/Core/Src/paddleIRQ.c.obj
LOAD CMakeFiles/WHEEL_07_F405.elf.dir/Core/Src/rotary.c.obj
LOAD CMakeFiles/WHEEL_07_F405.elf.dir/Core/Src/stm32f4xx_hal_msp.c.obj
LOAD CMakeFiles/WHEEL_07_F405.elf.dir/Core/Src/stm32f4xx_hal_timebase_tim.c.obj
LOAD CMakeFiles/WHEEL_07_F405.elf.dir/Core/Src/stm32f4xx_it.c.obj
LOAD CMakeFiles/WHEEL_07_F405.elf.dir/Core/Src/syscalls.c.obj
LOAD CMakeFiles/WHEEL_07_F405.elf.dir/Core/Src/sysmem.c.obj
LOAD CMakeFiles/WHEEL_07_F405.elf.dir/Core/Src/system_stm32f4xx.c.obj
LOAD CMakeFiles/WHEEL_07_F405.elf.dir/Core/Src/tim.c.obj
LOAD CMakeFiles/WHEEL_07_F405.elf.dir/Core/Startup/startup_stm32f405rgtx.s.obj
LOAD CMakeFiles/WHEEL_07_F405.elf.dir/Drivers/STM32F4xx_HAL_Driver/Src/stm32f4xx_hal.c.obj
LOAD CMakeFiles/WHEEL_07_F405.elf.dir/Drivers/STM32F4xx_HAL_Driver/Src/stm32f4xx_hal_adc.c.obj
LOAD CMakeFiles/WHEEL_07_F405.elf.dir/Drivers/STM32F4xx_HAL_Driver/Src/stm32f4xx_hal_adc_ex.c.obj
LOAD CMakeFiles/WHEEL_07_F405.elf.dir/Drivers/STM32F4xx_HAL_Driver/Src/stm32f4xx_hal_can.c.obj
LOAD CMakeFiles/WHEEL_07_F405.elf.dir/Drivers/STM32F4xx_HAL_Driver/Src/stm32f4xx_hal_cortex.c.obj
LOAD CMakeFiles/WHEEL_07_F405.elf.dir/Drivers/STM32F4xx_HAL_Driver/Src/stm32f4xx_hal_dma.c.obj
LOAD CMakeFiles/WHEEL_07_F405.elf.dir/Drivers/STM32F4xx_HAL_Driver/Src/stm32f4xx_hal_dma_ex.c.obj
LOAD CMakeFiles/WHEEL_07_F405.elf.dir/Drivers/STM32F4xx_HAL_Driver/Src/stm32f4xx_hal_exti.c.obj
LOAD CMakeFiles/WHEEL_07_F405.elf.dir/Drivers/STM32F4xx_HAL_Driver/Src/stm32f4xx_hal_flash.c.obj
LOAD CMakeFiles/WHEEL_07_F405.elf.dir/Drivers/STM32F4xx_HAL_Driver/Src/stm32f4xx_hal_flash_ex.c.obj
LOAD CMakeFiles/WHEEL_07_F405.elf.dir/Drivers/STM32F4xx_HAL_Driver/Src/stm32f4xx_hal_flash_ramfunc.c.obj
LOAD CMakeFiles/WHEEL_07_F405.elf.dir/Drivers/STM32F4xx_HAL_Driver/Src/stm32f4xx_hal_gpio.c.obj
LOAD CMakeFiles/WHEEL_07_F405.elf.dir/Drivers/STM32F4xx_HAL_Driver/Src/stm32f4xx_hal_pwr.c.obj
LOAD CMakeFiles/WHEEL_07_F405.elf.dir/Drivers/STM32F4xx_HAL_Driver/Src/stm32f4xx_hal_pwr_ex.c.obj
LOAD CMakeFiles/WHEEL_07_F405.elf.dir/Drivers/STM32F4xx_HAL_Driver/Src/stm32f4xx_hal_rcc.c.obj
LOAD CMakeFiles/WHEEL_07_F405.elf.dir/Drivers/STM32F4xx_HAL_Driver/Src/stm32f4xx_hal_rcc_ex.c.obj
LOAD CMakeFiles/WHEEL_07_F405.elf.dir/Drivers/STM32F4xx_HAL_Driver/Src/stm32f4xx_hal_tim.c.obj
LOAD CMakeFiles/WHEEL_07_F405.elf.dir/Drivers/STM32F4xx_HAL_Driver/Src/stm32f4xx_hal_tim_ex.c.obj
LOAD CMakeFiles/WHEEL_07_F405.elf.dir/Drivers/STM32F4xx_HAL_Driver/Src/stm32f4xx_ll_adc.c.obj
LOAD CMakeFiles/WHEEL_07_F405.elf.dir/Middlewares/Third_Party/FreeRTOS/Source/CMSIS_RTOS_V2/cmsis_os2.c.obj
LOAD CMakeFiles/WHEEL_07_F405.elf.dir/Middlewares/Third_Party/FreeRTOS/Source/croutine.c.obj
LOAD CMakeFiles/WHEEL_07_F405.elf.dir/Middlewares/Third_Party/FreeRTOS/Source/event_groups.c.obj
LOAD CMakeFiles/WHEEL_07_F405.elf.dir/Middlewares/Third_Party/FreeRTOS/Source/list.c.obj
LOAD CMakeFiles/WHEEL_07_F405.elf.dir/Middlewares/Third_Party/FreeRTOS/Source/portable/GCC/ARM_CM4F/port.c.obj
LOAD CMakeFiles/WHEEL_07_F405.elf.dir/Middlewares/Third_Party/FreeRTOS/Source/portable/MemMang/heap_4.c.obj
LOAD CMakeFiles/WHEEL_07_F405.elf.dir/Middlewares/Third_Party/FreeRTOS/Source/queue.c.obj
LOAD CMakeFiles/WHEEL_07_F405.elf.dir/Middlewares/Third_Party/FreeRTOS/Source/stream_buffer.c.obj
LOAD CMakeFiles/WHEEL_07_F405.elf.dir/Middlewares/Third_Party/FreeRTOS/Source/tasks.c.obj
LOAD CMakeFiles/WHEEL_07_F405.elf.dir/Middlewares/Third_Party/FreeRTOS/Source/timers.c.obj
START GROUP
LOAD c:/progra~2/gnuarm~1/102021~1.10/bin/../lib/gcc/arm-none-eabi/10.3.1/thumb/v7e-m+fp/hard\libgcc.a
LOAD c:/progra~2/gnuarm~1/102021~1.10/bin/../lib/gcc/arm-none-eabi/10.3.1/../../../../arm-none-eabi/lib/thumb/v7e-m+fp/hard\libg.a
LOAD c:/progra~2/gnuarm~1/102021~1.10/bin/../lib/gcc/arm-none-eabi/10.3.1/../../../../arm-none-eabi/lib/thumb/v7e-m+fp/hard\libc.a
END GROUP
LOAD c:/progra~2/gnuarm~1/102021~1.10/bin/../lib/gcc/arm-none-eabi/10.3.1/thumb/v7e-m+fp/hard/crtend.o
LOAD c:/progra~2/gnuarm~1/102021~1.10/bin/../lib/gcc/arm-none-eabi/10.3.1/thumb/v7e-m+fp/hard/crtn.o
                0x20020000                _estack = (ORIGIN (RAM) + LENGTH (RAM))
                0x00000200                _Min_Heap_Size = 0x200
                0x00000400                _Min_Stack_Size = 0x400

.isr_vector     0x08000000      0x188
                0x08000000                . = ALIGN (0x4)
 *(.isr_vector)
 .isr_vector    0x08000000      0x188 CMakeFiles/WHEEL_07_F405.elf.dir/Core/Startup/startup_stm32f405rgtx.s.obj
                0x08000000                g_pfnVectors
                0x08000188                . = ALIGN (0x4)

.text           0x08000190     0x54a0
                0x08000190                . = ALIGN (0x4)
 *(.text)
 .text          0x08000190       0x40 c:/progra~2/gnuarm~1/102021~1.10/bin/../lib/gcc/arm-none-eabi/10.3.1/thumb/v7e-m+fp/hard/crtbegin.o
 .text          0x080001d0       0x30 c:/progra~2/gnuarm~1/102021~1.10/bin/../lib/gcc/arm-none-eabi/10.3.1/thumb/v7e-m+fp/hard\libgcc.a(_aeabi_uldivmod.o)
                0x080001d0                __aeabi_uldivmod
 .text          0x08000200      0x2d0 c:/progra~2/gnuarm~1/102021~1.10/bin/../lib/gcc/arm-none-eabi/10.3.1/thumb/v7e-m+fp/hard\libgcc.a(_udivmoddi4.o)
                0x08000200                __udivmoddi4
 .text          0x080004d0        0x4 c:/progra~2/gnuarm~1/102021~1.10/bin/../lib/gcc/arm-none-eabi/10.3.1/thumb/v7e-m+fp/hard\libgcc.a(_dvmd_tls.o)
                0x080004d0                __aeabi_idiv0
                0x080004d0                __aeabi_ldiv0
 .text          0x080004d4      0x134 c:/progra~2/gnuarm~1/102021~1.10/bin/../lib/gcc/arm-none-eabi/10.3.1/../../../../arm-none-eabi/lib/thumb/v7e-m+fp/hard\libg.a(lib_a-memcpy.o)
                0x080004d4                memcpy
 *(.text*)
 .text.MX_ADC1_Init
                0x08000608       0xb8 CMakeFiles/WHEEL_07_F405.elf.dir/Core/Src/adc.c.obj
                0x08000608                MX_ADC1_Init
 .text.HAL_ADC_MspInit
                0x080006c0       0xac CMakeFiles/WHEEL_07_F405.elf.dir/Core/Src/adc.c.obj
                0x080006c0                HAL_ADC_MspInit
 .text.HAL_ADC_ConvCpltCallback
                0x0800076c       0x1c CMakeFiles/WHEEL_07_F405.elf.dir/Core/Src/adc.c.obj
                0x0800076c                HAL_ADC_ConvCpltCallback
 .text.adcStart
                0x08000788       0x20 CMakeFiles/WHEEL_07_F405.elf.dir/Core/Src/adc.c.obj
                0x08000788                adcStart
 .text.adcTaskStart
                0x080007a8       0x2c CMakeFiles/WHEEL_07_F405.elf.dir/Core/Src/adc.c.obj
                0x080007a8                adcTaskStart
 .text.MX_CAN1_Init
                0x080007d4       0x3c CMakeFiles/WHEEL_07_F405.elf.dir/Core/Src/can.c.obj
                0x080007d4                MX_CAN1_Init
 .text.HAL_CAN_MspInit
                0x08000810       0xa0 CMakeFiles/WHEEL_07_F405.elf.dir/Core/Src/can.c.obj
                0x08000810                HAL_CAN_MspInit
 .text.MX_DMA_Init
                0x080008b0       0x34 CMakeFiles/WHEEL_07_F405.elf.dir/Core/Src/dma.c.obj
                0x080008b0                MX_DMA_Init
 .text.StartDefaultTask
                0x080008e4        0xa CMakeFiles/WHEEL_07_F405.elf.dir/Core/Src/freertos.c.obj
                0x080008e4                StartDefaultTask
 *fill*         0x080008ee        0x2 
 .text.statusTaskStart
                0x080008f0       0x1c CMakeFiles/WHEEL_07_F405.elf.dir/Core/Src/freertos.c.obj
                0x080008f0                statusTaskStart
 .text.MX_FREERTOS_Init
                0x0800090c       0x88 CMakeFiles/WHEEL_07_F405.elf.dir/Core/Src/freertos.c.obj
                0x0800090c                MX_FREERTOS_Init
 .text.MX_GPIO_Init
                0x08000994       0xec CMakeFiles/WHEEL_07_F405.elf.dir/Core/Src/gpio.c.obj
                0x08000994                MX_GPIO_Init
 .text.HAL_CAN_RxFifo0MsgPendingCallback
                0x08000a80       0x24 CMakeFiles/WHEEL_07_F405.elf.dir/Core/Src/main.c.obj
                0x08000a80                HAL_CAN_RxFifo0MsgPendingCallback
 .text.HAL_TIM_PeriodElapsedCallback
                0x08000aa4       0x18 CMakeFiles/WHEEL_07_F405.elf.dir/Core/Src/main.c.obj
                0x08000aa4                HAL_TIM_PeriodElapsedCallback
 .text.Error_Handler
                0x08000abc        0x4 CMakeFiles/WHEEL_07_F405.elf.dir/Core/Src/main.c.obj
                0x08000abc                Error_Handler
 .text.SystemClock_Config
                0x08000ac0       0x88 CMakeFiles/WHEEL_07_F405.elf.dir/Core/Src/main.c.obj
                0x08000ac0                SystemClock_Config
 .text.main     0x08000b48       0x70 CMakeFiles/WHEEL_07_F405.elf.dir/Core/Src/main.c.obj
                0x08000b48                main
 .text.HAL_GPIO_EXTI_Callback
                0x08000bb8       0x34 CMakeFiles/WHEEL_07_F405.elf.dir/Core/Src/paddleIRQ.c.obj
                0x08000bb8                HAL_GPIO_EXTI_Callback
 .text.paddleIRQTaskStart
                0x08000bec       0x18 CMakeFiles/WHEEL_07_F405.elf.dir/Core/Src/paddleIRQ.c.obj
                0x08000bec                paddleIRQTaskStart
 .text.muxswInRange
                0x08000c04       0x8a CMakeFiles/WHEEL_07_F405.elf.dir/Core/Src/rotary.c.obj
                0x08000c04                muxswInRange
 *fill*         0x08000c8e        0x2 
 .text.muxswTaskStart
                0x08000c90       0x2c CMakeFiles/WHEEL_07_F405.elf.dir/Core/Src/rotary.c.obj
                0x08000c90                muxswTaskStart
 .text.HAL_MspInit
                0x08000cbc       0x44 CMakeFiles/WHEEL_07_F405.elf.dir/Core/Src/stm32f4xx_hal_msp.c.obj
                0x08000cbc                HAL_MspInit
 .text.HAL_InitTick
                0x08000d00       0xa4 CMakeFiles/WHEEL_07_F405.elf.dir/Core/Src/stm32f4xx_hal_timebase_tim.c.obj
                0x08000d00                HAL_InitTick
 .text.NMI_Handler
                0x08000da4        0x2 CMakeFiles/WHEEL_07_F405.elf.dir/Core/Src/stm32f4xx_it.c.obj
                0x08000da4                NMI_Handler
 .text.HardFault_Handler
                0x08000da6        0x2 CMakeFiles/WHEEL_07_F405.elf.dir/Core/Src/stm32f4xx_it.c.obj
                0x08000da6                HardFault_Handler
 .text.MemManage_Handler
                0x08000da8        0x2 CMakeFiles/WHEEL_07_F405.elf.dir/Core/Src/stm32f4xx_it.c.obj
                0x08000da8                MemManage_Handler
 .text.BusFault_Handler
                0x08000daa        0x2 CMakeFiles/WHEEL_07_F405.elf.dir/Core/Src/stm32f4xx_it.c.obj
                0x08000daa                BusFault_Handler
 .text.UsageFault_Handler
                0x08000dac        0x2 CMakeFiles/WHEEL_07_F405.elf.dir/Core/Src/stm32f4xx_it.c.obj
                0x08000dac                UsageFault_Handler
 .text.DebugMon_Handler
                0x08000dae        0x2 CMakeFiles/WHEEL_07_F405.elf.dir/Core/Src/stm32f4xx_it.c.obj
                0x08000dae                DebugMon_Handler
 .text.EXTI4_IRQHandler
                0x08000db0        0xa CMakeFiles/WHEEL_07_F405.elf.dir/Core/Src/stm32f4xx_it.c.obj
                0x08000db0                EXTI4_IRQHandler
 *fill*         0x08000dba        0x2 
 .text.CAN1_TX_IRQHandler
                0x08000dbc       0x10 CMakeFiles/WHEEL_07_F405.elf.dir/Core/Src/stm32f4xx_it.c.obj
                0x08000dbc                CAN1_TX_IRQHandler
 .text.CAN1_RX0_IRQHandler
                0x08000dcc       0x10 CMakeFiles/WHEEL_07_F405.elf.dir/Core/Src/stm32f4xx_it.c.obj
                0x08000dcc                CAN1_RX0_IRQHandler
 .text.CAN1_RX1_IRQHandler
                0x08000ddc       0x10 CMakeFiles/WHEEL_07_F405.elf.dir/Core/Src/stm32f4xx_it.c.obj
                0x08000ddc                CAN1_RX1_IRQHandler
 .text.EXTI9_5_IRQHandler
                0x08000dec        0xa CMakeFiles/WHEEL_07_F405.elf.dir/Core/Src/stm32f4xx_it.c.obj
                0x08000dec                EXTI9_5_IRQHandler
 *fill*         0x08000df6        0x2 
 .text.TIM6_DAC_IRQHandler
                0x08000df8       0x10 CMakeFiles/WHEEL_07_F405.elf.dir/Core/Src/stm32f4xx_it.c.obj
                0x08000df8                TIM6_DAC_IRQHandler
 .text.DMA2_Stream0_IRQHandler
                0x08000e08       0x10 CMakeFiles/WHEEL_07_F405.elf.dir/Core/Src/stm32f4xx_it.c.obj
                0x08000e08                DMA2_Stream0_IRQHandler
 .text._sbrk    0x08000e18       0x48 CMakeFiles/WHEEL_07_F405.elf.dir/Core/Src/sysmem.c.obj
                0x08000e18                _sbrk
 .text.SystemInit
                0x08000e60       0x1c CMakeFiles/WHEEL_07_F405.elf.dir/Core/Src/system_stm32f4xx.c.obj
                0x08000e60                SystemInit
 .text.MX_TIM3_Init
                0x08000e7c       0x70 CMakeFiles/WHEEL_07_F405.elf.dir/Core/Src/tim.c.obj
                0x08000e7c                MX_TIM3_Init
 .text.HAL_TIM_Base_MspInit
                0x08000eec       0x30 CMakeFiles/WHEEL_07_F405.elf.dir/Core/Src/tim.c.obj
                0x08000eec                HAL_TIM_Base_MspInit
 .text.Reset_Handler
                0x08000f1c       0x50 CMakeFiles/WHEEL_07_F405.elf.dir/Core/Startup/startup_stm32f405rgtx.s.obj
                0x08000f1c                Reset_Handler
 .text.Default_Handler
                0x08000f6c        0x2 CMakeFiles/WHEEL_07_F405.elf.dir/Core/Startup/startup_stm32f405rgtx.s.obj
                0x08000f6c                RTC_Alarm_IRQHandler
                0x08000f6c                HASH_RNG_IRQHandler
                0x08000f6c                EXTI2_IRQHandler
                0x08000f6c                TIM8_CC_IRQHandler
                0x08000f6c                TIM1_CC_IRQHandler
                0x08000f6c                DMA2_Stream5_IRQHandler
                0x08000f6c                DMA1_Stream5_IRQHandler
                0x08000f6c                PVD_IRQHandler
                0x08000f6c                SDIO_IRQHandler
                0x08000f6c                TAMP_STAMP_IRQHandler
                0x08000f6c                CAN2_RX1_IRQHandler
                0x08000f6c                EXTI3_IRQHandler
                0x08000f6c                TIM8_TRG_COM_TIM14_IRQHandler
                0x08000f6c                TIM1_UP_TIM10_IRQHandler
                0x08000f6c                TIM8_UP_TIM13_IRQHandler
                0x08000f6c                I2C3_ER_IRQHandler
                0x08000f6c                EXTI0_IRQHandler
                0x08000f6c                I2C2_EV_IRQHandler
                0x08000f6c                DMA1_Stream2_IRQHandler
                0x08000f6c                FPU_IRQHandler
                0x08000f6c                OTG_HS_WKUP_IRQHandler
                0x08000f6c                CAN2_SCE_IRQHandler
                0x08000f6c                DMA2_Stream2_IRQHandler
                0x08000f6c                SPI1_IRQHandler
                0x08000f6c                TIM1_BRK_TIM9_IRQHandler
                0x08000f6c                CAN2_RX0_IRQHandler
                0x08000f6c                DMA2_Stream3_IRQHandler
                0x08000f6c                USART6_IRQHandler
                0x08000f6c                USART3_IRQHandler
                0x08000f6c                UART5_IRQHandler
                0x08000f6c                TIM4_IRQHandler
                0x08000f6c                I2C1_EV_IRQHandler
                0x08000f6c                DMA1_Stream6_IRQHandler
                0x08000f6c                DMA1_Stream1_IRQHandler
                0x08000f6c                UART4_IRQHandler
                0x08000f6c                TIM3_IRQHandler
                0x08000f6c                RCC_IRQHandler
                0x08000f6c                TIM8_BRK_TIM12_IRQHandler
                0x08000f6c                Default_Handler
                0x08000f6c                EXTI15_10_IRQHandler
                0x08000f6c                ADC_IRQHandler
                0x08000f6c                DMA1_Stream7_IRQHandler
                0x08000f6c                TIM7_IRQHandler
                0x08000f6c                CAN2_TX_IRQHandler
                0x08000f6c                TIM5_IRQHandler
                0x08000f6c                DMA2_Stream7_IRQHandler
                0x08000f6c                I2C3_EV_IRQHandler
                0x08000f6c                RTC_WKUP_IRQHandler
                0x08000f6c                SPI2_IRQHandler
                0x08000f6c                OTG_HS_EP1_IN_IRQHandler
                0x08000f6c                DMA1_Stream0_IRQHandler
                0x08000f6c                FSMC_IRQHandler
                0x08000f6c                OTG_HS_EP1_OUT_IRQHandler
                0x08000f6c                WWDG_IRQHandler
                0x08000f6c                TIM2_IRQHandler
                0x08000f6c                OTG_FS_WKUP_IRQHandler
                0x08000f6c                TIM1_TRG_COM_TIM11_IRQHandler
                0x08000f6c                OTG_HS_IRQHandler
                0x08000f6c                EXTI1_IRQHandler
                0x08000f6c                USART2_IRQHandler
                0x08000f6c                I2C2_ER_IRQHandler
                0x08000f6c                DMA2_Stream1_IRQHandler
                0x08000f6c                CAN1_SCE_IRQHandler
                0x08000f6c                FLASH_IRQHandler
                0x08000f6c                DMA2_Stream4_IRQHandler
                0x08000f6c                USART1_IRQHandler
                0x08000f6c                OTG_FS_IRQHandler
                0x08000f6c                SPI3_IRQHandler
                0x08000f6c                DMA1_Stream4_IRQHandler
                0x08000f6c                I2C1_ER_IRQHandler
                0x08000f6c                DMA2_Stream6_IRQHandler
                0x08000f6c                DMA1_Stream3_IRQHandler
 *fill*         0x08000f6e        0x2 
 .text.HAL_Init
                0x08000f70       0x34 CMakeFiles/WHEEL_07_F405.elf.dir/Drivers/STM32F4xx_HAL_Driver/Src/stm32f4xx_hal.c.obj
                0x08000f70                HAL_Init
 .text.HAL_IncTick
                0x08000fa4       0x18 CMakeFiles/WHEEL_07_F405.elf.dir/Drivers/STM32F4xx_HAL_Driver/Src/stm32f4xx_hal.c.obj
                0x08000fa4                HAL_IncTick
 .text.HAL_GetTick
                0x08000fbc        0xc CMakeFiles/WHEEL_07_F405.elf.dir/Drivers/STM32F4xx_HAL_Driver/Src/stm32f4xx_hal.c.obj
                0x08000fbc                HAL_GetTick
 .text.ADC_Init
                0x08000fc8      0x134 CMakeFiles/WHEEL_07_F405.elf.dir/Drivers/STM32F4xx_HAL_Driver/Src/stm32f4xx_hal_adc.c.obj
 .text.HAL_ADC_Init
                0x080010fc       0x56 CMakeFiles/WHEEL_07_F405.elf.dir/Drivers/STM32F4xx_HAL_Driver/Src/stm32f4xx_hal_adc.c.obj
                0x080010fc                HAL_ADC_Init
 *fill*         0x08001152        0x2 
 .text.HAL_ADC_Start_DMA
                0x08001154      0x19c CMakeFiles/WHEEL_07_F405.elf.dir/Drivers/STM32F4xx_HAL_Driver/Src/stm32f4xx_hal_adc.c.obj
                0x08001154                HAL_ADC_Start_DMA
 .text.HAL_ADC_ConvHalfCpltCallback
                0x080012f0        0x2 CMakeFiles/WHEEL_07_F405.elf.dir/Drivers/STM32F4xx_HAL_Driver/Src/stm32f4xx_hal_adc.c.obj
                0x080012f0                HAL_ADC_ConvHalfCpltCallback
 .text.ADC_DMAHalfConvCplt
                0x080012f2        0xa CMakeFiles/WHEEL_07_F405.elf.dir/Drivers/STM32F4xx_HAL_Driver/Src/stm32f4xx_hal_adc.c.obj
 .text.HAL_ADC_ErrorCallback
                0x080012fc        0x2 CMakeFiles/WHEEL_07_F405.elf.dir/Drivers/STM32F4xx_HAL_Driver/Src/stm32f4xx_hal_adc.c.obj
                0x080012fc                HAL_ADC_ErrorCallback
 .text.ADC_DMAError
                0x080012fe       0x16 CMakeFiles/WHEEL_07_F405.elf.dir/Drivers/STM32F4xx_HAL_Driver/Src/stm32f4xx_hal_adc.c.obj
 .text.ADC_DMAConvCplt
                0x08001314       0x72 CMakeFiles/WHEEL_07_F405.elf.dir/Drivers/STM32F4xx_HAL_Driver/Src/stm32f4xx_hal_adc.c.obj
 *fill*         0x08001386        0x2 
 .text.HAL_ADC_ConfigChannel
                0x08001388      0x198 CMakeFiles/WHEEL_07_F405.elf.dir/Drivers/STM32F4xx_HAL_Driver/Src/stm32f4xx_hal_adc.c.obj
                0x08001388                HAL_ADC_ConfigChannel
 .text.HAL_CAN_Init
                0x08001520      0x14c CMakeFiles/WHEEL_07_F405.elf.dir/Drivers/STM32F4xx_HAL_Driver/Src/stm32f4xx_hal_can.c.obj
                0x08001520                HAL_CAN_Init
 .text.HAL_CAN_Start
                0x0800166c       0x5c CMakeFiles/WHEEL_07_F405.elf.dir/Drivers/STM32F4xx_HAL_Driver/Src/stm32f4xx_hal_can.c.obj
                0x0800166c                HAL_CAN_Start
 .text.HAL_CAN_GetRxMessage
                0x080016c8      0x14a CMakeFiles/WHEEL_07_F405.elf.dir/Drivers/STM32F4xx_HAL_Driver/Src/stm32f4xx_hal_can.c.obj
                0x080016c8                HAL_CAN_GetRxMessage
 .text.HAL_CAN_ActivateNotification
                0x08001812       0x24 CMakeFiles/WHEEL_07_F405.elf.dir/Drivers/STM32F4xx_HAL_Driver/Src/stm32f4xx_hal_can.c.obj
                0x08001812                HAL_CAN_ActivateNotification
 .text.HAL_CAN_TxMailbox0CompleteCallback
                0x08001836        0x2 CMakeFiles/WHEEL_07_F405.elf.dir/Drivers/STM32F4xx_HAL_Driver/Src/stm32f4xx_hal_can.c.obj
                0x08001836                HAL_CAN_TxMailbox0CompleteCallback
 .text.HAL_CAN_TxMailbox1CompleteCallback
                0x08001838        0x2 CMakeFiles/WHEEL_07_F405.elf.dir/Drivers/STM32F4xx_HAL_Driver/Src/stm32f4xx_hal_can.c.obj
                0x08001838                HAL_CAN_TxMailbox1CompleteCallback
 .text.HAL_CAN_TxMailbox2CompleteCallback
                0x0800183a        0x2 CMakeFiles/WHEEL_07_F405.elf.dir/Drivers/STM32F4xx_HAL_Driver/Src/stm32f4xx_hal_can.c.obj
                0x0800183a                HAL_CAN_TxMailbox2CompleteCallback
 .text.HAL_CAN_TxMailbox0AbortCallback
                0x0800183c        0x2 CMakeFiles/WHEEL_07_F405.elf.dir/Drivers/STM32F4xx_HAL_Driver/Src/stm32f4xx_hal_can.c.obj
                0x0800183c                HAL_CAN_TxMailbox0AbortCallback
 .text.HAL_CAN_TxMailbox1AbortCallback
                0x0800183e        0x2 CMakeFiles/WHEEL_07_F405.elf.dir/Drivers/STM32F4xx_HAL_Driver/Src/stm32f4xx_hal_can.c.obj
                0x0800183e                HAL_CAN_TxMailbox1AbortCallback
 .text.HAL_CAN_TxMailbox2AbortCallback
                0x08001840        0x2 CMakeFiles/WHEEL_07_F405.elf.dir/Drivers/STM32F4xx_HAL_Driver/Src/stm32f4xx_hal_can.c.obj
                0x08001840                HAL_CAN_TxMailbox2AbortCallback
 .text.HAL_CAN_RxFifo0FullCallback
                0x08001842        0x2 CMakeFiles/WHEEL_07_F405.elf.dir/Drivers/STM32F4xx_HAL_Driver/Src/stm32f4xx_hal_can.c.obj
                0x08001842                HAL_CAN_RxFifo0FullCallback
 .text.HAL_CAN_RxFifo1MsgPendingCallback
                0x08001844        0x2 CMakeFiles/WHEEL_07_F405.elf.dir/Drivers/STM32F4xx_HAL_Driver/Src/stm32f4xx_hal_can.c.obj
                0x08001844                HAL_CAN_RxFifo1MsgPendingCallback
 .text.HAL_CAN_RxFifo1FullCallback
                0x08001846        0x2 CMakeFiles/WHEEL_07_F405.elf.dir/Drivers/STM32F4xx_HAL_Driver/Src/stm32f4xx_hal_can.c.obj
                0x08001846                HAL_CAN_RxFifo1FullCallback
 .text.HAL_CAN_SleepCallback
                0x08001848        0x2 CMakeFiles/WHEEL_07_F405.elf.dir/Drivers/STM32F4xx_HAL_Driver/Src/stm32f4xx_hal_can.c.obj
                0x08001848                HAL_CAN_SleepCallback
 .text.HAL_CAN_WakeUpFromRxMsgCallback
                0x0800184a        0x2 CMakeFiles/WHEEL_07_F405.elf.dir/Drivers/STM32F4xx_HAL_Driver/Src/stm32f4xx_hal_can.c.obj
                0x0800184a                HAL_CAN_WakeUpFromRxMsgCallback
 .text.HAL_CAN_ErrorCallback
                0x0800184c        0x2 CMakeFiles/WHEEL_07_F405.elf.dir/Drivers/STM32F4xx_HAL_Driver/Src/stm32f4xx_hal_can.c.obj
                0x0800184c                HAL_CAN_ErrorCallback
 .text.HAL_CAN_IRQHandler
                0x0800184e      0x24a CMakeFiles/WHEEL_07_F405.elf.dir/Drivers/STM32F4xx_HAL_Driver/Src/stm32f4xx_hal_can.c.obj
                0x0800184e                HAL_CAN_IRQHandler
 .text.HAL_NVIC_SetPriorityGrouping
                0x08001a98       0x24 CMakeFiles/WHEEL_07_F405.elf.dir/Drivers/STM32F4xx_HAL_Driver/Src/stm32f4xx_hal_cortex.c.obj
                0x08001a98                HAL_NVIC_SetPriorityGrouping
 .text.HAL_NVIC_SetPriority
                0x08001abc       0x70 CMakeFiles/WHEEL_07_F405.elf.dir/Drivers/STM32F4xx_HAL_Driver/Src/stm32f4xx_hal_cortex.c.obj
                0x08001abc                HAL_NVIC_SetPriority
 .text.HAL_NVIC_EnableIRQ
                0x08001b2c       0x1c CMakeFiles/WHEEL_07_F405.elf.dir/Drivers/STM32F4xx_HAL_Driver/Src/stm32f4xx_hal_cortex.c.obj
                0x08001b2c                HAL_NVIC_EnableIRQ
 .text.DMA_SetConfig
                0x08001b48       0x2c CMakeFiles/WHEEL_07_F405.elf.dir/Drivers/STM32F4xx_HAL_Driver/Src/stm32f4xx_hal_dma.c.obj
 .text.DMA_CalcBaseAndBitshift
                0x08001b74       0x44 CMakeFiles/WHEEL_07_F405.elf.dir/Drivers/STM32F4xx_HAL_Driver/Src/stm32f4xx_hal_dma.c.obj
 .text.DMA_CheckFifoParam
                0x08001bb8       0x8e CMakeFiles/WHEEL_07_F405.elf.dir/Drivers/STM32F4xx_HAL_Driver/Src/stm32f4xx_hal_dma.c.obj
 *fill*         0x08001c46        0x2 
 .text.HAL_DMA_Init
                0x08001c48       0xcc CMakeFiles/WHEEL_07_F405.elf.dir/Drivers/STM32F4xx_HAL_Driver/Src/stm32f4xx_hal_dma.c.obj
                0x08001c48                HAL_DMA_Init
 .text.HAL_DMA_Start_IT
                0x08001d14       0x6a CMakeFiles/WHEEL_07_F405.elf.dir/Drivers/STM32F4xx_HAL_Driver/Src/stm32f4xx_hal_dma.c.obj
                0x08001d14                HAL_DMA_Start_IT
 *fill*         0x08001d7e        0x2 
 .text.HAL_DMA_IRQHandler
                0x08001d80      0x1dc CMakeFiles/WHEEL_07_F405.elf.dir/Drivers/STM32F4xx_HAL_Driver/Src/stm32f4xx_hal_dma.c.obj
                0x08001d80                HAL_DMA_IRQHandler
 .text.HAL_GPIO_Init
                0x08001f5c      0x1e4 CMakeFiles/WHEEL_07_F405.elf.dir/Drivers/STM32F4xx_HAL_Driver/Src/stm32f4xx_hal_gpio.c.obj
                0x08001f5c                HAL_GPIO_Init
 .text.HAL_GPIO_WritePin
                0x08002140        0xc CMakeFiles/WHEEL_07_F405.elf.dir/Drivers/STM32F4xx_HAL_Driver/Src/stm32f4xx_hal_gpio.c.obj
                0x08002140                HAL_GPIO_WritePin
 .text.HAL_GPIO_TogglePin
                0x0800214c       0x12 CMakeFiles/WHEEL_07_F405.elf.dir/Drivers/STM32F4xx_HAL_Driver/Src/stm32f4xx_hal_gpio.c.obj
                0x0800214c                HAL_GPIO_TogglePin
 *fill*         0x0800215e        0x2 
 .text.HAL_GPIO_EXTI_IRQHandler
                0x08002160       0x1c CMakeFiles/WHEEL_07_F405.elf.dir/Drivers/STM32F4xx_HAL_Driver/Src/stm32f4xx_hal_gpio.c.obj
                0x08002160                HAL_GPIO_EXTI_IRQHandler
 .text.HAL_RCC_OscConfig
                0x0800217c      0x3f8 CMakeFiles/WHEEL_07_F405.elf.dir/Drivers/STM32F4xx_HAL_Driver/Src/stm32f4xx_hal_rcc.c.obj
                0x0800217c                HAL_RCC_OscConfig
 .text.HAL_RCC_GetSysClockFreq
                0x08002574       0xa4 CMakeFiles/WHEEL_07_F405.elf.dir/Drivers/STM32F4xx_HAL_Driver/Src/stm32f4xx_hal_rcc.c.obj
                0x08002574                HAL_RCC_GetSysClockFreq
 .text.HAL_RCC_ClockConfig
                0x08002618      0x160 CMakeFiles/WHEEL_07_F405.elf.dir/Drivers/STM32F4xx_HAL_Driver/Src/stm32f4xx_hal_rcc.c.obj
                0x08002618                HAL_RCC_ClockConfig
 .text.HAL_RCC_GetHCLKFreq
                0x08002778        0xc CMakeFiles/WHEEL_07_F405.elf.dir/Drivers/STM32F4xx_HAL_Driver/Src/stm32f4xx_hal_rcc.c.obj
                0x08002778                HAL_RCC_GetHCLKFreq
 .text.HAL_RCC_GetPCLK1Freq
                0x08002784       0x20 CMakeFiles/WHEEL_07_F405.elf.dir/Drivers/STM32F4xx_HAL_Driver/Src/stm32f4xx_hal_rcc.c.obj
                0x08002784                HAL_RCC_GetPCLK1Freq
 .text.HAL_RCC_GetClockConfig
                0x080027a4       0x3c CMakeFiles/WHEEL_07_F405.elf.dir/Drivers/STM32F4xx_HAL_Driver/Src/stm32f4xx_hal_rcc.c.obj
                0x080027a4                HAL_RCC_GetClockConfig
 .text.TIM_TI1_ConfigInputStage
                0x080027e0       0x26 CMakeFiles/WHEEL_07_F405.elf.dir/Drivers/STM32F4xx_HAL_Driver/Src/stm32f4xx_hal_tim.c.obj
 .text.TIM_TI2_ConfigInputStage
                0x08002806       0x28 CMakeFiles/WHEEL_07_F405.elf.dir/Drivers/STM32F4xx_HAL_Driver/Src/stm32f4xx_hal_tim.c.obj
 .text.TIM_ITRx_SetConfig
                0x0800282e       0x10 CMakeFiles/WHEEL_07_F405.elf.dir/Drivers/STM32F4xx_HAL_Driver/Src/stm32f4xx_hal_tim.c.obj
 *fill*         0x0800283e        0x2 
 .text.HAL_TIM_Base_Start
                0x08002840       0x7c CMakeFiles/WHEEL_07_F405.elf.dir/Drivers/STM32F4xx_HAL_Driver/Src/stm32f4xx_hal_tim.c.obj
                0x08002840                HAL_TIM_Base_Start
 .text.HAL_TIM_Base_Start_IT
                0x080028bc       0x88 CMakeFiles/WHEEL_07_F405.elf.dir/Drivers/STM32F4xx_HAL_Driver/Src/stm32f4xx_hal_tim.c.obj
                0x080028bc                HAL_TIM_Base_Start_IT
 .text.HAL_TIM_OC_DelayElapsedCallback
                0x08002944        0x2 CMakeFiles/WHEEL_07_F405.elf.dir/Drivers/STM32F4xx_HAL_Driver/Src/stm32f4xx_hal_tim.c.obj
                0x08002944                HAL_TIM_OC_DelayElapsedCallback
 .text.HAL_TIM_IC_CaptureCallback
                0x08002946        0x2 CMakeFiles/WHEEL_07_F405.elf.dir/Drivers/STM32F4xx_HAL_Driver/Src/stm32f4xx_hal_tim.c.obj
                0x08002946                HAL_TIM_IC_CaptureCallback
 .text.HAL_TIM_PWM_PulseFinishedCallback
                0x08002948        0x2 CMakeFiles/WHEEL_07_F405.elf.dir/Drivers/STM32F4xx_HAL_Driver/Src/stm32f4xx_hal_tim.c.obj
                0x08002948                HAL_TIM_PWM_PulseFinishedCallback
 .text.HAL_TIM_TriggerCallback
                0x0800294a        0x2 CMakeFiles/WHEEL_07_F405.elf.dir/Drivers/STM32F4xx_HAL_Driver/Src/stm32f4xx_hal_tim.c.obj
                0x0800294a                HAL_TIM_TriggerCallback
 .text.HAL_TIM_IRQHandler
                0x0800294c      0x17a CMakeFiles/WHEEL_07_F405.elf.dir/Drivers/STM32F4xx_HAL_Driver/Src/stm32f4xx_hal_tim.c.obj
                0x0800294c                HAL_TIM_IRQHandler
 *fill*         0x08002ac6        0x2 
 .text.TIM_Base_SetConfig
                0x08002ac8       0xc8 CMakeFiles/WHEEL_07_F405.elf.dir/Drivers/STM32F4xx_HAL_Driver/Src/stm32f4xx_hal_tim.c.obj
                0x08002ac8                TIM_Base_SetConfig
 .text.HAL_TIM_Base_Init
                0x08002b90       0x58 CMakeFiles/WHEEL_07_F405.elf.dir/Drivers/STM32F4xx_HAL_Driver/Src/stm32f4xx_hal_tim.c.obj
                0x08002b90                HAL_TIM_Base_Init
 .text.TIM_ETR_SetConfig
                0x08002be8       0x1a CMakeFiles/WHEEL_07_F405.elf.dir/Drivers/STM32F4xx_HAL_Driver/Src/stm32f4xx_hal_tim.c.obj
                0x08002be8                TIM_ETR_SetConfig
 .text.HAL_TIM_ConfigClockSource
                0x08002c02       0xfe CMakeFiles/WHEEL_07_F405.elf.dir/Drivers/STM32F4xx_HAL_Driver/Src/stm32f4xx_hal_tim.c.obj
                0x08002c02                HAL_TIM_ConfigClockSource
 .text.HAL_TIMEx_MasterConfigSynchronization
                0x08002d00       0x8c CMakeFiles/WHEEL_07_F405.elf.dir/Drivers/STM32F4xx_HAL_Driver/Src/stm32f4xx_hal_tim_ex.c.obj
                0x08002d00                HAL_TIMEx_MasterConfigSynchronization
 .text.HAL_TIMEx_CommutCallback
                0x08002d8c        0x2 CMakeFiles/WHEEL_07_F405.elf.dir/Drivers/STM32F4xx_HAL_Driver/Src/stm32f4xx_hal_tim_ex.c.obj
                0x08002d8c                HAL_TIMEx_CommutCallback
 .text.HAL_TIMEx_BreakCallback
                0x08002d8e        0x2 CMakeFiles/WHEEL_07_F405.elf.dir/Drivers/STM32F4xx_HAL_Driver/Src/stm32f4xx_hal_tim_ex.c.obj
                0x08002d8e                HAL_TIMEx_BreakCallback
 .text.SysTick_Handler
                0x08002d90       0x18 CMakeFiles/WHEEL_07_F405.elf.dir/Middlewares/Third_Party/FreeRTOS/Source/CMSIS_RTOS_V2/cmsis_os2.c.obj
                0x08002d90                SysTick_Handler
 .text.osKernelInitialize
                0x08002da8       0x24 CMakeFiles/WHEEL_07_F405.elf.dir/Middlewares/Third_Party/FreeRTOS/Source/CMSIS_RTOS_V2/cmsis_os2.c.obj
                0x08002da8                osKernelInitialize
 .text.osKernelStart
                0x08002dcc       0x38 CMakeFiles/WHEEL_07_F405.elf.dir/Middlewares/Third_Party/FreeRTOS/Source/CMSIS_RTOS_V2/cmsis_os2.c.obj
                0x08002dcc                osKernelStart
 .text.osThreadNew
                0x08002e04       0xbe CMakeFiles/WHEEL_07_F405.elf.dir/Middlewares/Third_Party/FreeRTOS/Source/CMSIS_RTOS_V2/cmsis_os2.c.obj
                0x08002e04                osThreadNew
 .text.osDelay  0x08002ec2       0x1c CMakeFiles/WHEEL_07_F405.elf.dir/Middlewares/Third_Party/FreeRTOS/Source/CMSIS_RTOS_V2/cmsis_os2.c.obj
                0x08002ec2                osDelay
 *fill*         0x08002ede        0x2 
 .text.vApplicationGetIdleTaskMemory
                0x08002ee0       0x18 CMakeFiles/WHEEL_07_F405.elf.dir/Middlewares/Third_Party/FreeRTOS/Source/CMSIS_RTOS_V2/cmsis_os2.c.obj
                0x08002ee0                vApplicationGetIdleTaskMemory
 .text.vApplicationGetTimerTaskMemory
                0x08002ef8       0x18 CMakeFiles/WHEEL_07_F405.elf.dir/Middlewares/Third_Party/FreeRTOS/Source/CMSIS_RTOS_V2/cmsis_os2.c.obj
                0x08002ef8                vApplicationGetTimerTaskMemory
 .text.vListInitialise
                0x08002f10       0x16 CMakeFiles/WHEEL_07_F405.elf.dir/Middlewares/Third_Party/FreeRTOS/Source/list.c.obj
                0x08002f10                vListInitialise
 .text.vListInitialiseItem
                0x08002f26        0x6 CMakeFiles/WHEEL_07_F405.elf.dir/Middlewares/Third_Party/FreeRTOS/Source/list.c.obj
                0x08002f26                vListInitialiseItem
 .text.vListInsertEnd
                0x08002f2c       0x16 CMakeFiles/WHEEL_07_F405.elf.dir/Middlewares/Third_Party/FreeRTOS/Source/list.c.obj
                0x08002f2c                vListInsertEnd
 .text.vListInsert
                0x08002f42       0x32 CMakeFiles/WHEEL_07_F405.elf.dir/Middlewares/Third_Party/FreeRTOS/Source/list.c.obj
                0x08002f42                vListInsert
 .text.uxListRemove
                0x08002f74       0x26 CMakeFiles/WHEEL_07_F405.elf.dir/Middlewares/Third_Party/FreeRTOS/Source/list.c.obj
                0x08002f74                uxListRemove
 *fill*         0x08002f9a        0x2 
 .text.prvTaskExitError
                0x08002f9c       0x40 CMakeFiles/WHEEL_07_F405.elf.dir/Middlewares/Third_Party/FreeRTOS/Source/portable/GCC/ARM_CM4F/port.c.obj
 .text.prvPortStartFirstTask
                0x08002fdc       0x28 CMakeFiles/WHEEL_07_F405.elf.dir/Middlewares/Third_Party/FreeRTOS/Source/portable/GCC/ARM_CM4F/port.c.obj
 .text.vPortEnableVFP
                0x08003004       0x14 CMakeFiles/WHEEL_07_F405.elf.dir/Middlewares/Third_Party/FreeRTOS/Source/portable/GCC/ARM_CM4F/port.c.obj
 .text.pxPortInitialiseStack
                0x08003018       0x2c CMakeFiles/WHEEL_07_F405.elf.dir/Middlewares/Third_Party/FreeRTOS/Source/portable/GCC/ARM_CM4F/port.c.obj
                0x08003018                pxPortInitialiseStack
 *fill*         0x08003044        0xc 
 .text.SVC_Handler
                0x08003050       0x24 CMakeFiles/WHEEL_07_F405.elf.dir/Middlewares/Third_Party/FreeRTOS/Source/portable/GCC/ARM_CM4F/port.c.obj
                0x08003050                SVC_Handler
 .text.vPortEnterCritical
                0x08003074       0x44 CMakeFiles/WHEEL_07_F405.elf.dir/Middlewares/Third_Party/FreeRTOS/Source/portable/GCC/ARM_CM4F/port.c.obj
                0x08003074                vPortEnterCritical
 .text.vPortExitCritical
                0x080030b8       0x2c CMakeFiles/WHEEL_07_F405.elf.dir/Middlewares/Third_Party/FreeRTOS/Source/portable/GCC/ARM_CM4F/port.c.obj
                0x080030b8                vPortExitCritical
 *fill*         0x080030e4        0xc 
 .text.PendSV_Handler
                0x080030f0       0x64 CMakeFiles/WHEEL_07_F405.elf.dir/Middlewares/Third_Party/FreeRTOS/Source/portable/GCC/ARM_CM4F/port.c.obj
                0x080030f0                PendSV_Handler
 .text.xPortSysTickHandler
                0x08003154       0x2c CMakeFiles/WHEEL_07_F405.elf.dir/Middlewares/Third_Party/FreeRTOS/Source/portable/GCC/ARM_CM4F/port.c.obj
                0x08003154                xPortSysTickHandler
 .text.vPortSetupTimerInterrupt
                0x08003180       0x28 CMakeFiles/WHEEL_07_F405.elf.dir/Middlewares/Third_Party/FreeRTOS/Source/portable/GCC/ARM_CM4F/port.c.obj
                0x08003180                vPortSetupTimerInterrupt
 .text.xPortStartScheduler
                0x080031a8      0x118 CMakeFiles/WHEEL_07_F405.elf.dir/Middlewares/Third_Party/FreeRTOS/Source/portable/GCC/ARM_CM4F/port.c.obj
                0x080031a8                xPortStartScheduler
 .text.vPortValidateInterruptPriority
                0x080032c0       0x5c CMakeFiles/WHEEL_07_F405.elf.dir/Middlewares/Third_Party/FreeRTOS/Source/portable/GCC/ARM_CM4F/port.c.obj
                0x080032c0                vPortValidateInterruptPriority
 .text.prvHeapInit
                0x0800331c       0x64 CMakeFiles/WHEEL_07_F405.elf.dir/Middlewares/Third_Party/FreeRTOS/Source/portable/MemMang/heap_4.c.obj
 .text.prvInsertBlockIntoFreeList
                0x08003380       0x64 CMakeFiles/WHEEL_07_F405.elf.dir/Middlewares/Third_Party/FreeRTOS/Source/portable/MemMang/heap_4.c.obj
 .text.pvPortMalloc
                0x080033e4       0xfc CMakeFiles/WHEEL_07_F405.elf.dir/Middlewares/Third_Party/FreeRTOS/Source/portable/MemMang/heap_4.c.obj
                0x080033e4                pvPortMalloc
 .text.vPortFree
                0x080034e0       0x7c CMakeFiles/WHEEL_07_F405.elf.dir/Middlewares/Third_Party/FreeRTOS/Source/portable/MemMang/heap_4.c.obj
                0x080034e0                vPortFree
 .text.prvGetDisinheritPriorityAfterTimeout
                0x0800355c       0x10 CMakeFiles/WHEEL_07_F405.elf.dir/Middlewares/Third_Party/FreeRTOS/Source/queue.c.obj
 .text.prvIsQueueFull
                0x0800356c       0x1e CMakeFiles/WHEEL_07_F405.elf.dir/Middlewares/Third_Party/FreeRTOS/Source/queue.c.obj
 .text.prvIsQueueEmpty
                0x0800358a       0x1a CMakeFiles/WHEEL_07_F405.elf.dir/Middlewares/Third_Party/FreeRTOS/Source/queue.c.obj
 .text.prvCopyDataToQueue
                0x080035a4       0x76 CMakeFiles/WHEEL_07_F405.elf.dir/Middlewares/Third_Party/FreeRTOS/Source/queue.c.obj
 .text.prvCopyDataFromQueue
                0x0800361a       0x24 CMakeFiles/WHEEL_07_F405.elf.dir/Middlewares/Third_Party/FreeRTOS/Source/queue.c.obj
 .text.prvUnlockQueue
                0x0800363e       0x6e CMakeFiles/WHEEL_07_F405.elf.dir/Middlewares/Third_Party/FreeRTOS/Source/queue.c.obj
 .text.xQueueGenericReset
                0x080036ac       0x84 CMakeFiles/WHEEL_07_F405.elf.dir/Middlewares/Third_Party/FreeRTOS/Source/queue.c.obj
                0x080036ac                xQueueGenericReset
 .text.prvInitialiseNewQueue
                0x08003730       0x22 CMakeFiles/WHEEL_07_F405.elf.dir/Middlewares/Third_Party/FreeRTOS/Source/queue.c.obj
 .text.xQueueGenericCreateStatic
                0x08003752       0x94 CMakeFiles/WHEEL_07_F405.elf.dir/Middlewares/Third_Party/FreeRTOS/Source/queue.c.obj
                0x08003752                xQueueGenericCreateStatic
 .text.xQueueGenericCreate
                0x080037e6       0x48 CMakeFiles/WHEEL_07_F405.elf.dir/Middlewares/Third_Party/FreeRTOS/Source/queue.c.obj
                0x080037e6                xQueueGenericCreate
 .text.xQueueGenericSend
                0x0800382e      0x188 CMakeFiles/WHEEL_07_F405.elf.dir/Middlewares/Third_Party/FreeRTOS/Source/queue.c.obj
                0x0800382e                xQueueGenericSend
 .text.xQueueGenericSendFromISR
                0x080039b6       0xce CMakeFiles/WHEEL_07_F405.elf.dir/Middlewares/Third_Party/FreeRTOS/Source/queue.c.obj
                0x080039b6                xQueueGenericSendFromISR
 .text.xQueueGiveFromISR
                0x08003a84       0xb2 CMakeFiles/WHEEL_07_F405.elf.dir/Middlewares/Third_Party/FreeRTOS/Source/queue.c.obj
                0x08003a84                xQueueGiveFromISR
 .text.xQueueReceive
                0x08003b36      0x15e CMakeFiles/WHEEL_07_F405.elf.dir/Middlewares/Third_Party/FreeRTOS/Source/queue.c.obj
                0x08003b36                xQueueReceive
 .text.xQueueSemaphoreTake
                0x08003c94      0x1a6 CMakeFiles/WHEEL_07_F405.elf.dir/Middlewares/Third_Party/FreeRTOS/Source/queue.c.obj
                0x08003c94                xQueueSemaphoreTake
 *fill*         0x08003e3a        0x2 
 .text.vQueueAddToRegistry
                0x08003e3c       0x28 CMakeFiles/WHEEL_07_F405.elf.dir/Middlewares/Third_Party/FreeRTOS/Source/queue.c.obj
                0x08003e3c                vQueueAddToRegistry
 .text.vQueueWaitForMessageRestricted
                0x08003e64       0x52 CMakeFiles/WHEEL_07_F405.elf.dir/Middlewares/Third_Party/FreeRTOS/Source/queue.c.obj
                0x08003e64                vQueueWaitForMessageRestricted
 *fill*         0x08003eb6        0x2 
 .text.prvTaskIsTaskSuspended
                0x08003eb8       0x40 CMakeFiles/WHEEL_07_F405.elf.dir/Middlewares/Third_Party/FreeRTOS/Source/tasks.c.obj
 .text.prvResetNextTaskUnblockTime
                0x08003ef8       0x2c CMakeFiles/WHEEL_07_F405.elf.dir/Middlewares/Third_Party/FreeRTOS/Source/tasks.c.obj
 .text.prvInitialiseNewTask
                0x08003f24      0x106 CMakeFiles/WHEEL_07_F405.elf.dir/Middlewares/Third_Party/FreeRTOS/Source/tasks.c.obj
 *fill*         0x0800402a        0x2 
 .text.prvInitialiseTaskLists
                0x0800402c       0x68 CMakeFiles/WHEEL_07_F405.elf.dir/Middlewares/Third_Party/FreeRTOS/Source/tasks.c.obj
 .text.prvAddNewTaskToReadyList
                0x08004094       0xac CMakeFiles/WHEEL_07_F405.elf.dir/Middlewares/Third_Party/FreeRTOS/Source/tasks.c.obj
 .text.prvDeleteTCB
                0x08004140       0x40 CMakeFiles/WHEEL_07_F405.elf.dir/Middlewares/Third_Party/FreeRTOS/Source/tasks.c.obj
 .text.prvCheckTasksWaitingTermination
                0x08004180       0x4c CMakeFiles/WHEEL_07_F405.elf.dir/Middlewares/Third_Party/FreeRTOS/Source/tasks.c.obj
 .text.prvIdleTask
                0x080041cc       0x28 CMakeFiles/WHEEL_07_F405.elf.dir/Middlewares/Third_Party/FreeRTOS/Source/tasks.c.obj
 .text.prvAddCurrentTaskToDelayedList
                0x080041f4       0x7c CMakeFiles/WHEEL_07_F405.elf.dir/Middlewares/Third_Party/FreeRTOS/Source/tasks.c.obj
 .text.xTaskCreateStatic
                0x08004270       0x7a CMakeFiles/WHEEL_07_F405.elf.dir/Middlewares/Third_Party/FreeRTOS/Source/tasks.c.obj
                0x08004270                xTaskCreateStatic
 .text.xTaskCreate
                0x080042ea       0x6a CMakeFiles/WHEEL_07_F405.elf.dir/Middlewares/Third_Party/FreeRTOS/Source/tasks.c.obj
                0x080042ea                xTaskCreate
 .text.xTaskResumeFromISR
                0x08004354       0xa4 CMakeFiles/WHEEL_07_F405.elf.dir/Middlewares/Third_Party/FreeRTOS/Source/tasks.c.obj
                0x08004354                xTaskResumeFromISR
 .text.vTaskStartScheduler
                0x080043f8       0xac CMakeFiles/WHEEL_07_F405.elf.dir/Middlewares/Third_Party/FreeRTOS/Source/tasks.c.obj
                0x080043f8                vTaskStartScheduler
 .text.vTaskSuspendAll
                0x080044a4       0x10 CMakeFiles/WHEEL_07_F405.elf.dir/Middlewares/Third_Party/FreeRTOS/Source/tasks.c.obj
                0x080044a4                vTaskSuspendAll
 .text.xTaskGetTickCount
                0x080044b4        0xc CMakeFiles/WHEEL_07_F405.elf.dir/Middlewares/Third_Party/FreeRTOS/Source/tasks.c.obj
                0x080044b4                xTaskGetTickCount
 .text.xTaskIncrementTick
                0x080044c0      0x118 CMakeFiles/WHEEL_07_F405.elf.dir/Middlewares/Third_Party/FreeRTOS/Source/tasks.c.obj
                0x080044c0                xTaskIncrementTick
 .text.xTaskResumeAll
                0x080045d8       0xf8 CMakeFiles/WHEEL_07_F405.elf.dir/Middlewares/Third_Party/FreeRTOS/Source/tasks.c.obj
                0x080045d8                xTaskResumeAll
 .text.vTaskDelay
                0x080046d0       0x4c CMakeFiles/WHEEL_07_F405.elf.dir/Middlewares/Third_Party/FreeRTOS/Source/tasks.c.obj
                0x080046d0                vTaskDelay
 .text.vTaskSwitchContext
                0x0800471c       0xa0 CMakeFiles/WHEEL_07_F405.elf.dir/Middlewares/Third_Party/FreeRTOS/Source/tasks.c.obj
                0x0800471c                vTaskSwitchContext
 .text.vTaskSuspend
                0x080047bc       0xc4 CMakeFiles/WHEEL_07_F405.elf.dir/Middlewares/Third_Party/FreeRTOS/Source/tasks.c.obj
                0x080047bc                vTaskSuspend
 .text.vTaskPlaceOnEventList
                0x08004880       0x30 CMakeFiles/WHEEL_07_F405.elf.dir/Middlewares/Third_Party/FreeRTOS/Source/tasks.c.obj
                0x08004880                vTaskPlaceOnEventList
 .text.vTaskPlaceOnEventListRestricted
                0x080048b0       0x38 CMakeFiles/WHEEL_07_F405.elf.dir/Middlewares/Third_Party/FreeRTOS/Source/tasks.c.obj
                0x080048b0                vTaskPlaceOnEventListRestricted
 .text.xTaskRemoveFromEventList
                0x080048e8       0x8c CMakeFiles/WHEEL_07_F405.elf.dir/Middlewares/Third_Party/FreeRTOS/Source/tasks.c.obj
                0x080048e8                xTaskRemoveFromEventList
 .text.vTaskInternalSetTimeOutState
                0x08004974       0x18 CMakeFiles/WHEEL_07_F405.elf.dir/Middlewares/Third_Party/FreeRTOS/Source/tasks.c.obj
                0x08004974                vTaskInternalSetTimeOutState
 .text.xTaskCheckForTimeOut
                0x0800498c       0x84 CMakeFiles/WHEEL_07_F405.elf.dir/Middlewares/Third_Party/FreeRTOS/Source/tasks.c.obj
                0x0800498c                xTaskCheckForTimeOut
 .text.vTaskMissedYield
                0x08004a10        0xc CMakeFiles/WHEEL_07_F405.elf.dir/Middlewares/Third_Party/FreeRTOS/Source/tasks.c.obj
                0x08004a10                vTaskMissedYield
 .text.xTaskGetCurrentTaskHandle
                0x08004a1c        0xc CMakeFiles/WHEEL_07_F405.elf.dir/Middlewares/Third_Party/FreeRTOS/Source/tasks.c.obj
                0x08004a1c                xTaskGetCurrentTaskHandle
 .text.xTaskGetSchedulerState
                0x08004a28       0x20 CMakeFiles/WHEEL_07_F405.elf.dir/Middlewares/Third_Party/FreeRTOS/Source/tasks.c.obj
                0x08004a28                xTaskGetSchedulerState
 .text.xTaskPriorityInherit
                0x08004a48       0x98 CMakeFiles/WHEEL_07_F405.elf.dir/Middlewares/Third_Party/FreeRTOS/Source/tasks.c.obj
                0x08004a48                xTaskPriorityInherit
 .text.xTaskPriorityDisinherit
                0x08004ae0       0x90 CMakeFiles/WHEEL_07_F405.elf.dir/Middlewares/Third_Party/FreeRTOS/Source/tasks.c.obj
                0x08004ae0                xTaskPriorityDisinherit
 .text.vTaskPriorityDisinheritAfterTimeout
                0x08004b70       0xa0 CMakeFiles/WHEEL_07_F405.elf.dir/Middlewares/Third_Party/FreeRTOS/Source/tasks.c.obj
                0x08004b70                vTaskPriorityDisinheritAfterTimeout
 .text.pvTaskIncrementMutexHeldCount
                0x08004c10       0x1c CMakeFiles/WHEEL_07_F405.elf.dir/Middlewares/Third_Party/FreeRTOS/Source/tasks.c.obj
                0x08004c10                pvTaskIncrementMutexHeldCount
 .text.prvGetNextExpireTime
                0x08004c2c       0x20 CMakeFiles/WHEEL_07_F405.elf.dir/Middlewares/Third_Party/FreeRTOS/Source/timers.c.obj
 .text.prvInsertTimerInActiveList
                0x08004c4c       0x48 CMakeFiles/WHEEL_07_F405.elf.dir/Middlewares/Third_Party/FreeRTOS/Source/timers.c.obj
 .text.prvCheckForValidListAndQueue
                0x08004c94       0x70 CMakeFiles/WHEEL_07_F405.elf.dir/Middlewares/Third_Party/FreeRTOS/Source/timers.c.obj
 .text.xTimerCreateTimerTask
                0x08004d04       0x64 CMakeFiles/WHEEL_07_F405.elf.dir/Middlewares/Third_Party/FreeRTOS/Source/timers.c.obj
                0x08004d04                xTimerCreateTimerTask
 .text.xTimerGenericCommand
                0x08004d68       0x6c CMakeFiles/WHEEL_07_F405.elf.dir/Middlewares/Third_Party/FreeRTOS/Source/timers.c.obj
                0x08004d68                xTimerGenericCommand
 .text.prvSwitchTimerLists
                0x08004dd4       0x7c CMakeFiles/WHEEL_07_F405.elf.dir/Middlewares/Third_Party/FreeRTOS/Source/timers.c.obj
 .text.prvSampleTimeNow
                0x08004e50       0x2c CMakeFiles/WHEEL_07_F405.elf.dir/Middlewares/Third_Party/FreeRTOS/Source/timers.c.obj
 .text.prvProcessExpiredTimer
                0x08004e7c       0x6c CMakeFiles/WHEEL_07_F405.elf.dir/Middlewares/Third_Party/FreeRTOS/Source/timers.c.obj
 .text.prvProcessTimerOrBlockTask
                0x08004ee8       0x74 CMakeFiles/WHEEL_07_F405.elf.dir/Middlewares/Third_Party/FreeRTOS/Source/timers.c.obj
 .text.prvProcessReceivedCommands
                0x08004f5c      0x10c CMakeFiles/WHEEL_07_F405.elf.dir/Middlewares/Third_Party/FreeRTOS/Source/timers.c.obj
 .text.prvTimerTask
                0x08005068       0x16 CMakeFiles/WHEEL_07_F405.elf.dir/Middlewares/Third_Party/FreeRTOS/Source/timers.c.obj
 *fill*         0x0800507e        0x2 
 .text.__errno  0x08005080        0xc c:/progra~2/gnuarm~1/102021~1.10/bin/../lib/gcc/arm-none-eabi/10.3.1/../../../../arm-none-eabi/lib/thumb/v7e-m+fp/hard\libg.a(lib_a-errno.o)
                0x08005080                __errno
 .text.__libc_init_array
                0x0800508c       0x48 c:/progra~2/gnuarm~1/102021~1.10/bin/../lib/gcc/arm-none-eabi/10.3.1/../../../../arm-none-eabi/lib/thumb/v7e-m+fp/hard\libg.a(lib_a-init.o)
                0x0800508c                __libc_init_array
 .text.memset   0x080050d4       0xa4 c:/progra~2/gnuarm~1/102021~1.10/bin/../lib/gcc/arm-none-eabi/10.3.1/../../../../arm-none-eabi/lib/thumb/v7e-m+fp/hard\libg.a(lib_a-memset.o)
                0x080050d4                memset
 .text.cleanup_glue
                0x08005178       0x48 c:/progra~2/gnuarm~1/102021~1.10/bin/../lib/gcc/arm-none-eabi/10.3.1/../../../../arm-none-eabi/lib/thumb/v7e-m+fp/hard\libg.a(lib_a-reent.o)
                0x08005178                cleanup_glue
 .text._reclaim_reent
                0x080051c0       0x90 c:/progra~2/gnuarm~1/102021~1.10/bin/../lib/gcc/arm-none-eabi/10.3.1/../../../../arm-none-eabi/lib/thumb/v7e-m+fp/hard\libg.a(lib_a-reent.o)
                0x080051c0                _reclaim_reent
 .text.startup.register_fini
                0x08005250       0x14 c:/progra~2/gnuarm~1/102021~1.10/bin/../lib/gcc/arm-none-eabi/10.3.1/../../../../arm-none-eabi/lib/thumb/v7e-m+fp/hard\libg.a(lib_a-__call_atexit.o)
 .text.atexit   0x08005264        0xc c:/progra~2/gnuarm~1/102021~1.10/bin/../lib/gcc/arm-none-eabi/10.3.1/../../../../arm-none-eabi/lib/thumb/v7e-m+fp/hard\libg.a(lib_a-atexit.o)
                0x08005264                atexit
 .text.__libc_fini_array
                0x08005270       0x2c c:/progra~2/gnuarm~1/102021~1.10/bin/../lib/gcc/arm-none-eabi/10.3.1/../../../../arm-none-eabi/lib/thumb/v7e-m+fp/hard\libg.a(lib_a-fini.o)
                0x08005270                __libc_fini_array
 .text._malloc_trim_r
                0x0800529c       0xa0 c:/progra~2/gnuarm~1/102021~1.10/bin/../lib/gcc/arm-none-eabi/10.3.1/../../../../arm-none-eabi/lib/thumb/v7e-m+fp/hard\libg.a(lib_a-freer.o)
                0x0800529c                _malloc_trim_r
 .text._free_r  0x0800533c      0x20c c:/progra~2/gnuarm~1/102021~1.10/bin/../lib/gcc/arm-none-eabi/10.3.1/../../../../arm-none-eabi/lib/thumb/v7e-m+fp/hard\libg.a(lib_a-freer.o)
                0x0800533c                _free_r
 .text.__retarget_lock_acquire_recursive
                0x08005548        0x4 c:/progra~2/gnuarm~1/102021~1.10/bin/../lib/gcc/arm-none-eabi/10.3.1/../../../../arm-none-eabi/lib/thumb/v7e-m+fp/hard\libg.a(lib_a-lock.o)
                0x08005548                __retarget_lock_acquire_recursive
 .text.__retarget_lock_release_recursive
                0x0800554c        0x4 c:/progra~2/gnuarm~1/102021~1.10/bin/../lib/gcc/arm-none-eabi/10.3.1/../../../../arm-none-eabi/lib/thumb/v7e-m+fp/hard\libg.a(lib_a-lock.o)
                0x0800554c                __retarget_lock_release_recursive
 .text.__malloc_lock
                0x08005550        0xc c:/progra~2/gnuarm~1/102021~1.10/bin/../lib/gcc/arm-none-eabi/10.3.1/../../../../arm-none-eabi/lib/thumb/v7e-m+fp/hard\libg.a(lib_a-mlock.o)
                0x08005550                __malloc_lock
 .text.__malloc_unlock
                0x0800555c        0xc c:/progra~2/gnuarm~1/102021~1.10/bin/../lib/gcc/arm-none-eabi/10.3.1/../../../../arm-none-eabi/lib/thumb/v7e-m+fp/hard\libg.a(lib_a-mlock.o)
                0x0800555c                __malloc_unlock
 .text._sbrk_r  0x08005568       0x24 c:/progra~2/gnuarm~1/102021~1.10/bin/../lib/gcc/arm-none-eabi/10.3.1/../../../../arm-none-eabi/lib/thumb/v7e-m+fp/hard\libg.a(lib_a-sbrkr.o)
                0x08005568                _sbrk_r
 .text.__register_exitproc
                0x0800558c       0x8c c:/progra~2/gnuarm~1/102021~1.10/bin/../lib/gcc/arm-none-eabi/10.3.1/../../../../arm-none-eabi/lib/thumb/v7e-m+fp/hard\libg.a(lib_a-__atexit.o)
                0x0800558c                __register_exitproc
 *(.glue_7)
 .glue_7        0x08005618        0x0 linker stubs
 *(.glue_7t)
 .glue_7t       0x08005618        0x0 linker stubs
 *(.eh_frame)
 .eh_frame      0x08005618        0x0 c:/progra~2/gnuarm~1/102021~1.10/bin/../lib/gcc/arm-none-eabi/10.3.1/thumb/v7e-m+fp/hard/crtbegin.o
 *(.init)
 .init          0x08005618        0x4 c:/progra~2/gnuarm~1/102021~1.10/bin/../lib/gcc/arm-none-eabi/10.3.1/thumb/v7e-m+fp/hard/crti.o
                0x08005618                _init
 .init          0x0800561c        0x8 c:/progra~2/gnuarm~1/102021~1.10/bin/../lib/gcc/arm-none-eabi/10.3.1/thumb/v7e-m+fp/hard/crtn.o
 *(.fini)
 .fini          0x08005624        0x4 c:/progra~2/gnuarm~1/102021~1.10/bin/../lib/gcc/arm-none-eabi/10.3.1/thumb/v7e-m+fp/hard/crti.o
                0x08005624                _fini
 .fini          0x08005628        0x8 c:/progra~2/gnuarm~1/102021~1.10/bin/../lib/gcc/arm-none-eabi/10.3.1/thumb/v7e-m+fp/hard/crtn.o
                0x08005630                . = ALIGN (0x4)
                0x08005630                _etext = .

.vfp11_veneer   0x08005630        0x0
 .vfp11_veneer  0x08005630        0x0 linker stubs

.v4_bx          0x08005630        0x0
 .v4_bx         0x08005630        0x0 linker stubs

.iplt           0x08005630        0x0
 .iplt          0x08005630        0x0 c:/progra~2/gnuarm~1/102021~1.10/bin/../lib/gcc/arm-none-eabi/10.3.1/thumb/v7e-m+fp/hard/crtbegin.o

.rodata         0x08005630      0x170
                0x08005630                . = ALIGN (0x4)
 *(.rodata)
 *(.rodata*)
 .rodata.str1.4
                0x08005630       0x48 CMakeFiles/WHEEL_07_F405.elf.dir/Core/Src/freertos.c.obj
 .rodata.adcTask_attributes
                0x08005678       0x24 CMakeFiles/WHEEL_07_F405.elf.dir/Core/Src/freertos.c.obj
                0x08005678                adcTask_attributes
 .rodata.defaultTask_attributes
                0x0800569c       0x24 CMakeFiles/WHEEL_07_F405.elf.dir/Core/Src/freertos.c.obj
                0x0800569c                defaultTask_attributes
 .rodata.muxswTask_attributes
                0x080056c0       0x24 CMakeFiles/WHEEL_07_F405.elf.dir/Core/Src/freertos.c.obj
                0x080056c0                muxswTask_attributes
 .rodata.paddleIRQTask_attributes
                0x080056e4       0x24 CMakeFiles/WHEEL_07_F405.elf.dir/Core/Src/freertos.c.obj
                0x080056e4                paddleIRQTask_attributes
 .rodata.statusTask_attributes
                0x08005708       0x24 CMakeFiles/WHEEL_07_F405.elf.dir/Core/Src/freertos.c.obj
                0x08005708                statusTask_attributes
 .rodata.muxswConfigRegister1
                0x0800572c       0x38 CMakeFiles/WHEEL_07_F405.elf.dir/Core/Src/rotary.c.obj
                0x0800572c                muxswConfigRegister1
 .rodata.AHBPrescTable
                0x08005764       0x10 CMakeFiles/WHEEL_07_F405.elf.dir/Core/Src/system_stm32f4xx.c.obj
                0x08005764                AHBPrescTable
 .rodata.APBPrescTable
                0x08005774        0x8 CMakeFiles/WHEEL_07_F405.elf.dir/Core/Src/system_stm32f4xx.c.obj
                0x08005774                APBPrescTable
 .rodata.flagBitshiftOffset.0
                0x0800577c        0x8 CMakeFiles/WHEEL_07_F405.elf.dir/Drivers/STM32F4xx_HAL_Driver/Src/stm32f4xx_hal_dma.c.obj
 .rodata.vTaskStartScheduler.str1.4
                0x08005784        0x5 CMakeFiles/WHEEL_07_F405.elf.dir/Middlewares/Third_Party/FreeRTOS/Source/tasks.c.obj
 *fill*         0x08005789        0x3 
 .rodata.prvCheckForValidListAndQueue.str1.4
                0x0800578c        0x5 CMakeFiles/WHEEL_07_F405.elf.dir/Middlewares/Third_Party/FreeRTOS/Source/timers.c.obj
 *fill*         0x08005791        0x3 
 .rodata.xTimerCreateTimerTask.str1.4
                0x08005794        0x8 CMakeFiles/WHEEL_07_F405.elf.dir/Middlewares/Third_Party/FreeRTOS/Source/timers.c.obj
 .rodata._global_impure_ptr
                0x0800579c        0x4 c:/progra~2/gnuarm~1/102021~1.10/bin/../lib/gcc/arm-none-eabi/10.3.1/../../../../arm-none-eabi/lib/thumb/v7e-m+fp/hard\libg.a(lib_a-impure.o)
                0x0800579c                _global_impure_ptr
                0x080057a0                . = ALIGN (0x4)

.ARM.extab      0x080057a0        0x0
                0x080057a0                . = ALIGN (0x4)
 *(.ARM.extab* .gnu.linkonce.armextab.*)
                0x080057a0                . = ALIGN (0x4)

.ARM            0x080057a0        0x8
                0x080057a0                . = ALIGN (0x4)
                0x080057a0                __exidx_start = .
 *(.ARM.exidx*)
 .ARM.exidx     0x080057a0        0x8 c:/progra~2/gnuarm~1/102021~1.10/bin/../lib/gcc/arm-none-eabi/10.3.1/thumb/v7e-m+fp/hard\libgcc.a(_udivmoddi4.o)
                0x080057a8                __exidx_end = .
                0x080057a8                . = ALIGN (0x4)

.rel.dyn        0x080057a8        0x0
 .rel.iplt      0x080057a8        0x0 c:/progra~2/gnuarm~1/102021~1.10/bin/../lib/gcc/arm-none-eabi/10.3.1/thumb/v7e-m+fp/hard/crtbegin.o

.preinit_array  0x080057a8        0x0
                0x080057a8                . = ALIGN (0x4)
                0x080057a8                PROVIDE (__preinit_array_start = .)
 *(.preinit_array*)
                0x080057a8                PROVIDE (__preinit_array_end = .)
                0x080057a8                . = ALIGN (0x4)

.init_array     0x080057a8        0x8
                0x080057a8                . = ALIGN (0x4)
                0x080057a8                PROVIDE (__init_array_start = .)
 *(SORT_BY_NAME(.init_array.*))
 .init_array.00000
                0x080057a8        0x4 c:/progra~2/gnuarm~1/102021~1.10/bin/../lib/gcc/arm-none-eabi/10.3.1/../../../../arm-none-eabi/lib/thumb/v7e-m+fp/hard\libg.a(lib_a-__call_atexit.o)
 *(.init_array*)
 .init_array    0x080057ac        0x4 c:/progra~2/gnuarm~1/102021~1.10/bin/../lib/gcc/arm-none-eabi/10.3.1/thumb/v7e-m+fp/hard/crtbegin.o
                0x080057b0                PROVIDE (__init_array_end = .)
                0x080057b0                . = ALIGN (0x4)

.fini_array     0x080057b0        0x4
                0x080057b0                . = ALIGN (0x4)
                0x080057b0                PROVIDE (__fini_array_start = .)
 *(SORT_BY_NAME(.fini_array.*))
 *(.fini_array*)
 .fini_array    0x080057b0        0x4 c:/progra~2/gnuarm~1/102021~1.10/bin/../lib/gcc/arm-none-eabi/10.3.1/thumb/v7e-m+fp/hard/crtbegin.o
                0x080057b4                PROVIDE (__fini_array_end = .)
                0x080057b4                . = ALIGN (0x4)
                0x080057b4                _sidata = LOADADDR (.data)

.data           0x20000000      0x884 load address 0x080057b4
                0x20000000                . = ALIGN (0x4)
                0x20000000                _sdata = .
 *(.data)
 *(.data*)
 .data.muxswRegister
                0x20000000       0x30 CMakeFiles/WHEEL_07_F405.elf.dir/Core/Src/rotary.c.obj
                0x20000000                muxswRegister
 .data.SystemCoreClock
                0x20000030        0x4 CMakeFiles/WHEEL_07_F405.elf.dir/Core/Src/system_stm32f4xx.c.obj
                0x20000030                SystemCoreClock
 .data.uwTickFreq
                0x20000034        0x1 CMakeFiles/WHEEL_07_F405.elf.dir/Drivers/STM32F4xx_HAL_Driver/Src/stm32f4xx_hal.c.obj
                0x20000034                uwTickFreq
 *fill*         0x20000035        0x3 
 .data.uwTickPrio
                0x20000038        0x4 CMakeFiles/WHEEL_07_F405.elf.dir/Drivers/STM32F4xx_HAL_Driver/Src/stm32f4xx_hal.c.obj
                0x20000038                uwTickPrio
 .data.uxCriticalNesting
                0x2000003c        0x4 CMakeFiles/WHEEL_07_F405.elf.dir/Middlewares/Third_Party/FreeRTOS/Source/portable/GCC/ARM_CM4F/port.c.obj
 .data._impure_ptr
                0x20000040        0x4 c:/progra~2/gnuarm~1/102021~1.10/bin/../lib/gcc/arm-none-eabi/10.3.1/../../../../arm-none-eabi/lib/thumb/v7e-m+fp/hard\libg.a(lib_a-impure.o)
                0x20000040                _impure_ptr
 *fill*         0x20000044        0x4 
 .data.impure_data
                0x20000048      0x428 c:/progra~2/gnuarm~1/102021~1.10/bin/../lib/gcc/arm-none-eabi/10.3.1/../../../../arm-none-eabi/lib/thumb/v7e-m+fp/hard\libg.a(lib_a-impure.o)
 .data.__atexit_recursive_mutex
                0x20000470        0x4 c:/progra~2/gnuarm~1/102021~1.10/bin/../lib/gcc/arm-none-eabi/10.3.1/../../../../arm-none-eabi/lib/thumb/v7e-m+fp/hard\libg.a(lib_a-__call_atexit.o)
                0x20000470                __atexit_recursive_mutex
 .data.__malloc_av_
                0x20000474      0x408 c:/progra~2/gnuarm~1/102021~1.10/bin/../lib/gcc/arm-none-eabi/10.3.1/../../../../arm-none-eabi/lib/thumb/v7e-m+fp/hard\libg.a(lib_a-mallocr.o)
                0x20000474                __malloc_av_
 .data.__malloc_sbrk_base
                0x2000087c        0x4 c:/progra~2/gnuarm~1/102021~1.10/bin/../lib/gcc/arm-none-eabi/10.3.1/../../../../arm-none-eabi/lib/thumb/v7e-m+fp/hard\libg.a(lib_a-mallocr.o)
                0x2000087c                __malloc_sbrk_base
 .data.__malloc_trim_threshold
                0x20000880        0x4 c:/progra~2/gnuarm~1/102021~1.10/bin/../lib/gcc/arm-none-eabi/10.3.1/../../../../arm-none-eabi/lib/thumb/v7e-m+fp/hard\libg.a(lib_a-mallocr.o)
                0x20000880                __malloc_trim_threshold
 *(.RamFunc)
 *(.RamFunc*)
                0x20000884                . = ALIGN (0x4)
                0x20000884                _edata = .
                0x08006038                _siccmram = LOADADDR (.ccmram)

.igot.plt       0x20000884        0x0 load address 0x08006038
 .igot.plt      0x20000884        0x0 c:/progra~2/gnuarm~1/102021~1.10/bin/../lib/gcc/arm-none-eabi/10.3.1/thumb/v7e-m+fp/hard/crtbegin.o

.ccmram         0x10000000        0x0 load address 0x08006038
                0x10000000                . = ALIGN (0x4)
                0x10000000                _sccmram = .
 *(.ccmram)
 *(.ccmram*)
                0x10000000                . = ALIGN (0x4)
                0x10000000                _eccmram = .
                0x10000000                . = ALIGN (0x4)

.bss            0x20000888     0x53e4
                0x20000888                _sbss = .
                0x20000888                __bss_start__ = _sbss
 *(.bss)
 .bss           0x20000888       0x1c c:/progra~2/gnuarm~1/102021~1.10/bin/../lib/gcc/arm-none-eabi/10.3.1/thumb/v7e-m+fp/hard/crtbegin.o
 *(.bss*)
 .bss.adcConvReadySemaphore
                0x200008a4        0x4 CMakeFiles/WHEEL_07_F405.elf.dir/Core/Src/adc.c.obj
                0x200008a4                adcConvReadySemaphore
 .bss.adcRawData
                0x200008a8       0x10 CMakeFiles/WHEEL_07_F405.elf.dir/Core/Src/adc.c.obj
                0x200008a8                adcRawData
 .bss.adcTaskHandleLocal
                0x200008b8        0x4 CMakeFiles/WHEEL_07_F405.elf.dir/Core/Src/adc.c.obj
                0x200008b8                adcTaskHandleLocal
 .bss.hadc1     0x200008bc       0x48 CMakeFiles/WHEEL_07_F405.elf.dir/Core/Src/adc.c.obj
                0x200008bc                hadc1
 .bss.hdma_adc1
                0x20000904       0x60 CMakeFiles/WHEEL_07_F405.elf.dir/Core/Src/adc.c.obj
                0x20000904                hdma_adc1
 .bss.xHigherPriorityTaskWoken.0
                0x20000964        0x4 CMakeFiles/WHEEL_07_F405.elf.dir/Core/Src/adc.c.obj
 .bss.hcan1     0x20000968       0x28 CMakeFiles/WHEEL_07_F405.elf.dir/Core/Src/can.c.obj
                0x20000968                hcan1
 .bss.adcTaskHandle
                0x20000990        0x4 CMakeFiles/WHEEL_07_F405.elf.dir/Core/Src/freertos.c.obj
                0x20000990                adcTaskHandle
 .bss.defaultTaskHandle
                0x20000994        0x4 CMakeFiles/WHEEL_07_F405.elf.dir/Core/Src/freertos.c.obj
                0x20000994                defaultTaskHandle
 .bss.muxswTaskHandle
                0x20000998        0x4 CMakeFiles/WHEEL_07_F405.elf.dir/Core/Src/freertos.c.obj
                0x20000998                muxswTaskHandle
 .bss.paddleIRQTaskHandle
                0x2000099c        0x4 CMakeFiles/WHEEL_07_F405.elf.dir/Core/Src/freertos.c.obj
                0x2000099c                paddleIRQTaskHandle
 .bss.statusTaskHandle
                0x200009a0        0x4 CMakeFiles/WHEEL_07_F405.elf.dir/Core/Src/freertos.c.obj
                0x200009a0                statusTaskHandle
 .bss.RxData    0x200009a4        0x8 CMakeFiles/WHEEL_07_F405.elf.dir/Core/Src/main.c.obj
                0x200009a4                RxData
 .bss.RxHeader  0x200009ac       0x1c CMakeFiles/WHEEL_07_F405.elf.dir/Core/Src/main.c.obj
                0x200009ac                RxHeader
 .bss.TxData    0x200009c8        0x8 CMakeFiles/WHEEL_07_F405.elf.dir/Core/Src/main.c.obj
                0x200009c8                TxData
 .bss.TxHeader  0x200009d0       0x18 CMakeFiles/WHEEL_07_F405.elf.dir/Core/Src/main.c.obj
                0x200009d0                TxHeader
 .bss.count     0x200009e8        0x1 CMakeFiles/WHEEL_07_F405.elf.dir/Core/Src/main.c.obj
                0x200009e8                count
 *fill*         0x200009e9        0x3 
 .bss.paddleTaskHandlerLocal
                0x200009ec        0x4 CMakeFiles/WHEEL_07_F405.elf.dir/Core/Src/paddleIRQ.c.obj
                0x200009ec                paddleTaskHandlerLocal
 .bss.htim6     0x200009f0       0x48 CMakeFiles/WHEEL_07_F405.elf.dir/Core/Src/stm32f4xx_hal_timebase_tim.c.obj
                0x200009f0                htim6
 .bss.__sbrk_heap_end
                0x20000a38        0x4 CMakeFiles/WHEEL_07_F405.elf.dir/Core/Src/sysmem.c.obj
 .bss.htim3     0x20000a3c       0x48 CMakeFiles/WHEEL_07_F405.elf.dir/Core/Src/tim.c.obj
                0x20000a3c                htim3
 .bss.uwTick    0x20000a84        0x4 CMakeFiles/WHEEL_07_F405.elf.dir/Drivers/STM32F4xx_HAL_Driver/Src/stm32f4xx_hal.c.obj
                0x20000a84                uwTick
 .bss.Idle_Stack.2
                0x20000a88      0x200 CMakeFiles/WHEEL_07_F405.elf.dir/Middlewares/Third_Party/FreeRTOS/Source/CMSIS_RTOS_V2/cmsis_os2.c.obj
 .bss.Idle_TCB.3
                0x20000c88      0x488 CMakeFiles/WHEEL_07_F405.elf.dir/Middlewares/Third_Party/FreeRTOS/Source/CMSIS_RTOS_V2/cmsis_os2.c.obj
 .bss.KernelState
                0x20001110        0x4 CMakeFiles/WHEEL_07_F405.elf.dir/Middlewares/Third_Party/FreeRTOS/Source/CMSIS_RTOS_V2/cmsis_os2.c.obj
 .bss.Timer_Stack.0
                0x20001114      0x400 CMakeFiles/WHEEL_07_F405.elf.dir/Middlewares/Third_Party/FreeRTOS/Source/CMSIS_RTOS_V2/cmsis_os2.c.obj
 *fill*         0x20001514        0x4 
 .bss.Timer_TCB.1
                0x20001518      0x488 CMakeFiles/WHEEL_07_F405.elf.dir/Middlewares/Third_Party/FreeRTOS/Source/CMSIS_RTOS_V2/cmsis_os2.c.obj
 .bss.ucMaxSysCallPriority
                0x200019a0        0x1 CMakeFiles/WHEEL_07_F405.elf.dir/Middlewares/Third_Party/FreeRTOS/Source/portable/GCC/ARM_CM4F/port.c.obj
 *fill*         0x200019a1        0x3 
 .bss.ulMaxPRIGROUPValue
                0x200019a4        0x4 CMakeFiles/WHEEL_07_F405.elf.dir/Middlewares/Third_Party/FreeRTOS/Source/portable/GCC/ARM_CM4F/port.c.obj
 .bss.pxEnd     0x200019a8        0x4 CMakeFiles/WHEEL_07_F405.elf.dir/Middlewares/Third_Party/FreeRTOS/Source/portable/MemMang/heap_4.c.obj
 .bss.ucHeap    0x200019ac     0x3c00 CMakeFiles/WHEEL_07_F405.elf.dir/Middlewares/Third_Party/FreeRTOS/Source/portable/MemMang/heap_4.c.obj
 .bss.xBlockAllocatedBit
                0x200055ac        0x4 CMakeFiles/WHEEL_07_F405.elf.dir/Middlewares/Third_Party/FreeRTOS/Source/portable/MemMang/heap_4.c.obj
 .bss.xFreeBytesRemaining
                0x200055b0        0x4 CMakeFiles/WHEEL_07_F405.elf.dir/Middlewares/Third_Party/FreeRTOS/Source/portable/MemMang/heap_4.c.obj
 .bss.xMinimumEverFreeBytesRemaining
                0x200055b4        0x4 CMakeFiles/WHEEL_07_F405.elf.dir/Middlewares/Third_Party/FreeRTOS/Source/portable/MemMang/heap_4.c.obj
 .bss.xNumberOfSuccessfulAllocations
                0x200055b8        0x4 CMakeFiles/WHEEL_07_F405.elf.dir/Middlewares/Third_Party/FreeRTOS/Source/portable/MemMang/heap_4.c.obj
 .bss.xNumberOfSuccessfulFrees
                0x200055bc        0x4 CMakeFiles/WHEEL_07_F405.elf.dir/Middlewares/Third_Party/FreeRTOS/Source/portable/MemMang/heap_4.c.obj
 .bss.xStart    0x200055c0        0x8 CMakeFiles/WHEEL_07_F405.elf.dir/Middlewares/Third_Party/FreeRTOS/Source/portable/MemMang/heap_4.c.obj
 .bss.xQueueRegistry
                0x200055c8       0x40 CMakeFiles/WHEEL_07_F405.elf.dir/Middlewares/Third_Party/FreeRTOS/Source/queue.c.obj
                0x200055c8                xQueueRegistry
 .bss.pxCurrentTCB
                0x20005608        0x4 CMakeFiles/WHEEL_07_F405.elf.dir/Middlewares/Third_Party/FreeRTOS/Source/tasks.c.obj
                0x20005608                pxCurrentTCB
 .bss.pxDelayedTaskList
                0x2000560c        0x4 CMakeFiles/WHEEL_07_F405.elf.dir/Middlewares/Third_Party/FreeRTOS/Source/tasks.c.obj
 .bss.pxOverflowDelayedTaskList
                0x20005610        0x4 CMakeFiles/WHEEL_07_F405.elf.dir/Middlewares/Third_Party/FreeRTOS/Source/tasks.c.obj
 .bss.pxReadyTasksLists
                0x20005614      0x460 CMakeFiles/WHEEL_07_F405.elf.dir/Middlewares/Third_Party/FreeRTOS/Source/tasks.c.obj
 .bss.uxCurrentNumberOfTasks
                0x20005a74        0x4 CMakeFiles/WHEEL_07_F405.elf.dir/Middlewares/Third_Party/FreeRTOS/Source/tasks.c.obj
 .bss.uxDeletedTasksWaitingCleanUp
                0x20005a78        0x4 CMakeFiles/WHEEL_07_F405.elf.dir/Middlewares/Third_Party/FreeRTOS/Source/tasks.c.obj
 .bss.uxSchedulerSuspended
                0x20005a7c        0x4 CMakeFiles/WHEEL_07_F405.elf.dir/Middlewares/Third_Party/FreeRTOS/Source/tasks.c.obj
 .bss.uxTaskNumber
                0x20005a80        0x4 CMakeFiles/WHEEL_07_F405.elf.dir/Middlewares/Third_Party/FreeRTOS/Source/tasks.c.obj
 .bss.uxTopReadyPriority
                0x20005a84        0x4 CMakeFiles/WHEEL_07_F405.elf.dir/Middlewares/Third_Party/FreeRTOS/Source/tasks.c.obj
 .bss.xDelayedTaskList1
                0x20005a88       0x14 CMakeFiles/WHEEL_07_F405.elf.dir/Middlewares/Third_Party/FreeRTOS/Source/tasks.c.obj
 .bss.xDelayedTaskList2
                0x20005a9c       0x14 CMakeFiles/WHEEL_07_F405.elf.dir/Middlewares/Third_Party/FreeRTOS/Source/tasks.c.obj
 .bss.xIdleTaskHandle
                0x20005ab0        0x4 CMakeFiles/WHEEL_07_F405.elf.dir/Middlewares/Third_Party/FreeRTOS/Source/tasks.c.obj
 .bss.xNextTaskUnblockTime
                0x20005ab4        0x4 CMakeFiles/WHEEL_07_F405.elf.dir/Middlewares/Third_Party/FreeRTOS/Source/tasks.c.obj
 .bss.xNumOfOverflows
                0x20005ab8        0x4 CMakeFiles/WHEEL_07_F405.elf.dir/Middlewares/Third_Party/FreeRTOS/Source/tasks.c.obj
 .bss.xPendedTicks
                0x20005abc        0x4 CMakeFiles/WHEEL_07_F405.elf.dir/Middlewares/Third_Party/FreeRTOS/Source/tasks.c.obj
 .bss.xPendingReadyList
                0x20005ac0       0x14 CMakeFiles/WHEEL_07_F405.elf.dir/Middlewares/Third_Party/FreeRTOS/Source/tasks.c.obj
 .bss.xSchedulerRunning
                0x20005ad4        0x4 CMakeFiles/WHEEL_07_F405.elf.dir/Middlewares/Third_Party/FreeRTOS/Source/tasks.c.obj
 .bss.xSuspendedTaskList
                0x20005ad8       0x14 CMakeFiles/WHEEL_07_F405.elf.dir/Middlewares/Third_Party/FreeRTOS/Source/tasks.c.obj
 .bss.xTasksWaitingTermination
                0x20005aec       0x14 CMakeFiles/WHEEL_07_F405.elf.dir/Middlewares/Third_Party/FreeRTOS/Source/tasks.c.obj
 .bss.xTickCount
                0x20005b00        0x4 CMakeFiles/WHEEL_07_F405.elf.dir/Middlewares/Third_Party/FreeRTOS/Source/tasks.c.obj
 .bss.xYieldPending
                0x20005b04        0x4 CMakeFiles/WHEEL_07_F405.elf.dir/Middlewares/Third_Party/FreeRTOS/Source/tasks.c.obj
 .bss.pxCurrentTimerList
                0x20005b08        0x4 CMakeFiles/WHEEL_07_F405.elf.dir/Middlewares/Third_Party/FreeRTOS/Source/timers.c.obj
 .bss.pxOverflowTimerList
                0x20005b0c        0x4 CMakeFiles/WHEEL_07_F405.elf.dir/Middlewares/Third_Party/FreeRTOS/Source/timers.c.obj
 .bss.ucStaticTimerQueueStorage.1
                0x20005b10       0xa0 CMakeFiles/WHEEL_07_F405.elf.dir/Middlewares/Third_Party/FreeRTOS/Source/timers.c.obj
 .bss.xActiveTimerList1
                0x20005bb0       0x14 CMakeFiles/WHEEL_07_F405.elf.dir/Middlewares/Third_Party/FreeRTOS/Source/timers.c.obj
 .bss.xActiveTimerList2
                0x20005bc4       0x14 CMakeFiles/WHEEL_07_F405.elf.dir/Middlewares/Third_Party/FreeRTOS/Source/timers.c.obj
 .bss.xLastTime.2
                0x20005bd8        0x4 CMakeFiles/WHEEL_07_F405.elf.dir/Middlewares/Third_Party/FreeRTOS/Source/timers.c.obj
 .bss.xStaticTimerQueue.0
                0x20005bdc       0x50 CMakeFiles/WHEEL_07_F405.elf.dir/Middlewares/Third_Party/FreeRTOS/Source/timers.c.obj
 .bss.xTimerQueue
                0x20005c2c        0x4 CMakeFiles/WHEEL_07_F405.elf.dir/Middlewares/Third_Party/FreeRTOS/Source/timers.c.obj
 .bss.xTimerTaskHandle
                0x20005c30        0x4 CMakeFiles/WHEEL_07_F405.elf.dir/Middlewares/Third_Party/FreeRTOS/Source/timers.c.obj
 .bss.errno     0x20005c34        0x4 c:/progra~2/gnuarm~1/102021~1.10/bin/../lib/gcc/arm-none-eabi/10.3.1/../../../../arm-none-eabi/lib/thumb/v7e-m+fp/hard\libg.a(lib_a-reent.o)
                0x20005c34                errno
 .bss.__lock___atexit_recursive_mutex
                0x20005c38        0x1 c:/progra~2/gnuarm~1/102021~1.10/bin/../lib/gcc/arm-none-eabi/10.3.1/../../../../arm-none-eabi/lib/thumb/v7e-m+fp/hard\libg.a(lib_a-lock.o)
                0x20005c38                __lock___atexit_recursive_mutex
 *fill*         0x20005c39        0x3 
 .bss.__lock___malloc_recursive_mutex
                0x20005c3c        0x1 c:/progra~2/gnuarm~1/102021~1.10/bin/../lib/gcc/arm-none-eabi/10.3.1/../../../../arm-none-eabi/lib/thumb/v7e-m+fp/hard\libg.a(lib_a-lock.o)
                0x20005c3c                __lock___malloc_recursive_mutex
 *fill*         0x20005c3d        0x3 
 .bss.__malloc_current_mallinfo
                0x20005c40       0x28 c:/progra~2/gnuarm~1/102021~1.10/bin/../lib/gcc/arm-none-eabi/10.3.1/../../../../arm-none-eabi/lib/thumb/v7e-m+fp/hard\libg.a(lib_a-mallocr.o)
                0x20005c40                __malloc_current_mallinfo
 .bss.__malloc_top_pad
                0x20005c68        0x4 c:/progra~2/gnuarm~1/102021~1.10/bin/../lib/gcc/arm-none-eabi/10.3.1/../../../../arm-none-eabi/lib/thumb/v7e-m+fp/hard\libg.a(lib_a-mallocr.o)
                0x20005c68                __malloc_top_pad
 *(COMMON)
                0x20005c6c                . = ALIGN (0x4)
                0x20005c6c                _ebss = .
                0x20005c6c                __bss_end__ = _ebss

._user_heap_stack
                0x20005c6c      0x604
                0x20005c70                . = ALIGN (0x8)
 *fill*         0x20005c6c        0x4 
                [!provide]                PROVIDE (end = .)
                0x20005c70                PROVIDE (_end = .)
                0x20005e70                . = (. + _Min_Heap_Size)
 *fill*         0x20005c70      0x200 
                0x20006270                . = (. + _Min_Stack_Size)
 *fill*         0x20005e70      0x400 
                0x20006270                . = ALIGN (0x8)

/DISCARD/
 libc.a(*)
 libm.a(*)
 libgcc.a(*)

.ARM.attributes
                0x00000000       0x30
 *(.ARM.attributes)
 .ARM.attributes
                0x00000000       0x1e c:/progra~2/gnuarm~1/102021~1.10/bin/../lib/gcc/arm-none-eabi/10.3.1/thumb/v7e-m+fp/hard/crti.o
 .ARM.attributes
                0x0000001e       0x34 c:/progra~2/gnuarm~1/102021~1.10/bin/../lib/gcc/arm-none-eabi/10.3.1/thumb/v7e-m+fp/hard/crtbegin.o
 .ARM.attributes
                0x00000052       0x34 CMakeFiles/WHEEL_07_F405.elf.dir/Core/Src/adc.c.obj
 .ARM.attributes
                0x00000086       0x34 CMakeFiles/WHEEL_07_F405.elf.dir/Core/Src/can.c.obj
 .ARM.attributes
                0x000000ba       0x34 CMakeFiles/WHEEL_07_F405.elf.dir/Core/Src/dma.c.obj
 .ARM.attributes
                0x000000ee       0x34 CMakeFiles/WHEEL_07_F405.elf.dir/Core/Src/freertos.c.obj
 .ARM.attributes
                0x00000122       0x34 CMakeFiles/WHEEL_07_F405.elf.dir/Core/Src/gpio.c.obj
 .ARM.attributes
                0x00000156       0x34 CMakeFiles/WHEEL_07_F405.elf.dir/Core/Src/main.c.obj
 .ARM.attributes
                0x0000018a       0x34 CMakeFiles/WHEEL_07_F405.elf.dir/Core/Src/paddleIRQ.c.obj
 .ARM.attributes
                0x000001be       0x34 CMakeFiles/WHEEL_07_F405.elf.dir/Core/Src/rotary.c.obj
 .ARM.attributes
                0x000001f2       0x34 CMakeFiles/WHEEL_07_F405.elf.dir/Core/Src/stm32f4xx_hal_msp.c.obj
 .ARM.attributes
                0x00000226       0x34 CMakeFiles/WHEEL_07_F405.elf.dir/Core/Src/stm32f4xx_hal_timebase_tim.c.obj
 .ARM.attributes
                0x0000025a       0x34 CMakeFiles/WHEEL_07_F405.elf.dir/Core/Src/stm32f4xx_it.c.obj
 .ARM.attributes
                0x0000028e       0x34 CMakeFiles/WHEEL_07_F405.elf.dir/Core/Src/sysmem.c.obj
 .ARM.attributes
                0x000002c2       0x34 CMakeFiles/WHEEL_07_F405.elf.dir/Core/Src/system_stm32f4xx.c.obj
 .ARM.attributes
                0x000002f6       0x34 CMakeFiles/WHEEL_07_F405.elf.dir/Core/Src/tim.c.obj
 .ARM.attributes
                0x0000032a       0x21 CMakeFiles/WHEEL_07_F405.elf.dir/Core/Startup/startup_stm32f405rgtx.s.obj
 .ARM.attributes
                0x0000034b       0x34 CMakeFiles/WHEEL_07_F405.elf.dir/Drivers/STM32F4xx_HAL_Driver/Src/stm32f4xx_hal.c.obj
 .ARM.attributes
                0x0000037f       0x34 CMakeFiles/WHEEL_07_F405.elf.dir/Drivers/STM32F4xx_HAL_Driver/Src/stm32f4xx_hal_adc.c.obj
 .ARM.attributes
                0x000003b3       0x34 CMakeFiles/WHEEL_07_F405.elf.dir/Drivers/STM32F4xx_HAL_Driver/Src/stm32f4xx_hal_can.c.obj
 .ARM.attributes
                0x000003e7       0x34 CMakeFiles/WHEEL_07_F405.elf.dir/Drivers/STM32F4xx_HAL_Driver/Src/stm32f4xx_hal_cortex.c.obj
 .ARM.attributes
                0x0000041b       0x34 CMakeFiles/WHEEL_07_F405.elf.dir/Drivers/STM32F4xx_HAL_Driver/Src/stm32f4xx_hal_dma.c.obj
 .ARM.attributes
                0x0000044f       0x34 CMakeFiles/WHEEL_07_F405.elf.dir/Drivers/STM32F4xx_HAL_Driver/Src/stm32f4xx_hal_gpio.c.obj
 .ARM.attributes
                0x00000483       0x34 CMakeFiles/WHEEL_07_F405.elf.dir/Drivers/STM32F4xx_HAL_Driver/Src/stm32f4xx_hal_rcc.c.obj
 .ARM.attributes
                0x000004b7       0x34 CMakeFiles/WHEEL_07_F405.elf.dir/Drivers/STM32F4xx_HAL_Driver/Src/stm32f4xx_hal_tim.c.obj
 .ARM.attributes
                0x000004eb       0x34 CMakeFiles/WHEEL_07_F405.elf.dir/Drivers/STM32F4xx_HAL_Driver/Src/stm32f4xx_hal_tim_ex.c.obj
 .ARM.attributes
                0x0000051f       0x34 CMakeFiles/WHEEL_07_F405.elf.dir/Middlewares/Third_Party/FreeRTOS/Source/CMSIS_RTOS_V2/cmsis_os2.c.obj
 .ARM.attributes
                0x00000553       0x34 CMakeFiles/WHEEL_07_F405.elf.dir/Middlewares/Third_Party/FreeRTOS/Source/list.c.obj
 .ARM.attributes
                0x00000587       0x34 CMakeFiles/WHEEL_07_F405.elf.dir/Middlewares/Third_Party/FreeRTOS/Source/portable/GCC/ARM_CM4F/port.c.obj
 .ARM.attributes
                0x000005bb       0x34 CMakeFiles/WHEEL_07_F405.elf.dir/Middlewares/Third_Party/FreeRTOS/Source/portable/MemMang/heap_4.c.obj
 .ARM.attributes
                0x000005ef       0x34 CMakeFiles/WHEEL_07_F405.elf.dir/Middlewares/Third_Party/FreeRTOS/Source/queue.c.obj
 .ARM.attributes
                0x00000623       0x34 CMakeFiles/WHEEL_07_F405.elf.dir/Middlewares/Third_Party/FreeRTOS/Source/tasks.c.obj
 .ARM.attributes
                0x00000657       0x34 CMakeFiles/WHEEL_07_F405.elf.dir/Middlewares/Third_Party/FreeRTOS/Source/timers.c.obj
 .ARM.attributes
                0x0000068b       0x1e c:/progra~2/gnuarm~1/102021~1.10/bin/../lib/gcc/arm-none-eabi/10.3.1/thumb/v7e-m+fp/hard\libgcc.a(_aeabi_uldivmod.o)
 .ARM.attributes
                0x000006a9       0x34 c:/progra~2/gnuarm~1/102021~1.10/bin/../lib/gcc/arm-none-eabi/10.3.1/thumb/v7e-m+fp/hard\libgcc.a(_udivmoddi4.o)
 .ARM.attributes
                0x000006dd       0x1e c:/progra~2/gnuarm~1/102021~1.10/bin/../lib/gcc/arm-none-eabi/10.3.1/thumb/v7e-m+fp/hard\libgcc.a(_dvmd_tls.o)
 .ARM.attributes
                0x000006fb       0x34 c:/progra~2/gnuarm~1/102021~1.10/bin/../lib/gcc/arm-none-eabi/10.3.1/../../../../arm-none-eabi/lib/thumb/v7e-m+fp/hard\libg.a(lib_a-errno.o)
 .ARM.attributes
                0x0000072f       0x34 c:/progra~2/gnuarm~1/102021~1.10/bin/../lib/gcc/arm-none-eabi/10.3.1/../../../../arm-none-eabi/lib/thumb/v7e-m+fp/hard\libg.a(lib_a-impure.o)
 .ARM.attributes
                0x00000763       0x34 c:/progra~2/gnuarm~1/102021~1.10/bin/../lib/gcc/arm-none-eabi/10.3.1/../../../../arm-none-eabi/lib/thumb/v7e-m+fp/hard\libg.a(lib_a-init.o)
 .ARM.attributes
                0x00000797       0x1c c:/progra~2/gnuarm~1/102021~1.10/bin/../lib/gcc/arm-none-eabi/10.3.1/../../../../arm-none-eabi/lib/thumb/v7e-m+fp/hard\libg.a(lib_a-memcpy.o)
 .ARM.attributes
                0x000007b3       0x34 c:/progra~2/gnuarm~1/102021~1.10/bin/../lib/gcc/arm-none-eabi/10.3.1/../../../../arm-none-eabi/lib/thumb/v7e-m+fp/hard\libg.a(lib_a-memset.o)
 .ARM.attributes
                0x000007e7       0x34 c:/progra~2/gnuarm~1/102021~1.10/bin/../lib/gcc/arm-none-eabi/10.3.1/../../../../arm-none-eabi/lib/thumb/v7e-m+fp/hard\libg.a(lib_a-reent.o)
 .ARM.attributes
                0x0000081b       0x34 c:/progra~2/gnuarm~1/102021~1.10/bin/../lib/gcc/arm-none-eabi/10.3.1/../../../../arm-none-eabi/lib/thumb/v7e-m+fp/hard\libg.a(lib_a-__call_atexit.o)
 .ARM.attributes
                0x0000084f       0x34 c:/progra~2/gnuarm~1/102021~1.10/bin/../lib/gcc/arm-none-eabi/10.3.1/../../../../arm-none-eabi/lib/thumb/v7e-m+fp/hard\libg.a(lib_a-atexit.o)
 .ARM.attributes
                0x00000883       0x34 c:/progra~2/gnuarm~1/102021~1.10/bin/../lib/gcc/arm-none-eabi/10.3.1/../../../../arm-none-eabi/lib/thumb/v7e-m+fp/hard\libg.a(lib_a-fini.o)
 .ARM.attributes
                0x000008b7       0x34 c:/progra~2/gnuarm~1/102021~1.10/bin/../lib/gcc/arm-none-eabi/10.3.1/../../../../arm-none-eabi/lib/thumb/v7e-m+fp/hard\libg.a(lib_a-freer.o)
 .ARM.attributes
                0x000008eb       0x34 c:/progra~2/gnuarm~1/102021~1.10/bin/../lib/gcc/arm-none-eabi/10.3.1/../../../../arm-none-eabi/lib/thumb/v7e-m+fp/hard\libg.a(lib_a-lock.o)
 .ARM.attributes
                0x0000091f       0x34 c:/progra~2/gnuarm~1/102021~1.10/bin/../lib/gcc/arm-none-eabi/10.3.1/../../../../arm-none-eabi/lib/thumb/v7e-m+fp/hard\libg.a(lib_a-mallocr.o)
 .ARM.attributes
                0x00000953       0x34 c:/progra~2/gnuarm~1/102021~1.10/bin/../lib/gcc/arm-none-eabi/10.3.1/../../../../arm-none-eabi/lib/thumb/v7e-m+fp/hard\libg.a(lib_a-mlock.o)
 .ARM.attributes
                0x00000987       0x34 c:/progra~2/gnuarm~1/102021~1.10/bin/../lib/gcc/arm-none-eabi/10.3.1/../../../../arm-none-eabi/lib/thumb/v7e-m+fp/hard\libg.a(lib_a-sbrkr.o)
 .ARM.attributes
                0x000009bb       0x34 c:/progra~2/gnuarm~1/102021~1.10/bin/../lib/gcc/arm-none-eabi/10.3.1/../../../../arm-none-eabi/lib/thumb/v7e-m+fp/hard\libg.a(lib_a-__atexit.o)
 .ARM.attributes
                0x000009ef       0x1e c:/progra~2/gnuarm~1/102021~1.10/bin/../lib/gcc/arm-none-eabi/10.3.1/thumb/v7e-m+fp/hard/crtn.o
OUTPUT(WHEEL_07_F405.elf elf32-littlearm)
LOAD linker stubs
LOAD c:/progra~2/gnuarm~1/102021~1.10/bin/../lib/gcc/arm-none-eabi/10.3.1/../../../../arm-none-eabi/lib/thumb/v7e-m+fp/hard\libc.a
LOAD c:/progra~2/gnuarm~1/102021~1.10/bin/../lib/gcc/arm-none-eabi/10.3.1/../../../../arm-none-eabi/lib/thumb/v7e-m+fp/hard\libm.a
LOAD c:/progra~2/gnuarm~1/102021~1.10/bin/../lib/gcc/arm-none-eabi/10.3.1/thumb/v7e-m+fp/hard\libgcc.a

.debug_info     0x00000000    0x20d97
 .debug_info    0x00000000     0x10b1 CMakeFiles/WHEEL_07_F405.elf.dir/Core/Src/adc.c.obj
 .debug_info    0x000010b1      0xbed CMakeFiles/WHEEL_07_F405.elf.dir/Core/Src/can.c.obj
 .debug_info    0x00001c9e      0x4ea CMakeFiles/WHEEL_07_F405.elf.dir/Core/Src/dma.c.obj
 .debug_info    0x00002188      0x5ae CMakeFiles/WHEEL_07_F405.elf.dir/Core/Src/freertos.c.obj
 .debug_info    0x00002736      0x756 CMakeFiles/WHEEL_07_F405.elf.dir/Core/Src/gpio.c.obj
 .debug_info    0x00002e8c     0x1208 CMakeFiles/WHEEL_07_F405.elf.dir/Core/Src/main.c.obj
 .debug_info    0x00004094      0x19d CMakeFiles/WHEEL_07_F405.elf.dir/Core/Src/paddleIRQ.c.obj
 .debug_info    0x00004231      0x3bf CMakeFiles/WHEEL_07_F405.elf.dir/Core/Src/rotary.c.obj
 .debug_info    0x000045f0      0x4e6 CMakeFiles/WHEEL_07_F405.elf.dir/Core/Src/stm32f4xx_hal_msp.c.obj
 .debug_info    0x00004ad6      0xc8c CMakeFiles/WHEEL_07_F405.elf.dir/Core/Src/stm32f4xx_hal_timebase_tim.c.obj
 .debug_info    0x00005762      0xbf2 CMakeFiles/WHEEL_07_F405.elf.dir/Core/Src/stm32f4xx_it.c.obj
 .debug_info    0x00006354      0x174 CMakeFiles/WHEEL_07_F405.elf.dir/Core/Src/sysmem.c.obj
 .debug_info    0x000064c8      0x538 CMakeFiles/WHEEL_07_F405.elf.dir/Core/Src/system_stm32f4xx.c.obj
 .debug_info    0x00006a00      0xa14 CMakeFiles/WHEEL_07_F405.elf.dir/Core/Src/tim.c.obj
 .debug_info    0x00007414       0x22 CMakeFiles/WHEEL_07_F405.elf.dir/Core/Startup/startup_stm32f405rgtx.s.obj
 .debug_info    0x00007436      0x9de CMakeFiles/WHEEL_07_F405.elf.dir/Drivers/STM32F4xx_HAL_Driver/Src/stm32f4xx_hal.c.obj
 .debug_info    0x00007e14      0xee1 CMakeFiles/WHEEL_07_F405.elf.dir/Drivers/STM32F4xx_HAL_Driver/Src/stm32f4xx_hal_adc.c.obj
 .debug_info    0x00008cf5     0x1266 CMakeFiles/WHEEL_07_F405.elf.dir/Drivers/STM32F4xx_HAL_Driver/Src/stm32f4xx_hal_can.c.obj
 .debug_info    0x00009f5b     0x1086 CMakeFiles/WHEEL_07_F405.elf.dir/Drivers/STM32F4xx_HAL_Driver/Src/stm32f4xx_hal_cortex.c.obj
 .debug_info    0x0000afe1      0xb3f CMakeFiles/WHEEL_07_F405.elf.dir/Drivers/STM32F4xx_HAL_Driver/Src/stm32f4xx_hal_dma.c.obj
 .debug_info    0x0000bb20      0x7b0 CMakeFiles/WHEEL_07_F405.elf.dir/Drivers/STM32F4xx_HAL_Driver/Src/stm32f4xx_hal_gpio.c.obj
 .debug_info    0x0000c2d0      0xb03 CMakeFiles/WHEEL_07_F405.elf.dir/Drivers/STM32F4xx_HAL_Driver/Src/stm32f4xx_hal_rcc.c.obj
 .debug_info    0x0000cdd3     0x3d5b CMakeFiles/WHEEL_07_F405.elf.dir/Drivers/STM32F4xx_HAL_Driver/Src/stm32f4xx_hal_tim.c.obj
 .debug_info    0x00010b2e     0x1ade CMakeFiles/WHEEL_07_F405.elf.dir/Drivers/STM32F4xx_HAL_Driver/Src/stm32f4xx_hal_tim_ex.c.obj
 .debug_info    0x0001260c     0x5363 CMakeFiles/WHEEL_07_F405.elf.dir/Middlewares/Third_Party/FreeRTOS/Source/CMSIS_RTOS_V2/cmsis_os2.c.obj
 .debug_info    0x0001796f      0x2e0 CMakeFiles/WHEEL_07_F405.elf.dir/Middlewares/Third_Party/FreeRTOS/Source/list.c.obj
 .debug_info    0x00017c4f      0x587 CMakeFiles/WHEEL_07_F405.elf.dir/Middlewares/Third_Party/FreeRTOS/Source/portable/GCC/ARM_CM4F/port.c.obj
 .debug_info    0x000181d6      0x5d9 CMakeFiles/WHEEL_07_F405.elf.dir/Middlewares/Third_Party/FreeRTOS/Source/portable/MemMang/heap_4.c.obj
 .debug_info    0x000187af     0x2826 CMakeFiles/WHEEL_07_F405.elf.dir/Middlewares/Third_Party/FreeRTOS/Source/queue.c.obj
 .debug_info    0x0001afd5     0x3a88 CMakeFiles/WHEEL_07_F405.elf.dir/Middlewares/Third_Party/FreeRTOS/Source/tasks.c.obj
 .debug_info    0x0001ea5d     0x233a CMakeFiles/WHEEL_07_F405.elf.dir/Middlewares/Third_Party/FreeRTOS/Source/timers.c.obj

.debug_abbrev   0x00000000     0x41cb
 .debug_abbrev  0x00000000      0x22b CMakeFiles/WHEEL_07_F405.elf.dir/Core/Src/adc.c.obj
 .debug_abbrev  0x0000022b      0x1f6 CMakeFiles/WHEEL_07_F405.elf.dir/Core/Src/can.c.obj
 .debug_abbrev  0x00000421      0x126 CMakeFiles/WHEEL_07_F405.elf.dir/Core/Src/dma.c.obj
 .debug_abbrev  0x00000547      0x184 CMakeFiles/WHEEL_07_F405.elf.dir/Core/Src/freertos.c.obj
 .debug_abbrev  0x000006cb      0x16a CMakeFiles/WHEEL_07_F405.elf.dir/Core/Src/gpio.c.obj
 .debug_abbrev  0x00000835      0x271 CMakeFiles/WHEEL_07_F405.elf.dir/Core/Src/main.c.obj
 .debug_abbrev  0x00000aa6       0xe7 CMakeFiles/WHEEL_07_F405.elf.dir/Core/Src/paddleIRQ.c.obj
 .debug_abbrev  0x00000b8d      0x180 CMakeFiles/WHEEL_07_F405.elf.dir/Core/Src/rotary.c.obj
 .debug_abbrev  0x00000d0d      0x119 CMakeFiles/WHEEL_07_F405.elf.dir/Core/Src/stm32f4xx_hal_msp.c.obj
 .debug_abbrev  0x00000e26      0x1ff CMakeFiles/WHEEL_07_F405.elf.dir/Core/Src/stm32f4xx_hal_timebase_tim.c.obj
 .debug_abbrev  0x00001025      0x1e5 CMakeFiles/WHEEL_07_F405.elf.dir/Core/Src/stm32f4xx_it.c.obj
 .debug_abbrev  0x0000120a       0xe7 CMakeFiles/WHEEL_07_F405.elf.dir/Core/Src/sysmem.c.obj
 .debug_abbrev  0x000012f1      0x119 CMakeFiles/WHEEL_07_F405.elf.dir/Core/Src/system_stm32f4xx.c.obj
 .debug_abbrev  0x0000140a      0x1c5 CMakeFiles/WHEEL_07_F405.elf.dir/Core/Src/tim.c.obj
 .debug_abbrev  0x000015cf       0x12 CMakeFiles/WHEEL_07_F405.elf.dir/Core/Startup/startup_stm32f405rgtx.s.obj
 .debug_abbrev  0x000015e1      0x206 CMakeFiles/WHEEL_07_F405.elf.dir/Drivers/STM32F4xx_HAL_Driver/Src/stm32f4xx_hal.c.obj
 .debug_abbrev  0x000017e7      0x23a CMakeFiles/WHEEL_07_F405.elf.dir/Drivers/STM32F4xx_HAL_Driver/Src/stm32f4xx_hal_adc.c.obj
 .debug_abbrev  0x00001a21      0x256 CMakeFiles/WHEEL_07_F405.elf.dir/Drivers/STM32F4xx_HAL_Driver/Src/stm32f4xx_hal_can.c.obj
 .debug_abbrev  0x00001c77      0x36a CMakeFiles/WHEEL_07_F405.elf.dir/Drivers/STM32F4xx_HAL_Driver/Src/stm32f4xx_hal_cortex.c.obj
 .debug_abbrev  0x00001fe1      0x2c2 CMakeFiles/WHEEL_07_F405.elf.dir/Drivers/STM32F4xx_HAL_Driver/Src/stm32f4xx_hal_dma.c.obj
 .debug_abbrev  0x000022a3      0x1ef CMakeFiles/WHEEL_07_F405.elf.dir/Drivers/STM32F4xx_HAL_Driver/Src/stm32f4xx_hal_gpio.c.obj
 .debug_abbrev  0x00002492      0x28a CMakeFiles/WHEEL_07_F405.elf.dir/Drivers/STM32F4xx_HAL_Driver/Src/stm32f4xx_hal_rcc.c.obj
 .debug_abbrev  0x0000271c      0x22b CMakeFiles/WHEEL_07_F405.elf.dir/Drivers/STM32F4xx_HAL_Driver/Src/stm32f4xx_hal_tim.c.obj
 .debug_abbrev  0x00002947      0x241 CMakeFiles/WHEEL_07_F405.elf.dir/Drivers/STM32F4xx_HAL_Driver/Src/stm32f4xx_hal_tim_ex.c.obj
 .debug_abbrev  0x00002b88      0x59d CMakeFiles/WHEEL_07_F405.elf.dir/Middlewares/Third_Party/FreeRTOS/Source/CMSIS_RTOS_V2/cmsis_os2.c.obj
 .debug_abbrev  0x00003125      0x106 CMakeFiles/WHEEL_07_F405.elf.dir/Middlewares/Third_Party/FreeRTOS/Source/list.c.obj
 .debug_abbrev  0x0000322b      0x26b CMakeFiles/WHEEL_07_F405.elf.dir/Middlewares/Third_Party/FreeRTOS/Source/portable/GCC/ARM_CM4F/port.c.obj
 .debug_abbrev  0x00003496      0x24b CMakeFiles/WHEEL_07_F405.elf.dir/Middlewares/Third_Party/FreeRTOS/Source/portable/MemMang/heap_4.c.obj
 .debug_abbrev  0x000036e1      0x369 CMakeFiles/WHEEL_07_F405.elf.dir/Middlewares/Third_Party/FreeRTOS/Source/queue.c.obj
 .debug_abbrev  0x00003a4a      0x401 CMakeFiles/WHEEL_07_F405.elf.dir/Middlewares/Third_Party/FreeRTOS/Source/tasks.c.obj
 .debug_abbrev  0x00003e4b      0x380 CMakeFiles/WHEEL_07_F405.elf.dir/Middlewares/Third_Party/FreeRTOS/Source/timers.c.obj

.debug_loc      0x00000000    0x15575
 .debug_loc     0x00000000       0xbb CMakeFiles/WHEEL_07_F405.elf.dir/Core/Src/adc.c.obj
 .debug_loc     0x000000bb       0x84 CMakeFiles/WHEEL_07_F405.elf.dir/Core/Src/can.c.obj
 .debug_loc     0x0000013f       0x4a CMakeFiles/WHEEL_07_F405.elf.dir/Core/Src/freertos.c.obj
 .debug_loc     0x00000189       0x67 CMakeFiles/WHEEL_07_F405.elf.dir/Core/Src/main.c.obj
 .debug_loc     0x000001f0       0x5f CMakeFiles/WHEEL_07_F405.elf.dir/Core/Src/paddleIRQ.c.obj
 .debug_loc     0x0000024f       0xc5 CMakeFiles/WHEEL_07_F405.elf.dir/Core/Src/rotary.c.obj
 .debug_loc     0x00000314       0xf2 CMakeFiles/WHEEL_07_F405.elf.dir/Core/Src/stm32f4xx_hal_timebase_tim.c.obj
 .debug_loc     0x00000406       0x64 CMakeFiles/WHEEL_07_F405.elf.dir/Core/Src/sysmem.c.obj
 .debug_loc     0x0000046a      0x158 CMakeFiles/WHEEL_07_F405.elf.dir/Core/Src/system_stm32f4xx.c.obj
 .debug_loc     0x000005c2      0x141 CMakeFiles/WHEEL_07_F405.elf.dir/Drivers/STM32F4xx_HAL_Driver/Src/stm32f4xx_hal.c.obj
 .debug_loc     0x00000703      0xba1 CMakeFiles/WHEEL_07_F405.elf.dir/Drivers/STM32F4xx_HAL_Driver/Src/stm32f4xx_hal_adc.c.obj
 .debug_loc     0x000012a4      0xde6 CMakeFiles/WHEEL_07_F405.elf.dir/Drivers/STM32F4xx_HAL_Driver/Src/stm32f4xx_hal_can.c.obj
 .debug_loc     0x0000208a      0x744 CMakeFiles/WHEEL_07_F405.elf.dir/Drivers/STM32F4xx_HAL_Driver/Src/stm32f4xx_hal_cortex.c.obj
 .debug_loc     0x000027ce      0xbf9 CMakeFiles/WHEEL_07_F405.elf.dir/Drivers/STM32F4xx_HAL_Driver/Src/stm32f4xx_hal_dma.c.obj